/Users/deepakdiwan/Downloads/VitalQ_Route_v9/backups/20261009_192910_R2-17e_U6_east_wall_channels
kicad_ops done /Users/deepakdiwan/Downloads/VitalQ_Route_v9/candidates/R2-17e/stage1/vitalq_v2.kicad_pcb
Fontconfig error: Cannot load default config file: No such file: (null)
Found 320 violations
Found 23 unconnected items
Found 29 schematic parity issues
Saved DRC Report to /Users/deepakdiwan/Downloads/VitalQ_Route_v9/candidates/R2-17e/stage1/drc.json
Saved board
{"unconnected": 23, "real": 234, "total": 320, "parity": 29, "types": {"items_not_allowed": 200, "hole_clearance": 22, "clearance": 9, "track_dangling": 2, "via_dangling": 1, "silk_edge_clearance": 14, "lib_footprint_issues": 53, "lib_footprint_mismatch": 3, "text_height": 15, "text_thickness": 1}}
{'pads': 1020, 'tracks': 7938, 'vias': 726, 'zones': 5, 'keepouts': 81, 'outline': 1}
ripped 15 ['AFE_INM', 'AFE_INP', 'ESP_RX', 'ESP_TX', 'LED3_K', 'PD_INM']
placed ['B3', 'D4', 'D2', 'B2', 'E2', 'E3', 'E4', 'C4']
FAILED PD2_INM U6 R2-17e east-wall cleared (own inner routes ripped), corridor escape first, band keepout for re-routes, 60 s budget (B3, (8, 6, 2, 0)), margin 6 mm no path (expanded 202604 cells)
B3 PD2_INM FAILED
ROUTED TX1 U6 19 tracks 3 vias
D4 TX1 ok
FAILED AFE_BG U6 R2-17e east-wall cleared (own inner routes ripped), corridor escape first, band keepout for re-routes, 60 s budget (D2, (10, 0)), margin 6 mm no path (expanded 63058 cells)
D2 AFE_BG FAILED
FAILED PD2_INP U6 R2-17e east-wall cleared (own inner routes ripped), corridor escape first, band keepout for re-routes, 60 s budget (B2, (0, 2, 6, 8)), margin 6 mm no path (expanded 531 cells)
B2 PD2_INP FAILED
FAILED MISO_AFE U6 R2-17e east-wall cleared (own inner routes ripped), corridor escape first, band keepout for re-routes, 60 s budget (E2, (0, 2, 6, 8)), margin 6 mm no path (expanded 510 cells)
E2 MISO_AFE FAILED
FAILED CS_AFE4900 U6 R2-17e east-wall cleared (own inner routes ripped), corridor escape first, band keepout for re-routes, 60 s budget (E3, (8, 6, 2, 0)), margin 6 mm no path (expanded 50113 cells)
E3 CS_AFE4900 FAILED
ROUTED TX3 U6 13 tracks 3 vias
E4 TX3 ok
ROUTED +3V3_ANA U6 4 tracks 2 vias
C4 +3V3_ANA ok
BLOCKED ESP_TX J8
FAILED ESP_RX J8/TP12 R2-17e east-wall cleared (own inner routes ripped), corridor escape first, band keepout for re-routes, 60 s budget (ripped nets east of band), margin 4 mm no path (expanded 307752 cells)
ROUTED ESP_RX J8/TP12 10 tracks 1 vias
FAILED AFE_INM U6 R2-17e east-wall cleared (own inner routes ripped), corridor escape first, band keepout for re-routes, 60 s budget (ripped nets east of band), margin 4 mm no path (expanded 12033 cells)
ROUTED AFE_INM U6 11 tracks 2 vias
BLOCKED PD_INM U6
FAILED AFE_INP U6 R2-17e east-wall cleared (own inner routes ripped), corridor escape first, band keepout for re-routes, 60 s budget (ripped nets east of band), margin 4 mm no path (expanded 9471 cells)
BLOCKED AFE_INP U6
FAILED LED3_K U22 R2-17e east-wall cleared (own inner routes ripped), corridor escape first, band keepout for re-routes, 60 s budget (ripped nets east of band), margin 4 mm no path (expanded 11588 cells)
BLOCKED LED3_K U22
kicad_ops done /Users/deepakdiwan/Downloads/VitalQ_Route_v9/candidates/R2-17e/vitalq_v2.kicad_pcb
Fontconfig error: Cannot load default config file: No such file: (null)
Found 331 violations
Found 24 unconnected items
Found 29 schematic parity issues
Saved DRC Report to /Users/deepakdiwan/Downloads/VitalQ_Route_v9/candidates/R2-17e/drc.json
Saved board
{"unconnected": 24, "real": 245, "total": 331, "parity": 29, "types": {"items_not_allowed": 200, "hole_clearance": 22, "clearance": 9, "track_dangling": 11, "via_dangling": 3, "silk_edge_clearance": 14, "lib_footprint_issues": 53, "lib_footprint_mismatch": 3, "text_height": 15, "text_thickness": 1}}
dangling repair round 1: 11 new items
{'pads': 1020, 'tracks': 7980, 'vias': 740, 'zones': 5, 'keepouts': 81, 'outline': 1}
kicad_ops done /Users/deepakdiwan/Downloads/VitalQ_Route_v9/candidates/R2-17e/vitalq_v2.kicad_pcb
swig/python detected a memory leak of type 'PCB_TRACK *', no destructor found.
swig/python detected a memory leak of type 'PCB_TRACK *', no destructor found.
swig/python detected a memory leak of type 'PCB_TRACK *', no destructor found.
swig/python detected a memory leak of type 'PCB_TRACK *', no destructor found.
swig/python detected a memory leak of type 'PCB_TRACK *', no destructor found.
swig/python detected a memory leak of type 'PCB_TRACK *', no destructor found.
swig/python detected a memory leak of type 'PCB_TRACK *', no destructor found.
swig/python detected a memory leak of type 'PCB_TRACK *', no destructor found.
swig/python detected a memory leak of type 'PCB_TRACK *', no destructor found.
swig/python detected a memory leak of type 'PCB_VIA *', no destructor found.
swig/python detected a memory leak of type 'PCB_TRACK *', no destructor found.
swig/python detected a memory leak of type 'PCB_TRACK *', no destructor found.
swig/python detected a memory leak of type 'PCB_TRACK *', no destructor found.
swig/python detected a memory leak of type 'PCB_TRACK *', no destructor found.
swig/python detected a memory leak of type 'PCB_TRACK *', no destructor found.
swig/python detected a memory leak of type 'PCB_TRACK *', no destructor found.
swig/python detected a memory leak of type 'PCB_TRACK *', no destructor found.
swig/python detected a memory leak of type 'PCB_TRACK *', no destructor found.
swig/python detected a memory leak of type 'PCB_TRACK *', no destructor found.
swig/python detected a memory leak of type 'PCB_TRACK *', no destructor found.
swig/python detected a memory leak of type 'PCB_TRACK *', no destructor found.
swig/python detected a memory leak of type 'PCB_TRACK *', no destructor found.
swig/python detected a memory leak of type 'PCB_TRACK *', no destructor found.
swig/python detected a memory leak of type 'PCB_TRACK *', no destructor found.
swig/python detected a memory leak of type 'PCB_TRACK *', no destructor found.
swig/python detected a memory leak of type 'PCB_TRACK *', no destructor found.
swig/python detected a memory leak of type 'PCB_TRACK *', no destructor found.
swig/python detected a memory leak of type 'PCB_TRACK *', no destructor found.
swig/python detected a memory leak of type 'PCB_TRACK *', no destructor found.
swig/python detected a memory leak of type 'PCB_TRACK *', no destructor found.
swig/python detected a memory leak of type 'PCB_TRACK *', no destructor found.
swig/python detected a memory leak of type 'PCB_TRACK *', no destructor found.
swig/python detected a memory leak of type 'PCB_TRACK *', no destructor found.
swig/python detected a memory leak of type 'PCB_TRACK *', no destructor found.
swig/python detected a memory leak of type 'PCB_TRACK *', no destructor found.
swig/python detected a memory leak of type 'PCB_TRACK *', no destructor found.
swig/python detected a memory leak of type 'PCB_TRACK *', no destructor found.
swig/python detected a memory leak of type 'PCB_TRACK *', no destructor found.
Fontconfig error: Cannot load default config file: No such file: (null)
Found 326 violations
Found 24 unconnected items
Found 29 schematic parity issues
Saved DRC Report to /Users/deepakdiwan/Downloads/VitalQ_Route_v9/candidates/R2-17e/drc.json
Saved board
{"unconnected": 24, "real": 240, "total": 326, "parity": 29, "types": {"items_not_allowed": 199, "hole_clearance": 22, "clearance": 9, "track_dangling": 4, "via_dangling": 6, "silk_edge_clearance": 14, "lib_footprint_issues": 53, "lib_footprint_mismatch": 3, "text_height": 15, "text_thickness": 1}}
dangling repair round 2: 7 new items
{'pads': 1020, 'tracks': 7942, 'vias': 739, 'zones': 5, 'keepouts': 81, 'outline': 1}
kicad_ops done /Users/deepakdiwan/Downloads/VitalQ_Route_v9/candidates/R2-17e/vitalq_v2.kicad_pcb
swig/python detected a memory leak of type 'PCB_VIA *', no destructor found.
swig/python detected a memory leak of type 'PCB_TRACK *', no destructor found.
swig/python detected a memory leak of type 'PCB_VIA *', no destructor found.
swig/python detected a memory leak of type 'PCB_VIA *', no destructor found.
swig/python detected a memory leak of type 'PCB_TRACK *', no destructor found.
swig/python detected a memory leak of type 'PCB_VIA *', no destructor found.
swig/python detected a memory leak of type 'PCB_TRACK *', no destructor found.
swig/python detected a memory leak of type 'PCB_TRACK *', no destructor found.
swig/python detected a memory leak of type 'PCB_TRACK *', no destructor found.
swig/python detected a memory leak of type 'PCB_TRACK *', no destructor found.
swig/python detected a memory leak of type 'PCB_TRACK *', no destructor found.
swig/python detected a memory leak of type 'PCB_TRACK *', no destructor found.
swig/python detected a memory leak of type 'PCB_TRACK *', no destructor found.
swig/python detected a memory leak of type 'PCB_VIA *', no destructor found.
swig/python detected a memory leak of type 'PCB_TRACK *', no destructor found.
Fontconfig error: Cannot load default config file: No such file: (null)
Found 321 violations
Found 24 unconnected items
Found 29 schematic parity issues
Saved DRC Report to /Users/deepakdiwan/Downloads/VitalQ_Route_v9/candidates/R2-17e/drc.json
Saved board
{"unconnected": 24, "real": 235, "total": 321, "parity": 29, "types": {"items_not_allowed": 199, "hole_clearance": 22, "clearance": 9, "track_dangling": 2, "via_dangling": 3, "silk_edge_clearance": 14, "lib_footprint_issues": 53, "lib_footprint_mismatch": 3, "text_height": 15, "text_thickness": 1}}
dangling repair round 3: 2 new items
{'pads': 1020, 'tracks': 7931, 'vias': 734, 'zones': 5, 'keepouts': 81, 'outline': 1}
kicad_ops done /Users/deepakdiwan/Downloads/VitalQ_Route_v9/candidates/R2-17e/vitalq_v2.kicad_pcb
swig/python detected a memory leak of type 'PCB_VIA *', no destructor found.
swig/python detected a memory leak of type 'PCB_TRACK *', no destructor found.
swig/python detected a memory leak of type 'PCB_TRACK *', no destructor found.
swig/python detected a memory leak of type 'PCB_TRACK *', no destructor found.
swig/python detected a memory leak of type 'PCB_TRACK *', no destructor found.
swig/python detected a memory leak of type 'PCB_TRACK *', no destructor found.
swig/python detected a memory leak of type 'PCB_TRACK *', no destructor found.
swig/python detected a memory leak of type 'PCB_TRACK *', no destructor found.
swig/python detected a memory leak of type 'PCB_TRACK *', no destructor found.
swig/python detected a memory leak of type 'PCB_TRACK *', no destructor found.
swig/python detected a memory leak of type 'PCB_TRACK *', no destructor found.
Fontconfig error: Cannot load default config file: No such file: (null)
Found 319 violations
Found 24 unconnected items
Found 29 schematic parity issues
Saved DRC Report to /Users/deepakdiwan/Downloads/VitalQ_Route_v9/candidates/R2-17e/drc.json
Saved board
{"unconnected": 24, "real": 233, "total": 319, "parity": 29, "types": {"items_not_allowed": 199, "hole_clearance": 22, "clearance": 9, "track_dangling": 2, "via_dangling": 1, "silk_edge_clearance": 14, "lib_footprint_issues": 53, "lib_footprint_mismatch": 3, "text_height": 15, "text_thickness": 1}}
{'pads': 1020, 'tracks': 7921, 'vias': 732, 'zones': 5, 'keepouts': 81, 'outline': 1}
{
  "invariants": {
    "footprints_identical": true,
    "moved_footprints_unlocked_same_side_rotation": true,
    "pad_geometry_and_nets_identical": true,
    "rule_areas_identical_except_J8_notches": true,
    "outline_identical": true,
    "zone_definitions_identical": true,
    "six_layers": true,
    "through_vias_only": true
  },
  "preserved_pad_groups_checked": 185,
  "pad_connectivity_regressions": 4,
  "keepout_layer_intersections": 342,
  "new_keepout_hits": 0,
  "via_hole_copper_gaps": 9,
  "new_via_hole_copper_gaps": 0,
  "hole_pairs": 0,
  "new_hole_pairs": 0,
  "via_in_pad": 31,
  "pass": false
}
R2-17e: REJECTED (streak 1); new native faults 0; audit FAIL
unconnected 23 -> 23 (candidate 24); real 234 -> 234 (candidate 233)
next: R2-18 SPI_SCK F3, U22 C1/D1 (LED3_K re-route + U18 move), leftovers
