/Users/deepakdiwan/Downloads/VitalQ_Route_v9/backups/20261009_192147_R2-17a_U6_POFV_sites_notches
kicad_ops done /Users/deepakdiwan/Downloads/VitalQ_Route_v9/candidates/R2-17a/stage1/vitalq_v2.kicad_pcb
Fontconfig error: Cannot load default config file: No such file: (null)
Found 320 violations
Found 23 unconnected items
Found 29 schematic parity issues
Saved DRC Report to /Users/deepakdiwan/Downloads/VitalQ_Route_v9/candidates/R2-17a/stage1/drc.json
Saved board
{"unconnected": 23, "real": 234, "total": 320, "parity": 29, "types": {"items_not_allowed": 200, "hole_clearance": 22, "clearance": 9, "track_dangling": 2, "via_dangling": 1, "silk_edge_clearance": 14, "lib_footprint_issues": 53, "lib_footprint_mismatch": 3, "text_height": 15, "text_thickness": 1}}
{'pads': 1020, 'tracks': 7938, 'vias': 726, 'zones': 5, 'keepouts': 81, 'outline': 1}
ripped 5 ['ESP_TX', 'PD_INM']
placed ['B2', 'B3', 'C4', 'D2', 'D4', 'E2', 'E3', 'E4']
FAILED PD_INM U6 R2-17a minimal: rip only own segments that block POFV sites, corridor re-route, 60 s budget (A3), margin 3 mm no path (expanded 6120 cells)
FAILED PD_INM U6 R2-17a minimal: rip only own segments that block POFV sites, corridor re-route, 60 s budget (A3), margin 8 mm no path (expanded 6998 cells)
A3 PD_INM FAILED
FAILED ESP_TX J8 R2-17a minimal: rip only own segments that block POFV sites, corridor re-route, 60 s budget (authorised ripped nets), margin 3 mm no path (expanded 20167 cells)
BLOCKED ESP_TX J8
kicad_ops done /Users/deepakdiwan/Downloads/VitalQ_Route_v9/candidates/R2-17a/vitalq_v2.kicad_pcb
Fontconfig error: Cannot load default config file: No such file: (null)
Found 332 violations
Found 25 unconnected items
Found 29 schematic parity issues
Saved DRC Report to /Users/deepakdiwan/Downloads/VitalQ_Route_v9/candidates/R2-17a/drc.json
Saved board
{"unconnected": 25, "real": 246, "total": 332, "parity": 29, "types": {"items_not_allowed": 200, "hole_clearance": 22, "clearance": 9, "track_dangling": 5, "via_dangling": 10, "silk_edge_clearance": 14, "lib_footprint_issues": 53, "lib_footprint_mismatch": 3, "text_height": 15, "text_thickness": 1}}
dangling repair round 1: 4 new items
{'pads': 1020, 'tracks': 7933, 'vias': 734, 'zones': 5, 'keepouts': 81, 'outline': 1}
kicad_ops done /Users/deepakdiwan/Downloads/VitalQ_Route_v9/candidates/R2-17a/vitalq_v2.kicad_pcb
swig/python detected a memory leak of type 'PCB_TRACK *', no destructor found.
swig/python detected a memory leak of type 'PCB_TRACK *', no destructor found.
swig/python detected a memory leak of type 'PCB_TRACK *', no destructor found.
swig/python detected a memory leak of type 'PCB_TRACK *', no destructor found.
swig/python detected a memory leak of type 'PCB_TRACK *', no destructor found.
swig/python detected a memory leak of type 'PCB_TRACK *', no destructor found.
swig/python detected a memory leak of type 'PCB_TRACK *', no destructor found.
swig/python detected a memory leak of type 'PCB_VIA *', no destructor found.
swig/python detected a memory leak of type 'PCB_TRACK *', no destructor found.
swig/python detected a memory leak of type 'PCB_TRACK *', no destructor found.
swig/python detected a memory leak of type 'PCB_TRACK *', no destructor found.
swig/python detected a memory leak of type 'PCB_TRACK *', no destructor found.
swig/python detected a memory leak of type 'PCB_TRACK *', no destructor found.
swig/python detected a memory leak of type 'PCB_TRACK *', no destructor found.
swig/python detected a memory leak of type 'PCB_TRACK *', no destructor found.
swig/python detected a memory leak of type 'PCB_TRACK *', no destructor found.
swig/python detected a memory leak of type 'PCB_TRACK *', no destructor found.
swig/python detected a memory leak of type 'PCB_TRACK *', no destructor found.
swig/python detected a memory leak of type 'PCB_TRACK *', no destructor found.
swig/python detected a memory leak of type 'PCB_TRACK *', no destructor found.
swig/python detected a memory leak of type 'PCB_TRACK *', no destructor found.
swig/python detected a memory leak of type 'PCB_TRACK *', no destructor found.
swig/python detected a memory leak of type 'PCB_TRACK *', no destructor found.
swig/python detected a memory leak of type 'PCB_TRACK *', no destructor found.
Fontconfig error: Cannot load default config file: No such file: (null)
Found 329 violations
Found 25 unconnected items
Found 29 schematic parity issues
Saved DRC Report to /Users/deepakdiwan/Downloads/VitalQ_Route_v9/candidates/R2-17a/drc.json
Saved board
{"unconnected": 25, "real": 243, "total": 329, "parity": 29, "types": {"items_not_allowed": 199, "hole_clearance": 22, "clearance": 9, "track_dangling": 2, "via_dangling": 11, "silk_edge_clearance": 14, "lib_footprint_issues": 53, "lib_footprint_mismatch": 3, "text_height": 15, "text_thickness": 1}}
dangling repair round 2: 2 new items
{'pads': 1020, 'tracks': 7909, 'vias': 733, 'zones': 5, 'keepouts': 81, 'outline': 1}
kicad_ops done /Users/deepakdiwan/Downloads/VitalQ_Route_v9/candidates/R2-17a/vitalq_v2.kicad_pcb
swig/python detected a memory leak of type 'PCB_VIA *', no destructor found.
swig/python detected a memory leak of type 'PCB_VIA *', no destructor found.
swig/python detected a memory leak of type 'PCB_TRACK *', no destructor found.
swig/python detected a memory leak of type 'PCB_TRACK *', no destructor found.
swig/python detected a memory leak of type 'PCB_TRACK *', no destructor found.
Fontconfig error: Cannot load default config file: No such file: (null)
Found 327 violations
Found 25 unconnected items
Found 29 schematic parity issues
Saved DRC Report to /Users/deepakdiwan/Downloads/VitalQ_Route_v9/candidates/R2-17a/drc.json
Saved board
{"unconnected": 25, "real": 241, "total": 327, "parity": 29, "types": {"items_not_allowed": 199, "hole_clearance": 22, "clearance": 9, "track_dangling": 2, "via_dangling": 9, "silk_edge_clearance": 14, "lib_footprint_issues": 53, "lib_footprint_mismatch": 3, "text_height": 15, "text_thickness": 1}}
{'pads': 1020, 'tracks': 7905, 'vias': 731, 'zones': 5, 'keepouts': 81, 'outline': 1}
{
  "invariants": {
    "footprints_identical": true,
    "moved_footprints_unlocked_same_side_rotation": true,
    "pad_geometry_and_nets_identical": true,
    "rule_areas_identical_except_J8_notches": true,
    "outline_identical": true,
    "zone_definitions_identical": true,
    "six_layers": true,
    "through_vias_only": true
  },
  "preserved_pad_groups_checked": 185,
  "pad_connectivity_regressions": 2,
  "keepout_layer_intersections": 342,
  "new_keepout_hits": 0,
  "via_hole_copper_gaps": 9,
  "new_via_hole_copper_gaps": 0,
  "hole_pairs": 0,
  "new_hole_pairs": 0,
  "via_in_pad": 37,
  "pass": false
}
R2-17a: REJECTED (streak 2); new native faults 8; audit FAIL
unconnected 23 -> 23 (candidate 25); real 234 -> 234 (candidate 241)
next: R2-17b U6 easy escapes E4/C4/E2/B2 (+F3)
