/Users/deepakdiwan/Downloads/VitalQ_Route_v9/backups/20261009_193427_R2-18_leftovers_A
kicad_ops done /Users/deepakdiwan/Downloads/VitalQ_Route_v9/candidates/R2-18/stage1/vitalq_v2.kicad_pcb
Fontconfig error: Cannot load default config file: No such file: (null)
Found 320 violations
Found 23 unconnected items
Found 29 schematic parity issues
Saved DRC Report to /Users/deepakdiwan/Downloads/VitalQ_Route_v9/candidates/R2-18/stage1/drc.json
Saved board
{"unconnected": 23, "real": 234, "total": 320, "parity": 29, "types": {"items_not_allowed": 200, "hole_clearance": 22, "clearance": 9, "track_dangling": 2, "via_dangling": 1, "silk_edge_clearance": 14, "lib_footprint_issues": 53, "lib_footprint_mismatch": 3, "text_height": 15, "text_thickness": 1}}
{'pads': 1020, 'tracks': 7938, 'vias': 726, 'zones': 5, 'keepouts': 81, 'outline': 1}
FAILED +3V3 U18 R2-18 leftover A* F/B/In2/In3 (inner only outside hv_inner), 0.4/0.2 vias, 60 s budget, margin 4 mm no path (expanded 1727 cells)
BLOCKED +3V3 U18
FAILED +3V3 U11/U20 R2-18 leftover A* F/B/In2/In3 (inner only outside hv_inner), 0.4/0.2 vias, 60 s budget, margin 4 mm no path (expanded 156 cells)
FAILED +3V3 U11/U20 R2-18 leftover A* F/B/In2/In3 (inner only outside hv_inner), 0.4/0.2 vias, 60 s budget, margin 10 mm no path (expanded 156 cells)
ROUTED GND R51 1 tracks 1 vias
ROUTED unconnected-(J12-PadMP) J12 3 tracks 2 vias
FAILED TMP117_ALERT R65/U11 R2-18 leftover A* F/B/In2/In3 (inner only outside hv_inner), 0.4/0.2 vias, 60 s budget, margin 4 mm no path (expanded 144 cells)
FAILED TMP117_ALERT R65/U11 R2-18 leftover A* F/B/In2/In3 (inner only outside hv_inner), 0.4/0.2 vias, 60 s budget, margin 10 mm no path (expanded 144 cells)
ROUTED AFE_N_PAD J5/R36 19 tracks 6 vias
FAILED +3V3 zone R2-18 leftover A* F/B/In2/In3 (inner only outside hv_inner), 0.4/0.2 vias, 60 s budget, margin 4 mm no path (expanded 300 cells)
FAILED +3V3 zone R2-18 leftover A* F/B/In2/In3 (inner only outside hv_inner), 0.4/0.2 vias, 60 s budget, margin 10 mm no path (expanded 300 cells)
kicad_ops done /Users/deepakdiwan/Downloads/VitalQ_Route_v9/candidates/R2-18/vitalq_v2.kicad_pcb
Fontconfig error: Cannot load default config file: No such file: (null)
Found 319 violations
Found 20 unconnected items
Found 29 schematic parity issues
Saved DRC Report to /Users/deepakdiwan/Downloads/VitalQ_Route_v9/candidates/R2-18/drc.json
Saved board
{"unconnected": 20, "real": 233, "total": 319, "parity": 29, "types": {"items_not_allowed": 200, "hole_clearance": 22, "clearance": 9, "track_dangling": 2, "silk_edge_clearance": 14, "lib_footprint_issues": 53, "lib_footprint_mismatch": 3, "text_height": 15, "text_thickness": 1}}
{'pads': 1020, 'tracks': 7961, 'vias': 735, 'zones': 5, 'keepouts': 81, 'outline': 1}
{
  "invariants": {
    "footprints_identical": true,
    "moved_footprints_unlocked_same_side_rotation": true,
    "pad_geometry_and_nets_identical": true,
    "rule_areas_identical": true,
    "outline_identical": true,
    "zone_definitions_identical": true,
    "six_layers": true,
    "through_vias_only": true
  },
  "preserved_pad_groups_checked": 185,
  "pad_connectivity_regressions": 0,
  "keepout_layer_intersections": 345,
  "new_keepout_hits": 0,
  "via_hole_copper_gaps": 9,
  "new_via_hole_copper_gaps": 0,
  "hole_pairs": 0,
  "new_hole_pairs": 0,
  "via_in_pad": 30,
  "pass": true
}
R2-18: ACCEPTED (streak 0); new native faults 0; audit pass
unconnected 23 -> 20 (candidate 20); real 234 -> 233 (candidate 233)
next: R2-19 C59 move + via; then U6/U22 blocked-net report
