/Users/deepakdiwan/Downloads/VitalQ_Route_v9/backups/20261009_203412_R2-26_U6_rip_lanes_U22_kept
08:34:13 PM: Debug: Adding duplicate image handler for 'PNG file'
08:34:13 PM: Debug: Adding duplicate image handler for 'JPEG file'
08:34:13 PM: Debug: Adding duplicate image handler for 'TIFF file'
08:34:13 PM: Debug: Adding duplicate image handler for 'GIF file'
08:34:13 PM: Debug: Adding duplicate image handler for 'PNM file'
08:34:13 PM: Debug: Adding duplicate image handler for 'PCX file'
08:34:13 PM: Debug: Adding duplicate image handler for 'IFF file'
08:34:13 PM: Debug: Adding duplicate image handler for 'Windows icon file'
08:34:13 PM: Debug: Adding duplicate image handler for 'Windows cursor file'
08:34:13 PM: Debug: Adding duplicate image handler for 'Windows animated cursor file'
08:34:13 PM: Debug: Adding duplicate image handler for 'TGA file'
08:34:13 PM: Debug: Adding duplicate image handler for 'XPM file'
kicad_ops done /Users/deepakdiwan/Downloads/VitalQ_Route_v9/candidates/R2-26/stage1/vitalq_v2.kicad_pcb
Fontconfig error: Cannot load default config file: No such file: (null)
Found 319 violations
Found 20 unconnected items
Found 29 schematic parity issues
Saved DRC Report to /Users/deepakdiwan/Downloads/VitalQ_Route_v9/candidates/R2-26/stage1/drc.json
Saved board
{"unconnected": 20, "real": 233, "total": 319, "parity": 29, "types": {"items_not_allowed": 200, "hole_clearance": 22, "clearance": 9, "track_dangling": 2, "silk_edge_clearance": 14, "lib_footprint_issues": 53, "lib_footprint_mismatch": 3, "text_height": 15, "text_thickness": 1}}
08:34:25 PM: Debug: Adding duplicate image handler for 'PNG file'
08:34:25 PM: Debug: Adding duplicate image handler for 'JPEG file'
08:34:25 PM: Debug: Adding duplicate image handler for 'TIFF file'
08:34:25 PM: Debug: Adding duplicate image handler for 'GIF file'
08:34:25 PM: Debug: Adding duplicate image handler for 'PNM file'
08:34:25 PM: Debug: Adding duplicate image handler for 'PCX file'
08:34:25 PM: Debug: Adding duplicate image handler for 'IFF file'
08:34:25 PM: Debug: Adding duplicate image handler for 'Windows icon file'
08:34:25 PM: Debug: Adding duplicate image handler for 'Windows cursor file'
08:34:25 PM: Debug: Adding duplicate image handler for 'Windows animated cursor file'
08:34:25 PM: Debug: Adding duplicate image handler for 'TGA file'
08:34:25 PM: Debug: Adding duplicate image handler for 'XPM file'
{'pads': 1020, 'tracks': 7961, 'vias': 735, 'zones': 5, 'keepouts': 81, 'outline': 1}
regional rip 195 items on 27 nets
FAILED PD2_INM U6 R2-23 3mm-around-U6 rip; dedicated inner layer per inner ball with reserved exit lanes; corridors first, outer ring, then ripped nets; 60 s budget U6.B3 layer 8, margin 6 mm no path (expanded 241573 cells)
FAILED PD2_INM U6 R2-23 3mm-around-U6 rip; dedicated inner layer per inner ball with reserved exit lanes; corridors first, outer ring, then ripped nets; 60 s budget U6.B3 layer 8, margin 11 mm no path (expanded 562308 cells)
U6 B3 PD2_INM FAILED
ROUTED TX1 U6 11 tracks 2 vias
U6 D4 TX1 ok
ROUTED AFE_BG U6 5 tracks 1 vias
U6 D2 AFE_BG ok
ROUTED +3V3_ANA U6 5 tracks 2 vias
U6 C4 +3V3_ANA ok
ROUTED CS_AFE4900 U6 13 tracks 4 vias
U6 E3 CS_AFE4900 ok
ROUTED TX3 U6 14 tracks 4 vias
U6 E4 TX3 ok
FAILED MISO_AFE U6 R2-23 3mm-around-U6 rip; dedicated inner layer per inner ball with reserved exit lanes; corridors first, outer ring, then ripped nets; 60 s budget U6.E2 layer 6, margin 6 mm no path (expanded 284360 cells)
FAILED MISO_AFE U6 R2-23 3mm-around-U6 rip; dedicated inner layer per inner ball with reserved exit lanes; corridors first, outer ring, then ripped nets; 60 s budget U6.E2 layer 6, margin 11 mm no path (expanded 568306 cells)
U6 E2 MISO_AFE FAILED
ROUTED PD2_INP U6 16 tracks 1 vias
U6 B2 PD2_INP ok
ROUTED +3V3_ANA U6 2 tracks 0 vias
OUTER C1 +3V3_ANA ok
ROUTED SPI_SCK U6 10 tracks 3 vias
OUTER F3 SPI_SCK ok
ROUTED AFE4900_RESETZ U6 10 tracks 1 vias
OUTER E1 AFE4900_RESETZ ok
ROUTED AFE_CLK U6 4 tracks 2 vias
OUTER F1 AFE_CLK ok
ROUTED AFE4900_ADC_RDY U6 12 tracks 1 vias
OUTER F4 AFE4900_ADC_RDY ok
ROUTED TX_5V U6 7 tracks 1 vias
OUTER F5 TX_5V ok
ROUTED TX4 U6 6 tracks 1 vias
OUTER C5 TX4 ok
ROUTED AFE_INP U6 12 tracks 5 vias
OUTER B1 AFE_INP ok
ROUTED +3V3_ANA U6 3 tracks 0 vias
OUTER A4 +3V3_ANA ok
ROUTED GND U6 1 tracks 0 vias
OUTER D1 GND ok
ROUTED AFE_INM U6 10 tracks 2 vias
U6 A1 AFE_INM ok
ROUTED PD_INP U6 6 tracks 1 vias
U6 A2 PD_INP ok
FAILED PD_INM U6 R2-23 3mm-around-U6 rip; dedicated inner layer per inner ball with reserved exit lanes; corridors first, outer ring, then ripped nets; 60 s budget U6.A3, margin 5 mm no path (expanded 163 cells)
FAILED PD_INM U6 R2-23 3mm-around-U6 rip; dedicated inner layer per inner ball with reserved exit lanes; corridors first, outer ring, then ripped nets; 60 s budget U6.A3, margin 10 mm no path (expanded 163 cells)
U6 A3 PD_INM FAILED
FAILED TX2 U6 R2-23 3mm-around-U6 rip; dedicated inner layer per inner ball with reserved exit lanes; corridors first, outer ring, then ripped nets; 60 s budget U6.E5, margin 5 mm no path (expanded 6342 cells)
FAILED TX2 U6 R2-23 3mm-around-U6 rip; dedicated inner layer per inner ball with reserved exit lanes; corridors first, outer ring, then ripped nets; 60 s budget U6.E5, margin 10 mm no path (expanded 9915 cells)
U6 E5 TX2 FAILED
FAILED SPI_MOSI U6 R2-23 3mm-around-U6 rip; dedicated inner layer per inner ball with reserved exit lanes; corridors first, outer ring, then ripped nets; 60 s budget U6.F2, margin 5 mm no path (expanded 27091 cells)
ROUTED SPI_MOSI U6 14 tracks 5 vias
U6 F2 SPI_MOSI ok
FAILED TX_5V U22 R2-23 3mm-around-U6 rip; dedicated inner layer per inner ball with reserved exit lanes; corridors first, outer ring, then ripped nets; 60 s budget (remaining U6 nets), margin 4 mm no path (expanded 43950 cells)
FAILED TX_5V U22 R2-23 3mm-around-U6 rip; dedicated inner layer per inner ball with reserved exit lanes; corridors first, outer ring, then ripped nets; 60 s budget (remaining U6 nets), margin 9 mm no path (expanded 134751 cells)
FAILED TX2 U6 R2-23 3mm-around-U6 rip; dedicated inner layer per inner ball with reserved exit lanes; corridors first, outer ring, then ripped nets; 60 s budget (remaining U6 nets), margin 4 mm no path (expanded 5548 cells)
BLOCKED TX2 U6
ROUTED TX_5V C89/R96 12 tracks 4 vias
FAILED PD_INM U6 R2-23 3mm-around-U6 rip; dedicated inner layer per inner ball with reserved exit lanes; corridors first, outer ring, then ripped nets; 60 s budget (remaining U6 nets), margin 4 mm no path (expanded 101 cells)
BLOCKED PD_INM U6
ROUTED +3V3 J8 1 tracks 0 vias
ROUTED +3V3 U18 1 tracks 0 vias
ROUTED ESP_EN J8 2 tracks 0 vias
FAILED +1V8 C36/U10 R2-23 3mm-around-U6 rip; dedicated inner layer per inner ball with reserved exit lanes; corridors first, outer ring, then ripped nets; 60 s budget (wall/other nets), margin 4 mm no path (expanded 31042 cells)
FAILED +1V8 C36/U10 R2-23 3mm-around-U6 rip; dedicated inner layer per inner ball with reserved exit lanes; corridors first, outer ring, then ripped nets; 60 s budget (wall/other nets), margin 9 mm no path (expanded 176947 cells)
ROUTED MISO_FL U18 4 tracks 0 vias
ROUTED ESP_IO0 J8 6 tracks 0 vias
FAILED ESP_RX J8 R2-23 3mm-around-U6 rip; dedicated inner layer per inner ball with reserved exit lanes; corridors first, outer ring, then ripped nets; 60 s budget (wall/other nets), margin 4 mm no path (expanded 16784 cells)
FAILED ESP_RX J8 R2-23 3mm-around-U6 rip; dedicated inner layer per inner ball with reserved exit lanes; corridors first, outer ring, then ripped nets; 60 s budget (wall/other nets), margin 9 mm no path (expanded 98360 cells)
FAILED ESP_TX J8 R2-23 3mm-around-U6 rip; dedicated inner layer per inner ball with reserved exit lanes; corridors first, outer ring, then ripped nets; 60 s budget (wall/other nets), margin 4 mm no path (expanded 1587 cells)
FAILED ESP_TX J8 R2-23 3mm-around-U6 rip; dedicated inner layer per inner ball with reserved exit lanes; corridors first, outer ring, then ripped nets; 60 s budget (wall/other nets), margin 9 mm no path (expanded 1587 cells)
FAILED AFE_N_PAD J5 R2-23 3mm-around-U6 rip; dedicated inner layer per inner ball with reserved exit lanes; corridors first, outer ring, then ripped nets; 60 s budget (wall/other nets), margin 4 mm no path (expanded 240105 cells)
ROUTED AFE_N_PAD J5 9 tracks 1 vias
FAILED +1V8 U22 R2-23 3mm-around-U6 rip; dedicated inner layer per inner ball with reserved exit lanes; corridors first, outer ring, then ripped nets; 60 s budget (wall/other nets), margin 4 mm no path (expanded 1281 cells)
FAILED +1V8 U22 R2-23 3mm-around-U6 rip; dedicated inner layer per inner ball with reserved exit lanes; corridors first, outer ring, then ripped nets; 60 s budget (wall/other nets), margin 9 mm no path (expanded 1281 cells)
FAILED PD_K J10/U22 R2-23 3mm-around-U6 rip; dedicated inner layer per inner ball with reserved exit lanes; corridors first, outer ring, then ripped nets; 60 s budget (wall/other nets), margin 4 mm no path (expanded 347449 cells)
