/Users/deepakdiwan/Downloads/VitalQ_Route_v9/backups/20261009_204322_R2-27_U6_move_regional_reroute
08:43:23 PM: Debug: Adding duplicate image handler for 'PNG file'
08:43:23 PM: Debug: Adding duplicate image handler for 'JPEG file'
08:43:23 PM: Debug: Adding duplicate image handler for 'TIFF file'
08:43:23 PM: Debug: Adding duplicate image handler for 'GIF file'
08:43:23 PM: Debug: Adding duplicate image handler for 'PNM file'
08:43:23 PM: Debug: Adding duplicate image handler for 'PCX file'
08:43:23 PM: Debug: Adding duplicate image handler for 'IFF file'
08:43:23 PM: Debug: Adding duplicate image handler for 'Windows icon file'
08:43:23 PM: Debug: Adding duplicate image handler for 'Windows cursor file'
08:43:23 PM: Debug: Adding duplicate image handler for 'Windows animated cursor file'
08:43:23 PM: Debug: Adding duplicate image handler for 'TGA file'
08:43:23 PM: Debug: Adding duplicate image handler for 'XPM file'
kicad_ops done /Users/deepakdiwan/Downloads/VitalQ_Route_v9/candidates/R2-27/stage1/vitalq_v2.kicad_pcb
swig/python detected a memory leak of type 'PCB_TRACK *', no destructor found.
swig/python detected a memory leak of type 'PCB_VIA *', no destructor found.
swig/python detected a memory leak of type 'PCB_VIA *', no destructor found.
swig/python detected a memory leak of type 'PCB_TRACK *', no destructor found.
swig/python detected a memory leak of type 'PCB_VIA *', no destructor found.
swig/python detected a memory leak of type 'PCB_TRACK *', no destructor found.
swig/python detected a memory leak of type 'PCB_TRACK *', no destructor found.
swig/python detected a memory leak of type 'PCB_TRACK *', no destructor found.
swig/python detected a memory leak of type 'PCB_TRACK *', no destructor found.
swig/python detected a memory leak of type 'PCB_TRACK *', no destructor found.
swig/python detected a memory leak of type 'PCB_TRACK *', no destructor found.
swig/python detected a memory leak of type 'PCB_VIA *', no destructor found.
swig/python detected a memory leak of type 'PCB_TRACK *', no destructor found.
swig/python detected a memory leak of type 'PCB_TRACK *', no destructor found.
swig/python detected a memory leak of type 'PCB_TRACK *', no destructor found.
swig/python detected a memory leak of type 'PCB_TRACK *', no destructor found.
swig/python detected a memory leak of type 'PCB_TRACK *', no destructor found.
swig/python detected a memory leak of type 'PCB_TRACK *', no destructor found.
swig/python detected a memory leak of type 'PCB_TRACK *', no destructor found.
swig/python detected a memory leak of type 'PCB_TRACK *', no destructor found.
swig/python detected a memory leak of type 'PCB_TRACK *', no destructor found.
swig/python detected a memory leak of type 'PCB_TRACK *', no destructor found.
swig/python detected a memory leak of type 'PCB_TRACK *', no destructor found.
swig/python detected a memory leak of type 'PCB_TRACK *', no destructor found.
swig/python detected a memory leak of type 'PCB_TRACK *', no destructor found.
swig/python detected a memory leak of type 'PCB_TRACK *', no destructor found.
swig/python detected a memory leak of type 'PCB_TRACK *', no destructor found.
swig/python detected a memory leak of type 'PCB_VIA *', no destructor found.
swig/python detected a memory leak of type 'PCB_VIA *', no destructor found.
swig/python detected a memory leak of type 'PCB_VIA *', no destructor found.
swig/python detected a memory leak of type 'PCB_TRACK *', no destructor found.
swig/python detected a memory leak of type 'PCB_TRACK *', no destructor found.
swig/python detected a memory leak of type 'PCB_TRACK *', no destructor found.
swig/python detected a memory leak of type 'PCB_TRACK *', no destructor found.
swig/python detected a memory leak of type 'PCB_TRACK *', no destructor found.
swig/python detected a memory leak of type 'PCB_TRACK *', no destructor found.
swig/python detected a memory leak of type 'PCB_TRACK *', no destructor found.
swig/python detected a memory leak of type 'PCB_TRACK *', no destructor found.
swig/python detected a memory leak of type 'PCB_TRACK *', no destructor found.
Fontconfig error: Cannot load default config file: No such file: (null)
Found 417 violations
Found 46 unconnected items
Found 29 schematic parity issues
Saved DRC Report to /Users/deepakdiwan/Downloads/VitalQ_Route_v9/candidates/R2-27/stage1/drc.json
Saved board
{"unconnected": 46, "real": 329, "total": 417, "parity": 29, "types": {"items_not_allowed": 200, "clearance": 25, "shorting_items": 24, "hole_clearance": 27, "npth_inside_courtyard": 1, "courtyards_overlap": 1, "solder_mask_bridge": 27, "track_dangling": 24, "silk_edge_clearance": 14, "lib_footprint_issues": 53, "lib_footprint_mismatch": 3, "text_height": 15, "text_thickness": 1, "silk_overlap": 2}}
08:43:37 PM: Debug: Adding duplicate image handler for 'PNG file'
08:43:37 PM: Debug: Adding duplicate image handler for 'JPEG file'
08:43:37 PM: Debug: Adding duplicate image handler for 'TIFF file'
08:43:37 PM: Debug: Adding duplicate image handler for 'GIF file'
08:43:37 PM: Debug: Adding duplicate image handler for 'PNM file'
08:43:37 PM: Debug: Adding duplicate image handler for 'PCX file'
08:43:37 PM: Debug: Adding duplicate image handler for 'IFF file'
08:43:37 PM: Debug: Adding duplicate image handler for 'Windows icon file'
08:43:37 PM: Debug: Adding duplicate image handler for 'Windows cursor file'
08:43:37 PM: Debug: Adding duplicate image handler for 'Windows animated cursor file'
08:43:37 PM: Debug: Adding duplicate image handler for 'TGA file'
08:43:37 PM: Debug: Adding duplicate image handler for 'XPM file'
{'pads': 1020, 'tracks': 7929, 'vias': 727, 'zones': 5, 'keepouts': 81, 'outline': 1}
regional rip 479 items on 42 nets
U22 POFV ['A2', 'A4', 'B1', 'B2', 'C1', 'D1']
SITE BLOCKED F2
FAILED PD2_INM U6 R2-23 3mm-around-U6 rip; dedicated inner layer per inner ball with reserved exit lanes; corridors first, outer ring, then ripped nets; 60 s budget U6.B3 layer 8, margin 6 mm no path (expanded 324252 cells)
FAILED PD2_INM U6 R2-23 3mm-around-U6 rip; dedicated inner layer per inner ball with reserved exit lanes; corridors first, outer ring, then ripped nets; 60 s budget U6.B3 layer 8, margin 11 mm no path (expanded 671952 cells)
U6 B3 PD2_INM FAILED
ROUTED TX1 U6 11 tracks 2 vias
U6 D4 TX1 ok
ROUTED AFE_BG U6 5 tracks 1 vias
U6 D2 AFE_BG ok
ROUTED +3V3_ANA U6 8 tracks 2 vias
U6 C4 +3V3_ANA ok
ROUTED CS_AFE4900 U6 13 tracks 5 vias
U6 E3 CS_AFE4900 ok
ROUTED TX3 U6 7 tracks 2 vias
U6 E4 TX3 ok
FAILED MISO_AFE U6 R2-23 3mm-around-U6 rip; dedicated inner layer per inner ball with reserved exit lanes; corridors first, outer ring, then ripped nets; 60 s budget U6.E2 layer 6, margin 6 mm no path (expanded 27 cells)
FAILED MISO_AFE U6 R2-23 3mm-around-U6 rip; dedicated inner layer per inner ball with reserved exit lanes; corridors first, outer ring, then ripped nets; 60 s budget U6.E2 layer 6, margin 11 mm no path (expanded 27 cells)
U6 E2 MISO_AFE FAILED
ROUTED PD2_INP U6 17 tracks 1 vias
U6 B2 PD2_INP ok
ROUTED +3V3_ANA U6 7 tracks 1 vias
OUTER C1 +3V3_ANA ok
ROUTED SPI_SCK U6 8 tracks 2 vias
OUTER F3 SPI_SCK ok
FAILED AFE4900_RESETZ U6 R2-23 3mm-around-U6 rip; dedicated inner layer per inner ball with reserved exit lanes; corridors first, outer ring, then ripped nets; 60 s budget (outer U6.E1), margin 5 mm no legal start/goal cells (sealed endpoint)
FAILED AFE4900_RESETZ U6 R2-23 3mm-around-U6 rip; dedicated inner layer per inner ball with reserved exit lanes; corridors first, outer ring, then ripped nets; 60 s budget (outer U6.E1), margin 10 mm no legal start/goal cells (sealed endpoint)
OUTER E1 AFE4900_RESETZ FAILED
FAILED AFE_CLK U6 R2-23 3mm-around-U6 rip; dedicated inner layer per inner ball with reserved exit lanes; corridors first, outer ring, then ripped nets; 60 s budget (outer U6.F1), margin 5 mm no legal start/goal cells (sealed endpoint)
FAILED AFE_CLK U6 R2-23 3mm-around-U6 rip; dedicated inner layer per inner ball with reserved exit lanes; corridors first, outer ring, then ripped nets; 60 s budget (outer U6.F1), margin 10 mm no legal start/goal cells (sealed endpoint)
OUTER F1 AFE_CLK FAILED
ROUTED AFE4900_ADC_RDY U6 10 tracks 2 vias
OUTER F4 AFE4900_ADC_RDY ok
ROUTED TX_5V U6 2 tracks 1 vias
OUTER F5 TX_5V ok
ROUTED TX4 U6 7 tracks 1 vias
OUTER C5 TX4 ok
ROUTED AFE_INP U6 11 tracks 2 vias
OUTER B1 AFE_INP ok
FAILED +3V3_ANA U6 R2-23 3mm-around-U6 rip; dedicated inner layer per inner ball with reserved exit lanes; corridors first, outer ring, then ripped nets; 60 s budget (outer U6.A4), margin 5 mm no path (expanded 98 cells)
BLOCKED +3V3_ANA U6
OUTER A4 +3V3_ANA FAILED
ROUTED GND U6 1 tracks 0 vias
OUTER D1 GND ok
ROUTED AFE_INM U6 6 tracks 1 vias
U6 A1 AFE_INM ok
ROUTED PD_INP U6 5 tracks 1 vias
U6 A2 PD_INP ok
FAILED PD_INM U6 R2-23 3mm-around-U6 rip; dedicated inner layer per inner ball with reserved exit lanes; corridors first, outer ring, then ripped nets; 60 s budget U6.A3, margin 5 mm no path (expanded 157911 cells)
ROUTED PD_INM U6 17 tracks 2 vias
U6 A3 PD_INM ok
FAILED TX2 U6 R2-23 3mm-around-U6 rip; dedicated inner layer per inner ball with reserved exit lanes; corridors first, outer ring, then ripped nets; 60 s budget U6.E5, margin 5 mm no path (expanded 516 cells)
FAILED TX2 U6 R2-23 3mm-around-U6 rip; dedicated inner layer per inner ball with reserved exit lanes; corridors first, outer ring, then ripped nets; 60 s budget U6.E5, margin 10 mm no path (expanded 516 cells)
U6 E5 TX2 FAILED
FAILED LED2_K U22 R2-23 3mm-around-U6 rip; dedicated inner layer per inner ball with reserved exit lanes; corridors first, outer ring, then ripped nets; 60 s budget U22.C1, margin 5 mm no legal start/goal cells (sealed endpoint)
FAILED LED2_K U22 R2-23 3mm-around-U6 rip; dedicated inner layer per inner ball with reserved exit lanes; corridors first, outer ring, then ripped nets; 60 s budget U22.C1, margin 10 mm no legal start/goal cells (sealed endpoint)
U22 C1 LED2_K FAILED
ROUTED LED1_K U22 5 tracks 2 vias
U22 D1 LED1_K ok
ROUTED SPI_SCK U22 1 tracks 0 vias
U22 A2 SPI_SCK ok
ROUTED SPI_MOSI U22 4 tracks 1 vias
U22 A4 SPI_MOSI ok
ROUTED LED3_K U22 8 tracks 2 vias
U22 B1 LED3_K ok
ROUTED MAX86178_INT U22 6 tracks 2 vias
U22 B2 MAX86178_INT ok
ROUTED GND J8 1 tracks 0 vias
ROUTED GND U18 1 tracks 0 vias
ROUTED GND C15 1 tracks 0 vias
ROUTED GND U22 2 tracks 1 vias
ROUTED GND U22#2 1 tracks 0 vias
BLOCKED +3V3_ANA U6
ROUTED GND C87 1 tracks 0 vias
ROUTED TX_5V C89 6 tracks 1 vias
ROUTED TX_5V U22 12 tracks 3 vias
FAILED AFE_CLK U6 R2-23 3mm-around-U6 rip; dedicated inner layer per inner ball with reserved exit lanes; corridors first, outer ring, then ripped nets; 60 s budget (remaining U6 nets), margin 4 mm no legal start/goal cells (sealed endpoint)
BLOCKED AFE_CLK U6
ROUTED +3V3_ANA R95 2 tracks 1 vias
FAILED SPI_MOSI U6 R2-23 3mm-around-U6 rip; dedicated inner layer per inner ball with reserved exit lanes; corridors first, outer ring, then ripped nets; 60 s budget (remaining U6 nets), margin 4 mm no legal start/goal cells (sealed endpoint)
FAILED SPI_MOSI U6 R2-23 3mm-around-U6 rip; dedicated inner layer per inner ball with reserved exit lanes; corridors first, outer ring, then ripped nets; 60 s budget (remaining U6 nets), margin 9 mm no legal start/goal cells (sealed endpoint)
ROUTED CS_MAX86178 U22 5 tracks 0 vias
ROUTED +1V8 C86/C88 3 tracks 0 vias
ROUTED TX_5V R96 2 tracks 0 vias
FAILED PD_K U22 R2-23 3mm-around-U6 rip; dedicated inner layer per inner ball with reserved exit lanes; corridors first, outer ring, then ripped nets; 60 s budget (remaining U6 nets), margin 4 mm no path (expanded 44855 cells)
ROUTED PD_K U22 15 tracks 4 vias
ROUTED +1V8 U22 18 tracks 3 vias
ROUTED +1V8 U22#2 1 tracks 0 vias
FAILED LED2_K U22 R2-23 3mm-around-U6 rip; dedicated inner layer per inner ball with reserved exit lanes; corridors first, outer ring, then ripped nets; 60 s budget (remaining U6 nets), margin 4 mm no legal start/goal cells (sealed endpoint)
BLOCKED LED2_K U22
ROUTED MX_VREF U22 10 tracks 2 vias
FAILED PD_A U22 R2-23 3mm-around-U6 rip; dedicated inner layer per inner ball with reserved exit lanes; corridors first, outer ring, then ripped nets; 60 s budget (remaining U6 nets), margin 4 mm no path (expanded 36 cells)
FAILED PD_A U22 R2-23 3mm-around-U6 rip; dedicated inner layer per inner ball with reserved exit lanes; corridors first, outer ring, then ripped nets; 60 s budget (remaining U6 nets), margin 9 mm no path (expanded 36 cells)
ROUTED +1V8 C36/U10 7 tracks 1 vias
FAILED AFE4900_RESETZ U6 R2-23 3mm-around-U6 rip; dedicated inner layer per inner ball with reserved exit lanes; corridors first, outer ring, then ripped nets; 60 s budget (remaining U6 nets), margin 4 mm no legal start/goal cells (sealed endpoint)
BLOCKED AFE4900_RESETZ U6
FAILED MX_SDO_1V8 U22 R2-23 3mm-around-U6 rip; dedicated inner layer per inner ball with reserved exit lanes; corridors first, outer ring, then ripped nets; 60 s budget (remaining U6 nets), margin 4 mm no path (expanded 26 cells)
FAILED MX_SDO_1V8 U22 R2-23 3mm-around-U6 rip; dedicated inner layer per inner ball with reserved exit lanes; corridors first, outer ring, then ripped nets; 60 s budget (remaining U6 nets), margin 9 mm no path (expanded 26 cells)
ROUTED PD_K J10 9 tracks 3 vias
FAILED TX2 U6 R2-23 3mm-around-U6 rip; dedicated inner layer per inner ball with reserved exit lanes; corridors first, outer ring, then ripped nets; 60 s budget (remaining U6 nets), margin 4 mm no path (expanded 446 cells)
BLOCKED TX2 U6
ROUTED +3V3 J8 1 tracks 0 vias
ROUTED +3V3 U18 1 tracks 0 vias
FAILED +3V3 U20 R2-23 3mm-around-U6 rip; dedicated inner layer per inner ball with reserved exit lanes; corridors first, outer ring, then ripped nets; 60 s budget (wall/other nets), margin 4 mm no path (expanded 300 cells)
FAILED +3V3 U20 R2-23 3mm-around-U6 rip; dedicated inner layer per inner ball with reserved exit lanes; corridors first, outer ring, then ripped nets; 60 s budget (wall/other nets), margin 9 mm no path (expanded 300 cells)
FAILED +3V3_ESP R94 R2-23 3mm-around-U6 rip; dedicated inner layer per inner ball with reserved exit lanes; corridors first, outer ring, then ripped nets; 60 s budget (wall/other nets), margin 4 mm no path (expanded 16526 cells)
FAILED +3V3_ESP R94 R2-23 3mm-around-U6 rip; dedicated inner layer per inner ball with reserved exit lanes; corridors first, outer ring, then ripped nets; 60 s budget (wall/other nets), margin 9 mm no path (expanded 28789 cells)
ROUTED I2C_SDA U20 3 tracks 1 vias
FAILED I2C_SCL U19 R2-23 3mm-around-U6 rip; dedicated inner layer per inner ball with reserved exit lanes; corridors first, outer ring, then ripped nets; 60 s budget (wall/other nets), margin 4 mm no path (expanded 435 cells)
FAILED I2C_SCL U19 R2-23 3mm-around-U6 rip; dedicated inner layer per inner ball with reserved exit lanes; corridors first, outer ring, then ripped nets; 60 s budget (wall/other nets), margin 9 mm no path (expanded 435 cells)
FAILED I2C_SDA U19 R2-23 3mm-around-U6 rip; dedicated inner layer per inner ball with reserved exit lanes; corridors first, outer ring, then ripped nets; 60 s budget (wall/other nets), margin 4 mm no path (expanded 4618 cells)
FAILED I2C_SDA U19 R2-23 3mm-around-U6 rip; dedicated inner layer per inner ball with reserved exit lanes; corridors first, outer ring, then ripped nets; 60 s budget (wall/other nets), margin 9 mm no path (expanded 5100 cells)
ROUTED ESP_IO0 J8 3 tracks 0 vias
FAILED CS_FLASH U18 R2-23 3mm-around-U6 rip; dedicated inner layer per inner ball with reserved exit lanes; corridors first, outer ring, then ripped nets; 60 s budget (wall/other nets), margin 4 mm no path (expanded 27757 cells)
FAILED CS_FLASH U18 R2-23 3mm-around-U6 rip; dedicated inner layer per inner ball with reserved exit lanes; corridors first, outer ring, then ripped nets; 60 s budget (wall/other nets), margin 9 mm no path (expanded 28528 cells)
FAILED MISO_FL U18 R2-23 3mm-around-U6 rip; dedicated inner layer per inner ball with reserved exit lanes; corridors first, outer ring, then ripped nets; 60 s budget (wall/other nets), margin 4 mm no path (expanded 24695 cells)
FAILED MISO_FL U18 R2-23 3mm-around-U6 rip; dedicated inner layer per inner ball with reserved exit lanes; corridors first, outer ring, then ripped nets; 60 s budget (wall/other nets), margin 9 mm no path (expanded 28845 cells)
ROUTED I2C_SCL_1V8 TP16/U10/U12 2 tracks 1 vias
ROUTED I2C_SDA_1V8 R21/U9 5 tracks 0 vias
ROUTED ESP_EN R5/SW1 5 tracks 0 vias
ROUTED SWEAT_CE R122/U7 6 tracks 0 vias
FAILED AFE_N_PAD J5 R2-23 3mm-around-U6 rip; dedicated inner layer per inner ball with reserved exit lanes; corridors first, outer ring, then ripped nets; 60 s budget (wall/other nets), margin 4 mm no path (expanded 145301 cells)
ROUTED AFE_N_PAD J5 14 tracks 3 vias
FAILED AFE_P_PAD J5 R2-23 3mm-around-U6 rip; dedicated inner layer per inner ball with reserved exit lanes; corridors first, outer ring, then ripped nets; 60 s budget (wall/other nets), margin 4 mm no path (expanded 94828 cells)
FAILED AFE_P_PAD J5 R2-23 3mm-around-U6 rip; dedicated inner layer per inner ball with reserved exit lanes; corridors first, outer ring, then ripped nets; 60 s budget (wall/other nets), margin 9 mm no path (expanded 212606 cells)
FAILED BIOZ_SN_PAD R83 R2-23 3mm-around-U6 rip; dedicated inner layer per inner ball with reserved exit lanes; corridors first, outer ring, then ripped nets; 60 s budget (wall/other nets), margin 4 mm no path (expanded 65785 cells)
FAILED BIOZ_SN_PAD R83 R2-23 3mm-around-U6 rip; dedicated inner layer per inner ball with reserved exit lanes; corridors first, outer ring, then ripped nets; 60 s budget (wall/other nets), margin 9 mm no path (expanded 237077 cells)
ROUTED ESP_EN J8 8 tracks 3 vias
FAILED ESP_RX J8 R2-23 3mm-around-U6 rip; dedicated inner layer per inner ball with reserved exit lanes; corridors first, outer ring, then ripped nets; 60 s budget (wall/other nets), margin 4 mm no path (expanded 28832 cells)
FAILED ESP_RX J8 R2-23 3mm-around-U6 rip; dedicated inner layer per inner ball with reserved exit lanes; corridors first, outer ring, then ripped nets; 60 s budget (wall/other nets), margin 9 mm no path (expanded 28832 cells)
FAILED ESP_RX TP12 R2-23 3mm-around-U6 rip; dedicated inner layer per inner ball with reserved exit lanes; corridors first, outer ring, then ripped nets; 60 s budget (wall/other nets), margin 4 mm no path (expanded 236503 cells)
ROUTED ESP_RX TP12 18 tracks 2 vias
FAILED ESP_TX J8 R2-23 3mm-around-U6 rip; dedicated inner layer per inner ball with reserved exit lanes; corridors first, outer ring, then ripped nets; 60 s budget (wall/other nets), margin 4 mm no path (expanded 18279 cells)
FAILED ESP_TX J8 R2-23 3mm-around-U6 rip; dedicated inner layer per inner ball with reserved exit lanes; corridors first, outer ring, then ripped nets; 60 s budget (wall/other nets), margin 9 mm no path (expanded 97883 cells)
FAILED NIR_K D12 R2-23 3mm-around-U6 rip; dedicated inner layer per inner ball with reserved exit lanes; corridors first, outer ring, then ripped nets; 60 s budget (wall/other nets), margin 4 mm no path (expanded 55922 cells)
FAILED NIR_K D12 R2-23 3mm-around-U6 rip; dedicated inner layer per inner ball with reserved exit lanes; corridors first, outer ring, then ripped nets; 60 s budget (wall/other nets), margin 9 mm no path (expanded 64997 cells)
ROUTED RLD_PAD J5 12 tracks 2 vias
ROLLBACK B3
ROLLBACK E2
ROLLBACK E5
08:49:36 PM: Debug: Adding duplicate image handler for 'PNG file'
08:49:36 PM: Debug: Adding duplicate image handler for 'JPEG file'
08:49:36 PM: Debug: Adding duplicate image handler for 'TIFF file'
08:49:36 PM: Debug: Adding duplicate image handler for 'GIF file'
08:49:36 PM: Debug: Adding duplicate image handler for 'PNM file'
08:49:36 PM: Debug: Adding duplicate image handler for 'PCX file'
08:49:36 PM: Debug: Adding duplicate image handler for 'IFF file'
08:49:36 PM: Debug: Adding duplicate image handler for 'Windows icon file'
08:49:36 PM: Debug: Adding duplicate image handler for 'Windows cursor file'
08:49:36 PM: Debug: Adding duplicate image handler for 'Windows animated cursor file'
08:49:36 PM: Debug: Adding duplicate image handler for 'TGA file'
08:49:36 PM: Debug: Adding duplicate image handler for 'XPM file'
kicad_ops done /Users/deepakdiwan/Downloads/VitalQ_Route_v9/candidates/R2-27/vitalq_v2.kicad_pcb
swig/python detected a memory leak of type 'PCB_TRACK *', no destructor found.
swig/python detected a memory leak of type 'PCB_TRACK *', no destructor found.
swig/python detected a memory leak of type 'PCB_TRACK *', no destructor found.
swig/python detected a memory leak of type 'PCB_TRACK *', no destructor found.
swig/python detected a memory leak of type 'PCB_TRACK *', no destructor found.
swig/python detected a memory leak of type 'PCB_TRACK *', no destructor found.
swig/python detected a memory leak of type 'PCB_TRACK *', no destructor found.
swig/python detected a memory leak of type 'PCB_TRACK *', no destructor found.
swig/python detected a memory leak of type 'PCB_TRACK *', no destructor found.
swig/python detected a memory leak of type 'PCB_TRACK *', no destructor found.
swig/python detected a memory leak of type 'PCB_TRACK *', no destructor found.
swig/python detected a memory leak of type 'PCB_TRACK *', no destructor found.
swig/python detected a memory leak of type 'PCB_TRACK *', no destructor found.
swig/python detected a memory leak of type 'PCB_TRACK *', no destructor found.
swig/python detected a memory leak of type 'PCB_TRACK *', no destructor found.
swig/python detected a memory leak of type 'PCB_TRACK *', no destructor found.
swig/python detected a memory leak of type 'PCB_TRACK *', no destructor found.
swig/python detected a memory leak of type 'PCB_TRACK *', no destructor found.
swig/python detected a memory leak of type 'PCB_TRACK *', no destructor found.
swig/python detected a memory leak of type 'PCB_TRACK *', no destructor found.
swig/python detected a memory leak of type 'PCB_TRACK *', no destructor found.
swig/python detected a memory leak of type 'PCB_TRACK *', no destructor found.
swig/python detected a memory leak of type 'PCB_TRACK *', no destructor found.
swig/python detected a memory leak of type 'PCB_VIA *', no destructor found.
swig/python detected a memory leak of type 'PCB_TRACK *', no destructor found.
swig/python detected a memory leak of type 'PCB_TRACK *', no destructor found.
swig/python detected a memory leak of type 'PCB_TRACK *', no destructor found.
swig/python detected a memory leak of type 'PCB_TRACK *', no destructor found.
swig/python detected a memory leak of type 'PCB_TRACK *', no destructor found.
swig/python detected a memory leak of type 'PCB_TRACK *', no destructor found.
swig/python detected a memory leak of type 'PCB_TRACK *', no destructor found.
swig/python detected a memory leak of type 'PCB_TRACK *', no destructor found.
swig/python detected a memory leak of type 'PCB_TRACK *', no destructor found.
swig/python detected a memory leak of type 'PCB_TRACK *', no destructor found.
swig/python detected a memory leak of type 'PCB_TRACK *', no destructor found.
swig/python detected a memory leak of type 'PCB_TRACK *', no destructor found.
swig/python detected a memory leak of type 'PCB_TRACK *', no destructor found.
swig/python detected a memory leak of type 'PCB_TRACK *', no destructor found.
swig/python detected a memory leak of type 'PCB_TRACK *', no destructor found.
swig/python detected a memory leak of type 'PCB_TRACK *', no destructor found.
swig/python detected a memory leak of type 'PCB_TRACK *', no destructor found.
swig/python detected a memory leak of type 'PCB_TRACK *', no destructor found.
swig/python detected a memory leak of type 'PCB_TRACK *', no destructor found.
swig/python detected a memory leak of type 'PCB_TRACK *', no destructor found.
swig/python detected a memory leak of type 'PCB_TRACK *', no destructor found.
swig/python detected a memory leak of type 'PCB_TRACK *', no destructor found.
swig/python detected a memory leak of type 'PCB_TRACK *', no destructor found.
swig/python detected a memory leak of type 'PCB_TRACK *', no destructor found.
swig/python detected a memory leak of type 'PCB_TRACK *', no destructor found.
swig/python detected a memory leak of type 'PCB_TRACK *', no destructor found.
swig/python detected a memory leak of type 'PCB_TRACK *', no destructor found.
swig/python detected a memory leak of type 'PCB_TRACK *', no destructor found.
swig/python detected a memory leak of type 'PCB_TRACK *', no destructor found.
swig/python detected a memory leak of type 'PCB_TRACK *', no destructor found.
swig/python detected a memory leak of type 'PCB_TRACK *', no destructor found.
swig/python detected a memory leak of type 'PCB_TRACK *', no destructor found.
swig/python detected a memory leak of type 'PCB_TRACK *', no destructor found.
swig/python detected a memory leak of type 'PCB_TRACK *', no destructor found.
swig/python detected a memory leak of type 'PCB_TRACK *', no destructor found.
swig/python detected a memory leak of type 'PCB_TRACK *', no destructor found.
swig/python detected a memory leak of type 'PCB_TRACK *', no destructor found.
swig/python detected a memory leak of type 'PCB_TRACK *', no destructor found.
swig/python detected a memory leak of type 'PCB_TRACK *', no destructor found.
swig/python detected a memory leak of type 'PCB_TRACK *', no destructor found.
swig/python detected a memory leak of type 'PCB_TRACK *', no destructor found.
swig/python detected a memory leak of type 'PCB_TRACK *', no destructor found.
swig/python detected a memory leak of type 'PCB_TRACK *', no destructor found.
swig/python detected a memory leak of type 'PCB_TRACK *', no destructor found.
swig/python detected a memory leak of type 'PCB_TRACK *', no destructor found.
swig/python detected a memory leak of type 'PCB_TRACK *', no destructor found.
swig/python detected a memory leak of type 'PCB_TRACK *', no destructor found.
swig/python detected a memory leak of type 'PCB_TRACK *', no destructor found.
swig/python detected a memory leak of type 'PCB_TRACK *', no destructor found.
swig/python detected a memory leak of type 'PCB_TRACK *', no destructor found.
swig/python detected a memory leak of type 'PCB_TRACK *', no destructor found.
swig/python detected a memory leak of type 'PCB_TRACK *', no destructor found.
swig/python detected a memory leak of type 'PCB_TRACK *', no destructor found.
swig/python detected a memory leak of type 'PCB_TRACK *', no destructor found.
swig/python detected a memory leak of type 'PCB_TRACK *', no destructor found.
swig/python detected a memory leak of type 'PCB_TRACK *', no destructor found.
Fontconfig error: Cannot load default config file: No such file: (null)
Found 370 violations
Found 31 unconnected items
Found 29 schematic parity issues
Saved DRC Report to /Users/deepakdiwan/Downloads/VitalQ_Route_v9/candidates/R2-27/drc.json
Saved board
{"unconnected": 31, "real": 282, "total": 370, "parity": 29, "types": {"items_not_allowed": 199, "hole_clearance": 16, "shorting_items": 3, "clearance": 10, "npth_inside_courtyard": 1, "courtyards_overlap": 1, "solder_mask_bridge": 5, "track_dangling": 40, "via_dangling": 7, "silk_edge_clearance": 14, "lib_footprint_issues": 53, "lib_footprint_mismatch": 3, "text_height": 15, "text_thickness": 1, "silk_overlap": 2}}
dangling repair round 1: 45 new items
08:49:52 PM: Debug: Adding duplicate image handler for 'PNG file'
08:49:52 PM: Debug: Adding duplicate image handler for 'JPEG file'
08:49:52 PM: Debug: Adding duplicate image handler for 'TIFF file'
08:49:52 PM: Debug: Adding duplicate image handler for 'GIF file'
08:49:52 PM: Debug: Adding duplicate image handler for 'PNM file'
08:49:52 PM: Debug: Adding duplicate image handler for 'PCX file'
08:49:52 PM: Debug: Adding duplicate image handler for 'IFF file'
08:49:52 PM: Debug: Adding duplicate image handler for 'Windows icon file'
08:49:52 PM: Debug: Adding duplicate image handler for 'Windows cursor file'
08:49:52 PM: Debug: Adding duplicate image handler for 'Windows animated cursor file'
08:49:52 PM: Debug: Adding duplicate image handler for 'TGA file'
08:49:52 PM: Debug: Adding duplicate image handler for 'XPM file'
{'pads': 1020, 'tracks': 7789, 'vias': 785, 'zones': 5, 'keepouts': 81, 'outline': 1}
08:50:01 PM: Debug: Adding duplicate image handler for 'PNG file'
08:50:01 PM: Debug: Adding duplicate image handler for 'JPEG file'
08:50:01 PM: Debug: Adding duplicate image handler for 'TIFF file'
08:50:01 PM: Debug: Adding duplicate image handler for 'GIF file'
08:50:01 PM: Debug: Adding duplicate image handler for 'PNM file'
08:50:01 PM: Debug: Adding duplicate image handler for 'PCX file'
08:50:01 PM: Debug: Adding duplicate image handler for 'IFF file'
08:50:01 PM: Debug: Adding duplicate image handler for 'Windows icon file'
08:50:01 PM: Debug: Adding duplicate image handler for 'Windows cursor file'
08:50:01 PM: Debug: Adding duplicate image handler for 'Windows animated cursor file'
08:50:01 PM: Debug: Adding duplicate image handler for 'TGA file'
08:50:01 PM: Debug: Adding duplicate image handler for 'XPM file'
kicad_ops done /Users/deepakdiwan/Downloads/VitalQ_Route_v9/candidates/R2-27/vitalq_v2.kicad_pcb
swig/python detected a memory leak of type 'PCB_TRACK *', no destructor found.
swig/python detected a memory leak of type 'PCB_TRACK *', no destructor found.
swig/python detected a memory leak of type 'PCB_TRACK *', no destructor found.
swig/python detected a memory leak of type 'PCB_TRACK *', no destructor found.
swig/python detected a memory leak of type 'PCB_TRACK *', no destructor found.
swig/python detected a memory leak of type 'PCB_TRACK *', no destructor found.
swig/python detected a memory leak of type 'PCB_TRACK *', no destructor found.
swig/python detected a memory leak of type 'PCB_TRACK *', no destructor found.
swig/python detected a memory leak of type 'PCB_TRACK *', no destructor found.
swig/python detected a memory leak of type 'PCB_VIA *', no destructor found.
swig/python detected a memory leak of type 'PCB_TRACK *', no destructor found.
swig/python detected a memory leak of type 'PCB_TRACK *', no destructor found.
swig/python detected a memory leak of type 'PCB_TRACK *', no destructor found.
swig/python detected a memory leak of type 'PCB_TRACK *', no destructor found.
swig/python detected a memory leak of type 'PCB_TRACK *', no destructor found.
swig/python detected a memory leak of type 'PCB_TRACK *', no destructor found.
swig/python detected a memory leak of type 'PCB_TRACK *', no destructor found.
swig/python detected a memory leak of type 'PCB_TRACK *', no destructor found.
swig/python detected a memory leak of type 'PCB_TRACK *', no destructor found.
swig/python detected a memory leak of type 'PCB_TRACK *', no destructor found.
swig/python detected a memory leak of type 'PCB_TRACK *', no destructor found.
swig/python detected a memory leak of type 'PCB_TRACK *', no destructor found.
swig/python detected a memory leak of type 'PCB_TRACK *', no destructor found.
swig/python detected a memory leak of type 'PCB_TRACK *', no destructor found.
swig/python detected a memory leak of type 'PCB_TRACK *', no destructor found.
swig/python detected a memory leak of type 'PCB_TRACK *', no destructor found.
swig/python detected a memory leak of type 'PCB_VIA *', no destructor found.
swig/python detected a memory leak of type 'PCB_TRACK *', no destructor found.
swig/python detected a memory leak of type 'PCB_TRACK *', no destructor found.
swig/python detected a memory leak of type 'PCB_TRACK *', no destructor found.
swig/python detected a memory leak of type 'PCB_TRACK *', no destructor found.
swig/python detected a memory leak of type 'PCB_TRACK *', no destructor found.
swig/python detected a memory leak of type 'PCB_TRACK *', no destructor found.
swig/python detected a memory leak of type 'PCB_TRACK *', no destructor found.
swig/python detected a memory leak of type 'PCB_TRACK *', no destructor found.
swig/python detected a memory leak of type 'PCB_TRACK *', no destructor found.
swig/python detected a memory leak of type 'PCB_TRACK *', no destructor found.
Fontconfig error: Cannot load default config file: No such file: (null)
Found 367 violations
Found 32 unconnected items
Found 29 schematic parity issues
Saved DRC Report to /Users/deepakdiwan/Downloads/VitalQ_Route_v9/candidates/R2-27/drc.json
Saved board
{"unconnected": 32, "real": 279, "total": 367, "parity": 29, "types": {"items_not_allowed": 201, "shorting_items": 3, "hole_clearance": 16, "clearance": 10, "npth_inside_courtyard": 1, "courtyards_overlap": 1, "solder_mask_bridge": 5, "track_dangling": 33, "via_dangling": 9, "silk_edge_clearance": 14, "lib_footprint_issues": 53, "lib_footprint_mismatch": 3, "text_height": 15, "text_thickness": 1, "silk_overlap": 2}}
dangling repair round 2: 40 new items
08:50:16 PM: Debug: Adding duplicate image handler for 'PNG file'
08:50:16 PM: Debug: Adding duplicate image handler for 'JPEG file'
08:50:16 PM: Debug: Adding duplicate image handler for 'TIFF file'
08:50:16 PM: Debug: Adding duplicate image handler for 'GIF file'
08:50:16 PM: Debug: Adding duplicate image handler for 'PNM file'
08:50:16 PM: Debug: Adding duplicate image handler for 'PCX file'
08:50:16 PM: Debug: Adding duplicate image handler for 'IFF file'
08:50:16 PM: Debug: Adding duplicate image handler for 'Windows icon file'
08:50:16 PM: Debug: Adding duplicate image handler for 'Windows cursor file'
08:50:16 PM: Debug: Adding duplicate image handler for 'Windows animated cursor file'
08:50:16 PM: Debug: Adding duplicate image handler for 'TGA file'
08:50:16 PM: Debug: Adding duplicate image handler for 'XPM file'
{'pads': 1020, 'tracks': 7753, 'vias': 783, 'zones': 5, 'keepouts': 81, 'outline': 1}
08:50:25 PM: Debug: Adding duplicate image handler for 'PNG file'
08:50:25 PM: Debug: Adding duplicate image handler for 'JPEG file'
08:50:25 PM: Debug: Adding duplicate image handler for 'TIFF file'
08:50:25 PM: Debug: Adding duplicate image handler for 'GIF file'
08:50:25 PM: Debug: Adding duplicate image handler for 'PNM file'
08:50:25 PM: Debug: Adding duplicate image handler for 'PCX file'
08:50:25 PM: Debug: Adding duplicate image handler for 'IFF file'
08:50:25 PM: Debug: Adding duplicate image handler for 'Windows icon file'
08:50:25 PM: Debug: Adding duplicate image handler for 'Windows cursor file'
08:50:25 PM: Debug: Adding duplicate image handler for 'Windows animated cursor file'
08:50:25 PM: Debug: Adding duplicate image handler for 'TGA file'
08:50:25 PM: Debug: Adding duplicate image handler for 'XPM file'
kicad_ops done /Users/deepakdiwan/Downloads/VitalQ_Route_v9/candidates/R2-27/vitalq_v2.kicad_pcb
swig/python detected a memory leak of type 'PCB_TRACK *', no destructor found.
swig/python detected a memory leak of type 'PCB_TRACK *', no destructor found.
swig/python detected a memory leak of type 'PCB_VIA *', no destructor found.
swig/python detected a memory leak of type 'PCB_VIA *', no destructor found.
swig/python detected a memory leak of type 'PCB_VIA *', no destructor found.
swig/python detected a memory leak of type 'PCB_TRACK *', no destructor found.
swig/python detected a memory leak of type 'PCB_TRACK *', no destructor found.
swig/python detected a memory leak of type 'PCB_TRACK *', no destructor found.
swig/python detected a memory leak of type 'PCB_TRACK *', no destructor found.
swig/python detected a memory leak of type 'PCB_TRACK *', no destructor found.
swig/python detected a memory leak of type 'PCB_TRACK *', no destructor found.
swig/python detected a memory leak of type 'PCB_TRACK *', no destructor found.
swig/python detected a memory leak of type 'PCB_TRACK *', no destructor found.
swig/python detected a memory leak of type 'PCB_TRACK *', no destructor found.
swig/python detected a memory leak of type 'PCB_TRACK *', no destructor found.
swig/python detected a memory leak of type 'PCB_TRACK *', no destructor found.
swig/python detected a memory leak of type 'PCB_TRACK *', no destructor found.
swig/python detected a memory leak of type 'PCB_TRACK *', no destructor found.
swig/python detected a memory leak of type 'PCB_TRACK *', no destructor found.
swig/python detected a memory leak of type 'PCB_VIA *', no destructor found.
swig/python detected a memory leak of type 'PCB_TRACK *', no destructor found.
swig/python detected a memory leak of type 'PCB_TRACK *', no destructor found.
Fontconfig error: Cannot load default config file: No such file: (null)
Found 362 violations
Found 32 unconnected items
Found 29 schematic parity issues
Saved DRC Report to /Users/deepakdiwan/Downloads/VitalQ_Route_v9/candidates/R2-27/drc.json
Saved board
{"unconnected": 32, "real": 274, "total": 362, "parity": 29, "types": {"items_not_allowed": 199, "hole_clearance": 16, "shorting_items": 3, "clearance": 10, "npth_inside_courtyard": 1, "courtyards_overlap": 1, "solder_mask_bridge": 5, "track_dangling": 30, "via_dangling": 9, "silk_edge_clearance": 14, "lib_footprint_issues": 53, "lib_footprint_mismatch": 3, "text_height": 15, "text_thickness": 1, "silk_overlap": 2}}
dangling repair round 3: 37 new items
08:50:41 PM: Debug: Adding duplicate image handler for 'PNG file'
08:50:41 PM: Debug: Adding duplicate image handler for 'JPEG file'
08:50:41 PM: Debug: Adding duplicate image handler for 'TIFF file'
08:50:41 PM: Debug: Adding duplicate image handler for 'GIF file'
08:50:41 PM: Debug: Adding duplicate image handler for 'PNM file'
08:50:41 PM: Debug: Adding duplicate image handler for 'PCX file'
08:50:41 PM: Debug: Adding duplicate image handler for 'IFF file'
08:50:41 PM: Debug: Adding duplicate image handler for 'Windows icon file'
08:50:41 PM: Debug: Adding duplicate image handler for 'Windows cursor file'
08:50:41 PM: Debug: Adding duplicate image handler for 'Windows animated cursor file'
08:50:41 PM: Debug: Adding duplicate image handler for 'TGA file'
08:50:41 PM: Debug: Adding duplicate image handler for 'XPM file'
{'pads': 1020, 'tracks': 7734, 'vias': 779, 'zones': 5, 'keepouts': 81, 'outline': 1}
08:50:52 PM: Debug: Adding duplicate image handler for 'PNG file'
08:50:52 PM: Debug: Adding duplicate image handler for 'JPEG file'
08:50:52 PM: Debug: Adding duplicate image handler for 'TIFF file'
08:50:52 PM: Debug: Adding duplicate image handler for 'GIF file'
08:50:52 PM: Debug: Adding duplicate image handler for 'PNM file'
08:50:52 PM: Debug: Adding duplicate image handler for 'PCX file'
08:50:52 PM: Debug: Adding duplicate image handler for 'IFF file'
08:50:52 PM: Debug: Adding duplicate image handler for 'Windows icon file'
08:50:52 PM: Debug: Adding duplicate image handler for 'Windows cursor file'
08:50:52 PM: Debug: Adding duplicate image handler for 'Windows animated cursor file'
08:50:52 PM: Debug: Adding duplicate image handler for 'TGA file'
08:50:52 PM: Debug: Adding duplicate image handler for 'XPM file'
kicad_ops done /Users/deepakdiwan/Downloads/VitalQ_Route_v9/candidates/R2-27/vitalq_v2.kicad_pcb
swig/python detected a memory leak of type 'PCB_VIA *', no destructor found.
swig/python detected a memory leak of type 'PCB_TRACK *', no destructor found.
swig/python detected a memory leak of type 'PCB_TRACK *', no destructor found.
swig/python detected a memory leak of type 'PCB_TRACK *', no destructor found.
swig/python detected a memory leak of type 'PCB_TRACK *', no destructor found.
swig/python detected a memory leak of type 'PCB_TRACK *', no destructor found.
swig/python detected a memory leak of type 'PCB_TRACK *', no destructor found.
swig/python detected a memory leak of type 'PCB_VIA *', no destructor found.
swig/python detected a memory leak of type 'PCB_TRACK *', no destructor found.
swig/python detected a memory leak of type 'PCB_VIA *', no destructor found.
swig/python detected a memory leak of type 'PCB_TRACK *', no destructor found.
swig/python detected a memory leak of type 'PCB_TRACK *', no destructor found.
swig/python detected a memory leak of type 'PCB_TRACK *', no destructor found.
swig/python detected a memory leak of type 'PCB_TRACK *', no destructor found.
swig/python detected a memory leak of type 'PCB_TRACK *', no destructor found.
swig/python detected a memory leak of type 'PCB_TRACK *', no destructor found.
swig/python detected a memory leak of type 'PCB_TRACK *', no destructor found.
swig/python detected a memory leak of type 'PCB_TRACK *', no destructor found.
swig/python detected a memory leak of type 'PCB_TRACK *', no destructor found.
swig/python detected a memory leak of type 'PCB_TRACK *', no destructor found.
swig/python detected a memory leak of type 'PCB_TRACK *', no destructor found.
swig/python detected a memory leak of type 'PCB_TRACK *', no destructor found.
swig/python detected a memory leak of type 'PCB_TRACK *', no destructor found.
swig/python detected a memory leak of type 'PCB_TRACK *', no destructor found.
swig/python detected a memory leak of type 'PCB_TRACK *', no destructor found.
swig/python detected a memory leak of type 'PCB_TRACK *', no destructor found.
swig/python detected a memory leak of type 'PCB_TRACK *', no destructor found.
swig/python detected a memory leak of type 'PCB_TRACK *', no destructor found.
swig/python detected a memory leak of type 'PCB_VIA *', no destructor found.
swig/python detected a memory leak of type 'PCB_TRACK *', no destructor found.
swig/python detected a memory leak of type 'PCB_TRACK *', no destructor found.
swig/python detected a memory leak of type 'PCB_TRACK *', no destructor found.
swig/python detected a memory leak of type 'PCB_TRACK *', no destructor found.
swig/python detected a memory leak of type 'PCB_TRACK *', no destructor found.
swig/python detected a memory leak of type 'PCB_TRACK *', no destructor found.
swig/python detected a memory leak of type 'PCB_TRACK *', no destructor found.
swig/python detected a memory leak of type 'PCB_TRACK *', no destructor found.
swig/python detected a memory leak of type 'PCB_TRACK *', no destructor found.
swig/python detected a memory leak of type 'PCB_TRACK *', no destructor found.
Fontconfig error: Cannot load default config file: No such file: (null)
Found 358 violations
Found 32 unconnected items
Found 29 schematic parity issues
Saved DRC Report to /Users/deepakdiwan/Downloads/VitalQ_Route_v9/candidates/R2-27/drc.json
Saved board
{"unconnected": 32, "real": 270, "total": 358, "parity": 29, "types": {"items_not_allowed": 201, "hole_clearance": 16, "shorting_items": 3, "clearance": 10, "npth_inside_courtyard": 1, "courtyards_overlap": 1, "solder_mask_bridge": 5, "track_dangling": 25, "via_dangling": 8, "silk_edge_clearance": 14, "lib_footprint_issues": 53, "lib_footprint_mismatch": 3, "text_height": 15, "text_thickness": 1, "silk_overlap": 2}}
dangling repair round 4: 31 new items
08:51:10 PM: Debug: Adding duplicate image handler for 'PNG file'
08:51:10 PM: Debug: Adding duplicate image handler for 'JPEG file'
08:51:10 PM: Debug: Adding duplicate image handler for 'TIFF file'
08:51:10 PM: Debug: Adding duplicate image handler for 'GIF file'
08:51:10 PM: Debug: Adding duplicate image handler for 'PNM file'
08:51:10 PM: Debug: Adding duplicate image handler for 'PCX file'
08:51:10 PM: Debug: Adding duplicate image handler for 'IFF file'
08:51:10 PM: Debug: Adding duplicate image handler for 'Windows icon file'
08:51:10 PM: Debug: Adding duplicate image handler for 'Windows cursor file'
08:51:10 PM: Debug: Adding duplicate image handler for 'Windows animated cursor file'
08:51:10 PM: Debug: Adding duplicate image handler for 'TGA file'
08:51:10 PM: Debug: Adding duplicate image handler for 'XPM file'
{'pads': 1020, 'tracks': 7699, 'vias': 774, 'zones': 5, 'keepouts': 81, 'outline': 1}
08:51:21 PM: Debug: Adding duplicate image handler for 'PNG file'
08:51:21 PM: Debug: Adding duplicate image handler for 'JPEG file'
08:51:21 PM: Debug: Adding duplicate image handler for 'TIFF file'
08:51:21 PM: Debug: Adding duplicate image handler for 'GIF file'
08:51:21 PM: Debug: Adding duplicate image handler for 'PNM file'
08:51:21 PM: Debug: Adding duplicate image handler for 'PCX file'
08:51:21 PM: Debug: Adding duplicate image handler for 'IFF file'
08:51:21 PM: Debug: Adding duplicate image handler for 'Windows icon file'
08:51:21 PM: Debug: Adding duplicate image handler for 'Windows cursor file'
08:51:21 PM: Debug: Adding duplicate image handler for 'Windows animated cursor file'
08:51:21 PM: Debug: Adding duplicate image handler for 'TGA file'
08:51:21 PM: Debug: Adding duplicate image handler for 'XPM file'
kicad_ops done /Users/deepakdiwan/Downloads/VitalQ_Route_v9/candidates/R2-27/vitalq_v2.kicad_pcb
swig/python detected a memory leak of type 'PCB_TRACK *', no destructor found.
swig/python detected a memory leak of type 'PCB_TRACK *', no destructor found.
swig/python detected a memory leak of type 'PCB_VIA *', no destructor found.
swig/python detected a memory leak of type 'PCB_VIA *', no destructor found.
swig/python detected a memory leak of type 'PCB_TRACK *', no destructor found.
swig/python detected a memory leak of type 'PCB_TRACK *', no destructor found.
swig/python detected a memory leak of type 'PCB_TRACK *', no destructor found.
swig/python detected a memory leak of type 'PCB_TRACK *', no destructor found.
swig/python detected a memory leak of type 'PCB_TRACK *', no destructor found.
swig/python detected a memory leak of type 'PCB_TRACK *', no destructor found.
swig/python detected a memory leak of type 'PCB_TRACK *', no destructor found.
swig/python detected a memory leak of type 'PCB_TRACK *', no destructor found.
swig/python detected a memory leak of type 'PCB_TRACK *', no destructor found.
swig/python detected a memory leak of type 'PCB_TRACK *', no destructor found.
swig/python detected a memory leak of type 'PCB_TRACK *', no destructor found.
swig/python detected a memory leak of type 'PCB_TRACK *', no destructor found.
swig/python detected a memory leak of type 'PCB_TRACK *', no destructor found.
swig/python detected a memory leak of type 'PCB_TRACK *', no destructor found.
swig/python detected a memory leak of type 'PCB_TRACK *', no destructor found.
swig/python detected a memory leak of type 'PCB_TRACK *', no destructor found.
swig/python detected a memory leak of type 'PCB_TRACK *', no destructor found.
swig/python detected a memory leak of type 'PCB_TRACK *', no destructor found.
swig/python detected a memory leak of type 'PCB_TRACK *', no destructor found.
swig/python detected a memory leak of type 'PCB_TRACK *', no destructor found.
swig/python detected a memory leak of type 'PCB_TRACK *', no destructor found.
swig/python detected a memory leak of type 'PCB_TRACK *', no destructor found.
swig/python detected a memory leak of type 'PCB_TRACK *', no destructor found.
swig/python detected a memory leak of type 'PCB_VIA *', no destructor found.
swig/python detected a memory leak of type 'PCB_TRACK *', no destructor found.
swig/python detected a memory leak of type 'PCB_TRACK *', no destructor found.
swig/python detected a memory leak of type 'PCB_TRACK *', no destructor found.
swig/python detected a memory leak of type 'PCB_TRACK *', no destructor found.
swig/python detected a memory leak of type 'PCB_TRACK *', no destructor found.
swig/python detected a memory leak of type 'PCB_TRACK *', no destructor found.
swig/python detected a memory leak of type 'PCB_TRACK *', no destructor found.
swig/python detected a memory leak of type 'PCB_TRACK *', no destructor found.
swig/python detected a memory leak of type 'PCB_VIA *', no destructor found.
swig/python detected a memory leak of type 'PCB_TRACK *', no destructor found.
swig/python detected a memory leak of type 'PCB_TRACK *', no destructor found.
swig/python detected a memory leak of type 'PCB_TRACK *', no destructor found.
Fontconfig error: Cannot load default config file: No such file: (null)
Found 355 violations
Found 32 unconnected items
Found 29 schematic parity issues
Saved DRC Report to /Users/deepakdiwan/Downloads/VitalQ_Route_v9/candidates/R2-27/drc.json
Saved board
{"unconnected": 32, "real": 267, "total": 355, "parity": 29, "types": {"items_not_allowed": 201, "shorting_items": 3, "hole_clearance": 16, "clearance": 10, "npth_inside_courtyard": 1, "courtyards_overlap": 1, "solder_mask_bridge": 5, "track_dangling": 25, "via_dangling": 5, "silk_edge_clearance": 14, "lib_footprint_issues": 53, "lib_footprint_mismatch": 3, "text_height": 15, "text_thickness": 1, "silk_overlap": 2}}
dangling repair round 5: 28 new items
08:51:38 PM: Debug: Adding duplicate image handler for 'PNG file'
08:51:38 PM: Debug: Adding duplicate image handler for 'JPEG file'
08:51:38 PM: Debug: Adding duplicate image handler for 'TIFF file'
08:51:38 PM: Debug: Adding duplicate image handler for 'GIF file'
08:51:38 PM: Debug: Adding duplicate image handler for 'PNM file'
08:51:38 PM: Debug: Adding duplicate image handler for 'PCX file'
08:51:38 PM: Debug: Adding duplicate image handler for 'IFF file'
08:51:38 PM: Debug: Adding duplicate image handler for 'Windows icon file'
08:51:38 PM: Debug: Adding duplicate image handler for 'Windows cursor file'
08:51:38 PM: Debug: Adding duplicate image handler for 'Windows animated cursor file'
08:51:38 PM: Debug: Adding duplicate image handler for 'TGA file'
08:51:38 PM: Debug: Adding duplicate image handler for 'XPM file'
{'pads': 1020, 'tracks': 7662, 'vias': 770, 'zones': 5, 'keepouts': 81, 'outline': 1}
08:51:48 PM: Debug: Adding duplicate image handler for 'PNG file'
08:51:48 PM: Debug: Adding duplicate image handler for 'JPEG file'
08:51:48 PM: Debug: Adding duplicate image handler for 'TIFF file'
08:51:48 PM: Debug: Adding duplicate image handler for 'GIF file'
08:51:48 PM: Debug: Adding duplicate image handler for 'PNM file'
08:51:48 PM: Debug: Adding duplicate image handler for 'PCX file'
08:51:48 PM: Debug: Adding duplicate image handler for 'IFF file'
08:51:48 PM: Debug: Adding duplicate image handler for 'Windows icon file'
08:51:48 PM: Debug: Adding duplicate image handler for 'Windows cursor file'
08:51:48 PM: Debug: Adding duplicate image handler for 'Windows animated cursor file'
08:51:48 PM: Debug: Adding duplicate image handler for 'TGA file'
08:51:48 PM: Debug: Adding duplicate image handler for 'XPM file'
kicad_ops done /Users/deepakdiwan/Downloads/VitalQ_Route_v9/candidates/R2-27/vitalq_v2.kicad_pcb
swig/python detected a memory leak of type 'PCB_TRACK *', no destructor found.
swig/python detected a memory leak of type 'PCB_TRACK *', no destructor found.
swig/python detected a memory leak of type 'PCB_TRACK *', no destructor found.
swig/python detected a memory leak of type 'PCB_TRACK *', no destructor found.
swig/python detected a memory leak of type 'PCB_TRACK *', no destructor found.
swig/python detected a memory leak of type 'PCB_VIA *', no destructor found.
swig/python detected a memory leak of type 'PCB_TRACK *', no destructor found.
swig/python detected a memory leak of type 'PCB_TRACK *', no destructor found.
swig/python detected a memory leak of type 'PCB_TRACK *', no destructor found.
swig/python detected a memory leak of type 'PCB_TRACK *', no destructor found.
swig/python detected a memory leak of type 'PCB_TRACK *', no destructor found.
swig/python detected a memory leak of type 'PCB_TRACK *', no destructor found.
swig/python detected a memory leak of type 'PCB_TRACK *', no destructor found.
swig/python detected a memory leak of type 'PCB_TRACK *', no destructor found.
swig/python detected a memory leak of type 'PCB_TRACK *', no destructor found.
swig/python detected a memory leak of type 'PCB_TRACK *', no destructor found.
swig/python detected a memory leak of type 'PCB_TRACK *', no destructor found.
swig/python detected a memory leak of type 'PCB_TRACK *', no destructor found.
swig/python detected a memory leak of type 'PCB_TRACK *', no destructor found.
swig/python detected a memory leak of type 'PCB_TRACK *', no destructor found.
swig/python detected a memory leak of type 'PCB_TRACK *', no destructor found.
swig/python detected a memory leak of type 'PCB_TRACK *', no destructor found.
swig/python detected a memory leak of type 'PCB_TRACK *', no destructor found.
swig/python detected a memory leak of type 'PCB_TRACK *', no destructor found.
swig/python detected a memory leak of type 'PCB_TRACK *', no destructor found.
swig/python detected a memory leak of type 'PCB_VIA *', no destructor found.
swig/python detected a memory leak of type 'PCB_TRACK *', no destructor found.
swig/python detected a memory leak of type 'PCB_TRACK *', no destructor found.
swig/python detected a memory leak of type 'PCB_TRACK *', no destructor found.
swig/python detected a memory leak of type 'PCB_TRACK *', no destructor found.
swig/python detected a memory leak of type 'PCB_TRACK *', no destructor found.
swig/python detected a memory leak of type 'PCB_TRACK *', no destructor found.
swig/python detected a memory leak of type 'PCB_TRACK *', no destructor found.
swig/python detected a memory leak of type 'PCB_TRACK *', no destructor found.
swig/python detected a memory leak of type 'PCB_TRACK *', no destructor found.
swig/python detected a memory leak of type 'PCB_TRACK *', no destructor found.
swig/python detected a memory leak of type 'PCB_TRACK *', no destructor found.
swig/python detected a memory leak of type 'PCB_TRACK *', no destructor found.
swig/python detected a memory leak of type 'PCB_TRACK *', no destructor found.
Fontconfig error: Cannot load default config file: No such file: (null)
Found 346 violations
Found 32 unconnected items
Found 29 schematic parity issues
Saved DRC Report to /Users/deepakdiwan/Downloads/VitalQ_Route_v9/candidates/R2-27/drc.json
Saved board
{"unconnected": 32, "real": 258, "total": 346, "parity": 29, "types": {"items_not_allowed": 200, "shorting_items": 3, "hole_clearance": 16, "clearance": 10, "npth_inside_courtyard": 1, "courtyards_overlap": 1, "solder_mask_bridge": 5, "track_dangling": 18, "via_dangling": 4, "silk_edge_clearance": 14, "lib_footprint_issues": 53, "lib_footprint_mismatch": 3, "text_height": 15, "text_thickness": 1, "silk_overlap": 2}}
dangling repair round 6: 20 new items
08:52:04 PM: Debug: Adding duplicate image handler for 'PNG file'
08:52:04 PM: Debug: Adding duplicate image handler for 'JPEG file'
08:52:04 PM: Debug: Adding duplicate image handler for 'TIFF file'
08:52:04 PM: Debug: Adding duplicate image handler for 'GIF file'
08:52:04 PM: Debug: Adding duplicate image handler for 'PNM file'
08:52:04 PM: Debug: Adding duplicate image handler for 'PCX file'
08:52:04 PM: Debug: Adding duplicate image handler for 'IFF file'
08:52:04 PM: Debug: Adding duplicate image handler for 'Windows icon file'
08:52:04 PM: Debug: Adding duplicate image handler for 'Windows cursor file'
08:52:04 PM: Debug: Adding duplicate image handler for 'Windows animated cursor file'
08:52:04 PM: Debug: Adding duplicate image handler for 'TGA file'
08:52:04 PM: Debug: Adding duplicate image handler for 'XPM file'
{'pads': 1020, 'tracks': 7624, 'vias': 768, 'zones': 5, 'keepouts': 81, 'outline': 1}
08:52:15 PM: Debug: Adding duplicate image handler for 'PNG file'
08:52:15 PM: Debug: Adding duplicate image handler for 'JPEG file'
08:52:15 PM: Debug: Adding duplicate image handler for 'TIFF file'
08:52:15 PM: Debug: Adding duplicate image handler for 'GIF file'
08:52:15 PM: Debug: Adding duplicate image handler for 'PNM file'
08:52:15 PM: Debug: Adding duplicate image handler for 'PCX file'
08:52:15 PM: Debug: Adding duplicate image handler for 'IFF file'
08:52:15 PM: Debug: Adding duplicate image handler for 'Windows icon file'
08:52:15 PM: Debug: Adding duplicate image handler for 'Windows cursor file'
08:52:15 PM: Debug: Adding duplicate image handler for 'Windows animated cursor file'
08:52:15 PM: Debug: Adding duplicate image handler for 'TGA file'
08:52:15 PM: Debug: Adding duplicate image handler for 'XPM file'
kicad_ops done /Users/deepakdiwan/Downloads/VitalQ_Route_v9/candidates/R2-27/vitalq_v2.kicad_pcb
swig/python detected a memory leak of type 'PCB_TRACK *', no destructor found.
swig/python detected a memory leak of type 'PCB_TRACK *', no destructor found.
swig/python detected a memory leak of type 'PCB_TRACK *', no destructor found.
swig/python detected a memory leak of type 'PCB_TRACK *', no destructor found.
swig/python detected a memory leak of type 'PCB_VIA *', no destructor found.
swig/python detected a memory leak of type 'PCB_TRACK *', no destructor found.
swig/python detected a memory leak of type 'PCB_TRACK *', no destructor found.
swig/python detected a memory leak of type 'PCB_TRACK *', no destructor found.
swig/python detected a memory leak of type 'PCB_TRACK *', no destructor found.
swig/python detected a memory leak of type 'PCB_TRACK *', no destructor found.
swig/python detected a memory leak of type 'PCB_TRACK *', no destructor found.
swig/python detected a memory leak of type 'PCB_TRACK *', no destructor found.
swig/python detected a memory leak of type 'PCB_TRACK *', no destructor found.
swig/python detected a memory leak of type 'PCB_TRACK *', no destructor found.
swig/python detected a memory leak of type 'PCB_TRACK *', no destructor found.
swig/python detected a memory leak of type 'PCB_TRACK *', no destructor found.
swig/python detected a memory leak of type 'PCB_TRACK *', no destructor found.
swig/python detected a memory leak of type 'PCB_TRACK *', no destructor found.
swig/python detected a memory leak of type 'PCB_TRACK *', no destructor found.
swig/python detected a memory leak of type 'PCB_TRACK *', no destructor found.
swig/python detected a memory leak of type 'PCB_TRACK *', no destructor found.
swig/python detected a memory leak of type 'PCB_TRACK *', no destructor found.
swig/python detected a memory leak of type 'PCB_TRACK *', no destructor found.
swig/python detected a memory leak of type 'PCB_TRACK *', no destructor found.
swig/python detected a memory leak of type 'PCB_TRACK *', no destructor found.
swig/python detected a memory leak of type 'PCB_TRACK *', no destructor found.
swig/python detected a memory leak of type 'PCB_TRACK *', no destructor found.
swig/python detected a memory leak of type 'PCB_TRACK *', no destructor found.
swig/python detected a memory leak of type 'PCB_TRACK *', no destructor found.
swig/python detected a memory leak of type 'PCB_TRACK *', no destructor found.
swig/python detected a memory leak of type 'PCB_TRACK *', no destructor found.
swig/python detected a memory leak of type 'PCB_TRACK *', no destructor found.
swig/python detected a memory leak of type 'PCB_TRACK *', no destructor found.
swig/python detected a memory leak of type 'PCB_TRACK *', no destructor found.
swig/python detected a memory leak of type 'PCB_TRACK *', no destructor found.
swig/python detected a memory leak of type 'PCB_TRACK *', no destructor found.
swig/python detected a memory leak of type 'PCB_TRACK *', no destructor found.
swig/python detected a memory leak of type 'PCB_TRACK *', no destructor found.
swig/python detected a memory leak of type 'PCB_TRACK *', no destructor found.
swig/python detected a memory leak of type 'PCB_TRACK *', no destructor found.
Fontconfig error: Cannot load default config file: No such file: (null)
Found 346 violations
Found 32 unconnected items
Found 29 schematic parity issues
Saved DRC Report to /Users/deepakdiwan/Downloads/VitalQ_Route_v9/candidates/R2-27/drc.json
Saved board
{"unconnected": 32, "real": 258, "total": 346, "parity": 29, "types": {"items_not_allowed": 204, "hole_clearance": 16, "shorting_items": 3, "clearance": 10, "npth_inside_courtyard": 1, "courtyards_overlap": 1, "solder_mask_bridge": 5, "track_dangling": 14, "via_dangling": 4, "silk_edge_clearance": 14, "lib_footprint_issues": 53, "lib_footprint_mismatch": 3, "text_height": 15, "text_thickness": 1, "silk_overlap": 2}}
08:52:35 PM: Debug: Adding duplicate image handler for 'PNG file'
08:52:35 PM: Debug: Adding duplicate image handler for 'JPEG file'
08:52:35 PM: Debug: Adding duplicate image handler for 'TIFF file'
08:52:35 PM: Debug: Adding duplicate image handler for 'GIF file'
08:52:35 PM: Debug: Adding duplicate image handler for 'PNM file'
08:52:35 PM: Debug: Adding duplicate image handler for 'PCX file'
08:52:35 PM: Debug: Adding duplicate image handler for 'IFF file'
08:52:35 PM: Debug: Adding duplicate image handler for 'Windows icon file'
08:52:35 PM: Debug: Adding duplicate image handler for 'Windows cursor file'
08:52:35 PM: Debug: Adding duplicate image handler for 'Windows animated cursor file'
08:52:35 PM: Debug: Adding duplicate image handler for 'TGA file'
08:52:35 PM: Debug: Adding duplicate image handler for 'XPM file'
{'pads': 1020, 'tracks': 7584, 'vias': 767, 'zones': 5, 'keepouts': 81, 'outline': 1}
{
  "invariants": {
    "footprints_identical": true,
    "moved_footprints_same_side_same_lock": true,
    "pad_geometry_and_nets_identical": true,
    "rule_areas_identical_except_J8_notches": true,
    "outline_identical": true,
    "zone_definitions_identical": true,
    "six_layers": true,
    "through_vias_only": true
  },
  "preserved_pad_groups_checked": 187,
  "pad_connectivity_regressions": 20,
  "keepout_layer_intersections": 304,
  "new_keepout_hits": 0,
  "via_hole_copper_gaps": 9,
  "new_via_hole_copper_gaps": 0,
  "hole_pairs": 0,
  "new_hole_pairs": 0,
  "via_in_pad": 37,
  "pass": false
}
R2-27: REJECTED (streak 7); new native faults 30; audit FAIL
unconnected 20 -> 20 (candidate 32); real 233 -> 233 (candidate 258)
next: R2-28 U11 rotate (mirrored island); C59
