/Users/deepakdiwan/Downloads/VitalQ_Route_v9/backups/20261009_205518_R2-29_U6_move_conflict_rip
08:55:19 PM: Debug: Adding duplicate image handler for 'PNG file'
08:55:19 PM: Debug: Adding duplicate image handler for 'JPEG file'
08:55:19 PM: Debug: Adding duplicate image handler for 'TIFF file'
08:55:19 PM: Debug: Adding duplicate image handler for 'GIF file'
08:55:19 PM: Debug: Adding duplicate image handler for 'PNM file'
08:55:19 PM: Debug: Adding duplicate image handler for 'PCX file'
08:55:19 PM: Debug: Adding duplicate image handler for 'IFF file'
08:55:19 PM: Debug: Adding duplicate image handler for 'Windows icon file'
08:55:19 PM: Debug: Adding duplicate image handler for 'Windows cursor file'
08:55:19 PM: Debug: Adding duplicate image handler for 'Windows animated cursor file'
08:55:19 PM: Debug: Adding duplicate image handler for 'TGA file'
08:55:19 PM: Debug: Adding duplicate image handler for 'XPM file'
kicad_ops done /Users/deepakdiwan/Downloads/VitalQ_Route_v9/candidates/R2-29/stage1/vitalq_v2.kicad_pcb
swig/python detected a memory leak of type 'PCB_TRACK *', no destructor found.
swig/python detected a memory leak of type 'PCB_VIA *', no destructor found.
swig/python detected a memory leak of type 'PCB_VIA *', no destructor found.
swig/python detected a memory leak of type 'PCB_TRACK *', no destructor found.
swig/python detected a memory leak of type 'PCB_VIA *', no destructor found.
swig/python detected a memory leak of type 'PCB_TRACK *', no destructor found.
swig/python detected a memory leak of type 'PCB_TRACK *', no destructor found.
swig/python detected a memory leak of type 'PCB_TRACK *', no destructor found.
swig/python detected a memory leak of type 'PCB_TRACK *', no destructor found.
swig/python detected a memory leak of type 'PCB_TRACK *', no destructor found.
swig/python detected a memory leak of type 'PCB_TRACK *', no destructor found.
swig/python detected a memory leak of type 'PCB_VIA *', no destructor found.
swig/python detected a memory leak of type 'PCB_TRACK *', no destructor found.
swig/python detected a memory leak of type 'PCB_TRACK *', no destructor found.
swig/python detected a memory leak of type 'PCB_TRACK *', no destructor found.
swig/python detected a memory leak of type 'PCB_TRACK *', no destructor found.
swig/python detected a memory leak of type 'PCB_TRACK *', no destructor found.
swig/python detected a memory leak of type 'PCB_TRACK *', no destructor found.
swig/python detected a memory leak of type 'PCB_TRACK *', no destructor found.
swig/python detected a memory leak of type 'PCB_TRACK *', no destructor found.
swig/python detected a memory leak of type 'PCB_TRACK *', no destructor found.
swig/python detected a memory leak of type 'PCB_TRACK *', no destructor found.
swig/python detected a memory leak of type 'PCB_TRACK *', no destructor found.
swig/python detected a memory leak of type 'PCB_TRACK *', no destructor found.
swig/python detected a memory leak of type 'PCB_TRACK *', no destructor found.
swig/python detected a memory leak of type 'PCB_TRACK *', no destructor found.
swig/python detected a memory leak of type 'PCB_TRACK *', no destructor found.
swig/python detected a memory leak of type 'PCB_VIA *', no destructor found.
swig/python detected a memory leak of type 'PCB_VIA *', no destructor found.
swig/python detected a memory leak of type 'PCB_VIA *', no destructor found.
swig/python detected a memory leak of type 'PCB_TRACK *', no destructor found.
swig/python detected a memory leak of type 'PCB_TRACK *', no destructor found.
swig/python detected a memory leak of type 'PCB_TRACK *', no destructor found.
swig/python detected a memory leak of type 'PCB_TRACK *', no destructor found.
swig/python detected a memory leak of type 'PCB_TRACK *', no destructor found.
swig/python detected a memory leak of type 'PCB_TRACK *', no destructor found.
swig/python detected a memory leak of type 'PCB_TRACK *', no destructor found.
swig/python detected a memory leak of type 'PCB_TRACK *', no destructor found.
swig/python detected a memory leak of type 'PCB_TRACK *', no destructor found.
Fontconfig error: Cannot load default config file: No such file: (null)
Found 417 violations
Found 46 unconnected items
Found 29 schematic parity issues
Saved DRC Report to /Users/deepakdiwan/Downloads/VitalQ_Route_v9/candidates/R2-29/stage1/drc.json
Saved board
{"unconnected": 46, "real": 329, "total": 417, "parity": 29, "types": {"items_not_allowed": 200, "hole_clearance": 27, "shorting_items": 24, "clearance": 25, "npth_inside_courtyard": 1, "courtyards_overlap": 1, "solder_mask_bridge": 27, "track_dangling": 24, "silk_edge_clearance": 14, "lib_footprint_issues": 53, "lib_footprint_mismatch": 3, "text_height": 15, "text_thickness": 1, "silk_overlap": 2}}
08:55:34 PM: Debug: Adding duplicate image handler for 'PNG file'
08:55:34 PM: Debug: Adding duplicate image handler for 'JPEG file'
08:55:34 PM: Debug: Adding duplicate image handler for 'TIFF file'
08:55:34 PM: Debug: Adding duplicate image handler for 'GIF file'
08:55:34 PM: Debug: Adding duplicate image handler for 'PNM file'
08:55:34 PM: Debug: Adding duplicate image handler for 'PCX file'
08:55:34 PM: Debug: Adding duplicate image handler for 'IFF file'
08:55:34 PM: Debug: Adding duplicate image handler for 'Windows icon file'
08:55:34 PM: Debug: Adding duplicate image handler for 'Windows cursor file'
08:55:34 PM: Debug: Adding duplicate image handler for 'Windows animated cursor file'
08:55:34 PM: Debug: Adding duplicate image handler for 'TGA file'
08:55:34 PM: Debug: Adding duplicate image handler for 'XPM file'
{'pads': 1020, 'tracks': 7929, 'vias': 727, 'zones': 5, 'keepouts': 81, 'outline': 1}
regional rip 79 items on 27 nets
U22 POFV ['A2', 'A4', 'B1', 'B2', 'C1', 'D1']
SITE BLOCKED F2
FAILED PD2_INM U6 R2-29 U6 moved +2.5 east, conflict-only rip; dedicated inner layer per inner ball with reserved exit lanes; corridors first, outer ring, then ripped nets; 60 s budget U6.B3 layer 8, margin 6 mm no path (expanded 249203 cells)
FAILED PD2_INM U6 R2-29 U6 moved +2.5 east, conflict-only rip; dedicated inner layer per inner ball with reserved exit lanes; corridors first, outer ring, then ripped nets; 60 s budget U6.B3 layer 8, margin 11 mm no path (expanded 587080 cells)
U6 B3 PD2_INM FAILED
ROUTED TX1 U6 14 tracks 2 vias
U6 D4 TX1 ok
FAILED AFE_BG U6 R2-29 U6 moved +2.5 east, conflict-only rip; dedicated inner layer per inner ball with reserved exit lanes; corridors first, outer ring, then ripped nets; 60 s budget U6.D2 layer 6, margin 6 mm no path (expanded 162 cells)
FAILED AFE_BG U6 R2-29 U6 moved +2.5 east, conflict-only rip; dedicated inner layer per inner ball with reserved exit lanes; corridors first, outer ring, then ripped nets; 60 s budget U6.D2 layer 6, margin 11 mm no path (expanded 162 cells)
U6 D2 AFE_BG FAILED
ROUTED +3V3_ANA U6 8 tracks 2 vias
U6 C4 +3V3_ANA ok
FAILED CS_AFE4900 U6 R2-29 U6 moved +2.5 east, conflict-only rip; dedicated inner layer per inner ball with reserved exit lanes; corridors first, outer ring, then ripped nets; 60 s budget U6.E3 layer 6, margin 6 mm no path (expanded 15419 cells)
FAILED CS_AFE4900 U6 R2-29 U6 moved +2.5 east, conflict-only rip; dedicated inner layer per inner ball with reserved exit lanes; corridors first, outer ring, then ripped nets; 60 s budget U6.E3 layer 6, margin 11 mm no path (expanded 15419 cells)
U6 E3 CS_AFE4900 FAILED
ROUTED TX3 U6 14 tracks 2 vias
U6 E4 TX3 ok
FAILED MISO_AFE U6 R2-29 U6 moved +2.5 east, conflict-only rip; dedicated inner layer per inner ball with reserved exit lanes; corridors first, outer ring, then ripped nets; 60 s budget U6.E2 layer 6, margin 6 mm no path (expanded 27 cells)
FAILED MISO_AFE U6 R2-29 U6 moved +2.5 east, conflict-only rip; dedicated inner layer per inner ball with reserved exit lanes; corridors first, outer ring, then ripped nets; 60 s budget U6.E2 layer 6, margin 11 mm no path (expanded 27 cells)
U6 E2 MISO_AFE FAILED
ROUTED PD2_INP U6 16 tracks 3 vias
U6 B2 PD2_INP ok
FAILED +3V3_ANA U6 R2-29 U6 moved +2.5 east, conflict-only rip; dedicated inner layer per inner ball with reserved exit lanes; corridors first, outer ring, then ripped nets; 60 s budget (outer U6.C1), margin 5 mm no path (expanded 551 cells)
FAILED +3V3_ANA U6 R2-29 U6 moved +2.5 east, conflict-only rip; dedicated inner layer per inner ball with reserved exit lanes; corridors first, outer ring, then ripped nets; 60 s budget (outer U6.C1), margin 10 mm no path (expanded 551 cells)
OUTER C1 +3V3_ANA FAILED
FAILED SPI_SCK U6 R2-29 U6 moved +2.5 east, conflict-only rip; dedicated inner layer per inner ball with reserved exit lanes; corridors first, outer ring, then ripped nets; 60 s budget (outer U6.F3), margin 5 mm no path (expanded 156 cells)
FAILED SPI_SCK U6 R2-29 U6 moved +2.5 east, conflict-only rip; dedicated inner layer per inner ball with reserved exit lanes; corridors first, outer ring, then ripped nets; 60 s budget (outer U6.F3), margin 10 mm no path (expanded 156 cells)
OUTER F3 SPI_SCK FAILED
FAILED AFE4900_RESETZ U6 R2-29 U6 moved +2.5 east, conflict-only rip; dedicated inner layer per inner ball with reserved exit lanes; corridors first, outer ring, then ripped nets; 60 s budget (outer U6.E1), margin 5 mm no legal start/goal cells (sealed endpoint)
FAILED AFE4900_RESETZ U6 R2-29 U6 moved +2.5 east, conflict-only rip; dedicated inner layer per inner ball with reserved exit lanes; corridors first, outer ring, then ripped nets; 60 s budget (outer U6.E1), margin 10 mm no legal start/goal cells (sealed endpoint)
OUTER E1 AFE4900_RESETZ FAILED
FAILED AFE_CLK U6 R2-29 U6 moved +2.5 east, conflict-only rip; dedicated inner layer per inner ball with reserved exit lanes; corridors first, outer ring, then ripped nets; 60 s budget (outer U6.F1), margin 5 mm no legal start/goal cells (sealed endpoint)
FAILED AFE_CLK U6 R2-29 U6 moved +2.5 east, conflict-only rip; dedicated inner layer per inner ball with reserved exit lanes; corridors first, outer ring, then ripped nets; 60 s budget (outer U6.F1), margin 10 mm no legal start/goal cells (sealed endpoint)
OUTER F1 AFE_CLK FAILED
FAILED AFE4900_ADC_RDY U6 R2-29 U6 moved +2.5 east, conflict-only rip; dedicated inner layer per inner ball with reserved exit lanes; corridors first, outer ring, then ripped nets; 60 s budget (outer U6.F4), margin 5 mm no path (expanded 183 cells)
FAILED AFE4900_ADC_RDY U6 R2-29 U6 moved +2.5 east, conflict-only rip; dedicated inner layer per inner ball with reserved exit lanes; corridors first, outer ring, then ripped nets; 60 s budget (outer U6.F4), margin 10 mm no path (expanded 183 cells)
OUTER F4 AFE4900_ADC_RDY FAILED
ROUTED TX_5V U6 4 tracks 1 vias
OUTER F5 TX_5V ok
ROUTED TX4 U6 2 tracks 0 vias
OUTER C5 TX4 ok
ROUTED AFE_INP U6 8 tracks 1 vias
OUTER B1 AFE_INP ok
BLOCKED +3V3_ANA U6
OUTER A4 +3V3_ANA FAILED
