/Users/deepakdiwan/Downloads/VitalQ_Route_v9/backups/20261009_210109_R2-28_stackup8_U6_move_regional_reroute
09:01:10 PM: Debug: Adding duplicate image handler for 'PNG file'
09:01:10 PM: Debug: Adding duplicate image handler for 'JPEG file'
09:01:10 PM: Debug: Adding duplicate image handler for 'TIFF file'
09:01:10 PM: Debug: Adding duplicate image handler for 'GIF file'
09:01:10 PM: Debug: Adding duplicate image handler for 'PNM file'
09:01:10 PM: Debug: Adding duplicate image handler for 'PCX file'
09:01:10 PM: Debug: Adding duplicate image handler for 'IFF file'
09:01:10 PM: Debug: Adding duplicate image handler for 'Windows icon file'
09:01:10 PM: Debug: Adding duplicate image handler for 'Windows cursor file'
09:01:10 PM: Debug: Adding duplicate image handler for 'Windows animated cursor file'
09:01:10 PM: Debug: Adding duplicate image handler for 'TGA file'
09:01:10 PM: Debug: Adding duplicate image handler for 'XPM file'
kicad_ops done /Users/deepakdiwan/Downloads/VitalQ_Route_v9/candidates/R2-28/stage1/vitalq_v2.kicad_pcb
swig/python detected a memory leak of type 'PCB_VIA *', no destructor found.
swig/python detected a memory leak of type 'PCB_VIA *', no destructor found.
swig/python detected a memory leak of type 'PCB_TRACK *', no destructor found.
swig/python detected a memory leak of type 'PCB_VIA *', no destructor found.
swig/python detected a memory leak of type 'PCB_TRACK *', no destructor found.
swig/python detected a memory leak of type 'PCB_TRACK *', no destructor found.
swig/python detected a memory leak of type 'PCB_TRACK *', no destructor found.
swig/python detected a memory leak of type 'PCB_TRACK *', no destructor found.
swig/python detected a memory leak of type 'PCB_TRACK *', no destructor found.
swig/python detected a memory leak of type 'PCB_TRACK *', no destructor found.
swig/python detected a memory leak of type 'PCB_VIA *', no destructor found.
swig/python detected a memory leak of type 'PCB_TRACK *', no destructor found.
swig/python detected a memory leak of type 'PCB_TRACK *', no destructor found.
swig/python detected a memory leak of type 'PCB_TRACK *', no destructor found.
swig/python detected a memory leak of type 'PCB_TRACK *', no destructor found.
swig/python detected a memory leak of type 'PCB_TRACK *', no destructor found.
swig/python detected a memory leak of type 'PCB_TRACK *', no destructor found.
swig/python detected a memory leak of type 'PCB_TRACK *', no destructor found.
swig/python detected a memory leak of type 'PCB_TRACK *', no destructor found.
swig/python detected a memory leak of type 'PCB_TRACK *', no destructor found.
swig/python detected a memory leak of type 'PCB_TRACK *', no destructor found.
swig/python detected a memory leak of type 'PCB_TRACK *', no destructor found.
swig/python detected a memory leak of type 'PCB_TRACK *', no destructor found.
swig/python detected a memory leak of type 'PCB_TRACK *', no destructor found.
swig/python detected a memory leak of type 'PCB_TRACK *', no destructor found.
swig/python detected a memory leak of type 'PCB_TRACK *', no destructor found.
swig/python detected a memory leak of type 'PCB_VIA *', no destructor found.
swig/python detected a memory leak of type 'PCB_VIA *', no destructor found.
swig/python detected a memory leak of type 'PCB_VIA *', no destructor found.
swig/python detected a memory leak of type 'PCB_TRACK *', no destructor found.
swig/python detected a memory leak of type 'PCB_TRACK *', no destructor found.
swig/python detected a memory leak of type 'PCB_TRACK *', no destructor found.
swig/python detected a memory leak of type 'PCB_TRACK *', no destructor found.
swig/python detected a memory leak of type 'PCB_TRACK *', no destructor found.
swig/python detected a memory leak of type 'PCB_TRACK *', no destructor found.
swig/python detected a memory leak of type 'PCB_TRACK *', no destructor found.
swig/python detected a memory leak of type 'PCB_TRACK *', no destructor found.
swig/python detected a memory leak of type 'PCB_TRACK *', no destructor found.
Fontconfig error: Cannot load default config file: No such file: (null)
Found 417 violations
Found 46 unconnected items
Found 29 schematic parity issues
Saved DRC Report to /Users/deepakdiwan/Downloads/VitalQ_Route_v9/candidates/R2-28/stage1/drc.json
Saved board
{"unconnected": 46, "real": 329, "total": 417, "parity": 29, "types": {"items_not_allowed": 200, "hole_clearance": 27, "clearance": 25, "shorting_items": 24, "npth_inside_courtyard": 1, "courtyards_overlap": 1, "solder_mask_bridge": 27, "track_dangling": 24, "silk_edge_clearance": 14, "lib_footprint_issues": 53, "lib_footprint_mismatch": 3, "text_height": 15, "text_thickness": 1, "silk_overlap": 2}}
09:01:24 PM: Debug: Adding duplicate image handler for 'PNG file'
09:01:24 PM: Debug: Adding duplicate image handler for 'JPEG file'
09:01:24 PM: Debug: Adding duplicate image handler for 'TIFF file'
09:01:24 PM: Debug: Adding duplicate image handler for 'GIF file'
09:01:24 PM: Debug: Adding duplicate image handler for 'PNM file'
09:01:24 PM: Debug: Adding duplicate image handler for 'PCX file'
09:01:24 PM: Debug: Adding duplicate image handler for 'IFF file'
09:01:24 PM: Debug: Adding duplicate image handler for 'Windows icon file'
09:01:24 PM: Debug: Adding duplicate image handler for 'Windows cursor file'
09:01:24 PM: Debug: Adding duplicate image handler for 'Windows animated cursor file'
09:01:24 PM: Debug: Adding duplicate image handler for 'TGA file'
09:01:24 PM: Debug: Adding duplicate image handler for 'XPM file'
{'pads': 1020, 'tracks': 7929, 'vias': 727, 'zones': 6, 'keepouts': 81, 'outline': 1}
regional rip 479 items on 42 nets
U22 POFV ['A2', 'A4', 'B1', 'B2', 'C1', 'D1']
SITE BLOCKED F2
FAILED PD2_INM U6 R2-28 8-layer, U6 +2.5 east, region rip; dedicated inner layer per inner ball with reserved exit lanes; corridors first, outer ring, then ripped nets; 60 s budget U6.B3 layer 12, margin 6 mm no path (expanded 452599 cells)
FAILED PD2_INM U6 R2-28 8-layer, U6 +2.5 east, region rip; dedicated inner layer per inner ball with reserved exit lanes; corridors first, outer ring, then ripped nets; 60 s budget U6.B3 layer 12, margin 11 mm no path (expanded 897499 cells)
U6 B3 PD2_INM FAILED
ROUTED TX1 U6 15 tracks 2 vias
U6 D4 TX1 ok
ROUTED AFE_BG U6 2 tracks 0 vias
U6 D2 AFE_BG ok
ROUTED +3V3_ANA U6 8 tracks 2 vias
U6 C4 +3V3_ANA ok
ROUTED CS_AFE4900 U6 15 tracks 5 vias
U6 E3 CS_AFE4900 ok
ROUTED TX3 U6 8 tracks 2 vias
U6 E4 TX3 ok
FAILED MISO_AFE U6 R2-28 8-layer, U6 +2.5 east, region rip; dedicated inner layer per inner ball with reserved exit lanes; corridors first, outer ring, then ripped nets; 60 s budget U6.E2 layer 8, margin 6 mm no path (expanded 27 cells)
FAILED MISO_AFE U6 R2-28 8-layer, U6 +2.5 east, region rip; dedicated inner layer per inner ball with reserved exit lanes; corridors first, outer ring, then ripped nets; 60 s budget U6.E2 layer 8, margin 11 mm no path (expanded 27 cells)
U6 E2 MISO_AFE FAILED
ROUTED PD2_INP U6 15 tracks 1 vias
U6 B2 PD2_INP ok
ROUTED +3V3_ANA U6 7 tracks 2 vias
OUTER C1 +3V3_ANA ok
ROUTED SPI_SCK U6 8 tracks 2 vias
OUTER F3 SPI_SCK ok
FAILED AFE4900_RESETZ U6 R2-28 8-layer, U6 +2.5 east, region rip; dedicated inner layer per inner ball with reserved exit lanes; corridors first, outer ring, then ripped nets; 60 s budget (outer U6.E1), margin 5 mm no legal start/goal cells (sealed endpoint)
FAILED AFE4900_RESETZ U6 R2-28 8-layer, U6 +2.5 east, region rip; dedicated inner layer per inner ball with reserved exit lanes; corridors first, outer ring, then ripped nets; 60 s budget (outer U6.E1), margin 10 mm no legal start/goal cells (sealed endpoint)
OUTER E1 AFE4900_RESETZ FAILED
FAILED AFE_CLK U6 R2-28 8-layer, U6 +2.5 east, region rip; dedicated inner layer per inner ball with reserved exit lanes; corridors first, outer ring, then ripped nets; 60 s budget (outer U6.F1), margin 5 mm no legal start/goal cells (sealed endpoint)
FAILED AFE_CLK U6 R2-28 8-layer, U6 +2.5 east, region rip; dedicated inner layer per inner ball with reserved exit lanes; corridors first, outer ring, then ripped nets; 60 s budget (outer U6.F1), margin 10 mm no legal start/goal cells (sealed endpoint)
OUTER F1 AFE_CLK FAILED
ROUTED AFE4900_ADC_RDY U6 11 tracks 2 vias
OUTER F4 AFE4900_ADC_RDY ok
ROUTED TX_5V U6 2 tracks 1 vias
OUTER F5 TX_5V ok
ROUTED TX4 U6 8 tracks 1 vias
OUTER C5 TX4 ok
ROUTED AFE_INP U6 7 tracks 1 vias
OUTER B1 AFE_INP ok
ROUTED +3V3_ANA U6 1 tracks 0 vias
OUTER A4 +3V3_ANA ok
ROUTED GND U6 5 tracks 0 vias
OUTER D1 GND ok
ROUTED AFE_INM U6 9 tracks 1 vias
U6 A1 AFE_INM ok
ROUTED PD_INP U6 5 tracks 1 vias
U6 A2 PD_INP ok
ROUTED PD_INM U6 11 tracks 2 vias
U6 A3 PD_INM ok
ROUTED TX2 U6 10 tracks 1 vias
U6 E5 TX2 ok
FAILED LED2_K U22 R2-28 8-layer, U6 +2.5 east, region rip; dedicated inner layer per inner ball with reserved exit lanes; corridors first, outer ring, then ripped nets; 60 s budget U22.C1, margin 5 mm no legal start/goal cells (sealed endpoint)
FAILED LED2_K U22 R2-28 8-layer, U6 +2.5 east, region rip; dedicated inner layer per inner ball with reserved exit lanes; corridors first, outer ring, then ripped nets; 60 s budget U22.C1, margin 10 mm no legal start/goal cells (sealed endpoint)
U22 C1 LED2_K FAILED
ROUTED LED1_K U22 10 tracks 2 vias
U22 D1 LED1_K ok
ROUTED SPI_SCK U22 2 tracks 1 vias
U22 A2 SPI_SCK ok
ROUTED SPI_MOSI U22 3 tracks 1 vias
U22 A4 SPI_MOSI ok
ROUTED LED3_K U22 10 tracks 1 vias
U22 B1 LED3_K ok
ROUTED MAX86178_INT U22 6 tracks 1 vias
U22 B2 MAX86178_INT ok
ROUTED GND J8 1 tracks 0 vias
ROUTED GND U18 1 tracks 0 vias
ROUTED GND C15 1 tracks 0 vias
ROUTED GND U22 2 tracks 1 vias
ROUTED GND U22#2 1 tracks 0 vias
ROUTED GND C87 1 tracks 0 vias
ROUTED TX_5V C89 5 tracks 1 vias
FAILED TX_5V U22 R2-28 8-layer, U6 +2.5 east, region rip; dedicated inner layer per inner ball with reserved exit lanes; corridors first, outer ring, then ripped nets; 60 s budget (remaining U6 nets), margin 4 mm no path (expanded 14 cells)
FAILED TX_5V U22 R2-28 8-layer, U6 +2.5 east, region rip; dedicated inner layer per inner ball with reserved exit lanes; corridors first, outer ring, then ripped nets; 60 s budget (remaining U6 nets), margin 9 mm no path (expanded 14 cells)
FAILED AFE_CLK U6 R2-28 8-layer, U6 +2.5 east, region rip; dedicated inner layer per inner ball with reserved exit lanes; corridors first, outer ring, then ripped nets; 60 s budget (remaining U6 nets), margin 4 mm no legal start/goal cells (sealed endpoint)
BLOCKED AFE_CLK U6
ROUTED +3V3_ANA R95 4 tracks 1 vias
FAILED SPI_MOSI U6 R2-28 8-layer, U6 +2.5 east, region rip; dedicated inner layer per inner ball with reserved exit lanes; corridors first, outer ring, then ripped nets; 60 s budget (remaining U6 nets), margin 4 mm no legal start/goal cells (sealed endpoint)
FAILED SPI_MOSI U6 R2-28 8-layer, U6 +2.5 east, region rip; dedicated inner layer per inner ball with reserved exit lanes; corridors first, outer ring, then ripped nets; 60 s budget (remaining U6 nets), margin 9 mm no legal start/goal cells (sealed endpoint)
ROUTED CS_MAX86178 U22 4 tracks 1 vias
ROUTED +1V8 C86/C88 6 tracks 1 vias
ROUTED TX_5V R96 3 tracks 0 vias
FAILED PD_K U22 R2-28 8-layer, U6 +2.5 east, region rip; dedicated inner layer per inner ball with reserved exit lanes; corridors first, outer ring, then ripped nets; 60 s budget (remaining U6 nets), margin 4 mm no path (expanded 98116 cells)
ROUTED PD_K U22 10 tracks 2 vias
ROUTED +1V8 U22 4 tracks 1 vias
ROUTED +1V8 U22#2 1 tracks 0 vias
FAILED LED2_K U22 R2-28 8-layer, U6 +2.5 east, region rip; dedicated inner layer per inner ball with reserved exit lanes; corridors first, outer ring, then ripped nets; 60 s budget (remaining U6 nets), margin 4 mm no legal start/goal cells (sealed endpoint)
BLOCKED LED2_K U22
ROUTED MX_VREF U22 9 tracks 3 vias
ROUTED PD_A U22 10 tracks 3 vias
ROUTED +1V8 C36/U10 11 tracks 1 vias
FAILED AFE4900_RESETZ U6 R2-28 8-layer, U6 +2.5 east, region rip; dedicated inner layer per inner ball with reserved exit lanes; corridors first, outer ring, then ripped nets; 60 s budget (remaining U6 nets), margin 4 mm no legal start/goal cells (sealed endpoint)
BLOCKED AFE4900_RESETZ U6
FAILED MX_SDO_1V8 U22 R2-28 8-layer, U6 +2.5 east, region rip; dedicated inner layer per inner ball with reserved exit lanes; corridors first, outer ring, then ripped nets; 60 s budget (remaining U6 nets), margin 4 mm no path (expanded 15 cells)
FAILED MX_SDO_1V8 U22 R2-28 8-layer, U6 +2.5 east, region rip; dedicated inner layer per inner ball with reserved exit lanes; corridors first, outer ring, then ripped nets; 60 s budget (remaining U6 nets), margin 9 mm no path (expanded 15 cells)
ROUTED PD_K J10 6 tracks 1 vias
ROUTED +3V3 J8 1 tracks 0 vias
ROUTED +3V3 U18 1 tracks 0 vias
FAILED +3V3 U20 R2-28 8-layer, U6 +2.5 east, region rip; dedicated inner layer per inner ball with reserved exit lanes; corridors first, outer ring, then ripped nets; 60 s budget (wall/other nets), margin 4 mm no path (expanded 300 cells)
FAILED +3V3 U20 R2-28 8-layer, U6 +2.5 east, region rip; dedicated inner layer per inner ball with reserved exit lanes; corridors first, outer ring, then ripped nets; 60 s budget (wall/other nets), margin 9 mm no path (expanded 300 cells)
ROUTED +3V3_ESP R94 1 tracks 0 vias
ROUTED I2C_SDA U20 3 tracks 1 vias
ROUTED I2C_SCL U19 4 tracks 1 vias
ROUTED I2C_SDA U19 7 tracks 2 vias
ROUTED ESP_IO0 J8 3 tracks 0 vias
FAILED CS_FLASH U18 R2-28 8-layer, U6 +2.5 east, region rip; dedicated inner layer per inner ball with reserved exit lanes; corridors first, outer ring, then ripped nets; 60 s budget (wall/other nets), margin 4 mm no path (expanded 53711 cells)
ROUTED CS_FLASH U18 13 tracks 3 vias
ROUTED MISO_FL U18 12 tracks 2 vias
ROUTED I2C_SCL_1V8 TP16/U10/U12 2 tracks 1 vias
ROUTED I2C_SDA_1V8 R21/U9 4 tracks 0 vias
ROUTED ESP_EN R5/SW1 6 tracks 3 vias
ROUTED SWEAT_CE R122/U7 11 tracks 2 vias
ROUTED AFE_N_PAD J5 9 tracks 1 vias
FAILED AFE_P_PAD J5 R2-28 8-layer, U6 +2.5 east, region rip; dedicated inner layer per inner ball with reserved exit lanes; corridors first, outer ring, then ripped nets; 60 s budget (wall/other nets), margin 4 mm no path (expanded 219696 cells)
ROUTED AFE_P_PAD J5 16 tracks 4 vias
FAILED BIOZ_SN_PAD R83 R2-28 8-layer, U6 +2.5 east, region rip; dedicated inner layer per inner ball with reserved exit lanes; corridors first, outer ring, then ripped nets; 60 s budget (wall/other nets), margin 4 mm no path (expanded 110335 cells)
ROUTED BIOZ_SN_PAD R83 19 tracks 5 vias
FAILED ESP_EN J8 R2-28 8-layer, U6 +2.5 east, region rip; dedicated inner layer per inner ball with reserved exit lanes; corridors first, outer ring, then ripped nets; 60 s budget (wall/other nets), margin 4 mm no path (expanded 41392 cells)
ROUTED ESP_EN J8 10 tracks 3 vias
FAILED ESP_RX J8 R2-28 8-layer, U6 +2.5 east, region rip; dedicated inner layer per inner ball with reserved exit lanes; corridors first, outer ring, then ripped nets; 60 s budget (wall/other nets), margin 4 mm no path (expanded 1048 cells)
FAILED ESP_RX J8 R2-28 8-layer, U6 +2.5 east, region rip; dedicated inner layer per inner ball with reserved exit lanes; corridors first, outer ring, then ripped nets; 60 s budget (wall/other nets), margin 9 mm no path (expanded 1048 cells)
FAILED ESP_RX TP12 R2-28 8-layer, U6 +2.5 east, region rip; dedicated inner layer per inner ball with reserved exit lanes; corridors first, outer ring, then ripped nets; 60 s budget (wall/other nets), margin 4 mm no path (expanded 368947 cells)
ROUTED ESP_RX TP12 19 tracks 2 vias
FAILED ESP_TX J8 R2-28 8-layer, U6 +2.5 east, region rip; dedicated inner layer per inner ball with reserved exit lanes; corridors first, outer ring, then ripped nets; 60 s budget (wall/other nets), margin 4 mm no path (expanded 1064 cells)
FAILED ESP_TX J8 R2-28 8-layer, U6 +2.5 east, region rip; dedicated inner layer per inner ball with reserved exit lanes; corridors first, outer ring, then ripped nets; 60 s budget (wall/other nets), margin 9 mm no path (expanded 1064 cells)
FAILED NIR_K D12 R2-28 8-layer, U6 +2.5 east, region rip; dedicated inner layer per inner ball with reserved exit lanes; corridors first, outer ring, then ripped nets; 60 s budget (wall/other nets), margin 4 mm no path (expanded 118235 cells)
ROUTED NIR_K D12 14 tracks 1 vias
ROUTED RLD_PAD J5 15 tracks 3 vias
ROLLBACK B3
ROLLBACK E2
09:07:56 PM: Debug: Adding duplicate image handler for 'PNG file'
09:07:56 PM: Debug: Adding duplicate image handler for 'JPEG file'
09:07:56 PM: Debug: Adding duplicate image handler for 'TIFF file'
09:07:56 PM: Debug: Adding duplicate image handler for 'GIF file'
09:07:56 PM: Debug: Adding duplicate image handler for 'PNM file'
09:07:56 PM: Debug: Adding duplicate image handler for 'PCX file'
09:07:56 PM: Debug: Adding duplicate image handler for 'IFF file'
09:07:56 PM: Debug: Adding duplicate image handler for 'Windows icon file'
09:07:56 PM: Debug: Adding duplicate image handler for 'Windows cursor file'
09:07:56 PM: Debug: Adding duplicate image handler for 'Windows animated cursor file'
09:07:56 PM: Debug: Adding duplicate image handler for 'TGA file'
09:07:56 PM: Debug: Adding duplicate image handler for 'XPM file'
kicad_ops done /Users/deepakdiwan/Downloads/VitalQ_Route_v9/candidates/R2-28/vitalq_v2.kicad_pcb
Fontconfig error: Cannot load default config file: No such file: (null)
Found 357 violations
Found 21 unconnected items
Found 29 schematic parity issues
Saved DRC Report to /Users/deepakdiwan/Downloads/VitalQ_Route_v9/candidates/R2-28/drc.json
Saved board
{"unconnected": 21, "real": 269, "total": 357, "parity": 29, "types": {"items_not_allowed": 199, "shorting_items": 3, "hole_clearance": 16, "clearance": 10, "npth_inside_courtyard": 1, "courtyards_overlap": 1, "solder_mask_bridge": 5, "track_dangling": 32, "via_dangling": 2, "silk_edge_clearance": 14, "lib_footprint_issues": 53, "lib_footprint_mismatch": 3, "text_height": 15, "text_thickness": 1, "silk_overlap": 2}}
dangling repair round 1: 32 new items
09:08:10 PM: Debug: Adding duplicate image handler for 'PNG file'
09:08:10 PM: Debug: Adding duplicate image handler for 'JPEG file'
09:08:10 PM: Debug: Adding duplicate image handler for 'TIFF file'
09:08:10 PM: Debug: Adding duplicate image handler for 'GIF file'
09:08:10 PM: Debug: Adding duplicate image handler for 'PNM file'
09:08:10 PM: Debug: Adding duplicate image handler for 'PCX file'
09:08:10 PM: Debug: Adding duplicate image handler for 'IFF file'
09:08:10 PM: Debug: Adding duplicate image handler for 'Windows icon file'
09:08:10 PM: Debug: Adding duplicate image handler for 'Windows cursor file'
09:08:10 PM: Debug: Adding duplicate image handler for 'Windows animated cursor file'
09:08:10 PM: Debug: Adding duplicate image handler for 'TGA file'
09:08:10 PM: Debug: Adding duplicate image handler for 'XPM file'
{'pads': 1020, 'tracks': 7885, 'vias': 804, 'zones': 6, 'keepouts': 81, 'outline': 1}
09:08:20 PM: Debug: Adding duplicate image handler for 'PNG file'
09:08:20 PM: Debug: Adding duplicate image handler for 'JPEG file'
09:08:20 PM: Debug: Adding duplicate image handler for 'TIFF file'
09:08:20 PM: Debug: Adding duplicate image handler for 'GIF file'
09:08:20 PM: Debug: Adding duplicate image handler for 'PNM file'
09:08:20 PM: Debug: Adding duplicate image handler for 'PCX file'
09:08:20 PM: Debug: Adding duplicate image handler for 'IFF file'
09:08:20 PM: Debug: Adding duplicate image handler for 'Windows icon file'
09:08:20 PM: Debug: Adding duplicate image handler for 'Windows cursor file'
09:08:20 PM: Debug: Adding duplicate image handler for 'Windows animated cursor file'
09:08:20 PM: Debug: Adding duplicate image handler for 'TGA file'
09:08:20 PM: Debug: Adding duplicate image handler for 'XPM file'
kicad_ops done /Users/deepakdiwan/Downloads/VitalQ_Route_v9/candidates/R2-28/vitalq_v2.kicad_pcb
swig/python detected a memory leak of type 'PCB_TRACK *', no destructor found.
swig/python detected a memory leak of type 'PCB_TRACK *', no destructor found.
swig/python detected a memory leak of type 'PCB_TRACK *', no destructor found.
swig/python detected a memory leak of type 'PCB_TRACK *', no destructor found.
swig/python detected a memory leak of type 'PCB_TRACK *', no destructor found.
swig/python detected a memory leak of type 'PCB_TRACK *', no destructor found.
swig/python detected a memory leak of type 'PCB_TRACK *', no destructor found.
swig/python detected a memory leak of type 'PCB_TRACK *', no destructor found.
swig/python detected a memory leak of type 'PCB_TRACK *', no destructor found.
swig/python detected a memory leak of type 'PCB_TRACK *', no destructor found.
swig/python detected a memory leak of type 'PCB_TRACK *', no destructor found.
swig/python detected a memory leak of type 'PCB_TRACK *', no destructor found.
swig/python detected a memory leak of type 'PCB_TRACK *', no destructor found.
swig/python detected a memory leak of type 'PCB_TRACK *', no destructor found.
swig/python detected a memory leak of type 'PCB_VIA *', no destructor found.
swig/python detected a memory leak of type 'PCB_TRACK *', no destructor found.
swig/python detected a memory leak of type 'PCB_TRACK *', no destructor found.
swig/python detected a memory leak of type 'PCB_TRACK *', no destructor found.
swig/python detected a memory leak of type 'PCB_TRACK *', no destructor found.
swig/python detected a memory leak of type 'PCB_TRACK *', no destructor found.
Fontconfig error: Cannot load default config file: No such file: (null)
Found 352 violations
Found 21 unconnected items
Found 29 schematic parity issues
Saved DRC Report to /Users/deepakdiwan/Downloads/VitalQ_Route_v9/candidates/R2-28/drc.json
Saved board
{"unconnected": 21, "real": 264, "total": 352, "parity": 29, "types": {"items_not_allowed": 199, "shorting_items": 3, "hole_clearance": 16, "clearance": 10, "npth_inside_courtyard": 1, "courtyards_overlap": 1, "solder_mask_bridge": 5, "track_dangling": 25, "via_dangling": 4, "silk_edge_clearance": 14, "lib_footprint_issues": 53, "lib_footprint_mismatch": 3, "text_height": 15, "text_thickness": 1, "silk_overlap": 2}}
dangling repair round 2: 27 new items
09:08:40 PM: Debug: Adding duplicate image handler for 'PNG file'
09:08:40 PM: Debug: Adding duplicate image handler for 'JPEG file'
09:08:40 PM: Debug: Adding duplicate image handler for 'TIFF file'
09:08:40 PM: Debug: Adding duplicate image handler for 'GIF file'
09:08:40 PM: Debug: Adding duplicate image handler for 'PNM file'
09:08:40 PM: Debug: Adding duplicate image handler for 'PCX file'
09:08:40 PM: Debug: Adding duplicate image handler for 'IFF file'
09:08:40 PM: Debug: Adding duplicate image handler for 'Windows icon file'
09:08:40 PM: Debug: Adding duplicate image handler for 'Windows cursor file'
09:08:40 PM: Debug: Adding duplicate image handler for 'Windows animated cursor file'
09:08:40 PM: Debug: Adding duplicate image handler for 'TGA file'
09:08:40 PM: Debug: Adding duplicate image handler for 'XPM file'
{'pads': 1020, 'tracks': 7865, 'vias': 803, 'zones': 6, 'keepouts': 81, 'outline': 1}
09:08:52 PM: Debug: Adding duplicate image handler for 'PNG file'
09:08:52 PM: Debug: Adding duplicate image handler for 'JPEG file'
09:08:52 PM: Debug: Adding duplicate image handler for 'TIFF file'
09:08:52 PM: Debug: Adding duplicate image handler for 'GIF file'
09:08:52 PM: Debug: Adding duplicate image handler for 'PNM file'
09:08:52 PM: Debug: Adding duplicate image handler for 'PCX file'
09:08:52 PM: Debug: Adding duplicate image handler for 'IFF file'
09:08:52 PM: Debug: Adding duplicate image handler for 'Windows icon file'
09:08:52 PM: Debug: Adding duplicate image handler for 'Windows cursor file'
09:08:52 PM: Debug: Adding duplicate image handler for 'Windows animated cursor file'
09:08:52 PM: Debug: Adding duplicate image handler for 'TGA file'
09:08:52 PM: Debug: Adding duplicate image handler for 'XPM file'
kicad_ops done /Users/deepakdiwan/Downloads/VitalQ_Route_v9/candidates/R2-28/vitalq_v2.kicad_pcb
swig/python detected a memory leak of type 'PCB_TRACK *', no destructor found.
swig/python detected a memory leak of type 'PCB_TRACK *', no destructor found.
swig/python detected a memory leak of type 'PCB_VIA *', no destructor found.
swig/python detected a memory leak of type 'PCB_VIA *', no destructor found.
swig/python detected a memory leak of type 'PCB_VIA *', no destructor found.
swig/python detected a memory leak of type 'PCB_TRACK *', no destructor found.
swig/python detected a memory leak of type 'PCB_TRACK *', no destructor found.
swig/python detected a memory leak of type 'PCB_TRACK *', no destructor found.
swig/python detected a memory leak of type 'PCB_TRACK *', no destructor found.
swig/python detected a memory leak of type 'PCB_TRACK *', no destructor found.
swig/python detected a memory leak of type 'PCB_TRACK *', no destructor found.
swig/python detected a memory leak of type 'PCB_VIA *', no destructor found.
swig/python detected a memory leak of type 'PCB_TRACK *', no destructor found.
swig/python detected a memory leak of type 'PCB_TRACK *', no destructor found.
swig/python detected a memory leak of type 'PCB_TRACK *', no destructor found.
swig/python detected a memory leak of type 'PCB_TRACK *', no destructor found.
swig/python detected a memory leak of type 'PCB_TRACK *', no destructor found.
swig/python detected a memory leak of type 'PCB_TRACK *', no destructor found.
swig/python detected a memory leak of type 'PCB_TRACK *', no destructor found.
swig/python detected a memory leak of type 'PCB_TRACK *', no destructor found.
swig/python detected a memory leak of type 'PCB_TRACK *', no destructor found.
swig/python detected a memory leak of type 'PCB_TRACK *', no destructor found.
swig/python detected a memory leak of type 'PCB_TRACK *', no destructor found.
swig/python detected a memory leak of type 'PCB_TRACK *', no destructor found.
swig/python detected a memory leak of type 'PCB_TRACK *', no destructor found.
swig/python detected a memory leak of type 'PCB_TRACK *', no destructor found.
swig/python detected a memory leak of type 'PCB_TRACK *', no destructor found.
swig/python detected a memory leak of type 'PCB_TRACK *', no destructor found.
swig/python detected a memory leak of type 'PCB_TRACK *', no destructor found.
swig/python detected a memory leak of type 'PCB_TRACK *', no destructor found.
swig/python detected a memory leak of type 'PCB_TRACK *', no destructor found.
swig/python detected a memory leak of type 'PCB_TRACK *', no destructor found.
swig/python detected a memory leak of type 'PCB_TRACK *', no destructor found.
swig/python detected a memory leak of type 'PCB_TRACK *', no destructor found.
swig/python detected a memory leak of type 'PCB_TRACK *', no destructor found.
swig/python detected a memory leak of type 'PCB_TRACK *', no destructor found.
swig/python detected a memory leak of type 'PCB_TRACK *', no destructor found.
swig/python detected a memory leak of type 'PCB_TRACK *', no destructor found.
Fontconfig error: Cannot load default config file: No such file: (null)
Found 346 violations
Found 21 unconnected items
Found 29 schematic parity issues
Saved DRC Report to /Users/deepakdiwan/Downloads/VitalQ_Route_v9/candidates/R2-28/drc.json
Saved board
{"unconnected": 21, "real": 258, "total": 346, "parity": 29, "types": {"items_not_allowed": 199, "hole_clearance": 16, "shorting_items": 3, "clearance": 10, "npth_inside_courtyard": 1, "courtyards_overlap": 1, "solder_mask_bridge": 5, "track_dangling": 21, "via_dangling": 2, "silk_edge_clearance": 14, "lib_footprint_issues": 53, "lib_footprint_mismatch": 3, "text_height": 15, "text_thickness": 1, "silk_overlap": 2}}
dangling repair round 3: 21 new items
09:09:08 PM: Debug: Adding duplicate image handler for 'PNG file'
09:09:08 PM: Debug: Adding duplicate image handler for 'JPEG file'
09:09:08 PM: Debug: Adding duplicate image handler for 'TIFF file'
09:09:08 PM: Debug: Adding duplicate image handler for 'GIF file'
09:09:08 PM: Debug: Adding duplicate image handler for 'PNM file'
09:09:08 PM: Debug: Adding duplicate image handler for 'PCX file'
09:09:08 PM: Debug: Adding duplicate image handler for 'IFF file'
09:09:08 PM: Debug: Adding duplicate image handler for 'Windows icon file'
09:09:08 PM: Debug: Adding duplicate image handler for 'Windows cursor file'
09:09:08 PM: Debug: Adding duplicate image handler for 'Windows animated cursor file'
09:09:08 PM: Debug: Adding duplicate image handler for 'TGA file'
09:09:08 PM: Debug: Adding duplicate image handler for 'XPM file'
{'pads': 1020, 'tracks': 7830, 'vias': 799, 'zones': 6, 'keepouts': 81, 'outline': 1}
09:09:17 PM: Debug: Adding duplicate image handler for 'PNG file'
09:09:17 PM: Debug: Adding duplicate image handler for 'JPEG file'
09:09:17 PM: Debug: Adding duplicate image handler for 'TIFF file'
09:09:17 PM: Debug: Adding duplicate image handler for 'GIF file'
09:09:17 PM: Debug: Adding duplicate image handler for 'PNM file'
09:09:17 PM: Debug: Adding duplicate image handler for 'PCX file'
09:09:17 PM: Debug: Adding duplicate image handler for 'IFF file'
09:09:17 PM: Debug: Adding duplicate image handler for 'Windows icon file'
09:09:17 PM: Debug: Adding duplicate image handler for 'Windows cursor file'
09:09:17 PM: Debug: Adding duplicate image handler for 'Windows animated cursor file'
09:09:17 PM: Debug: Adding duplicate image handler for 'TGA file'
09:09:17 PM: Debug: Adding duplicate image handler for 'XPM file'
kicad_ops done /Users/deepakdiwan/Downloads/VitalQ_Route_v9/candidates/R2-28/vitalq_v2.kicad_pcb
swig/python detected a memory leak of type 'PCB_TRACK *', no destructor found.
swig/python detected a memory leak of type 'PCB_TRACK *', no destructor found.
swig/python detected a memory leak of type 'PCB_TRACK *', no destructor found.
swig/python detected a memory leak of type 'PCB_TRACK *', no destructor found.
swig/python detected a memory leak of type 'PCB_TRACK *', no destructor found.
swig/python detected a memory leak of type 'PCB_TRACK *', no destructor found.
swig/python detected a memory leak of type 'PCB_TRACK *', no destructor found.
swig/python detected a memory leak of type 'PCB_TRACK *', no destructor found.
swig/python detected a memory leak of type 'PCB_TRACK *', no destructor found.
swig/python detected a memory leak of type 'PCB_TRACK *', no destructor found.
swig/python detected a memory leak of type 'PCB_TRACK *', no destructor found.
swig/python detected a memory leak of type 'PCB_TRACK *', no destructor found.
swig/python detected a memory leak of type 'PCB_TRACK *', no destructor found.
swig/python detected a memory leak of type 'PCB_TRACK *', no destructor found.
swig/python detected a memory leak of type 'PCB_TRACK *', no destructor found.
swig/python detected a memory leak of type 'PCB_TRACK *', no destructor found.
swig/python detected a memory leak of type 'PCB_TRACK *', no destructor found.
swig/python detected a memory leak of type 'PCB_TRACK *', no destructor found.
swig/python detected a memory leak of type 'PCB_TRACK *', no destructor found.
swig/python detected a memory leak of type 'PCB_TRACK *', no destructor found.
swig/python detected a memory leak of type 'PCB_TRACK *', no destructor found.
swig/python detected a memory leak of type 'PCB_TRACK *', no destructor found.
swig/python detected a memory leak of type 'PCB_TRACK *', no destructor found.
swig/python detected a memory leak of type 'PCB_TRACK *', no destructor found.
swig/python detected a memory leak of type 'PCB_TRACK *', no destructor found.
swig/python detected a memory leak of type 'PCB_VIA *', no destructor found.
swig/python detected a memory leak of type 'PCB_TRACK *', no destructor found.
swig/python detected a memory leak of type 'PCB_TRACK *', no destructor found.
swig/python detected a memory leak of type 'PCB_TRACK *', no destructor found.
swig/python detected a memory leak of type 'PCB_TRACK *', no destructor found.
swig/python detected a memory leak of type 'PCB_TRACK *', no destructor found.
swig/python detected a memory leak of type 'PCB_TRACK *', no destructor found.
swig/python detected a memory leak of type 'PCB_TRACK *', no destructor found.
swig/python detected a memory leak of type 'PCB_TRACK *', no destructor found.
swig/python detected a memory leak of type 'PCB_TRACK *', no destructor found.
swig/python detected a memory leak of type 'PCB_TRACK *', no destructor found.
swig/python detected a memory leak of type 'PCB_TRACK *', no destructor found.
swig/python detected a memory leak of type 'PCB_TRACK *', no destructor found.
Fontconfig error: Cannot load default config file: No such file: (null)
Found 340 violations
Found 21 unconnected items
Found 29 schematic parity issues
Saved DRC Report to /Users/deepakdiwan/Downloads/VitalQ_Route_v9/candidates/R2-28/drc.json
Saved board
{"unconnected": 21, "real": 252, "total": 340, "parity": 29, "types": {"items_not_allowed": 199, "shorting_items": 3, "hole_clearance": 16, "clearance": 10, "npth_inside_courtyard": 1, "courtyards_overlap": 1, "solder_mask_bridge": 5, "track_dangling": 16, "via_dangling": 1, "silk_edge_clearance": 14, "lib_footprint_issues": 53, "lib_footprint_mismatch": 3, "text_height": 15, "text_thickness": 1, "silk_overlap": 2}}
dangling repair round 4: 15 new items
09:09:32 PM: Debug: Adding duplicate image handler for 'PNG file'
09:09:32 PM: Debug: Adding duplicate image handler for 'JPEG file'
09:09:32 PM: Debug: Adding duplicate image handler for 'TIFF file'
09:09:32 PM: Debug: Adding duplicate image handler for 'GIF file'
09:09:32 PM: Debug: Adding duplicate image handler for 'PNM file'
09:09:32 PM: Debug: Adding duplicate image handler for 'PCX file'
09:09:32 PM: Debug: Adding duplicate image handler for 'IFF file'
09:09:32 PM: Debug: Adding duplicate image handler for 'Windows icon file'
09:09:32 PM: Debug: Adding duplicate image handler for 'Windows cursor file'
09:09:32 PM: Debug: Adding duplicate image handler for 'Windows animated cursor file'
09:09:32 PM: Debug: Adding duplicate image handler for 'TGA file'
09:09:32 PM: Debug: Adding duplicate image handler for 'XPM file'
{'pads': 1020, 'tracks': 7793, 'vias': 797, 'zones': 6, 'keepouts': 81, 'outline': 1}
09:09:42 PM: Debug: Adding duplicate image handler for 'PNG file'
09:09:42 PM: Debug: Adding duplicate image handler for 'JPEG file'
09:09:42 PM: Debug: Adding duplicate image handler for 'TIFF file'
09:09:42 PM: Debug: Adding duplicate image handler for 'GIF file'
09:09:42 PM: Debug: Adding duplicate image handler for 'PNM file'
09:09:42 PM: Debug: Adding duplicate image handler for 'PCX file'
09:09:42 PM: Debug: Adding duplicate image handler for 'IFF file'
09:09:42 PM: Debug: Adding duplicate image handler for 'Windows icon file'
09:09:42 PM: Debug: Adding duplicate image handler for 'Windows cursor file'
09:09:42 PM: Debug: Adding duplicate image handler for 'Windows animated cursor file'
09:09:42 PM: Debug: Adding duplicate image handler for 'TGA file'
09:09:42 PM: Debug: Adding duplicate image handler for 'XPM file'
kicad_ops done /Users/deepakdiwan/Downloads/VitalQ_Route_v9/candidates/R2-28/vitalq_v2.kicad_pcb
swig/python detected a memory leak of type 'PCB_TRACK *', no destructor found.
swig/python detected a memory leak of type 'PCB_VIA *', no destructor found.
swig/python detected a memory leak of type 'PCB_TRACK *', no destructor found.
swig/python detected a memory leak of type 'PCB_TRACK *', no destructor found.
swig/python detected a memory leak of type 'PCB_TRACK *', no destructor found.
swig/python detected a memory leak of type 'PCB_TRACK *', no destructor found.
swig/python detected a memory leak of type 'PCB_TRACK *', no destructor found.
swig/python detected a memory leak of type 'PCB_TRACK *', no destructor found.
swig/python detected a memory leak of type 'PCB_TRACK *', no destructor found.
swig/python detected a memory leak of type 'PCB_TRACK *', no destructor found.
swig/python detected a memory leak of type 'PCB_TRACK *', no destructor found.
swig/python detected a memory leak of type 'PCB_TRACK *', no destructor found.
swig/python detected a memory leak of type 'PCB_TRACK *', no destructor found.
swig/python detected a memory leak of type 'PCB_TRACK *', no destructor found.
swig/python detected a memory leak of type 'PCB_TRACK *', no destructor found.
swig/python detected a memory leak of type 'PCB_TRACK *', no destructor found.
swig/python detected a memory leak of type 'PCB_TRACK *', no destructor found.
swig/python detected a memory leak of type 'PCB_TRACK *', no destructor found.
swig/python detected a memory leak of type 'PCB_TRACK *', no destructor found.
swig/python detected a memory leak of type 'PCB_TRACK *', no destructor found.
swig/python detected a memory leak of type 'PCB_TRACK *', no destructor found.
swig/python detected a memory leak of type 'PCB_TRACK *', no destructor found.
swig/python detected a memory leak of type 'PCB_TRACK *', no destructor found.
swig/python detected a memory leak of type 'PCB_TRACK *', no destructor found.
swig/python detected a memory leak of type 'PCB_TRACK *', no destructor found.
swig/python detected a memory leak of type 'PCB_TRACK *', no destructor found.
swig/python detected a memory leak of type 'PCB_TRACK *', no destructor found.
swig/python detected a memory leak of type 'PCB_TRACK *', no destructor found.
swig/python detected a memory leak of type 'PCB_TRACK *', no destructor found.
swig/python detected a memory leak of type 'PCB_TRACK *', no destructor found.
swig/python detected a memory leak of type 'PCB_TRACK *', no destructor found.
swig/python detected a memory leak of type 'PCB_TRACK *', no destructor found.
swig/python detected a memory leak of type 'PCB_TRACK *', no destructor found.
swig/python detected a memory leak of type 'PCB_TRACK *', no destructor found.
swig/python detected a memory leak of type 'PCB_TRACK *', no destructor found.
swig/python detected a memory leak of type 'PCB_TRACK *', no destructor found.
swig/python detected a memory leak of type 'PCB_TRACK *', no destructor found.
Fontconfig error: Cannot load default config file: No such file: (null)
Found 332 violations
Found 21 unconnected items
Found 29 schematic parity issues
Saved DRC Report to /Users/deepakdiwan/Downloads/VitalQ_Route_v9/candidates/R2-28/drc.json
Saved board
{"unconnected": 21, "real": 244, "total": 332, "parity": 29, "types": {"items_not_allowed": 201, "hole_clearance": 16, "shorting_items": 3, "clearance": 10, "npth_inside_courtyard": 1, "courtyards_overlap": 1, "solder_mask_bridge": 5, "track_dangling": 6, "via_dangling": 1, "silk_edge_clearance": 14, "lib_footprint_issues": 53, "lib_footprint_mismatch": 3, "text_height": 15, "text_thickness": 1, "silk_overlap": 2}}
dangling repair round 5: 5 new items
09:09:57 PM: Debug: Adding duplicate image handler for 'PNG file'
09:09:57 PM: Debug: Adding duplicate image handler for 'JPEG file'
09:09:57 PM: Debug: Adding duplicate image handler for 'TIFF file'
09:09:57 PM: Debug: Adding duplicate image handler for 'GIF file'
09:09:57 PM: Debug: Adding duplicate image handler for 'PNM file'
09:09:57 PM: Debug: Adding duplicate image handler for 'PCX file'
09:09:57 PM: Debug: Adding duplicate image handler for 'IFF file'
09:09:57 PM: Debug: Adding duplicate image handler for 'Windows icon file'
09:09:57 PM: Debug: Adding duplicate image handler for 'Windows cursor file'
09:09:57 PM: Debug: Adding duplicate image handler for 'Windows animated cursor file'
09:09:57 PM: Debug: Adding duplicate image handler for 'TGA file'
09:09:57 PM: Debug: Adding duplicate image handler for 'XPM file'
{'pads': 1020, 'tracks': 7756, 'vias': 796, 'zones': 6, 'keepouts': 81, 'outline': 1}
09:10:06 PM: Debug: Adding duplicate image handler for 'PNG file'
09:10:06 PM: Debug: Adding duplicate image handler for 'JPEG file'
09:10:06 PM: Debug: Adding duplicate image handler for 'TIFF file'
09:10:06 PM: Debug: Adding duplicate image handler for 'GIF file'
09:10:06 PM: Debug: Adding duplicate image handler for 'PNM file'
09:10:06 PM: Debug: Adding duplicate image handler for 'PCX file'
09:10:06 PM: Debug: Adding duplicate image handler for 'IFF file'
09:10:06 PM: Debug: Adding duplicate image handler for 'Windows icon file'
09:10:06 PM: Debug: Adding duplicate image handler for 'Windows cursor file'
09:10:06 PM: Debug: Adding duplicate image handler for 'Windows animated cursor file'
09:10:06 PM: Debug: Adding duplicate image handler for 'TGA file'
09:10:06 PM: Debug: Adding duplicate image handler for 'XPM file'
kicad_ops done /Users/deepakdiwan/Downloads/VitalQ_Route_v9/candidates/R2-28/vitalq_v2.kicad_pcb
swig/python detected a memory leak of type 'PCB_TRACK *', no destructor found.
swig/python detected a memory leak of type 'PCB_TRACK *', no destructor found.
swig/python detected a memory leak of type 'PCB_TRACK *', no destructor found.
swig/python detected a memory leak of type 'PCB_TRACK *', no destructor found.
swig/python detected a memory leak of type 'PCB_TRACK *', no destructor found.
swig/python detected a memory leak of type 'PCB_TRACK *', no destructor found.
swig/python detected a memory leak of type 'PCB_TRACK *', no destructor found.
swig/python detected a memory leak of type 'PCB_TRACK *', no destructor found.
Fontconfig error: Cannot load default config file: No such file: (null)
Found 329 violations
Found 21 unconnected items
Found 29 schematic parity issues
Saved DRC Report to /Users/deepakdiwan/Downloads/VitalQ_Route_v9/candidates/R2-28/drc.json
Saved board
{"unconnected": 21, "real": 241, "total": 329, "parity": 29, "types": {"items_not_allowed": 201, "shorting_items": 3, "hole_clearance": 16, "clearance": 10, "npth_inside_courtyard": 1, "courtyards_overlap": 1, "solder_mask_bridge": 5, "track_dangling": 4, "silk_edge_clearance": 14, "lib_footprint_issues": 53, "lib_footprint_mismatch": 3, "text_height": 15, "text_thickness": 1, "silk_overlap": 2}}
dangling repair round 6: 2 new items
09:10:19 PM: Debug: Adding duplicate image handler for 'PNG file'
09:10:19 PM: Debug: Adding duplicate image handler for 'JPEG file'
09:10:19 PM: Debug: Adding duplicate image handler for 'TIFF file'
09:10:19 PM: Debug: Adding duplicate image handler for 'GIF file'
09:10:19 PM: Debug: Adding duplicate image handler for 'PNM file'
09:10:19 PM: Debug: Adding duplicate image handler for 'PCX file'
09:10:19 PM: Debug: Adding duplicate image handler for 'IFF file'
09:10:19 PM: Debug: Adding duplicate image handler for 'Windows icon file'
09:10:19 PM: Debug: Adding duplicate image handler for 'Windows cursor file'
09:10:19 PM: Debug: Adding duplicate image handler for 'Windows animated cursor file'
09:10:19 PM: Debug: Adding duplicate image handler for 'TGA file'
09:10:19 PM: Debug: Adding duplicate image handler for 'XPM file'
{'pads': 1020, 'tracks': 7748, 'vias': 795, 'zones': 6, 'keepouts': 81, 'outline': 1}
09:10:28 PM: Debug: Adding duplicate image handler for 'PNG file'
09:10:28 PM: Debug: Adding duplicate image handler for 'JPEG file'
09:10:28 PM: Debug: Adding duplicate image handler for 'TIFF file'
09:10:28 PM: Debug: Adding duplicate image handler for 'GIF file'
09:10:28 PM: Debug: Adding duplicate image handler for 'PNM file'
09:10:28 PM: Debug: Adding duplicate image handler for 'PCX file'
09:10:28 PM: Debug: Adding duplicate image handler for 'IFF file'
09:10:28 PM: Debug: Adding duplicate image handler for 'Windows icon file'
09:10:28 PM: Debug: Adding duplicate image handler for 'Windows cursor file'
09:10:28 PM: Debug: Adding duplicate image handler for 'Windows animated cursor file'
09:10:28 PM: Debug: Adding duplicate image handler for 'TGA file'
09:10:28 PM: Debug: Adding duplicate image handler for 'XPM file'
{'pads': 1020, 'tracks': 7748, 'vias': 795, 'zones': 6, 'keepouts': 81, 'outline': 1}
{
  "invariants": {
    "footprints_identical": true,
    "moved_footprints_same_side_same_lock": true,
    "pad_geometry_and_nets_identical": false,
    "rule_areas_same_shape_layers_superset": true,
    "outline_identical": true,
    "copper_layer_count_ok": true,
    "through_vias_only": true
  },
  "preserved_pad_groups_checked": 187,
  "pad_connectivity_regressions": 10,
  "keepout_layer_intersections": 384,
  "new_keepout_hits": 63,
  "via_hole_copper_gaps": 9,
  "new_via_hole_copper_gaps": 0,
  "hole_pairs": 0,
  "new_hole_pairs": 0,
  "via_in_pad": 38,
  "pass": false
}
R2-28: REJECTED (streak 8); new native faults 16; audit FAIL
unconnected 20 -> 20 (candidate 21); real 233 -> 233 (candidate 241)
next: R2-29 fix faults of the adopted 8L candidate; R2-30 U11 rotate; C59
