/Users/deepakdiwan/Downloads/VitalQ_Route_v9/backups/20261009_193950_R2-20_C59_move_alt
kicad_ops done /Users/deepakdiwan/Downloads/VitalQ_Route_v9/candidates/R2-20/stage1/vitalq_v2.kicad_pcb
Fontconfig error: Cannot load default config file: No such file: (null)
Found 380 violations
Found 20 unconnected items
Found 29 schematic parity issues
Saved DRC Report to /Users/deepakdiwan/Downloads/VitalQ_Route_v9/candidates/R2-20/stage1/drc.json
Saved board
{"unconnected": 20, "real": 293, "total": 380, "parity": 29, "types": {"items_not_allowed": 200, "clearance": 18, "hole_clearance": 37, "shorting_items": 25, "tracks_crossing": 3, "solder_mask_bridge": 8, "track_dangling": 2, "silk_edge_clearance": 14, "lib_footprint_issues": 53, "lib_footprint_mismatch": 3, "text_height": 15, "text_thickness": 1, "silk_overlap": 1}}
{'pads': 1020, 'tracks': 7961, 'vias': 735, 'zones': 5, 'keepouts': 81, 'outline': 1}
ripped [('GND', 'vias'), ('GND', 'tracks'), ('GND', 'tracks'), ('SWEAT_WE', 'tracks'), ('GND', 'tracks'), ('GND', 'tracks'), ('GND', 'tracks'), ('GND', 'tracks'), ('GND', 'tracks'), ('GND', 'tracks'), ('GND', 'tracks'), ('GND', 'tracks'), ('GND', 'tracks'), ('SWEAT_WE', 'tracks'), ('GND', 'tracks'), ('GND', 'tracks'), ('GND', 'tracks'), ('GND', 'tracks'), ('SWEAT_WE', 'vias'), ('GND', 'tracks')]
ROUTED +3V3 C59 1 tracks 1 vias
ROUTED GND C59 1 tracks 0 vias
FAILED SWEAT_WE D26 R2-20 C59 drag (+0.75,-1.00), local hit rip, A* to +3V3 plane via outside hv_inner, 60 s budget, margin 3 mm no path (expanded 2410 cells)
FAILED SWEAT_WE D26 R2-20 C59 drag (+0.75,-1.00), local hit rip, A* to +3V3 plane via outside hv_inner, 60 s budget, margin 7 mm no path (expanded 2470 cells)
FAILED SWEAT_WE J12 R2-20 C59 drag (+0.75,-1.00), local hit rip, A* to +3V3 plane via outside hv_inner, 60 s budget, margin 3 mm no path (expanded 264285 cells)
ROUTED SWEAT_WE J12 6 tracks 2 vias
kicad_ops done /Users/deepakdiwan/Downloads/VitalQ_Route_v9/candidates/R2-20/vitalq_v2.kicad_pcb
swig/python detected a memory leak of type 'PCB_TRACK *', no destructor found.
swig/python detected a memory leak of type 'PCB_TRACK *', no destructor found.
swig/python detected a memory leak of type 'PCB_TRACK *', no destructor found.
swig/python detected a memory leak of type 'PCB_TRACK *', no destructor found.
swig/python detected a memory leak of type 'PCB_TRACK *', no destructor found.
swig/python detected a memory leak of type 'PCB_TRACK *', no destructor found.
swig/python detected a memory leak of type 'PCB_TRACK *', no destructor found.
swig/python detected a memory leak of type 'PCB_TRACK *', no destructor found.
Fontconfig error: Cannot load default config file: No such file: (null)
Found 323 violations
Found 20 unconnected items
Found 29 schematic parity issues
Saved DRC Report to /Users/deepakdiwan/Downloads/VitalQ_Route_v9/candidates/R2-20/drc.json
Saved board
{"unconnected": 20, "real": 236, "total": 323, "parity": 29, "types": {"items_not_allowed": 200, "hole_clearance": 22, "clearance": 9, "track_dangling": 5, "silk_edge_clearance": 14, "lib_footprint_issues": 53, "lib_footprint_mismatch": 3, "text_height": 15, "text_thickness": 1, "silk_overlap": 1}}
dangling repair round 1: 3 new items
{'pads': 1020, 'tracks': 7951, 'vias': 736, 'zones': 5, 'keepouts': 81, 'outline': 1}
kicad_ops done /Users/deepakdiwan/Downloads/VitalQ_Route_v9/candidates/R2-20/vitalq_v2.kicad_pcb
swig/python detected a memory leak of type 'PCB_TRACK *', no destructor found.
swig/python detected a memory leak of type 'PCB_TRACK *', no destructor found.
swig/python detected a memory leak of type 'PCB_TRACK *', no destructor found.
swig/python detected a memory leak of type 'PCB_TRACK *', no destructor found.
swig/python detected a memory leak of type 'PCB_TRACK *', no destructor found.
swig/python detected a memory leak of type 'PCB_TRACK *', no destructor found.
Fontconfig error: Cannot load default config file: No such file: (null)
Found 320 violations
Found 20 unconnected items
Found 29 schematic parity issues
Saved DRC Report to /Users/deepakdiwan/Downloads/VitalQ_Route_v9/candidates/R2-20/drc.json
Saved board
{"unconnected": 20, "real": 233, "total": 320, "parity": 29, "types": {"items_not_allowed": 200, "hole_clearance": 22, "clearance": 9, "track_dangling": 2, "silk_edge_clearance": 14, "lib_footprint_issues": 53, "lib_footprint_mismatch": 3, "text_height": 15, "text_thickness": 1, "silk_overlap": 1}}
{'pads': 1020, 'tracks': 7944, 'vias': 736, 'zones': 5, 'keepouts': 81, 'outline': 1}
{
  "invariants": {
    "footprints_identical": true,
    "moved_footprints_unlocked_same_side_rotation": true,
    "pad_geometry_and_nets_identical": true,
    "rule_areas_identical": true,
    "outline_identical": true,
    "zone_definitions_identical": true,
    "six_layers": true,
    "through_vias_only": true
  },
  "preserved_pad_groups_checked": 187,
  "pad_connectivity_regressions": 1,
  "keepout_layer_intersections": 345,
  "new_keepout_hits": 0,
  "via_hole_copper_gaps": 9,
  "new_via_hole_copper_gaps": 0,
  "hole_pairs": 0,
  "new_hole_pairs": 0,
  "via_in_pad": 29,
  "pass": false
}
R2-20: REJECTED (streak 2); new native faults 0; audit FAIL
unconnected 20 -> 20 (candidate 20); real 233 -> 233 (candidate 233)
next: R2-20 sensor-island +3V3/TMP117 bridge; U6/U22 regional plan
