/Users/deepakdiwan/Downloads/VitalQ_Route_v9/backups/20261009_211304_R2-29_stackup8_U6_plus1p5_regional_reroute
09:13:05 PM: Debug: Adding duplicate image handler for 'PNG file'
09:13:05 PM: Debug: Adding duplicate image handler for 'JPEG file'
09:13:05 PM: Debug: Adding duplicate image handler for 'TIFF file'
09:13:05 PM: Debug: Adding duplicate image handler for 'GIF file'
09:13:05 PM: Debug: Adding duplicate image handler for 'PNM file'
09:13:05 PM: Debug: Adding duplicate image handler for 'PCX file'
09:13:05 PM: Debug: Adding duplicate image handler for 'IFF file'
09:13:05 PM: Debug: Adding duplicate image handler for 'Windows icon file'
09:13:05 PM: Debug: Adding duplicate image handler for 'Windows cursor file'
09:13:05 PM: Debug: Adding duplicate image handler for 'Windows animated cursor file'
09:13:05 PM: Debug: Adding duplicate image handler for 'TGA file'
09:13:05 PM: Debug: Adding duplicate image handler for 'XPM file'
kicad_ops done /Users/deepakdiwan/Downloads/VitalQ_Route_v9/candidates/R2-29/stage1/vitalq_v2.kicad_pcb
swig/python detected a memory leak of type 'PCB_VIA *', no destructor found.
swig/python detected a memory leak of type 'PCB_VIA *', no destructor found.
swig/python detected a memory leak of type 'PCB_TRACK *', no destructor found.
swig/python detected a memory leak of type 'PCB_VIA *', no destructor found.
swig/python detected a memory leak of type 'PCB_TRACK *', no destructor found.
swig/python detected a memory leak of type 'PCB_TRACK *', no destructor found.
swig/python detected a memory leak of type 'PCB_TRACK *', no destructor found.
swig/python detected a memory leak of type 'PCB_TRACK *', no destructor found.
swig/python detected a memory leak of type 'PCB_TRACK *', no destructor found.
swig/python detected a memory leak of type 'PCB_TRACK *', no destructor found.
swig/python detected a memory leak of type 'PCB_VIA *', no destructor found.
swig/python detected a memory leak of type 'PCB_TRACK *', no destructor found.
swig/python detected a memory leak of type 'PCB_TRACK *', no destructor found.
swig/python detected a memory leak of type 'PCB_TRACK *', no destructor found.
swig/python detected a memory leak of type 'PCB_TRACK *', no destructor found.
swig/python detected a memory leak of type 'PCB_TRACK *', no destructor found.
swig/python detected a memory leak of type 'PCB_TRACK *', no destructor found.
swig/python detected a memory leak of type 'PCB_TRACK *', no destructor found.
swig/python detected a memory leak of type 'PCB_TRACK *', no destructor found.
swig/python detected a memory leak of type 'PCB_TRACK *', no destructor found.
swig/python detected a memory leak of type 'PCB_TRACK *', no destructor found.
swig/python detected a memory leak of type 'PCB_TRACK *', no destructor found.
swig/python detected a memory leak of type 'PCB_TRACK *', no destructor found.
swig/python detected a memory leak of type 'PCB_TRACK *', no destructor found.
swig/python detected a memory leak of type 'PCB_VIA *', no destructor found.
swig/python detected a memory leak of type 'PCB_VIA *', no destructor found.
swig/python detected a memory leak of type 'PCB_VIA *', no destructor found.
swig/python detected a memory leak of type 'PCB_TRACK *', no destructor found.
swig/python detected a memory leak of type 'PCB_TRACK *', no destructor found.
swig/python detected a memory leak of type 'PCB_TRACK *', no destructor found.
swig/python detected a memory leak of type 'PCB_TRACK *', no destructor found.
swig/python detected a memory leak of type 'PCB_TRACK *', no destructor found.
Fontconfig error: Cannot load default config file: No such file: (null)
Found 411 violations
Found 43 unconnected items
Found 29 schematic parity issues
Saved DRC Report to /Users/deepakdiwan/Downloads/VitalQ_Route_v9/candidates/R2-29/stage1/drc.json
Saved board
{"unconnected": 43, "real": 325, "total": 411, "parity": 29, "types": {"items_not_allowed": 200, "hole_clearance": 28, "shorting_items": 23, "clearance": 30, "npth_inside_courtyard": 1, "solder_mask_bridge": 23, "track_dangling": 20, "silk_edge_clearance": 14, "lib_footprint_issues": 53, "lib_footprint_mismatch": 3, "text_height": 15, "text_thickness": 1}}
09:13:20 PM: Debug: Adding duplicate image handler for 'PNG file'
09:13:20 PM: Debug: Adding duplicate image handler for 'JPEG file'
09:13:20 PM: Debug: Adding duplicate image handler for 'TIFF file'
09:13:20 PM: Debug: Adding duplicate image handler for 'GIF file'
09:13:20 PM: Debug: Adding duplicate image handler for 'PNM file'
09:13:20 PM: Debug: Adding duplicate image handler for 'PCX file'
09:13:20 PM: Debug: Adding duplicate image handler for 'IFF file'
09:13:20 PM: Debug: Adding duplicate image handler for 'Windows icon file'
09:13:20 PM: Debug: Adding duplicate image handler for 'Windows cursor file'
09:13:20 PM: Debug: Adding duplicate image handler for 'Windows animated cursor file'
09:13:20 PM: Debug: Adding duplicate image handler for 'TGA file'
09:13:20 PM: Debug: Adding duplicate image handler for 'XPM file'
{'pads': 1020, 'tracks': 7935, 'vias': 727, 'zones': 6, 'keepouts': 81, 'outline': 1}
regional rip 481 items on 40 nets
U22 POFV ['A2', 'A4', 'B1', 'B2', 'C1', 'D1']
FAILED PD2_INM U6 R2-29 8-layer, U6 +1.5 east, region rip; dedicated inner layer per inner ball with reserved exit lanes; corridors first, outer ring, then ripped nets; 60 s budget U6.B3 layer 12, margin 6 mm no path (expanded 429262 cells)
FAILED PD2_INM U6 R2-29 8-layer, U6 +1.5 east, region rip; dedicated inner layer per inner ball with reserved exit lanes; corridors first, outer ring, then ripped nets; 60 s budget U6.B3 layer 12, margin 11 mm no path (expanded 871053 cells)
U6 B3 PD2_INM FAILED
ROUTED TX1 U6 16 tracks 2 vias
U6 D4 TX1 ok
ROUTED AFE_BG U6 4 tracks 1 vias
U6 D2 AFE_BG ok
ROUTED +3V3_ANA U6 8 tracks 2 vias
U6 C4 +3V3_ANA ok
ROUTED CS_AFE4900 U6 16 tracks 3 vias
U6 E3 CS_AFE4900 ok
ROUTED TX3 U6 8 tracks 2 vias
U6 E4 TX3 ok
FAILED MISO_AFE U6 R2-29 8-layer, U6 +1.5 east, region rip; dedicated inner layer per inner ball with reserved exit lanes; corridors first, outer ring, then ripped nets; 60 s budget U6.E2 layer 8, margin 6 mm no path (expanded 448606 cells)
FAILED MISO_AFE U6 R2-29 8-layer, U6 +1.5 east, region rip; dedicated inner layer per inner ball with reserved exit lanes; corridors first, outer ring, then ripped nets; 60 s budget U6.E2 layer 8, margin 11 mm no path (expanded 837727 cells)
U6 E2 MISO_AFE FAILED
ROUTED PD2_INP U6 16 tracks 1 vias
U6 B2 PD2_INP ok
ROUTED +3V3_ANA U6 6 tracks 1 vias
OUTER C1 +3V3_ANA ok
ROUTED SPI_SCK U6 9 tracks 2 vias
OUTER F3 SPI_SCK ok
ROUTED AFE4900_RESETZ U6 9 tracks 1 vias
OUTER E1 AFE4900_RESETZ ok
FAILED AFE_CLK U6 R2-29 8-layer, U6 +1.5 east, region rip; dedicated inner layer per inner ball with reserved exit lanes; corridors first, outer ring, then ripped nets; 60 s budget (outer U6.F1), margin 5 mm no path (expanded 78 cells)
FAILED AFE_CLK U6 R2-29 8-layer, U6 +1.5 east, region rip; dedicated inner layer per inner ball with reserved exit lanes; corridors first, outer ring, then ripped nets; 60 s budget (outer U6.F1), margin 10 mm no path (expanded 78 cells)
OUTER F1 AFE_CLK FAILED
ROUTED AFE4900_ADC_RDY U6 8 tracks 2 vias
OUTER F4 AFE4900_ADC_RDY ok
ROUTED TX_5V U6 5 tracks 1 vias
OUTER F5 TX_5V ok
ROUTED TX4 U6 7 tracks 1 vias
OUTER C5 TX4 ok
ROUTED AFE_INP U6 14 tracks 1 vias
OUTER B1 AFE_INP ok
ROUTED +3V3_ANA U6 2 tracks 1 vias
OUTER A4 +3V3_ANA ok
ROUTED GND U6 1 tracks 0 vias
OUTER D1 GND ok
ROUTED AFE_INM U6 8 tracks 1 vias
U6 A1 AFE_INM ok
ROUTED PD_INP U6 6 tracks 2 vias
U6 A2 PD_INP ok
ROUTED PD_INM U6 6 tracks 2 vias
U6 A3 PD_INM ok
ROUTED TX2 U6 12 tracks 2 vias
U6 E5 TX2 ok
ROUTED SPI_MOSI U6 10 tracks 1 vias
U6 F2 SPI_MOSI ok
FAILED LED2_K U22 R2-29 8-layer, U6 +1.5 east, region rip; dedicated inner layer per inner ball with reserved exit lanes; corridors first, outer ring, then ripped nets; 60 s budget U22.C1, margin 5 mm no legal start/goal cells (sealed endpoint)
FAILED LED2_K U22 R2-29 8-layer, U6 +1.5 east, region rip; dedicated inner layer per inner ball with reserved exit lanes; corridors first, outer ring, then ripped nets; 60 s budget U22.C1, margin 10 mm no legal start/goal cells (sealed endpoint)
U22 C1 LED2_K FAILED
ROUTED LED1_K U22 6 tracks 2 vias
U22 D1 LED1_K ok
ROUTED SPI_SCK U22 2 tracks 1 vias
U22 A2 SPI_SCK ok
ROUTED SPI_MOSI U22 3 tracks 1 vias
U22 A4 SPI_MOSI ok
ROUTED LED3_K U22 10 tracks 1 vias
U22 B1 LED3_K ok
ROUTED MAX86178_INT U22 5 tracks 1 vias
U22 B2 MAX86178_INT ok
ROUTED GND J8 1 tracks 0 vias
ROUTED GND C41 1 tracks 0 vias
ROUTED GND U18 1 tracks 0 vias
ROUTED GND C15 1 tracks 0 vias
ROUTED GND U22 3 tracks 0 vias
ROUTED GND U22#2 1 tracks 0 vias
ROUTED +3V3_ANA C79 2 tracks 1 vias
ROUTED TX_5V C89 4 tracks 1 vias
FAILED TX_5V U22 R2-29 8-layer, U6 +1.5 east, region rip; dedicated inner layer per inner ball with reserved exit lanes; corridors first, outer ring, then ripped nets; 60 s budget (remaining U6 nets), margin 4 mm via site [25.7, 46.5] failed exact check
ROUTED TX_5V U22 6 tracks 2 vias
FAILED AFE_CLK U6 R2-29 8-layer, U6 +1.5 east, region rip; dedicated inner layer per inner ball with reserved exit lanes; corridors first, outer ring, then ripped nets; 60 s budget (remaining U6 nets), margin 4 mm no legal start/goal cells (sealed endpoint)
BLOCKED AFE_CLK U6
ROUTED TX_5V R96 1 tracks 0 vias
ROUTED +1V8 C86/C88 7 tracks 2 vias
ROUTED CS_MAX86178 U22 1 tracks 0 vias
ROUTED +3V3_ANA R95 3 tracks 1 vias
FAILED +1V8 U22 R2-29 8-layer, U6 +1.5 east, region rip; dedicated inner layer per inner ball with reserved exit lanes; corridors first, outer ring, then ripped nets; 60 s budget (remaining U6 nets), margin 4 mm no legal start/goal cells (sealed endpoint)
FAILED +1V8 U22 R2-29 8-layer, U6 +1.5 east, region rip; dedicated inner layer per inner ball with reserved exit lanes; corridors first, outer ring, then ripped nets; 60 s budget (remaining U6 nets), margin 9 mm no legal start/goal cells (sealed endpoint)
FAILED PD_K U22 R2-29 8-layer, U6 +1.5 east, region rip; dedicated inner layer per inner ball with reserved exit lanes; corridors first, outer ring, then ripped nets; 60 s budget (remaining U6 nets), margin 4 mm no path (expanded 53676 cells)
ROUTED PD_K U22 9 tracks 2 vias
ROUTED MX_VREF U22 7 tracks 3 vias
FAILED +1V8 U22#2 R2-29 8-layer, U6 +1.5 east, region rip; dedicated inner layer per inner ball with reserved exit lanes; corridors first, outer ring, then ripped nets; 60 s budget (remaining U6 nets), margin 4 mm no legal start/goal cells (sealed endpoint)
FAILED +1V8 U22#2 R2-29 8-layer, U6 +1.5 east, region rip; dedicated inner layer per inner ball with reserved exit lanes; corridors first, outer ring, then ripped nets; 60 s budget (remaining U6 nets), margin 9 mm no legal start/goal cells (sealed endpoint)
FAILED LED2_K U22 R2-29 8-layer, U6 +1.5 east, region rip; dedicated inner layer per inner ball with reserved exit lanes; corridors first, outer ring, then ripped nets; 60 s budget (remaining U6 nets), margin 4 mm no legal start/goal cells (sealed endpoint)
BLOCKED LED2_K U22
FAILED PD_A U22 R2-29 8-layer, U6 +1.5 east, region rip; dedicated inner layer per inner ball with reserved exit lanes; corridors first, outer ring, then ripped nets; 60 s budget (remaining U6 nets), margin 4 mm no path (expanded 36 cells)
FAILED PD_A U22 R2-29 8-layer, U6 +1.5 east, region rip; dedicated inner layer per inner ball with reserved exit lanes; corridors first, outer ring, then ripped nets; 60 s budget (remaining U6 nets), margin 9 mm no path (expanded 36 cells)
ROUTED +1V8 C36/U10 11 tracks 1 vias
ROUTED MX_SDO_1V8 U22 3 tracks 0 vias
ROUTED PD_K J10 4 tracks 1 vias
ROUTED +3V3 J8 1 tracks 0 vias
ROUTED +3V3 U18 1 tracks 0 vias
FAILED +3V3 U20 R2-29 8-layer, U6 +1.5 east, region rip; dedicated inner layer per inner ball with reserved exit lanes; corridors first, outer ring, then ripped nets; 60 s budget (wall/other nets), margin 4 mm no path (expanded 300 cells)
FAILED +3V3 U20 R2-29 8-layer, U6 +1.5 east, region rip; dedicated inner layer per inner ball with reserved exit lanes; corridors first, outer ring, then ripped nets; 60 s budget (wall/other nets), margin 9 mm no path (expanded 300 cells)
ROUTED +3V3_ESP R94 1 tracks 0 vias
ROUTED I2C_SDA U20 3 tracks 1 vias
FAILED I2C_SCL U19 R2-29 8-layer, U6 +1.5 east, region rip; dedicated inner layer per inner ball with reserved exit lanes; corridors first, outer ring, then ripped nets; 60 s budget (wall/other nets), margin 4 mm no path (expanded 579 cells)
FAILED I2C_SCL U19 R2-29 8-layer, U6 +1.5 east, region rip; dedicated inner layer per inner ball with reserved exit lanes; corridors first, outer ring, then ripped nets; 60 s budget (wall/other nets), margin 9 mm no path (expanded 579 cells)
FAILED I2C_SDA U19 R2-29 8-layer, U6 +1.5 east, region rip; dedicated inner layer per inner ball with reserved exit lanes; corridors first, outer ring, then ripped nets; 60 s budget (wall/other nets), margin 4 mm no path (expanded 9391 cells)
ROUTED I2C_SDA U19 6 tracks 1 vias
ROUTED ESP_IO0 J8 3 tracks 0 vias
FAILED CS_FLASH U18 R2-29 8-layer, U6 +1.5 east, region rip; dedicated inner layer per inner ball with reserved exit lanes; corridors first, outer ring, then ripped nets; 60 s budget (wall/other nets), margin 4 mm no path (expanded 60567 cells)
ROUTED CS_FLASH U18 14 tracks 3 vias
ROUTED ESP_EN R5/SW1 5 tracks 2 vias
ROUTED MISO_FL U18 8 tracks 2 vias
ROUTED I2C_SCL_1V8 TP16/U10/U12 5 tracks 2 vias
ROUTED I2C_SDA_1V8 R21/U9 3 tracks 0 vias
ROUTED SWEAT_CE R122/U7 6 tracks 3 vias
ROUTED AFE_N_PAD J5 10 tracks 0 vias
FAILED AFE_P_PAD J5 R2-29 8-layer, U6 +1.5 east, region rip; dedicated inner layer per inner ball with reserved exit lanes; corridors first, outer ring, then ripped nets; 60 s budget (wall/other nets), margin 4 mm no path (expanded 208533 cells)
ROUTED AFE_P_PAD J5 13 tracks 3 vias
FAILED BIOZ_SN_PAD R83 R2-29 8-layer, U6 +1.5 east, region rip; dedicated inner layer per inner ball with reserved exit lanes; corridors first, outer ring, then ripped nets; 60 s budget (wall/other nets), margin 4 mm no path (expanded 93136 cells)
ROUTED BIOZ_SN_PAD R83 16 tracks 4 vias
FAILED ESP_EN J8 R2-29 8-layer, U6 +1.5 east, region rip; dedicated inner layer per inner ball with reserved exit lanes; corridors first, outer ring, then ripped nets; 60 s budget (wall/other nets), margin 4 mm no path (expanded 20126 cells)
ROUTED ESP_EN J8 14 tracks 4 vias
FAILED ESP_RX J8 R2-29 8-layer, U6 +1.5 east, region rip; dedicated inner layer per inner ball with reserved exit lanes; corridors first, outer ring, then ripped nets; 60 s budget (wall/other nets), margin 4 mm no path (expanded 451 cells)
FAILED ESP_RX J8 R2-29 8-layer, U6 +1.5 east, region rip; dedicated inner layer per inner ball with reserved exit lanes; corridors first, outer ring, then ripped nets; 60 s budget (wall/other nets), margin 9 mm no path (expanded 451 cells)
FAILED ESP_RX TP12 R2-29 8-layer, U6 +1.5 east, region rip; dedicated inner layer per inner ball with reserved exit lanes; corridors first, outer ring, then ripped nets; 60 s budget (wall/other nets), margin 4 mm no path (expanded 360225 cells)
ROUTED ESP_RX TP12 18 tracks 2 vias
FAILED ESP_TX J8 R2-29 8-layer, U6 +1.5 east, region rip; dedicated inner layer per inner ball with reserved exit lanes; corridors first, outer ring, then ripped nets; 60 s budget (wall/other nets), margin 4 mm no path (expanded 2381 cells)
FAILED ESP_TX J8 R2-29 8-layer, U6 +1.5 east, region rip; dedicated inner layer per inner ball with reserved exit lanes; corridors first, outer ring, then ripped nets; 60 s budget (wall/other nets), margin 9 mm no path (expanded 4336 cells)
FAILED NIR_K D12 R2-29 8-layer, U6 +1.5 east, region rip; dedicated inner layer per inner ball with reserved exit lanes; corridors first, outer ring, then ripped nets; 60 s budget (wall/other nets), margin 4 mm no path (expanded 119627 cells)
FAILED NIR_K D12 R2-29 8-layer, U6 +1.5 east, region rip; dedicated inner layer per inner ball with reserved exit lanes; corridors first, outer ring, then ripped nets; 60 s budget (wall/other nets), margin 9 mm no path (expanded 282310 cells)
ROLLBACK B3
ROLLBACK E2
09:19:58 PM: Debug: Adding duplicate image handler for 'PNG file'
09:19:58 PM: Debug: Adding duplicate image handler for 'JPEG file'
09:19:58 PM: Debug: Adding duplicate image handler for 'TIFF file'
09:19:58 PM: Debug: Adding duplicate image handler for 'GIF file'
09:19:58 PM: Debug: Adding duplicate image handler for 'PNM file'
09:19:58 PM: Debug: Adding duplicate image handler for 'PCX file'
09:19:58 PM: Debug: Adding duplicate image handler for 'IFF file'
09:19:58 PM: Debug: Adding duplicate image handler for 'Windows icon file'
09:19:58 PM: Debug: Adding duplicate image handler for 'Windows cursor file'
09:19:58 PM: Debug: Adding duplicate image handler for 'Windows animated cursor file'
09:19:58 PM: Debug: Adding duplicate image handler for 'TGA file'
09:19:58 PM: Debug: Adding duplicate image handler for 'XPM file'
kicad_ops done /Users/deepakdiwan/Downloads/VitalQ_Route_v9/candidates/R2-29/vitalq_v2.kicad_pcb
Fontconfig error: Cannot load default config file: No such file: (null)
Found 349 violations
Found 22 unconnected items
Found 29 schematic parity issues
Saved DRC Report to /Users/deepakdiwan/Downloads/VitalQ_Route_v9/candidates/R2-29/drc.json
Saved board
{"unconnected": 22, "real": 263, "total": 349, "parity": 29, "types": {"items_not_allowed": 199, "hole_clearance": 13, "clearance": 9, "npth_inside_courtyard": 1, "track_dangling": 39, "via_dangling": 2, "silk_edge_clearance": 14, "lib_footprint_issues": 53, "lib_footprint_mismatch": 3, "text_height": 15, "text_thickness": 1}}
dangling repair round 1: 39 new items
09:20:13 PM: Debug: Adding duplicate image handler for 'PNG file'
09:20:13 PM: Debug: Adding duplicate image handler for 'JPEG file'
09:20:13 PM: Debug: Adding duplicate image handler for 'TIFF file'
09:20:13 PM: Debug: Adding duplicate image handler for 'GIF file'
09:20:13 PM: Debug: Adding duplicate image handler for 'PNM file'
09:20:13 PM: Debug: Adding duplicate image handler for 'PCX file'
09:20:13 PM: Debug: Adding duplicate image handler for 'IFF file'
09:20:13 PM: Debug: Adding duplicate image handler for 'Windows icon file'
09:20:13 PM: Debug: Adding duplicate image handler for 'Windows cursor file'
09:20:13 PM: Debug: Adding duplicate image handler for 'Windows animated cursor file'
09:20:13 PM: Debug: Adding duplicate image handler for 'TGA file'
09:20:13 PM: Debug: Adding duplicate image handler for 'XPM file'
{'pads': 1020, 'tracks': 7868, 'vias': 800, 'zones': 6, 'keepouts': 81, 'outline': 1}
09:20:23 PM: Debug: Adding duplicate image handler for 'PNG file'
09:20:23 PM: Debug: Adding duplicate image handler for 'JPEG file'
09:20:23 PM: Debug: Adding duplicate image handler for 'TIFF file'
09:20:23 PM: Debug: Adding duplicate image handler for 'GIF file'
09:20:23 PM: Debug: Adding duplicate image handler for 'PNM file'
09:20:23 PM: Debug: Adding duplicate image handler for 'PCX file'
09:20:23 PM: Debug: Adding duplicate image handler for 'IFF file'
09:20:23 PM: Debug: Adding duplicate image handler for 'Windows icon file'
09:20:23 PM: Debug: Adding duplicate image handler for 'Windows cursor file'
09:20:23 PM: Debug: Adding duplicate image handler for 'Windows animated cursor file'
09:20:23 PM: Debug: Adding duplicate image handler for 'TGA file'
09:20:23 PM: Debug: Adding duplicate image handler for 'XPM file'
kicad_ops done /Users/deepakdiwan/Downloads/VitalQ_Route_v9/candidates/R2-29/vitalq_v2.kicad_pcb
swig/python detected a memory leak of type 'PCB_TRACK *', no destructor found.
swig/python detected a memory leak of type 'PCB_TRACK *', no destructor found.
swig/python detected a memory leak of type 'PCB_TRACK *', no destructor found.
swig/python detected a memory leak of type 'PCB_TRACK *', no destructor found.
swig/python detected a memory leak of type 'PCB_TRACK *', no destructor found.
swig/python detected a memory leak of type 'PCB_TRACK *', no destructor found.
swig/python detected a memory leak of type 'PCB_TRACK *', no destructor found.
swig/python detected a memory leak of type 'PCB_TRACK *', no destructor found.
swig/python detected a memory leak of type 'PCB_TRACK *', no destructor found.
swig/python detected a memory leak of type 'PCB_TRACK *', no destructor found.
swig/python detected a memory leak of type 'PCB_TRACK *', no destructor found.
swig/python detected a memory leak of type 'PCB_TRACK *', no destructor found.
swig/python detected a memory leak of type 'PCB_VIA *', no destructor found.
swig/python detected a memory leak of type 'PCB_TRACK *', no destructor found.
swig/python detected a memory leak of type 'PCB_TRACK *', no destructor found.
swig/python detected a memory leak of type 'PCB_VIA *', no destructor found.
swig/python detected a memory leak of type 'PCB_TRACK *', no destructor found.
swig/python detected a memory leak of type 'PCB_TRACK *', no destructor found.
swig/python detected a memory leak of type 'PCB_TRACK *', no destructor found.
swig/python detected a memory leak of type 'PCB_TRACK *', no destructor found.
swig/python detected a memory leak of type 'PCB_TRACK *', no destructor found.
swig/python detected a memory leak of type 'PCB_TRACK *', no destructor found.
swig/python detected a memory leak of type 'PCB_TRACK *', no destructor found.
swig/python detected a memory leak of type 'PCB_TRACK *', no destructor found.
swig/python detected a memory leak of type 'PCB_TRACK *', no destructor found.
swig/python detected a memory leak of type 'PCB_TRACK *', no destructor found.
swig/python detected a memory leak of type 'PCB_TRACK *', no destructor found.
swig/python detected a memory leak of type 'PCB_TRACK *', no destructor found.
swig/python detected a memory leak of type 'PCB_TRACK *', no destructor found.
swig/python detected a memory leak of type 'PCB_TRACK *', no destructor found.
swig/python detected a memory leak of type 'PCB_TRACK *', no destructor found.
swig/python detected a memory leak of type 'PCB_TRACK *', no destructor found.
swig/python detected a memory leak of type 'PCB_TRACK *', no destructor found.
swig/python detected a memory leak of type 'PCB_TRACK *', no destructor found.
swig/python detected a memory leak of type 'PCB_TRACK *', no destructor found.
swig/python detected a memory leak of type 'PCB_TRACK *', no destructor found.
swig/python detected a memory leak of type 'PCB_TRACK *', no destructor found.
Fontconfig error: Cannot load default config file: No such file: (null)
Found 341 violations
Found 22 unconnected items
Found 29 schematic parity issues
Saved DRC Report to /Users/deepakdiwan/Downloads/VitalQ_Route_v9/candidates/R2-29/drc.json
Saved board
{"unconnected": 22, "real": 255, "total": 341, "parity": 29, "types": {"items_not_allowed": 199, "hole_clearance": 13, "clearance": 9, "npth_inside_courtyard": 1, "track_dangling": 29, "via_dangling": 4, "silk_edge_clearance": 14, "lib_footprint_issues": 53, "lib_footprint_mismatch": 3, "text_height": 15, "text_thickness": 1}}
dangling repair round 2: 31 new items
09:20:38 PM: Debug: Adding duplicate image handler for 'PNG file'
09:20:38 PM: Debug: Adding duplicate image handler for 'JPEG file'
09:20:38 PM: Debug: Adding duplicate image handler for 'TIFF file'
09:20:38 PM: Debug: Adding duplicate image handler for 'GIF file'
09:20:38 PM: Debug: Adding duplicate image handler for 'PNM file'
09:20:38 PM: Debug: Adding duplicate image handler for 'PCX file'
09:20:38 PM: Debug: Adding duplicate image handler for 'IFF file'
09:20:38 PM: Debug: Adding duplicate image handler for 'Windows icon file'
09:20:38 PM: Debug: Adding duplicate image handler for 'Windows cursor file'
09:20:38 PM: Debug: Adding duplicate image handler for 'Windows animated cursor file'
09:20:38 PM: Debug: Adding duplicate image handler for 'TGA file'
09:20:38 PM: Debug: Adding duplicate image handler for 'XPM file'
{'pads': 1020, 'tracks': 7832, 'vias': 798, 'zones': 6, 'keepouts': 81, 'outline': 1}
09:20:47 PM: Debug: Adding duplicate image handler for 'PNG file'
09:20:47 PM: Debug: Adding duplicate image handler for 'JPEG file'
09:20:47 PM: Debug: Adding duplicate image handler for 'TIFF file'
09:20:47 PM: Debug: Adding duplicate image handler for 'GIF file'
09:20:47 PM: Debug: Adding duplicate image handler for 'PNM file'
09:20:47 PM: Debug: Adding duplicate image handler for 'PCX file'
09:20:47 PM: Debug: Adding duplicate image handler for 'IFF file'
09:20:47 PM: Debug: Adding duplicate image handler for 'Windows icon file'
09:20:47 PM: Debug: Adding duplicate image handler for 'Windows cursor file'
09:20:47 PM: Debug: Adding duplicate image handler for 'Windows animated cursor file'
09:20:47 PM: Debug: Adding duplicate image handler for 'TGA file'
09:20:47 PM: Debug: Adding duplicate image handler for 'XPM file'
kicad_ops done /Users/deepakdiwan/Downloads/VitalQ_Route_v9/candidates/R2-29/vitalq_v2.kicad_pcb
swig/python detected a memory leak of type 'PCB_VIA *', no destructor found.
swig/python detected a memory leak of type 'PCB_TRACK *', no destructor found.
swig/python detected a memory leak of type 'PCB_TRACK *', no destructor found.
swig/python detected a memory leak of type 'PCB_TRACK *', no destructor found.
swig/python detected a memory leak of type 'PCB_TRACK *', no destructor found.
swig/python detected a memory leak of type 'PCB_TRACK *', no destructor found.
swig/python detected a memory leak of type 'PCB_TRACK *', no destructor found.
swig/python detected a memory leak of type 'PCB_VIA *', no destructor found.
swig/python detected a memory leak of type 'PCB_TRACK *', no destructor found.
swig/python detected a memory leak of type 'PCB_TRACK *', no destructor found.
swig/python detected a memory leak of type 'PCB_TRACK *', no destructor found.
swig/python detected a memory leak of type 'PCB_TRACK *', no destructor found.
swig/python detected a memory leak of type 'PCB_TRACK *', no destructor found.
swig/python detected a memory leak of type 'PCB_TRACK *', no destructor found.
swig/python detected a memory leak of type 'PCB_TRACK *', no destructor found.
swig/python detected a memory leak of type 'PCB_TRACK *', no destructor found.
swig/python detected a memory leak of type 'PCB_TRACK *', no destructor found.
swig/python detected a memory leak of type 'PCB_TRACK *', no destructor found.
swig/python detected a memory leak of type 'PCB_TRACK *', no destructor found.
swig/python detected a memory leak of type 'PCB_TRACK *', no destructor found.
swig/python detected a memory leak of type 'PCB_TRACK *', no destructor found.
swig/python detected a memory leak of type 'PCB_TRACK *', no destructor found.
swig/python detected a memory leak of type 'PCB_TRACK *', no destructor found.
swig/python detected a memory leak of type 'PCB_TRACK *', no destructor found.
swig/python detected a memory leak of type 'PCB_TRACK *', no destructor found.
swig/python detected a memory leak of type 'PCB_TRACK *', no destructor found.
swig/python detected a memory leak of type 'PCB_TRACK *', no destructor found.
swig/python detected a memory leak of type 'PCB_TRACK *', no destructor found.
swig/python detected a memory leak of type 'PCB_TRACK *', no destructor found.
swig/python detected a memory leak of type 'PCB_TRACK *', no destructor found.
swig/python detected a memory leak of type 'PCB_TRACK *', no destructor found.
swig/python detected a memory leak of type 'PCB_TRACK *', no destructor found.
swig/python detected a memory leak of type 'PCB_TRACK *', no destructor found.
swig/python detected a memory leak of type 'PCB_TRACK *', no destructor found.
swig/python detected a memory leak of type 'PCB_TRACK *', no destructor found.
swig/python detected a memory leak of type 'PCB_VIA *', no destructor found.
swig/python detected a memory leak of type 'PCB_TRACK *', no destructor found.
swig/python detected a memory leak of type 'PCB_TRACK *', no destructor found.
swig/python detected a memory leak of type 'PCB_TRACK *', no destructor found.
swig/python detected a memory leak of type 'PCB_TRACK *', no destructor found.
Fontconfig error: Cannot load default config file: No such file: (null)
Found 336 violations
Found 22 unconnected items
Found 29 schematic parity issues
Saved DRC Report to /Users/deepakdiwan/Downloads/VitalQ_Route_v9/candidates/R2-29/drc.json
Saved board
{"unconnected": 22, "real": 250, "total": 336, "parity": 29, "types": {"items_not_allowed": 199, "hole_clearance": 13, "clearance": 9, "npth_inside_courtyard": 1, "track_dangling": 28, "silk_edge_clearance": 14, "lib_footprint_issues": 53, "lib_footprint_mismatch": 3, "text_height": 15, "text_thickness": 1}}
dangling repair round 3: 26 new items
09:21:01 PM: Debug: Adding duplicate image handler for 'PNG file'
09:21:01 PM: Debug: Adding duplicate image handler for 'JPEG file'
09:21:01 PM: Debug: Adding duplicate image handler for 'TIFF file'
09:21:01 PM: Debug: Adding duplicate image handler for 'GIF file'
09:21:01 PM: Debug: Adding duplicate image handler for 'PNM file'
09:21:01 PM: Debug: Adding duplicate image handler for 'PCX file'
09:21:01 PM: Debug: Adding duplicate image handler for 'IFF file'
09:21:01 PM: Debug: Adding duplicate image handler for 'Windows icon file'
09:21:01 PM: Debug: Adding duplicate image handler for 'Windows cursor file'
09:21:01 PM: Debug: Adding duplicate image handler for 'Windows animated cursor file'
09:21:01 PM: Debug: Adding duplicate image handler for 'TGA file'
09:21:01 PM: Debug: Adding duplicate image handler for 'XPM file'
{'pads': 1020, 'tracks': 7795, 'vias': 794, 'zones': 6, 'keepouts': 81, 'outline': 1}
09:21:10 PM: Debug: Adding duplicate image handler for 'PNG file'
09:21:10 PM: Debug: Adding duplicate image handler for 'JPEG file'
09:21:10 PM: Debug: Adding duplicate image handler for 'TIFF file'
09:21:10 PM: Debug: Adding duplicate image handler for 'GIF file'
09:21:10 PM: Debug: Adding duplicate image handler for 'PNM file'
09:21:10 PM: Debug: Adding duplicate image handler for 'PCX file'
09:21:10 PM: Debug: Adding duplicate image handler for 'IFF file'
09:21:10 PM: Debug: Adding duplicate image handler for 'Windows icon file'
09:21:10 PM: Debug: Adding duplicate image handler for 'Windows cursor file'
09:21:10 PM: Debug: Adding duplicate image handler for 'Windows animated cursor file'
09:21:10 PM: Debug: Adding duplicate image handler for 'TGA file'
09:21:10 PM: Debug: Adding duplicate image handler for 'XPM file'
kicad_ops done /Users/deepakdiwan/Downloads/VitalQ_Route_v9/candidates/R2-29/vitalq_v2.kicad_pcb
swig/python detected a memory leak of type 'PCB_TRACK *', no destructor found.
swig/python detected a memory leak of type 'PCB_TRACK *', no destructor found.
swig/python detected a memory leak of type 'PCB_TRACK *', no destructor found.
swig/python detected a memory leak of type 'PCB_TRACK *', no destructor found.
swig/python detected a memory leak of type 'PCB_TRACK *', no destructor found.
swig/python detected a memory leak of type 'PCB_TRACK *', no destructor found.
swig/python detected a memory leak of type 'PCB_TRACK *', no destructor found.
swig/python detected a memory leak of type 'PCB_TRACK *', no destructor found.
swig/python detected a memory leak of type 'PCB_TRACK *', no destructor found.
swig/python detected a memory leak of type 'PCB_TRACK *', no destructor found.
swig/python detected a memory leak of type 'PCB_TRACK *', no destructor found.
swig/python detected a memory leak of type 'PCB_TRACK *', no destructor found.
swig/python detected a memory leak of type 'PCB_TRACK *', no destructor found.
swig/python detected a memory leak of type 'PCB_TRACK *', no destructor found.
swig/python detected a memory leak of type 'PCB_TRACK *', no destructor found.
swig/python detected a memory leak of type 'PCB_TRACK *', no destructor found.
swig/python detected a memory leak of type 'PCB_TRACK *', no destructor found.
swig/python detected a memory leak of type 'PCB_TRACK *', no destructor found.
swig/python detected a memory leak of type 'PCB_TRACK *', no destructor found.
swig/python detected a memory leak of type 'PCB_TRACK *', no destructor found.
swig/python detected a memory leak of type 'PCB_TRACK *', no destructor found.
swig/python detected a memory leak of type 'PCB_TRACK *', no destructor found.
swig/python detected a memory leak of type 'PCB_TRACK *', no destructor found.
swig/python detected a memory leak of type 'PCB_TRACK *', no destructor found.
swig/python detected a memory leak of type 'PCB_TRACK *', no destructor found.
swig/python detected a memory leak of type 'PCB_TRACK *', no destructor found.
swig/python detected a memory leak of type 'PCB_TRACK *', no destructor found.
swig/python detected a memory leak of type 'PCB_TRACK *', no destructor found.
swig/python detected a memory leak of type 'PCB_TRACK *', no destructor found.
swig/python detected a memory leak of type 'PCB_TRACK *', no destructor found.
swig/python detected a memory leak of type 'PCB_TRACK *', no destructor found.
swig/python detected a memory leak of type 'PCB_TRACK *', no destructor found.
swig/python detected a memory leak of type 'PCB_TRACK *', no destructor found.
swig/python detected a memory leak of type 'PCB_TRACK *', no destructor found.
swig/python detected a memory leak of type 'PCB_TRACK *', no destructor found.
swig/python detected a memory leak of type 'PCB_TRACK *', no destructor found.
swig/python detected a memory leak of type 'PCB_TRACK *', no destructor found.
Fontconfig error: Cannot load default config file: No such file: (null)
Found 325 violations
Found 22 unconnected items
Found 29 schematic parity issues
Saved DRC Report to /Users/deepakdiwan/Downloads/VitalQ_Route_v9/candidates/R2-29/drc.json
Saved board
{"unconnected": 22, "real": 239, "total": 325, "parity": 29, "types": {"items_not_allowed": 202, "hole_clearance": 13, "clearance": 9, "npth_inside_courtyard": 1, "track_dangling": 14, "silk_edge_clearance": 14, "lib_footprint_issues": 53, "lib_footprint_mismatch": 3, "text_height": 15, "text_thickness": 1}}
dangling repair round 4: 12 new items
09:21:24 PM: Debug: Adding duplicate image handler for 'PNG file'
09:21:24 PM: Debug: Adding duplicate image handler for 'JPEG file'
09:21:24 PM: Debug: Adding duplicate image handler for 'TIFF file'
09:21:24 PM: Debug: Adding duplicate image handler for 'GIF file'
09:21:24 PM: Debug: Adding duplicate image handler for 'PNM file'
09:21:24 PM: Debug: Adding duplicate image handler for 'PCX file'
09:21:24 PM: Debug: Adding duplicate image handler for 'IFF file'
09:21:24 PM: Debug: Adding duplicate image handler for 'Windows icon file'
09:21:24 PM: Debug: Adding duplicate image handler for 'Windows cursor file'
09:21:24 PM: Debug: Adding duplicate image handler for 'Windows animated cursor file'
09:21:24 PM: Debug: Adding duplicate image handler for 'TGA file'
09:21:24 PM: Debug: Adding duplicate image handler for 'XPM file'
{'pads': 1020, 'tracks': 7757, 'vias': 794, 'zones': 6, 'keepouts': 81, 'outline': 1}
09:21:33 PM: Debug: Adding duplicate image handler for 'PNG file'
09:21:33 PM: Debug: Adding duplicate image handler for 'JPEG file'
09:21:33 PM: Debug: Adding duplicate image handler for 'TIFF file'
09:21:33 PM: Debug: Adding duplicate image handler for 'GIF file'
09:21:33 PM: Debug: Adding duplicate image handler for 'PNM file'
09:21:33 PM: Debug: Adding duplicate image handler for 'PCX file'
09:21:33 PM: Debug: Adding duplicate image handler for 'IFF file'
09:21:33 PM: Debug: Adding duplicate image handler for 'Windows icon file'
09:21:33 PM: Debug: Adding duplicate image handler for 'Windows cursor file'
09:21:33 PM: Debug: Adding duplicate image handler for 'Windows animated cursor file'
09:21:33 PM: Debug: Adding duplicate image handler for 'TGA file'
09:21:33 PM: Debug: Adding duplicate image handler for 'XPM file'
kicad_ops done /Users/deepakdiwan/Downloads/VitalQ_Route_v9/candidates/R2-29/vitalq_v2.kicad_pcb
swig/python detected a memory leak of type 'PCB_TRACK *', no destructor found.
swig/python detected a memory leak of type 'PCB_TRACK *', no destructor found.
swig/python detected a memory leak of type 'PCB_TRACK *', no destructor found.
swig/python detected a memory leak of type 'PCB_TRACK *', no destructor found.
swig/python detected a memory leak of type 'PCB_TRACK *', no destructor found.
swig/python detected a memory leak of type 'PCB_TRACK *', no destructor found.
swig/python detected a memory leak of type 'PCB_TRACK *', no destructor found.
swig/python detected a memory leak of type 'PCB_TRACK *', no destructor found.
swig/python detected a memory leak of type 'PCB_TRACK *', no destructor found.
swig/python detected a memory leak of type 'PCB_TRACK *', no destructor found.
swig/python detected a memory leak of type 'PCB_TRACK *', no destructor found.
swig/python detected a memory leak of type 'PCB_TRACK *', no destructor found.
swig/python detected a memory leak of type 'PCB_TRACK *', no destructor found.
swig/python detected a memory leak of type 'PCB_TRACK *', no destructor found.
swig/python detected a memory leak of type 'PCB_TRACK *', no destructor found.
swig/python detected a memory leak of type 'PCB_TRACK *', no destructor found.
swig/python detected a memory leak of type 'PCB_TRACK *', no destructor found.
swig/python detected a memory leak of type 'PCB_TRACK *', no destructor found.
swig/python detected a memory leak of type 'PCB_TRACK *', no destructor found.
swig/python detected a memory leak of type 'PCB_TRACK *', no destructor found.
swig/python detected a memory leak of type 'PCB_TRACK *', no destructor found.
swig/python detected a memory leak of type 'PCB_TRACK *', no destructor found.
swig/python detected a memory leak of type 'PCB_TRACK *', no destructor found.
swig/python detected a memory leak of type 'PCB_TRACK *', no destructor found.
swig/python detected a memory leak of type 'PCB_TRACK *', no destructor found.
swig/python detected a memory leak of type 'PCB_TRACK *', no destructor found.
swig/python detected a memory leak of type 'PCB_TRACK *', no destructor found.
swig/python detected a memory leak of type 'PCB_TRACK *', no destructor found.
Fontconfig error: Cannot load default config file: No such file: (null)
Found 315 violations
Found 22 unconnected items
Found 29 schematic parity issues
Saved DRC Report to /Users/deepakdiwan/Downloads/VitalQ_Route_v9/candidates/R2-29/drc.json
Saved board
{"unconnected": 22, "real": 229, "total": 315, "parity": 29, "types": {"items_not_allowed": 201, "hole_clearance": 13, "clearance": 9, "npth_inside_courtyard": 1, "track_dangling": 5, "silk_edge_clearance": 14, "lib_footprint_issues": 53, "lib_footprint_mismatch": 3, "text_height": 15, "text_thickness": 1}}
dangling repair round 5: 3 new items
09:21:47 PM: Debug: Adding duplicate image handler for 'PNG file'
09:21:47 PM: Debug: Adding duplicate image handler for 'JPEG file'
09:21:47 PM: Debug: Adding duplicate image handler for 'TIFF file'
09:21:47 PM: Debug: Adding duplicate image handler for 'GIF file'
09:21:47 PM: Debug: Adding duplicate image handler for 'PNM file'
09:21:47 PM: Debug: Adding duplicate image handler for 'PCX file'
09:21:47 PM: Debug: Adding duplicate image handler for 'IFF file'
09:21:47 PM: Debug: Adding duplicate image handler for 'Windows icon file'
09:21:47 PM: Debug: Adding duplicate image handler for 'Windows cursor file'
09:21:47 PM: Debug: Adding duplicate image handler for 'Windows animated cursor file'
09:21:47 PM: Debug: Adding duplicate image handler for 'TGA file'
09:21:47 PM: Debug: Adding duplicate image handler for 'XPM file'
{'pads': 1020, 'tracks': 7728, 'vias': 794, 'zones': 6, 'keepouts': 81, 'outline': 1}
09:21:56 PM: Debug: Adding duplicate image handler for 'PNG file'
09:21:56 PM: Debug: Adding duplicate image handler for 'JPEG file'
09:21:56 PM: Debug: Adding duplicate image handler for 'TIFF file'
09:21:56 PM: Debug: Adding duplicate image handler for 'GIF file'
09:21:56 PM: Debug: Adding duplicate image handler for 'PNM file'
09:21:56 PM: Debug: Adding duplicate image handler for 'PCX file'
09:21:56 PM: Debug: Adding duplicate image handler for 'IFF file'
09:21:56 PM: Debug: Adding duplicate image handler for 'Windows icon file'
09:21:56 PM: Debug: Adding duplicate image handler for 'Windows cursor file'
09:21:56 PM: Debug: Adding duplicate image handler for 'Windows animated cursor file'
09:21:56 PM: Debug: Adding duplicate image handler for 'TGA file'
09:21:56 PM: Debug: Adding duplicate image handler for 'XPM file'
{'pads': 1020, 'tracks': 7728, 'vias': 794, 'zones': 6, 'keepouts': 81, 'outline': 1}
{
  "invariants": {
    "footprints_identical": true,
    "moved_footprints_same_side_same_lock": true,
    "pad_geometry_and_nets_identical": false,
    "rule_areas_same_shape_layers_superset": true,
    "outline_identical": true,
    "copper_layer_count_ok": true,
    "through_vias_only": true
  },
  "preserved_pad_groups_checked": 187,
  "pad_connectivity_regressions": 10,
  "keepout_layer_intersections": 399,
  "new_keepout_hits": 65,
  "via_hole_copper_gaps": 9,
  "new_via_hole_copper_gaps": 0,
  "hole_pairs": 0,
  "new_hole_pairs": 0,
  "via_in_pad": 39,
  "pass": false
}
R2-29: REJECTED (streak 9); new native faults 4; audit FAIL
unconnected 20 -> 20 (candidate 22); real 233 -> 233 (candidate 229)
next: R2-29 fix faults of the adopted 8L candidate; R2-30 U11 rotate; C59
