/Users/deepakdiwan/Downloads/VitalQ_Route_v9/backups/20261009_195640_R2-22_U6_regional_reroute_retry
07:56:42 PM: Debug: Adding duplicate image handler for 'PNG file'
07:56:42 PM: Debug: Adding duplicate image handler for 'JPEG file'
07:56:42 PM: Debug: Adding duplicate image handler for 'TIFF file'
07:56:42 PM: Debug: Adding duplicate image handler for 'GIF file'
07:56:42 PM: Debug: Adding duplicate image handler for 'PNM file'
07:56:42 PM: Debug: Adding duplicate image handler for 'PCX file'
07:56:42 PM: Debug: Adding duplicate image handler for 'IFF file'
07:56:42 PM: Debug: Adding duplicate image handler for 'Windows icon file'
07:56:42 PM: Debug: Adding duplicate image handler for 'Windows cursor file'
07:56:42 PM: Debug: Adding duplicate image handler for 'Windows animated cursor file'
07:56:42 PM: Debug: Adding duplicate image handler for 'TGA file'
07:56:42 PM: Debug: Adding duplicate image handler for 'XPM file'
kicad_ops done /Users/deepakdiwan/Downloads/VitalQ_Route_v9/candidates/R2-22/stage1/vitalq_v2.kicad_pcb
Fontconfig error: Cannot load default config file: No such file: (null)
Found 319 violations
Found 20 unconnected items
Found 29 schematic parity issues
Saved DRC Report to /Users/deepakdiwan/Downloads/VitalQ_Route_v9/candidates/R2-22/stage1/drc.json
Saved board
{"unconnected": 20, "real": 233, "total": 319, "parity": 29, "types": {"items_not_allowed": 200, "hole_clearance": 22, "clearance": 9, "track_dangling": 2, "silk_edge_clearance": 14, "lib_footprint_issues": 53, "lib_footprint_mismatch": 3, "text_height": 15, "text_thickness": 1}}
07:57:03 PM: Debug: Adding duplicate image handler for 'PNG file'
07:57:03 PM: Debug: Adding duplicate image handler for 'JPEG file'
07:57:03 PM: Debug: Adding duplicate image handler for 'TIFF file'
07:57:03 PM: Debug: Adding duplicate image handler for 'GIF file'
07:57:03 PM: Debug: Adding duplicate image handler for 'PNM file'
07:57:03 PM: Debug: Adding duplicate image handler for 'PCX file'
07:57:03 PM: Debug: Adding duplicate image handler for 'IFF file'
07:57:03 PM: Debug: Adding duplicate image handler for 'Windows icon file'
07:57:03 PM: Debug: Adding duplicate image handler for 'Windows cursor file'
07:57:03 PM: Debug: Adding duplicate image handler for 'Windows animated cursor file'
07:57:03 PM: Debug: Adding duplicate image handler for 'TGA file'
07:57:03 PM: Debug: Adding duplicate image handler for 'XPM file'
{'pads': 1020, 'tracks': 7961, 'vias': 735, 'zones': 5, 'keepouts': 81, 'outline': 1}
regional rip 307 items on 32 nets
ROUTED AFE4900_RESETZ U6 4 tracks 1 vias
OUTER E1 AFE4900_RESETZ ok
ROUTED AFE_CLK U6 3 tracks 0 vias
OUTER F1 AFE_CLK ok
ROUTED AFE4900_ADC_RDY U6 5 tracks 1 vias
OUTER F4 AFE4900_ADC_RDY ok
ROUTED TX_5V U6 4 tracks 2 vias
OUTER F5 TX_5V ok
ROUTED TX4 U6 7 tracks 2 vias
OUTER C5 TX4 ok
ROUTED AFE_INP U6 6 tracks 2 vias
OUTER B1 AFE_INP ok
ROUTED +3V3_ANA U6 2 tracks 1 vias
OUTER A4 +3V3_ANA ok
FAILED +3V3_ANA U6 R2-22 regional rip retry: outer-ring B escapes first, strict C-channel layers, then corridors, wall nets last, 60 s budget (outer U6.C1), margin 5 mm no path (expanded 16 cells)
FAILED +3V3_ANA U6 R2-22 regional rip retry: outer-ring B escapes first, strict C-channel layers, then corridors, wall nets last, 60 s budget (outer U6.C1), margin 10 mm no path (expanded 16 cells)
OUTER C1 +3V3_ANA FAILED
BLOCKED SPI_SCK U6
OUTER F3 SPI_SCK FAILED
ROUTED GND U6 1 tracks 1 vias
OUTER D1 GND ok
BLOCKED PD2_INM U6
U6 B3 PD2_INM FAILED
BLOCKED TX1 U6
U6 D4 TX1 FAILED
ROUTED AFE_BG U6 4 tracks 1 vias
U6 D2 AFE_BG ok
BLOCKED +3V3_ANA U6
U6 C4 +3V3_ANA FAILED
ROUTED CS_AFE4900 U6 15 tracks 4 vias
U6 E3 CS_AFE4900 ok
ROUTED TX3 U6 9 tracks 3 vias
U6 E4 TX3 ok
BLOCKED MISO_AFE U6
U6 E2 MISO_AFE FAILED
ROUTED PD2_INP U6 18 tracks 2 vias
U6 B2 PD2_INP ok
ROUTED AFE_INM U6 5 tracks 1 vias
U6 A1 AFE_INM ok
ROUTED PD_INP U6 6 tracks 1 vias
U6 A2 PD_INP ok
FAILED PD_INM U6 R2-22 regional rip retry: outer-ring B escapes first, strict C-channel layers, then corridors, wall nets last, 60 s budget U6.A3 (0, 2, 6, 8), margin 5 mm no path (expanded 121008 cells)
ROUTED PD_INM U6 20 tracks 2 vias
U6 A3 PD_INM ok
ROUTED TX2 U6 22 tracks 3 vias
U6 E5 TX2 ok
ROUTED SPI_MOSI U6 5 tracks 2 vias
U6 F2 SPI_MOSI ok
ROUTED GND J8 1 tracks 0 vias
ROUTED GND C88 1 tracks 0 vias
ROUTED GND C15 1 tracks 0 vias
BLOCKED +3V3_ANA U6
FAILED +3V3_ANA U6#2 R2-22 regional rip retry: outer-ring B escapes first, strict C-channel layers, then corridors, wall nets last, 60 s budget (remaining U6 nets), margin 4 mm no path (expanded 16 cells)
FAILED +3V3_ANA U6#2 R2-22 regional rip retry: outer-ring B escapes first, strict C-channel layers, then corridors, wall nets last, 60 s budget (remaining U6 nets), margin 9 mm no path (expanded 16 cells)
ROUTED +3V3_ANA C79 1 tracks 0 vias
ROUTED TX_5V U22 7 tracks 1 vias
ROUTED TX_5V C89/R96 2 tracks 1 vias
ROUTED +3V3 J8 1 tracks 0 vias
ROUTED +3V3 U18 1 tracks 0 vias
ROUTED LDR D10 1 tracks 0 vias
ROUTED MX_VREF C83 3 tracks 1 vias
ROUTED I2C_SCL_1V8 TP16/U10/U12 1 tracks 0 vias
FAILED ESP_RX J8 R2-22 regional rip retry: outer-ring B escapes first, strict C-channel layers, then corridors, wall nets last, 60 s budget (wall/other nets), margin 4 mm no path (expanded 595 cells)
FAILED ESP_RX J8 R2-22 regional rip retry: outer-ring B escapes first, strict C-channel layers, then corridors, wall nets last, 60 s budget (wall/other nets), margin 9 mm no path (expanded 595 cells)
ROUTED +1V8 C88 2 tracks 0 vias
ROUTED ESP_EN J8 4 tracks 1 vias
ROUTED ESP_TX J8 11 tracks 2 vias
ROUTED +1V8 C86 1 tracks 0 vias
ROUTED +1V8 U22 7 tracks 1 vias
ROUTED ESP_IO0 J8 9 tracks 2 vias
ROUTED +1V8 U22#2 1 tracks 0 vias
FAILED PD_K J10 R2-22 regional rip retry: outer-ring B escapes first, strict C-channel layers, then corridors, wall nets last, 60 s budget (wall/other nets), margin 4 mm no path (expanded 405874 cells)
ROUTED PD_K J10 19 tracks 6 vias
ROUTED PD_K U22 1 tracks 0 vias
ROUTED MISO_FL U18 6 tracks 3 vias
FAILED +1V8 C36/U10 R2-22 regional rip retry: outer-ring B escapes first, strict C-channel layers, then corridors, wall nets last, 60 s budget (wall/other nets), margin 4 mm no path (expanded 29774 cells)
ROUTED +1V8 C36/U10 11 tracks 3 vias
ROUTED LED3_K U22 11 tracks 2 vias
ROUTED AFE_P_PAD J5 6 tracks 2 vias
FAILED PD_A U22 R2-22 regional rip retry: outer-ring B escapes first, strict C-channel layers, then corridors, wall nets last, 60 s budget (wall/other nets), margin 4 mm no path (expanded 16846 cells)
FAILED PD_A U22 R2-22 regional rip retry: outer-ring B escapes first, strict C-channel layers, then corridors, wall nets last, 60 s budget (wall/other nets), margin 9 mm no path (expanded 16878 cells)
ROUTED SWEAT_CE R122/U7 9 tracks 2 vias
ROUTED I2C_SDA_1V8 R21/U9 3 tracks 0 vias
ROUTED AFE_N_PAD J5 13 tracks 2 vias
FAILED BIOZ_SN_PAD R83 R2-22 regional rip retry: outer-ring B escapes first, strict C-channel layers, then corridors, wall nets last, 60 s budget (wall/other nets), margin 4 mm no path (expanded 111458 cells)
ROUTED BIOZ_SN_PAD R83 17 tracks 4 vias
FAILED ESP_RX TP12 R2-22 regional rip retry: outer-ring B escapes first, strict C-channel layers, then corridors, wall nets last, 60 s budget (wall/other nets), margin 4 mm no path (expanded 180546 cells)
FAILED ESP_RX TP12 R2-22 regional rip retry: outer-ring B escapes first, strict C-channel layers, then corridors, wall nets last, 60 s budget (wall/other nets), margin 9 mm no path (expanded 419233 cells)
ROLLBACK B3
ROLLBACK D4
ROLLBACK C4
ROLLBACK E2
08:01:35 PM: Debug: Adding duplicate image handler for 'PNG file'
08:01:35 PM: Debug: Adding duplicate image handler for 'JPEG file'
08:01:35 PM: Debug: Adding duplicate image handler for 'TIFF file'
08:01:35 PM: Debug: Adding duplicate image handler for 'GIF file'
08:01:35 PM: Debug: Adding duplicate image handler for 'PNM file'
08:01:35 PM: Debug: Adding duplicate image handler for 'PCX file'
08:01:35 PM: Debug: Adding duplicate image handler for 'IFF file'
08:01:35 PM: Debug: Adding duplicate image handler for 'Windows icon file'
08:01:35 PM: Debug: Adding duplicate image handler for 'Windows cursor file'
08:01:35 PM: Debug: Adding duplicate image handler for 'Windows animated cursor file'
08:01:35 PM: Debug: Adding duplicate image handler for 'TGA file'
08:01:35 PM: Debug: Adding duplicate image handler for 'XPM file'
kicad_ops done /Users/deepakdiwan/Downloads/VitalQ_Route_v9/candidates/R2-22/vitalq_v2.kicad_pcb
Fontconfig error: Cannot load default config file: No such file: (null)
Found 334 violations
Found 20 unconnected items
Found 29 schematic parity issues
Saved DRC Report to /Users/deepakdiwan/Downloads/VitalQ_Route_v9/candidates/R2-22/drc.json
Saved board
{"unconnected": 20, "real": 248, "total": 334, "parity": 29, "types": {"items_not_allowed": 200, "hole_clearance": 13, "clearance": 9, "track_dangling": 22, "via_dangling": 4, "silk_edge_clearance": 14, "lib_footprint_issues": 53, "lib_footprint_mismatch": 3, "text_height": 15, "text_thickness": 1}}
dangling repair round 1: 24 new items
08:01:54 PM: Debug: Adding duplicate image handler for 'PNG file'
08:01:54 PM: Debug: Adding duplicate image handler for 'JPEG file'
08:01:54 PM: Debug: Adding duplicate image handler for 'TIFF file'
08:01:54 PM: Debug: Adding duplicate image handler for 'GIF file'
08:01:54 PM: Debug: Adding duplicate image handler for 'PNM file'
08:01:54 PM: Debug: Adding duplicate image handler for 'PCX file'
08:01:54 PM: Debug: Adding duplicate image handler for 'IFF file'
08:01:54 PM: Debug: Adding duplicate image handler for 'Windows icon file'
08:01:54 PM: Debug: Adding duplicate image handler for 'Windows cursor file'
08:01:54 PM: Debug: Adding duplicate image handler for 'Windows animated cursor file'
08:01:54 PM: Debug: Adding duplicate image handler for 'TGA file'
08:01:54 PM: Debug: Adding duplicate image handler for 'XPM file'
{'pads': 1020, 'tracks': 7937, 'vias': 786, 'zones': 5, 'keepouts': 81, 'outline': 1}
08:02:05 PM: Debug: Adding duplicate image handler for 'PNG file'
08:02:05 PM: Debug: Adding duplicate image handler for 'JPEG file'
08:02:05 PM: Debug: Adding duplicate image handler for 'TIFF file'
08:02:05 PM: Debug: Adding duplicate image handler for 'GIF file'
08:02:05 PM: Debug: Adding duplicate image handler for 'PNM file'
08:02:05 PM: Debug: Adding duplicate image handler for 'PCX file'
08:02:05 PM: Debug: Adding duplicate image handler for 'IFF file'
08:02:05 PM: Debug: Adding duplicate image handler for 'Windows icon file'
08:02:05 PM: Debug: Adding duplicate image handler for 'Windows cursor file'
08:02:05 PM: Debug: Adding duplicate image handler for 'Windows animated cursor file'
08:02:05 PM: Debug: Adding duplicate image handler for 'TGA file'
08:02:05 PM: Debug: Adding duplicate image handler for 'XPM file'
kicad_ops done /Users/deepakdiwan/Downloads/VitalQ_Route_v9/candidates/R2-22/vitalq_v2.kicad_pcb
swig/python detected a memory leak of type 'PCB_TRACK *', no destructor found.
swig/python detected a memory leak of type 'PCB_TRACK *', no destructor found.
swig/python detected a memory leak of type 'PCB_TRACK *', no destructor found.
swig/python detected a memory leak of type 'PCB_TRACK *', no destructor found.
swig/python detected a memory leak of type 'PCB_TRACK *', no destructor found.
swig/python detected a memory leak of type 'PCB_TRACK *', no destructor found.
swig/python detected a memory leak of type 'PCB_TRACK *', no destructor found.
swig/python detected a memory leak of type 'PCB_TRACK *', no destructor found.
swig/python detected a memory leak of type 'PCB_TRACK *', no destructor found.
swig/python detected a memory leak of type 'PCB_TRACK *', no destructor found.
swig/python detected a memory leak of type 'PCB_TRACK *', no destructor found.
swig/python detected a memory leak of type 'PCB_TRACK *', no destructor found.
swig/python detected a memory leak of type 'PCB_TRACK *', no destructor found.
Fontconfig error: Cannot load default config file: No such file: (null)
Found 330 violations
Found 20 unconnected items
Found 29 schematic parity issues
Saved DRC Report to /Users/deepakdiwan/Downloads/VitalQ_Route_v9/candidates/R2-22/drc.json
Saved board
{"unconnected": 20, "real": 244, "total": 330, "parity": 29, "types": {"items_not_allowed": 200, "hole_clearance": 13, "clearance": 9, "track_dangling": 16, "via_dangling": 6, "silk_edge_clearance": 14, "lib_footprint_issues": 53, "lib_footprint_mismatch": 3, "text_height": 15, "text_thickness": 1}}
dangling repair round 2: 20 new items
08:02:24 PM: Debug: Adding duplicate image handler for 'PNG file'
08:02:24 PM: Debug: Adding duplicate image handler for 'JPEG file'
08:02:24 PM: Debug: Adding duplicate image handler for 'TIFF file'
08:02:24 PM: Debug: Adding duplicate image handler for 'GIF file'
08:02:24 PM: Debug: Adding duplicate image handler for 'PNM file'
08:02:24 PM: Debug: Adding duplicate image handler for 'PCX file'
08:02:24 PM: Debug: Adding duplicate image handler for 'IFF file'
08:02:24 PM: Debug: Adding duplicate image handler for 'Windows icon file'
08:02:24 PM: Debug: Adding duplicate image handler for 'Windows cursor file'
08:02:24 PM: Debug: Adding duplicate image handler for 'Windows animated cursor file'
08:02:24 PM: Debug: Adding duplicate image handler for 'TGA file'
08:02:24 PM: Debug: Adding duplicate image handler for 'XPM file'
{'pads': 1020, 'tracks': 7923, 'vias': 786, 'zones': 5, 'keepouts': 81, 'outline': 1}
08:02:36 PM: Debug: Adding duplicate image handler for 'PNG file'
08:02:36 PM: Debug: Adding duplicate image handler for 'JPEG file'
08:02:36 PM: Debug: Adding duplicate image handler for 'TIFF file'
08:02:36 PM: Debug: Adding duplicate image handler for 'GIF file'
08:02:36 PM: Debug: Adding duplicate image handler for 'PNM file'
08:02:36 PM: Debug: Adding duplicate image handler for 'PCX file'
08:02:36 PM: Debug: Adding duplicate image handler for 'IFF file'
08:02:36 PM: Debug: Adding duplicate image handler for 'Windows icon file'
08:02:36 PM: Debug: Adding duplicate image handler for 'Windows cursor file'
08:02:36 PM: Debug: Adding duplicate image handler for 'Windows animated cursor file'
08:02:36 PM: Debug: Adding duplicate image handler for 'TGA file'
08:02:36 PM: Debug: Adding duplicate image handler for 'XPM file'
kicad_ops done /Users/deepakdiwan/Downloads/VitalQ_Route_v9/candidates/R2-22/vitalq_v2.kicad_pcb
swig/python detected a memory leak of type 'PCB_VIA *', no destructor found.
swig/python detected a memory leak of type 'PCB_TRACK *', no destructor found.
swig/python detected a memory leak of type 'PCB_TRACK *', no destructor found.
swig/python detected a memory leak of type 'PCB_TRACK *', no destructor found.
swig/python detected a memory leak of type 'PCB_TRACK *', no destructor found.
swig/python detected a memory leak of type 'PCB_TRACK *', no destructor found.
swig/python detected a memory leak of type 'PCB_TRACK *', no destructor found.
swig/python detected a memory leak of type 'PCB_VIA *', no destructor found.
swig/python detected a memory leak of type 'PCB_VIA *', no destructor found.
swig/python detected a memory leak of type 'PCB_TRACK *', no destructor found.
swig/python detected a memory leak of type 'PCB_TRACK *', no destructor found.
swig/python detected a memory leak of type 'PCB_TRACK *', no destructor found.
swig/python detected a memory leak of type 'PCB_TRACK *', no destructor found.
swig/python detected a memory leak of type 'PCB_TRACK *', no destructor found.
swig/python detected a memory leak of type 'PCB_TRACK *', no destructor found.
swig/python detected a memory leak of type 'PCB_TRACK *', no destructor found.
swig/python detected a memory leak of type 'PCB_TRACK *', no destructor found.
swig/python detected a memory leak of type 'PCB_TRACK *', no destructor found.
swig/python detected a memory leak of type 'PCB_TRACK *', no destructor found.
swig/python detected a memory leak of type 'PCB_TRACK *', no destructor found.
swig/python detected a memory leak of type 'PCB_VIA *', no destructor found.
swig/python detected a memory leak of type 'PCB_TRACK *', no destructor found.
swig/python detected a memory leak of type 'PCB_TRACK *', no destructor found.
swig/python detected a memory leak of type 'PCB_TRACK *', no destructor found.
swig/python detected a memory leak of type 'PCB_TRACK *', no destructor found.
swig/python detected a memory leak of type 'PCB_TRACK *', no destructor found.
swig/python detected a memory leak of type 'PCB_TRACK *', no destructor found.
swig/python detected a memory leak of type 'PCB_TRACK *', no destructor found.
swig/python detected a memory leak of type 'PCB_TRACK *', no destructor found.
swig/python detected a memory leak of type 'PCB_TRACK *', no destructor found.
swig/python detected a memory leak of type 'PCB_TRACK *', no destructor found.
swig/python detected a memory leak of type 'PCB_TRACK *', no destructor found.
swig/python detected a memory leak of type 'PCB_TRACK *', no destructor found.
swig/python detected a memory leak of type 'PCB_TRACK *', no destructor found.
swig/python detected a memory leak of type 'PCB_TRACK *', no destructor found.
swig/python detected a memory leak of type 'PCB_TRACK *', no destructor found.
swig/python detected a memory leak of type 'PCB_TRACK *', no destructor found.
swig/python detected a memory leak of type 'PCB_TRACK *', no destructor found.
Fontconfig error: Cannot load default config file: No such file: (null)
Found 318 violations
Found 21 unconnected items
Found 29 schematic parity issues
Saved DRC Report to /Users/deepakdiwan/Downloads/VitalQ_Route_v9/candidates/R2-22/drc.json
Saved board
{"unconnected": 21, "real": 232, "total": 318, "parity": 29, "types": {"items_not_allowed": 199, "hole_clearance": 13, "clearance": 9, "track_dangling": 7, "via_dangling": 4, "silk_edge_clearance": 14, "lib_footprint_issues": 53, "lib_footprint_mismatch": 3, "text_height": 15, "text_thickness": 1}}
dangling repair round 3: 9 new items
08:02:54 PM: Debug: Adding duplicate image handler for 'PNG file'
08:02:54 PM: Debug: Adding duplicate image handler for 'JPEG file'
08:02:54 PM: Debug: Adding duplicate image handler for 'TIFF file'
08:02:54 PM: Debug: Adding duplicate image handler for 'GIF file'
08:02:54 PM: Debug: Adding duplicate image handler for 'PNM file'
08:02:54 PM: Debug: Adding duplicate image handler for 'PCX file'
08:02:54 PM: Debug: Adding duplicate image handler for 'IFF file'
08:02:54 PM: Debug: Adding duplicate image handler for 'Windows icon file'
08:02:54 PM: Debug: Adding duplicate image handler for 'Windows cursor file'
08:02:54 PM: Debug: Adding duplicate image handler for 'Windows animated cursor file'
08:02:54 PM: Debug: Adding duplicate image handler for 'TGA file'
08:02:54 PM: Debug: Adding duplicate image handler for 'XPM file'
{'pads': 1020, 'tracks': 7888, 'vias': 782, 'zones': 5, 'keepouts': 81, 'outline': 1}
08:03:06 PM: Debug: Adding duplicate image handler for 'PNG file'
08:03:06 PM: Debug: Adding duplicate image handler for 'JPEG file'
08:03:06 PM: Debug: Adding duplicate image handler for 'TIFF file'
08:03:06 PM: Debug: Adding duplicate image handler for 'GIF file'
08:03:06 PM: Debug: Adding duplicate image handler for 'PNM file'
08:03:06 PM: Debug: Adding duplicate image handler for 'PCX file'
08:03:06 PM: Debug: Adding duplicate image handler for 'IFF file'
08:03:06 PM: Debug: Adding duplicate image handler for 'Windows icon file'
08:03:06 PM: Debug: Adding duplicate image handler for 'Windows cursor file'
08:03:06 PM: Debug: Adding duplicate image handler for 'Windows animated cursor file'
08:03:06 PM: Debug: Adding duplicate image handler for 'TGA file'
08:03:06 PM: Debug: Adding duplicate image handler for 'XPM file'
kicad_ops done /Users/deepakdiwan/Downloads/VitalQ_Route_v9/candidates/R2-22/vitalq_v2.kicad_pcb
swig/python detected a memory leak of type 'PCB_VIA *', no destructor found.
swig/python detected a memory leak of type 'PCB_TRACK *', no destructor found.
swig/python detected a memory leak of type 'PCB_TRACK *', no destructor found.
swig/python detected a memory leak of type 'PCB_TRACK *', no destructor found.
swig/python detected a memory leak of type 'PCB_TRACK *', no destructor found.
swig/python detected a memory leak of type 'PCB_TRACK *', no destructor found.
swig/python detected a memory leak of type 'PCB_VIA *', no destructor found.
swig/python detected a memory leak of type 'PCB_TRACK *', no destructor found.
swig/python detected a memory leak of type 'PCB_TRACK *', no destructor found.
swig/python detected a memory leak of type 'PCB_TRACK *', no destructor found.
swig/python detected a memory leak of type 'PCB_TRACK *', no destructor found.
swig/python detected a memory leak of type 'PCB_TRACK *', no destructor found.
swig/python detected a memory leak of type 'PCB_TRACK *', no destructor found.
swig/python detected a memory leak of type 'PCB_TRACK *', no destructor found.
swig/python detected a memory leak of type 'PCB_TRACK *', no destructor found.
Fontconfig error: Cannot load default config file: No such file: (null)
Found 316 violations
Found 21 unconnected items
Found 29 schematic parity issues
Saved DRC Report to /Users/deepakdiwan/Downloads/VitalQ_Route_v9/candidates/R2-22/drc.json
Saved board
{"unconnected": 21, "real": 230, "total": 316, "parity": 29, "types": {"items_not_allowed": 199, "hole_clearance": 13, "clearance": 9, "track_dangling": 4, "via_dangling": 5, "silk_edge_clearance": 14, "lib_footprint_issues": 53, "lib_footprint_mismatch": 3, "text_height": 15, "text_thickness": 1}}
dangling repair round 4: 7 new items
08:03:25 PM: Debug: Adding duplicate image handler for 'PNG file'
08:03:25 PM: Debug: Adding duplicate image handler for 'JPEG file'
08:03:25 PM: Debug: Adding duplicate image handler for 'TIFF file'
08:03:25 PM: Debug: Adding duplicate image handler for 'GIF file'
08:03:25 PM: Debug: Adding duplicate image handler for 'PNM file'
08:03:25 PM: Debug: Adding duplicate image handler for 'PCX file'
08:03:25 PM: Debug: Adding duplicate image handler for 'IFF file'
08:03:25 PM: Debug: Adding duplicate image handler for 'Windows icon file'
08:03:25 PM: Debug: Adding duplicate image handler for 'Windows cursor file'
08:03:25 PM: Debug: Adding duplicate image handler for 'Windows animated cursor file'
08:03:25 PM: Debug: Adding duplicate image handler for 'TGA file'
08:03:25 PM: Debug: Adding duplicate image handler for 'XPM file'
{'pads': 1020, 'tracks': 7874, 'vias': 780, 'zones': 5, 'keepouts': 81, 'outline': 1}
08:03:36 PM: Debug: Adding duplicate image handler for 'PNG file'
08:03:36 PM: Debug: Adding duplicate image handler for 'JPEG file'
08:03:36 PM: Debug: Adding duplicate image handler for 'TIFF file'
08:03:36 PM: Debug: Adding duplicate image handler for 'GIF file'
08:03:36 PM: Debug: Adding duplicate image handler for 'PNM file'
08:03:36 PM: Debug: Adding duplicate image handler for 'PCX file'
08:03:36 PM: Debug: Adding duplicate image handler for 'IFF file'
08:03:36 PM: Debug: Adding duplicate image handler for 'Windows icon file'
08:03:36 PM: Debug: Adding duplicate image handler for 'Windows cursor file'
08:03:36 PM: Debug: Adding duplicate image handler for 'Windows animated cursor file'
08:03:36 PM: Debug: Adding duplicate image handler for 'TGA file'
08:03:36 PM: Debug: Adding duplicate image handler for 'XPM file'
kicad_ops done /Users/deepakdiwan/Downloads/VitalQ_Route_v9/candidates/R2-22/vitalq_v2.kicad_pcb
swig/python detected a memory leak of type 'PCB_TRACK *', no destructor found.
swig/python detected a memory leak of type 'PCB_TRACK *', no destructor found.
swig/python detected a memory leak of type 'PCB_TRACK *', no destructor found.
swig/python detected a memory leak of type 'PCB_TRACK *', no destructor found.
swig/python detected a memory leak of type 'PCB_TRACK *', no destructor found.
swig/python detected a memory leak of type 'PCB_TRACK *', no destructor found.
swig/python detected a memory leak of type 'PCB_TRACK *', no destructor found.
swig/python detected a memory leak of type 'PCB_TRACK *', no destructor found.
swig/python detected a memory leak of type 'PCB_TRACK *', no destructor found.
swig/python detected a memory leak of type 'PCB_TRACK *', no destructor found.
swig/python detected a memory leak of type 'PCB_TRACK *', no destructor found.
swig/python detected a memory leak of type 'PCB_VIA *', no destructor found.
swig/python detected a memory leak of type 'PCB_VIA *', no destructor found.
swig/python detected a memory leak of type 'PCB_VIA *', no destructor found.
swig/python detected a memory leak of type 'PCB_TRACK *', no destructor found.
swig/python detected a memory leak of type 'PCB_TRACK *', no destructor found.
swig/python detected a memory leak of type 'PCB_TRACK *', no destructor found.
swig/python detected a memory leak of type 'PCB_TRACK *', no destructor found.
swig/python detected a memory leak of type 'PCB_TRACK *', no destructor found.
swig/python detected a memory leak of type 'PCB_TRACK *', no destructor found.
swig/python detected a memory leak of type 'PCB_TRACK *', no destructor found.
swig/python detected a memory leak of type 'PCB_TRACK *', no destructor found.
swig/python detected a memory leak of type 'PCB_VIA *', no destructor found.
swig/python detected a memory leak of type 'PCB_VIA *', no destructor found.
swig/python detected a memory leak of type 'PCB_TRACK *', no destructor found.
swig/python detected a memory leak of type 'PCB_TRACK *', no destructor found.
swig/python detected a memory leak of type 'PCB_TRACK *', no destructor found.
Fontconfig error: Cannot load default config file: No such file: (null)
Found 310 violations
Found 21 unconnected items
Found 29 schematic parity issues
Saved DRC Report to /Users/deepakdiwan/Downloads/VitalQ_Route_v9/candidates/R2-22/drc.json
Saved board
{"unconnected": 21, "real": 224, "total": 310, "parity": 29, "types": {"items_not_allowed": 199, "hole_clearance": 13, "clearance": 9, "track_dangling": 2, "via_dangling": 1, "silk_edge_clearance": 14, "lib_footprint_issues": 53, "lib_footprint_mismatch": 3, "text_height": 15, "text_thickness": 1}}
dangling repair round 5: 1 new items
08:03:55 PM: Debug: Adding duplicate image handler for 'PNG file'
08:03:55 PM: Debug: Adding duplicate image handler for 'JPEG file'
08:03:55 PM: Debug: Adding duplicate image handler for 'TIFF file'
08:03:55 PM: Debug: Adding duplicate image handler for 'GIF file'
08:03:55 PM: Debug: Adding duplicate image handler for 'PNM file'
08:03:55 PM: Debug: Adding duplicate image handler for 'PCX file'
08:03:55 PM: Debug: Adding duplicate image handler for 'IFF file'
08:03:55 PM: Debug: Adding duplicate image handler for 'Windows icon file'
08:03:55 PM: Debug: Adding duplicate image handler for 'Windows cursor file'
08:03:55 PM: Debug: Adding duplicate image handler for 'Windows animated cursor file'
08:03:55 PM: Debug: Adding duplicate image handler for 'TGA file'
08:03:55 PM: Debug: Adding duplicate image handler for 'XPM file'
{'pads': 1020, 'tracks': 7851, 'vias': 775, 'zones': 5, 'keepouts': 81, 'outline': 1}
08:04:06 PM: Debug: Adding duplicate image handler for 'PNG file'
08:04:06 PM: Debug: Adding duplicate image handler for 'JPEG file'
08:04:06 PM: Debug: Adding duplicate image handler for 'TIFF file'
08:04:06 PM: Debug: Adding duplicate image handler for 'GIF file'
08:04:06 PM: Debug: Adding duplicate image handler for 'PNM file'
08:04:06 PM: Debug: Adding duplicate image handler for 'PCX file'
08:04:06 PM: Debug: Adding duplicate image handler for 'IFF file'
08:04:06 PM: Debug: Adding duplicate image handler for 'Windows icon file'
08:04:06 PM: Debug: Adding duplicate image handler for 'Windows cursor file'
08:04:06 PM: Debug: Adding duplicate image handler for 'Windows animated cursor file'
08:04:06 PM: Debug: Adding duplicate image handler for 'TGA file'
08:04:06 PM: Debug: Adding duplicate image handler for 'XPM file'
kicad_ops done /Users/deepakdiwan/Downloads/VitalQ_Route_v9/candidates/R2-22/vitalq_v2.kicad_pcb
swig/python detected a memory leak of type 'PCB_TRACK *', no destructor found.
swig/python detected a memory leak of type 'PCB_TRACK *', no destructor found.
swig/python detected a memory leak of type 'PCB_TRACK *', no destructor found.
swig/python detected a memory leak of type 'PCB_VIA *', no destructor found.
swig/python detected a memory leak of type 'PCB_TRACK *', no destructor found.
Fontconfig error: Cannot load default config file: No such file: (null)
Found 310 violations
Found 21 unconnected items
Found 29 schematic parity issues
Saved DRC Report to /Users/deepakdiwan/Downloads/VitalQ_Route_v9/candidates/R2-22/drc.json
Saved board
{"unconnected": 21, "real": 224, "total": 310, "parity": 29, "types": {"items_not_allowed": 199, "hole_clearance": 13, "clearance": 9, "track_dangling": 2, "via_dangling": 1, "silk_edge_clearance": 14, "lib_footprint_issues": 53, "lib_footprint_mismatch": 3, "text_height": 15, "text_thickness": 1}}
dangling repair round 6: 1 new items
08:04:24 PM: Debug: Adding duplicate image handler for 'PNG file'
08:04:24 PM: Debug: Adding duplicate image handler for 'JPEG file'
08:04:24 PM: Debug: Adding duplicate image handler for 'TIFF file'
08:04:24 PM: Debug: Adding duplicate image handler for 'GIF file'
08:04:24 PM: Debug: Adding duplicate image handler for 'PNM file'
08:04:24 PM: Debug: Adding duplicate image handler for 'PCX file'
08:04:24 PM: Debug: Adding duplicate image handler for 'IFF file'
08:04:24 PM: Debug: Adding duplicate image handler for 'Windows icon file'
08:04:24 PM: Debug: Adding duplicate image handler for 'Windows cursor file'
08:04:24 PM: Debug: Adding duplicate image handler for 'Windows animated cursor file'
08:04:24 PM: Debug: Adding duplicate image handler for 'TGA file'
08:04:24 PM: Debug: Adding duplicate image handler for 'XPM file'
{'pads': 1020, 'tracks': 7846, 'vias': 774, 'zones': 5, 'keepouts': 81, 'outline': 1}
08:04:35 PM: Debug: Adding duplicate image handler for 'PNG file'
08:04:35 PM: Debug: Adding duplicate image handler for 'JPEG file'
08:04:35 PM: Debug: Adding duplicate image handler for 'TIFF file'
08:04:35 PM: Debug: Adding duplicate image handler for 'GIF file'
08:04:35 PM: Debug: Adding duplicate image handler for 'PNM file'
08:04:35 PM: Debug: Adding duplicate image handler for 'PCX file'
08:04:35 PM: Debug: Adding duplicate image handler for 'IFF file'
08:04:35 PM: Debug: Adding duplicate image handler for 'Windows icon file'
08:04:35 PM: Debug: Adding duplicate image handler for 'Windows cursor file'
08:04:35 PM: Debug: Adding duplicate image handler for 'Windows animated cursor file'
08:04:35 PM: Debug: Adding duplicate image handler for 'TGA file'
08:04:35 PM: Debug: Adding duplicate image handler for 'XPM file'
kicad_ops done /Users/deepakdiwan/Downloads/VitalQ_Route_v9/candidates/R2-22/vitalq_v2.kicad_pcb
swig/python detected a memory leak of type 'PCB_TRACK *', no destructor found.
swig/python detected a memory leak of type 'PCB_TRACK *', no destructor found.
swig/python detected a memory leak of type 'PCB_VIA *', no destructor found.
swig/python detected a memory leak of type 'PCB_TRACK *', no destructor found.
Fontconfig error: Cannot load default config file: No such file: (null)
Found 310 violations
Found 21 unconnected items
Found 29 schematic parity issues
Saved DRC Report to /Users/deepakdiwan/Downloads/VitalQ_Route_v9/candidates/R2-22/drc.json
Saved board
{"unconnected": 21, "real": 224, "total": 310, "parity": 29, "types": {"items_not_allowed": 199, "hole_clearance": 13, "clearance": 9, "track_dangling": 2, "via_dangling": 1, "silk_edge_clearance": 14, "lib_footprint_issues": 53, "lib_footprint_mismatch": 3, "text_height": 15, "text_thickness": 1}}
08:04:51 PM: Debug: Adding duplicate image handler for 'PNG file'
08:04:51 PM: Debug: Adding duplicate image handler for 'JPEG file'
08:04:51 PM: Debug: Adding duplicate image handler for 'TIFF file'
08:04:51 PM: Debug: Adding duplicate image handler for 'GIF file'
08:04:51 PM: Debug: Adding duplicate image handler for 'PNM file'
08:04:51 PM: Debug: Adding duplicate image handler for 'PCX file'
08:04:51 PM: Debug: Adding duplicate image handler for 'IFF file'
08:04:51 PM: Debug: Adding duplicate image handler for 'Windows icon file'
08:04:51 PM: Debug: Adding duplicate image handler for 'Windows cursor file'
08:04:51 PM: Debug: Adding duplicate image handler for 'Windows animated cursor file'
08:04:51 PM: Debug: Adding duplicate image handler for 'TGA file'
08:04:51 PM: Debug: Adding duplicate image handler for 'XPM file'
{'pads': 1020, 'tracks': 7842, 'vias': 773, 'zones': 5, 'keepouts': 81, 'outline': 1}
{
  "invariants": {
    "footprints_identical": true,
    "moved_footprints_same_side_same_lock": true,
    "pad_geometry_and_nets_identical": true,
    "rule_areas_identical_except_J8_notches": true,
    "outline_identical": true,
    "zone_definitions_identical": true,
    "six_layers": true,
    "through_vias_only": true
  },
  "preserved_pad_groups_checked": 187,
  "pad_connectivity_regressions": 4,
  "keepout_layer_intersections": 339,
  "new_keepout_hits": 0,
  "via_hole_copper_gaps": 9,
  "new_via_hole_copper_gaps": 0,
  "hole_pairs": 0,
  "new_hole_pairs": 0,
  "via_in_pad": 32,
  "pass": false
}
R2-22: REJECTED (streak 4); new native faults 1; audit FAIL
unconnected 20 -> 20 (candidate 21); real 233 -> 233 (candidate 224)
next: R2-23 (B) U11 move; (C) C59 rotations
