/Users/deepakdiwan/Downloads/VitalQ_Route_v9/backups/20261009_214147_R2-35_inc_local_rip
09:41:47 PM: Debug: Adding duplicate image handler for 'PNG file'
09:41:47 PM: Debug: Adding duplicate image handler for 'JPEG file'
09:41:47 PM: Debug: Adding duplicate image handler for 'TIFF file'
09:41:47 PM: Debug: Adding duplicate image handler for 'GIF file'
09:41:47 PM: Debug: Adding duplicate image handler for 'PNM file'
09:41:47 PM: Debug: Adding duplicate image handler for 'PCX file'
09:41:47 PM: Debug: Adding duplicate image handler for 'IFF file'
09:41:47 PM: Debug: Adding duplicate image handler for 'Windows icon file'
09:41:47 PM: Debug: Adding duplicate image handler for 'Windows cursor file'
09:41:47 PM: Debug: Adding duplicate image handler for 'Windows animated cursor file'
09:41:47 PM: Debug: Adding duplicate image handler for 'TGA file'
09:41:47 PM: Debug: Adding duplicate image handler for 'XPM file'
kicad_ops done /Users/deepakdiwan/Downloads/VitalQ_Route_v9/candidates/R2-35/stage1/vitalq_v2.kicad_pcb
Fontconfig error: Cannot load default config file: No such file: (null)
Found 315 violations
Found 11 unconnected items
Found 29 schematic parity issues
Saved DRC Report to /Users/deepakdiwan/Downloads/VitalQ_Route_v9/candidates/R2-35/stage1/drc.json
Saved board
{"unconnected": 11, "real": 229, "total": 315, "parity": 29, "types": {"items_not_allowed": 201, "hole_clearance": 13, "clearance": 9, "npth_inside_courtyard": 1, "track_dangling": 5, "silk_edge_clearance": 14, "lib_footprint_issues": 53, "lib_footprint_mismatch": 3, "text_height": 15, "text_thickness": 1}}
09:42:02 PM: Debug: Adding duplicate image handler for 'PNG file'
09:42:02 PM: Debug: Adding duplicate image handler for 'JPEG file'
09:42:02 PM: Debug: Adding duplicate image handler for 'TIFF file'
09:42:02 PM: Debug: Adding duplicate image handler for 'GIF file'
09:42:02 PM: Debug: Adding duplicate image handler for 'PNM file'
09:42:02 PM: Debug: Adding duplicate image handler for 'PCX file'
09:42:02 PM: Debug: Adding duplicate image handler for 'IFF file'
09:42:02 PM: Debug: Adding duplicate image handler for 'Windows icon file'
09:42:02 PM: Debug: Adding duplicate image handler for 'Windows cursor file'
09:42:02 PM: Debug: Adding duplicate image handler for 'Windows animated cursor file'
09:42:02 PM: Debug: Adding duplicate image handler for 'TGA file'
09:42:02 PM: Debug: Adding duplicate image handler for 'XPM file'
{'pads': 1020, 'tracks': 7798, 'vias': 812, 'zones': 6, 'keepouts': 81, 'outline': 1}
FAILED +3V3 inc2 R2-35 8L local-blocker rip fallback plain A*, margin 12 mm no path (expanded 2373 cells)
ROUTED +3V3 inc2 4 tracks 0 vias
ROUTED RTC_VBK U24 4 tracks 1 vias
ROUTED SPI_MOSI U18 1 tracks 0 vias
ROUTED AFE4900_RESETZ U19 1 tracks 0 vias
ROUTED +1V8 U26 1 tracks 0 vias
ROUTED I2C_SDA U20 1 tracks 0 vias
ROUTED CS_FLASH R52 1 tracks 0 vias
ROUTED RTC_INT R112 2 tracks 0 vias
ROUTED RTC_INT U24 2 tracks 0 vias
ROUTED CS_AD5940 R7 2 tracks 0 vias
ROUTED I2C_SDA_1V8 U12 1 tracks 0 vias
ROUTED TX2 U6 3 tracks 0 vias
ROUTED +1V8 C90 2 tracks 0 vias
ROUTED CS_MAX86178 R117 2 tracks 0 vias
ROUTED SW_L2 U3 3 tracks 0 vias
ROUTED MISO_MX U26 3 tracks 0 vias
ROUTED CHG_PG R60 2 tracks 0 vias
ROUTED CHG_STAT U19 2 tracks 1 vias
ROUTED LSM6_INT1 U14 2 tracks 0 vias
ROUTED SP_SURGE R86 3 tracks 0 vias
ROUTED FB_3V3 R23 3 tracks 0 vias
ROUTED SWEAT_RE J12 3 tracks 1 vias
FAILED I2C_SDA U11 R2-35 8L local-blocker rip fallback (re-route ripped walls), margin 6 mm no path (expanded 141 cells)
FAILED I2C_SDA U11 R2-35 8L local-blocker rip fallback (re-route ripped walls), margin 14 mm no path (expanded 141 cells)
ROUTED EXP_INT U19 3 tracks 0 vias
ROUTED PD_K J12 1 tracks 1 vias
ROUTED SWEAT_CE J12 3 tracks 1 vias
ROUTED AFE_P_AC R35 2 tracks 1 vias
ROUTED ESP_RX J8 2 tracks 0 vias
ROUTED I2C_SCL U13/U24 1 tracks 1 vias
ROUTED SPI_SCK U18/U22/U6 5 tracks 1 vias
ROUTED +1V8 R21/R97/U9 2 tracks 0 vias
ROUTED VBUS_DET U19 15 tracks 0 vias
ROUTED ECG1_PAD J5 3 tracks 1 vias
ROUTED I2C_SDA U14 4 tracks 2 vias
ROUTED GAUGE_ALRT R74 1 tracks 0 vias
ROUTED +3V3_ANA C79/U6 2 tracks 0 vias
ROUTED SWEAT_WE J12 3 tracks 0 vias
ROUTED TX5_EN R25 5 tracks 2 vias
FAILED I2C_SDA J12 R2-35 8L local-blocker rip fallback (re-route ripped walls), margin 6 mm no path (expanded 280 cells)
FAILED I2C_SDA J12 R2-35 8L local-blocker rip fallback (re-route ripped walls), margin 14 mm no path (expanded 280 cells)
FAILED MIC_CLK U25 R2-35 8L local-blocker rip fallback (re-route ripped walls), margin 6 mm no path (expanded 2959 cells)
FAILED MIC_CLK U25 R2-35 8L local-blocker rip fallback (re-route ripped walls), margin 14 mm no path (expanded 2959 cells)
ROUTED +1V8_LDO R97 3 tracks 2 vias
ROUTED VBUS_DET R51 2 tracks 2 vias
ROUTED TX_5V C89/R96/U22/U6 6 tracks 1 vias
ROUTED I2C_SCL_1V8 U12 1 tracks 0 vias
ROUTED VBUS R50 4 tracks 2 vias
ROUTED MAX86178_INT R113/U22 6 tracks 0 vias
ROUTED EDA_RE_PAD J6 8 tracks 2 vias
ROUTED MIC_DAT U25 4 tracks 0 vias
ROUTED AFE4900_ADC_RDY U6 5 tracks 0 vias
ROUTED CS_ADS1292 R98 4 tracks 0 vias
FAILED +3V3_ANA R95 R2-35 8L local-blocker rip fallback (re-route ripped walls), margin 6 mm no path (expanded 174252 cells)
ROUTED +3V3_ANA R95 7 tracks 1 vias
ROUTED +3V3_ESP R94 10 tracks 4 vias
FAILED ESP_TX J8 R2-35 8L local-blocker rip fallback (re-route ripped walls), margin 6 mm no path (expanded 59637 cells)
BLOCKED ESP_TX J8
ROUTED I2C_SCL U14 2 tracks 1 vias
FAILED I2C_SCL R20 R2-35 8L local-blocker rip fallback (re-route ripped walls), margin 6 mm no path (expanded 97755 cells)
ROUTED I2C_SCL R20 15 tracks 3 vias
ROUTED I2C_SCL U11/U20 1 tracks 0 vias
ROUTED I2C_SCL U19 1 tracks 0 vias
ROUTED I2C_SDA J9/U17/U9 8 tracks 1 vias
ROUTED I2C_SDA U13 1 tracks 0 vias
OPEN +3V3 inc2 FAILED, rolled back
BLOCKED +3V3 inc2
BLOCKED +3V3 inc2
OPEN +3V3 inc2 FAILED, rolled back
FAILED I2C_SDA inc2 R2-35 8L local-blocker rip fallback plain A*, margin 12 mm no path (expanded 141 cells)
FAILED I2C_SDA inc2 R2-35 8L local-blocker rip fallback after local blocker rip, margin 12 mm no path (expanded 141 cells)
OPEN I2C_SDA inc2 FAILED, rolled back
FAILED MISO_AFE inc2 R2-35 8L local-blocker rip fallback plain A*, margin 12 mm no path (expanded 12 cells)
FAILED MISO_AFE inc2 R2-35 8L local-blocker rip fallback after local blocker rip, margin 12 mm no path (expanded 12 cells)
OPEN MISO_AFE inc2 FAILED, rolled back
ROUTED TMP117_ALERT inc2 21 tracks 5 vias
OPEN TMP117_ALERT inc2 ok (plain)
FAILED AFE_CLK inc2 R2-35 8L local-blocker rip fallback plain A*, margin 12 mm no path (expanded 744762 cells)
ROUTED AFE_CLK inc2 22 tracks 5 vias
FAILED AFE4900_RESETZ U6 R2-35 8L local-blocker rip fallback (re-route ripped walls), margin 6 mm no path (expanded 189 cells)
FAILED AFE4900_RESETZ U6 R2-35 8L local-blocker rip fallback (re-route ripped walls), margin 14 mm no path (expanded 189 cells)
ROUTED SPI_SCK U6 1 tracks 0 vias
BLOCKED PD_K J12
ROUTED LED_AN J12/R114 4 tracks 1 vias
ROUTED ADS1292_DRDY R99 7 tracks 1 vias
OPEN AFE_CLK inc2 FAILED, rolled back
FAILED PD2_INM inc2 R2-35 8L local-blocker rip fallback plain A*, margin 12 mm no path (expanded 1601 cells)
FAILED PD2_INM inc2 R2-35 8L local-blocker rip fallback after local blocker rip, margin 12 mm no path (expanded 691266 cells)
OPEN PD2_INM inc2 FAILED, rolled back
FAILED PD_A inc2 R2-35 8L local-blocker rip fallback plain A*, margin 12 mm no path (expanded 36 cells)
FAILED PD_A inc2 R2-35 8L local-blocker rip fallback after local blocker rip, margin 12 mm no path (expanded 36 cells)
OPEN PD_A inc2 FAILED, rolled back
09:48:58 PM: Debug: Adding duplicate image handler for 'PNG file'
09:48:58 PM: Debug: Adding duplicate image handler for 'JPEG file'
09:48:58 PM: Debug: Adding duplicate image handler for 'TIFF file'
09:48:58 PM: Debug: Adding duplicate image handler for 'GIF file'
09:48:58 PM: Debug: Adding duplicate image handler for 'PNM file'
09:48:58 PM: Debug: Adding duplicate image handler for 'PCX file'
09:48:58 PM: Debug: Adding duplicate image handler for 'IFF file'
09:48:58 PM: Debug: Adding duplicate image handler for 'Windows icon file'
09:48:58 PM: Debug: Adding duplicate image handler for 'Windows cursor file'
09:48:58 PM: Debug: Adding duplicate image handler for 'Windows animated cursor file'
09:48:58 PM: Debug: Adding duplicate image handler for 'TGA file'
09:48:58 PM: Debug: Adding duplicate image handler for 'XPM file'
kicad_ops done /Users/deepakdiwan/Downloads/VitalQ_Route_v9/candidates/R2-35/vitalq_v2.kicad_pcb
Fontconfig error: Cannot load default config file: No such file: (null)
Found 315 violations
Found 10 unconnected items
Found 29 schematic parity issues
Saved DRC Report to /Users/deepakdiwan/Downloads/VitalQ_Route_v9/candidates/R2-35/drc.json
Saved board
{"unconnected": 10, "real": 229, "total": 315, "parity": 29, "types": {"items_not_allowed": 201, "hole_clearance": 13, "clearance": 9, "npth_inside_courtyard": 1, "track_dangling": 5, "silk_edge_clearance": 14, "lib_footprint_issues": 53, "lib_footprint_mismatch": 3, "text_height": 15, "text_thickness": 1}}
09:49:16 PM: Debug: Adding duplicate image handler for 'PNG file'
09:49:16 PM: Debug: Adding duplicate image handler for 'JPEG file'
09:49:16 PM: Debug: Adding duplicate image handler for 'TIFF file'
09:49:16 PM: Debug: Adding duplicate image handler for 'GIF file'
09:49:16 PM: Debug: Adding duplicate image handler for 'PNM file'
09:49:16 PM: Debug: Adding duplicate image handler for 'PCX file'
09:49:16 PM: Debug: Adding duplicate image handler for 'IFF file'
09:49:16 PM: Debug: Adding duplicate image handler for 'Windows icon file'
09:49:16 PM: Debug: Adding duplicate image handler for 'Windows cursor file'
09:49:16 PM: Debug: Adding duplicate image handler for 'Windows animated cursor file'
09:49:16 PM: Debug: Adding duplicate image handler for 'TGA file'
09:49:16 PM: Debug: Adding duplicate image handler for 'XPM file'
{'pads': 1020, 'tracks': 7819, 'vias': 817, 'zones': 6, 'keepouts': 81, 'outline': 1}
{
  "invariants": {
    "footprints_identical": true,
    "moved_footprints_same_side_same_lock": true,
    "pad_geometry_and_nets_identical": true,
    "rule_areas_identical": true,
    "outline_identical": true,
    "zone_definitions_identical": true,
    "copper_layer_count_ok": true,
    "through_vias_only": true
  },
  "preserved_pad_groups_checked": 189,
  "pad_connectivity_regressions": 0,
  "keepout_layer_intersections": 399,
  "new_keepout_hits": 0,
  "via_hole_copper_gaps": 9,
  "new_via_hole_copper_gaps": 0,
  "hole_pairs": 0,
  "new_hole_pairs": 0,
  "via_in_pad": 41,
  "pass": true
}
R2-35: ACCEPTED (streak 0); new native faults 0; audit pass
unconnected 11 -> 10 (candidate 10); real 229 -> 229 (candidate 229)
next: next incremental batch
