/Users/deepakdiwan/Downloads/VitalQ_Route_v9/backups/20261009_213257_R2-33_U11_rotate_island_stitch
09:32:59 PM: Debug: Adding duplicate image handler for 'PNG file'
09:32:59 PM: Debug: Adding duplicate image handler for 'JPEG file'
09:32:59 PM: Debug: Adding duplicate image handler for 'TIFF file'
09:32:59 PM: Debug: Adding duplicate image handler for 'GIF file'
09:32:59 PM: Debug: Adding duplicate image handler for 'PNM file'
09:32:59 PM: Debug: Adding duplicate image handler for 'PCX file'
09:32:59 PM: Debug: Adding duplicate image handler for 'IFF file'
09:32:59 PM: Debug: Adding duplicate image handler for 'Windows icon file'
09:32:59 PM: Debug: Adding duplicate image handler for 'Windows cursor file'
09:32:59 PM: Debug: Adding duplicate image handler for 'Windows animated cursor file'
09:32:59 PM: Debug: Adding duplicate image handler for 'TGA file'
09:32:59 PM: Debug: Adding duplicate image handler for 'XPM file'
kicad_ops done /Users/deepakdiwan/Downloads/VitalQ_Route_v9/candidates/R2-33/stage1/vitalq_v2.kicad_pcb
swig/python detected a memory leak of type 'PCB_TRACK *', no destructor found.
swig/python detected a memory leak of type 'PCB_TRACK *', no destructor found.
swig/python detected a memory leak of type 'PCB_TRACK *', no destructor found.
swig/python detected a memory leak of type 'PCB_TRACK *', no destructor found.
swig/python detected a memory leak of type 'PCB_TRACK *', no destructor found.
swig/python detected a memory leak of type 'PCB_TRACK *', no destructor found.
swig/python detected a memory leak of type 'PCB_TRACK *', no destructor found.
swig/python detected a memory leak of type 'PCB_TRACK *', no destructor found.
swig/python detected a memory leak of type 'PCB_TRACK *', no destructor found.
swig/python detected a memory leak of type 'PCB_TRACK *', no destructor found.
swig/python detected a memory leak of type 'PCB_TRACK *', no destructor found.
swig/python detected a memory leak of type 'PCB_TRACK *', no destructor found.
Fontconfig error: Cannot load default config file: No such file: (null)
Found 318 violations
Found 17 unconnected items
Found 29 schematic parity issues
Saved DRC Report to /Users/deepakdiwan/Downloads/VitalQ_Route_v9/candidates/R2-33/stage1/drc.json
Saved board
{"unconnected": 17, "real": 232, "total": 318, "parity": 29, "types": {"items_not_allowed": 201, "hole_clearance": 13, "clearance": 9, "npth_inside_courtyard": 1, "track_dangling": 8, "silk_edge_clearance": 14, "lib_footprint_issues": 53, "lib_footprint_mismatch": 3, "text_height": 15, "text_thickness": 1}}
09:33:15 PM: Debug: Adding duplicate image handler for 'PNG file'
09:33:15 PM: Debug: Adding duplicate image handler for 'JPEG file'
09:33:15 PM: Debug: Adding duplicate image handler for 'TIFF file'
09:33:15 PM: Debug: Adding duplicate image handler for 'GIF file'
09:33:15 PM: Debug: Adding duplicate image handler for 'PNM file'
09:33:15 PM: Debug: Adding duplicate image handler for 'PCX file'
09:33:15 PM: Debug: Adding duplicate image handler for 'IFF file'
09:33:15 PM: Debug: Adding duplicate image handler for 'Windows icon file'
09:33:15 PM: Debug: Adding duplicate image handler for 'Windows cursor file'
09:33:15 PM: Debug: Adding duplicate image handler for 'Windows animated cursor file'
09:33:15 PM: Debug: Adding duplicate image handler for 'TGA file'
09:33:15 PM: Debug: Adding duplicate image handler for 'XPM file'
{'pads': 1020, 'tracks': 7814, 'vias': 812, 'zones': 6, 'keepouts': 81, 'outline': 1}
U11.5 POFV [21.25, 50.4] []
U11.3 [19.15, 49.75] dog-bone via [{'kind': 'vias', 'net': 'I2C_SDA', 'uuid': '3c505564-d785-44da-aea9-d9e70e823113', 'gap_hole_to_copper': 0.19115770679312702}, {'kind': 'tracks', 'net': 'I2C_SCL', 'uuid': '16473a91-031c-4627-a53c-dfa2183e01ee', 'layer': 0, 'gap_hole_to_copper': -0.12806306976270193}, {'kind': 'tracks', 'net': 'I2C_SCL', 'uuid': '659e5116-f0fb-4e56-873d-bbabf4ae91c1', 'layer': 0, 'gap_hole_to_copper': -0.11862400000000112}, {'kind': 'tracks', 'net': 'I2C_SCL', 'uuid': '24c4fa8a-6a9f-4a68-8399-ffeda6b5528f', 'layer': 0, 'gap_hole_to_copper': 0.17414900000000286}, {'kind': 'vias', 'net': 'I2C_SDA', 'uuid': '3c505564-d785-44da-aea9-d9e70e823113', 'gap_hole_to_copper': 0.19115770679312702}, {'kind': 'tracks', 'net': 'I2C_SDA', 'uuid': '7acaee48-caa0-4fd4-82e8-1ecf0aaab5d8', 'layer': 2, 'gap_hole_to_copper': -0.04116764691029868}, {'kind': 'tracks', 'net': 'I2C_SDA', 'uuid': 'a485c9b1-9157-44eb-8c29-e763b1ce0fcf', 'layer': 2, 'gap_hole_to_copper': -0.12806306976270235}, {'kind': 'vias', 'net': 'I2C_SDA', 'uuid': '3c505564-d785-44da-aea9-d9e70e823113', 'gap_hole_to_copper': 0.19115770679312702}, {'kind': 'tracks', 'net': 'I2C_SDA', 'uuid': '6caf8ac0-89b0-443c-af6a-57ffc97f4c38', 'layer': 6, 'gap_hole_to_copper': -0.05887200000000151}, {'kind': 'vias', 'net': 'I2C_SDA', 'uuid': '3c505564-d785-44da-aea9-d9e70e823113', 'gap_hole_to_copper': 0.19115770679312702}, {'kind': 'vias', 'net': 'I2C_SDA', 'uuid': '3c505564-d785-44da-aea9-d9e70e823113', 'gap_hole_to_copper': 0.19115770679312702}, {'kind': 'vias', 'net': 'I2C_SDA', 'uuid': '3c505564-d785-44da-aea9-d9e70e823113', 'gap_hole_to_copper': 0.19115770679312702}, {'kind': 'vias', 'net': 'I2C_SDA', 'uuid': '3c505564-d785-44da-aea9-d9e70e823113', 'gap_hole_to_copper': 0.19115770679312702}, {'kind': 'vias', 'net': 'I2C_SDA', 'uuid': '3c505564-d785-44da-aea9-d9e70e823113', 'gap_hole_to_copper': 0.19115770679312702}, {'kind': 'via_hole_to_copper', 'uuid': '3c505564-d785-44da-aea9-d9e70e823113'}] stub ok False
09:33:24 PM: Debug: Adding duplicate image handler for 'PNG file'
09:33:24 PM: Debug: Adding duplicate image handler for 'JPEG file'
09:33:24 PM: Debug: Adding duplicate image handler for 'TIFF file'
09:33:24 PM: Debug: Adding duplicate image handler for 'GIF file'
09:33:24 PM: Debug: Adding duplicate image handler for 'PNM file'
09:33:24 PM: Debug: Adding duplicate image handler for 'PCX file'
09:33:24 PM: Debug: Adding duplicate image handler for 'IFF file'
09:33:24 PM: Debug: Adding duplicate image handler for 'Windows icon file'
09:33:24 PM: Debug: Adding duplicate image handler for 'Windows cursor file'
09:33:24 PM: Debug: Adding duplicate image handler for 'Windows animated cursor file'
09:33:24 PM: Debug: Adding duplicate image handler for 'TGA file'
09:33:24 PM: Debug: Adding duplicate image handler for 'XPM file'
kicad_ops done /Users/deepakdiwan/Downloads/VitalQ_Route_v9/candidates/R2-33/vitalq_v2.kicad_pcb
Fontconfig error: Cannot load default config file: No such file: (null)
Found 318 violations
Found 17 unconnected items
Found 29 schematic parity issues
Saved DRC Report to /Users/deepakdiwan/Downloads/VitalQ_Route_v9/candidates/R2-33/drc.json
Saved board
{"unconnected": 17, "real": 232, "total": 318, "parity": 29, "types": {"items_not_allowed": 201, "hole_clearance": 13, "clearance": 9, "npth_inside_courtyard": 1, "track_dangling": 8, "silk_edge_clearance": 14, "lib_footprint_issues": 53, "lib_footprint_mismatch": 3, "text_height": 15, "text_thickness": 1}}
dangling repair round 1: 3 new items
09:33:39 PM: Debug: Adding duplicate image handler for 'PNG file'
09:33:39 PM: Debug: Adding duplicate image handler for 'JPEG file'
09:33:39 PM: Debug: Adding duplicate image handler for 'TIFF file'
09:33:39 PM: Debug: Adding duplicate image handler for 'GIF file'
09:33:39 PM: Debug: Adding duplicate image handler for 'PNM file'
09:33:39 PM: Debug: Adding duplicate image handler for 'PCX file'
09:33:39 PM: Debug: Adding duplicate image handler for 'IFF file'
09:33:39 PM: Debug: Adding duplicate image handler for 'Windows icon file'
09:33:39 PM: Debug: Adding duplicate image handler for 'Windows cursor file'
09:33:39 PM: Debug: Adding duplicate image handler for 'Windows animated cursor file'
09:33:39 PM: Debug: Adding duplicate image handler for 'TGA file'
09:33:39 PM: Debug: Adding duplicate image handler for 'XPM file'
{'pads': 1020, 'tracks': 7814, 'vias': 812, 'zones': 6, 'keepouts': 81, 'outline': 1}
09:33:48 PM: Debug: Adding duplicate image handler for 'PNG file'
09:33:48 PM: Debug: Adding duplicate image handler for 'JPEG file'
09:33:48 PM: Debug: Adding duplicate image handler for 'TIFF file'
09:33:48 PM: Debug: Adding duplicate image handler for 'GIF file'
09:33:48 PM: Debug: Adding duplicate image handler for 'PNM file'
09:33:48 PM: Debug: Adding duplicate image handler for 'PCX file'
09:33:48 PM: Debug: Adding duplicate image handler for 'IFF file'
09:33:48 PM: Debug: Adding duplicate image handler for 'Windows icon file'
09:33:48 PM: Debug: Adding duplicate image handler for 'Windows cursor file'
09:33:48 PM: Debug: Adding duplicate image handler for 'Windows animated cursor file'
09:33:48 PM: Debug: Adding duplicate image handler for 'TGA file'
09:33:48 PM: Debug: Adding duplicate image handler for 'XPM file'
kicad_ops done /Users/deepakdiwan/Downloads/VitalQ_Route_v9/candidates/R2-33/vitalq_v2.kicad_pcb
swig/python detected a memory leak of type 'PCB_TRACK *', no destructor found.
swig/python detected a memory leak of type 'PCB_TRACK *', no destructor found.
swig/python detected a memory leak of type 'PCB_TRACK *', no destructor found.
swig/python detected a memory leak of type 'PCB_TRACK *', no destructor found.
Fontconfig error: Cannot load default config file: No such file: (null)
Found 315 violations
Found 17 unconnected items
Found 29 schematic parity issues
Saved DRC Report to /Users/deepakdiwan/Downloads/VitalQ_Route_v9/candidates/R2-33/drc.json
Saved board
{"unconnected": 17, "real": 229, "total": 315, "parity": 29, "types": {"items_not_allowed": 201, "hole_clearance": 13, "clearance": 9, "npth_inside_courtyard": 1, "track_dangling": 5, "silk_edge_clearance": 14, "lib_footprint_issues": 53, "lib_footprint_mismatch": 3, "text_height": 15, "text_thickness": 1}}
09:34:03 PM: Debug: Adding duplicate image handler for 'PNG file'
09:34:03 PM: Debug: Adding duplicate image handler for 'JPEG file'
09:34:03 PM: Debug: Adding duplicate image handler for 'TIFF file'
09:34:03 PM: Debug: Adding duplicate image handler for 'GIF file'
09:34:03 PM: Debug: Adding duplicate image handler for 'PNM file'
09:34:03 PM: Debug: Adding duplicate image handler for 'PCX file'
09:34:03 PM: Debug: Adding duplicate image handler for 'IFF file'
09:34:03 PM: Debug: Adding duplicate image handler for 'Windows icon file'
09:34:03 PM: Debug: Adding duplicate image handler for 'Windows cursor file'
09:34:03 PM: Debug: Adding duplicate image handler for 'Windows animated cursor file'
09:34:03 PM: Debug: Adding duplicate image handler for 'TGA file'
09:34:03 PM: Debug: Adding duplicate image handler for 'XPM file'
{'pads': 1020, 'tracks': 7809, 'vias': 812, 'zones': 6, 'keepouts': 81, 'outline': 1}
{
  "invariants": {
    "footprints_identical": true,
    "moved_footprints_same_side_same_lock": true,
    "pad_geometry_and_nets_identical": true,
    "rule_areas_identical": true,
    "outline_identical": true,
    "zone_definitions_identical": true,
    "copper_layer_count_ok": true,
    "through_vias_only": true
  },
  "preserved_pad_groups_checked": 190,
  "pad_connectivity_regressions": 3,
  "keepout_layer_intersections": 399,
  "new_keepout_hits": 0,
  "via_hole_copper_gaps": 9,
  "new_via_hole_copper_gaps": 0,
  "hole_pairs": 0,
  "new_hole_pairs": 0,
  "via_in_pad": 39,
  "pass": false
}
R2-33: REJECTED (streak 1); new native faults 0; audit FAIL
unconnected 12 -> 12 (candidate 17); real 229 -> 229 (candidate 229)
next: R2-29 (C) C59 rotations / regional rip x12-20 y36-44
