/Users/deepakdiwan/Downloads/VitalQ_Route_v9/backups/20261009_212808_R2-32_inc_U6_J8
09:28:09 PM: Debug: Adding duplicate image handler for 'PNG file'
09:28:09 PM: Debug: Adding duplicate image handler for 'JPEG file'
09:28:09 PM: Debug: Adding duplicate image handler for 'TIFF file'
09:28:09 PM: Debug: Adding duplicate image handler for 'GIF file'
09:28:09 PM: Debug: Adding duplicate image handler for 'PNM file'
09:28:09 PM: Debug: Adding duplicate image handler for 'PCX file'
09:28:09 PM: Debug: Adding duplicate image handler for 'IFF file'
09:28:09 PM: Debug: Adding duplicate image handler for 'Windows icon file'
09:28:09 PM: Debug: Adding duplicate image handler for 'Windows cursor file'
09:28:09 PM: Debug: Adding duplicate image handler for 'Windows animated cursor file'
09:28:09 PM: Debug: Adding duplicate image handler for 'TGA file'
09:28:09 PM: Debug: Adding duplicate image handler for 'XPM file'
kicad_ops done /Users/deepakdiwan/Downloads/VitalQ_Route_v9/candidates/R2-32/stage1/vitalq_v2.kicad_pcb
Fontconfig error: Cannot load default config file: No such file: (null)
Found 315 violations
Found 16 unconnected items
Found 29 schematic parity issues
Saved DRC Report to /Users/deepakdiwan/Downloads/VitalQ_Route_v9/candidates/R2-32/stage1/drc.json
Saved board
{"unconnected": 16, "real": 229, "total": 315, "parity": 29, "types": {"items_not_allowed": 201, "hole_clearance": 13, "clearance": 9, "npth_inside_courtyard": 1, "track_dangling": 5, "silk_edge_clearance": 14, "lib_footprint_issues": 53, "lib_footprint_mismatch": 3, "text_height": 15, "text_thickness": 1}}
09:28:23 PM: Debug: Adding duplicate image handler for 'PNG file'
09:28:23 PM: Debug: Adding duplicate image handler for 'JPEG file'
09:28:23 PM: Debug: Adding duplicate image handler for 'TIFF file'
09:28:23 PM: Debug: Adding duplicate image handler for 'GIF file'
09:28:23 PM: Debug: Adding duplicate image handler for 'PNM file'
09:28:23 PM: Debug: Adding duplicate image handler for 'PCX file'
09:28:23 PM: Debug: Adding duplicate image handler for 'IFF file'
09:28:23 PM: Debug: Adding duplicate image handler for 'Windows icon file'
09:28:23 PM: Debug: Adding duplicate image handler for 'Windows cursor file'
09:28:23 PM: Debug: Adding duplicate image handler for 'Windows animated cursor file'
09:28:23 PM: Debug: Adding duplicate image handler for 'TGA file'
09:28:23 PM: Debug: Adding duplicate image handler for 'XPM file'
{'pads': 1020, 'tracks': 7745, 'vias': 797, 'zones': 6, 'keepouts': 81, 'outline': 1}
routing 7 opens
ROUTED I2C_SCL R20/U19 5 tracks 1 vias
OPEN I2C_SCL R20/U19 ok
FAILED PD2_INM B3/U16/U6 R2-32 incremental 8L A* (F/B/In2/In3/In5), no rip-up, 60 s budget, margin 4 mm no path (expanded 1601 cells)
FAILED PD2_INM B3/U16/U6 R2-32 incremental 8L A* (F/B/In2/In3/In5), no rip-up, 60 s budget, margin 10 mm no path (expanded 1601 cells)
FAILED PD2_INM B3/U16/U6 R2-32 incremental 8L A* (F/B/In2/In3/In5), no rip-up, 60 s budget, margin 18 mm no path (expanded 1601 cells)
OPEN PD2_INM B3/U16/U6 FAILED
ROUTED ESP_RX J8 10 tracks 3 vias
OPEN ESP_RX J8 ok
FAILED MISO_AFE E2/R90/U6 R2-32 incremental 8L A* (F/B/In2/In3/In5), no rip-up, 60 s budget, margin 4 mm no path (expanded 12 cells)
FAILED MISO_AFE E2/R90/U6 R2-32 incremental 8L A* (F/B/In2/In3/In5), no rip-up, 60 s budget, margin 10 mm no path (expanded 12 cells)
FAILED MISO_AFE E2/R90/U6 R2-32 incremental 8L A* (F/B/In2/In3/In5), no rip-up, 60 s budget, margin 18 mm no path (expanded 12 cells)
OPEN MISO_AFE E2/R90/U6 FAILED
FAILED NIR_K  R2-32 incremental 8L A* (F/B/In2/In3/In5), no rip-up, 60 s budget, margin 4 mm no path (expanded 111946 cells)
ROUTED NIR_K  23 tracks 5 vias
OPEN NIR_K  ok
FAILED AFE_CLK F1/R10/U6 R2-32 incremental 8L A* (F/B/In2/In3/In5), no rip-up, 60 s budget, margin 4 mm no path (expanded 2423 cells)
FAILED AFE_CLK F1/R10/U6 R2-32 incremental 8L A* (F/B/In2/In3/In5), no rip-up, 60 s budget, margin 10 mm no path (expanded 767105 cells)
FAILED AFE_CLK F1/R10/U6 R2-32 incremental 8L A* (F/B/In2/In3/In5), no rip-up, 60 s budget, margin 18 mm no path (expanded 1403180 cells)
OPEN AFE_CLK F1/R10/U6 FAILED
FAILED ESP_TX J8 R2-32 incremental 8L A* (F/B/In2/In3/In5), no rip-up, 60 s budget, margin 4 mm no path (expanded 3174 cells)
ROUTED ESP_TX J8 44 tracks 6 vias
OPEN ESP_TX J8 ok
09:30:44 PM: Debug: Adding duplicate image handler for 'PNG file'
09:30:44 PM: Debug: Adding duplicate image handler for 'JPEG file'
09:30:44 PM: Debug: Adding duplicate image handler for 'TIFF file'
09:30:44 PM: Debug: Adding duplicate image handler for 'GIF file'
09:30:44 PM: Debug: Adding duplicate image handler for 'PNM file'
09:30:44 PM: Debug: Adding duplicate image handler for 'PCX file'
09:30:44 PM: Debug: Adding duplicate image handler for 'IFF file'
09:30:44 PM: Debug: Adding duplicate image handler for 'Windows icon file'
09:30:44 PM: Debug: Adding duplicate image handler for 'Windows cursor file'
09:30:44 PM: Debug: Adding duplicate image handler for 'Windows animated cursor file'
09:30:44 PM: Debug: Adding duplicate image handler for 'TGA file'
09:30:44 PM: Debug: Adding duplicate image handler for 'XPM file'
kicad_ops done /Users/deepakdiwan/Downloads/VitalQ_Route_v9/candidates/R2-32/vitalq_v2.kicad_pcb
Fontconfig error: Cannot load default config file: No such file: (null)
Found 315 violations
Found 12 unconnected items
Found 29 schematic parity issues
Saved DRC Report to /Users/deepakdiwan/Downloads/VitalQ_Route_v9/candidates/R2-32/drc.json
Saved board
{"unconnected": 12, "real": 229, "total": 315, "parity": 29, "types": {"items_not_allowed": 201, "hole_clearance": 13, "clearance": 9, "npth_inside_courtyard": 1, "track_dangling": 5, "silk_edge_clearance": 14, "lib_footprint_issues": 53, "lib_footprint_mismatch": 3, "text_height": 15, "text_thickness": 1}}
09:31:01 PM: Debug: Adding duplicate image handler for 'PNG file'
09:31:01 PM: Debug: Adding duplicate image handler for 'JPEG file'
09:31:01 PM: Debug: Adding duplicate image handler for 'TIFF file'
09:31:01 PM: Debug: Adding duplicate image handler for 'GIF file'
09:31:01 PM: Debug: Adding duplicate image handler for 'PNM file'
09:31:01 PM: Debug: Adding duplicate image handler for 'PCX file'
09:31:01 PM: Debug: Adding duplicate image handler for 'IFF file'
09:31:01 PM: Debug: Adding duplicate image handler for 'Windows icon file'
09:31:01 PM: Debug: Adding duplicate image handler for 'Windows cursor file'
09:31:01 PM: Debug: Adding duplicate image handler for 'Windows animated cursor file'
09:31:01 PM: Debug: Adding duplicate image handler for 'TGA file'
09:31:01 PM: Debug: Adding duplicate image handler for 'XPM file'
{'pads': 1020, 'tracks': 7827, 'vias': 812, 'zones': 6, 'keepouts': 81, 'outline': 1}
{
  "invariants": {
    "footprints_identical": true,
    "moved_footprints_same_side_same_lock": true,
    "pad_geometry_and_nets_identical": true,
    "rule_areas_identical": true,
    "outline_identical": true,
    "zone_definitions_identical": true,
    "copper_layer_count_ok": true,
    "through_vias_only": true
  },
  "preserved_pad_groups_checked": 189,
  "pad_connectivity_regressions": 0,
  "keepout_layer_intersections": 399,
  "new_keepout_hits": 0,
  "via_hole_copper_gaps": 9,
  "new_via_hole_copper_gaps": 0,
  "hole_pairs": 0,
  "new_hole_pairs": 0,
  "via_in_pad": 39,
  "pass": true
}
R2-32: ACCEPTED (streak 0); new native faults 0; audit pass
unconnected 16 -> 12 (candidate 12); real 229 -> 229 (candidate 229)
next: next incremental batch
