/Users/deepakdiwan/Downloads/VitalQ_Route_v9/backups/20261009_215031_R2-36_dangling_cleanup
09:50:32 PM: Debug: Adding duplicate image handler for 'PNG file'
09:50:32 PM: Debug: Adding duplicate image handler for 'JPEG file'
09:50:32 PM: Debug: Adding duplicate image handler for 'TIFF file'
09:50:32 PM: Debug: Adding duplicate image handler for 'GIF file'
09:50:32 PM: Debug: Adding duplicate image handler for 'PNM file'
09:50:32 PM: Debug: Adding duplicate image handler for 'PCX file'
09:50:32 PM: Debug: Adding duplicate image handler for 'IFF file'
09:50:32 PM: Debug: Adding duplicate image handler for 'Windows icon file'
09:50:32 PM: Debug: Adding duplicate image handler for 'Windows cursor file'
09:50:32 PM: Debug: Adding duplicate image handler for 'Windows animated cursor file'
09:50:32 PM: Debug: Adding duplicate image handler for 'TGA file'
09:50:32 PM: Debug: Adding duplicate image handler for 'XPM file'
kicad_ops done /Users/deepakdiwan/Downloads/VitalQ_Route_v9/candidates/R2-36/stage1/vitalq_v2.kicad_pcb
Fontconfig error: Cannot load default config file: No such file: (null)
Found 315 violations
Found 10 unconnected items
Found 29 schematic parity issues
Saved DRC Report to /Users/deepakdiwan/Downloads/VitalQ_Route_v9/candidates/R2-36/stage1/drc.json
Saved board
{"unconnected": 10, "real": 229, "total": 315, "parity": 29, "types": {"items_not_allowed": 201, "hole_clearance": 13, "clearance": 9, "npth_inside_courtyard": 1, "track_dangling": 5, "silk_edge_clearance": 14, "lib_footprint_issues": 53, "lib_footprint_mismatch": 3, "text_height": 15, "text_thickness": 1}}
09:50:46 PM: Debug: Adding duplicate image handler for 'PNG file'
09:50:46 PM: Debug: Adding duplicate image handler for 'JPEG file'
09:50:46 PM: Debug: Adding duplicate image handler for 'TIFF file'
09:50:46 PM: Debug: Adding duplicate image handler for 'GIF file'
09:50:46 PM: Debug: Adding duplicate image handler for 'PNM file'
09:50:46 PM: Debug: Adding duplicate image handler for 'PCX file'
09:50:46 PM: Debug: Adding duplicate image handler for 'IFF file'
09:50:46 PM: Debug: Adding duplicate image handler for 'Windows icon file'
09:50:46 PM: Debug: Adding duplicate image handler for 'Windows cursor file'
09:50:46 PM: Debug: Adding duplicate image handler for 'Windows animated cursor file'
09:50:46 PM: Debug: Adding duplicate image handler for 'TGA file'
09:50:46 PM: Debug: Adding duplicate image handler for 'XPM file'
{'pads': 1020, 'tracks': 7819, 'vias': 817, 'zones': 6, 'keepouts': 81, 'outline': 1}
cleanup [{'uuid': 'ba73ba52-203c-450f-9856-9148d9488010', 'net': 'AFE4900_RESETZ', 'action': 'shortened dangling track to last landing', 'new_end': [10.015259, 61.05]}, {'uuid': '53e287c4-7c36-45bc-9abf-2a66de5c6879', 'net': 'I2C_SDA', 'action': 'left (both ends anchored geometrically)'}, {'uuid': 'c9682b8e-0f1e-4374-9c48-43e0475ebb0a', 'net': 'CS_FLASH', 'action': 'left (both ends anchored geometrically)'}, {'uuid': 'c9f7c3f4-78c5-44ec-a64d-c05ddfdecc9f', 'net': 'GND', 'action': 'left (both ends anchored geometrically)'}, {'uuid': '6c04601c-5283-4759-93cf-80f6c77fc25d', 'net': 'GND', 'action': 'shortened dangling track to last landing', 'new_end': [28.936378, 36.72]}, {'uuid': 'new-65603a72-7a78-4b9f-9697-bde61c8acca5', 'net': 'GND', 'action': 'shortened dangling track to last landing', 'new_end': [28.936378, 36.72]}, {'uuid': 'new-a1e59166-0007-4363-847b-258b2622f30c', 'net': 'GND', 'action': 'shortened dangling track to last landing', 'new_end': [28.936378, 36.72]}, {'uuid': 'new-f0393b69-ee62-42e4-ba96-5485b2a94945', 'net': 'GND', 'action': 'shortened dangling track to last landing', 'new_end': [28.936378, 36.72]}, {'uuid': 'new-a9aea736-4ba8-4fea-b140-dd57805ac428', 'net': 'GND', 'action': 'shortened dangling track to last landing', 'new_end': [28.936378, 36.72]}, {'uuid': 'new-b9803852-18d6-4548-81df-785082102160', 'net': 'GND', 'action': 'shortened dangling track to last landing', 'new_end': [28.936378, 36.72]}, {'uuid': 'new-009d2931-b113-4d1c-b75d-f6938f8252bd', 'net': 'GND', 'action': 'shortened dangling track to last landing', 'new_end': [28.936378, 36.72]}, {'uuid': 'new-4c04b0bb-2c22-47e7-bf34-bf468243d46c', 'net': 'GND', 'action': 'shortened dangling track to last landing', 'new_end': [28.936378, 36.72]}, {'uuid': 'new-f7a2dd27-f554-455d-82fb-75e12ce7545d', 'net': 'GND', 'action': 'shortened dangling track to last landing', 'new_end': [28.936378, 36.72]}, {'uuid': 'new-50373ca8-ceb1-4127-8cd0-f36331a22fd9', 'net': 'GND', 'action': 'shortened dangling track to last landing', 'new_end': [28.936378, 36.72]}, {'uuid': 'new-352cfe8f-87b5-49c5-bdb7-4a3c5fc7014d', 'net': 'GND', 'action': 'shortened dangling track to last landing', 'new_end': [28.936378, 36.72]}, {'uuid': 'new-80465a93-9542-4c8f-9724-2f0c24adc81b', 'net': 'GND', 'action': 'shortened dangling track to last landing', 'new_end': [28.936378, 36.72]}, {'uuid': 'new-cbffc39c-fd33-4306-bd5c-2777efd32447', 'net': 'GND', 'action': 'shortened dangling track to last landing', 'new_end': [28.936378, 36.72]}, {'uuid': 'new-3ad5befd-8cb4-4010-a069-480bbe06444c', 'net': 'GND', 'action': 'shortened dangling track to last landing', 'new_end': [28.936378, 36.72]}, {'uuid': 'new-4cffe0e5-8d0b-4ab3-b4cb-78f2105a7caf', 'net': 'GND', 'action': 'shortened dangling track to last landing', 'new_end': [28.936378, 36.72]}, {'uuid': 'new-b671f720-711f-47d6-9025-41459794755a', 'net': 'GND', 'action': 'shortened dangling track to last landing', 'new_end': [28.936378, 36.72]}, {'uuid': 'new-c11502cf-364d-4298-a4ef-9a7d4449ee09', 'net': 'GND', 'action': 'shortened dangling track to last landing', 'new_end': [28.936378, 36.72]}, {'uuid': 'new-628c3cfe-125e-4569-8729-5925dc44a1c6', 'net': 'GND', 'action': 'shortened dangling track to last landing', 'new_end': [28.936378, 36.72]}, {'uuid': 'new-526da174-4221-4540-b9e3-62625c3ab1f9', 'net': 'GND', 'action': 'shortened dangling track to last landing', 'new_end': [28.936378, 36.72]}, {'uuid': 'new-5d29a5b0-d885-4c2e-a0e9-1623e3f3a05e', 'net': 'GND', 'action': 'shortened dangling track to last landing', 'new_end': [28.936378, 36.72]}, {'uuid': 'new-de872feb-89be-4d31-adfd-b255b195db71', 'net': 'GND', 'action': 'shortened dangling track to last landing', 'new_end': [28.936378, 36.72]}, {'uuid': 'new-f8adacf9-321a-44b8-a2ee-7da427d057ff', 'net': 'GND', 'action': 'shortened dangling track to last landing', 'new_end': [28.936378, 36.72]}, {'uuid': 'new-3dea0693-4a0b-4fb0-a4a7-a8cc20b95146', 'net': 'GND', 'action': 'shortened dangling track to last landing', 'new_end': [28.936378, 36.72]}, {'uuid': 'new-e3567127-1388-4770-a3fa-c793bb3009f9', 'net': 'GND', 'action': 'shortened dangling track to last landing', 'new_end': [28.936378, 36.72]}, {'uuid': 'new-86700492-086c-4df1-9eea-be1f2f0543bf', 'net': 'GND', 'action': 'shortened dangling track to last landing', 'new_end': [28.936378, 36.72]}, {'uuid': 'new-1b622243-6693-45e7-873d-fa477d4e3f01', 'net': 'GND', 'action': 'shortened dangling track to last landing', 'new_end': [28.936378, 36.72]}, {'uuid': 'new-40d2eec4-2800-4538-bce5-bc65cfacc601', 'net': 'GND', 'action': 'shortened dangling track to last landing', 'new_end': [28.936378, 36.72]}, {'uuid': 'new-f4ad053e-359a-4385-8399-e2680cd77342', 'net': 'GND', 'action': 'shortened dangling track to last landing', 'new_end': [28.936378, 36.72]}, {'uuid': 'new-a1520619-3a4c-43f9-b4cb-85e87f01e156', 'net': 'GND', 'action': 'shortened dangling track to last landing', 'new_end': [28.936378, 36.72]}, {'uuid': 'new-73f2733d-40ac-4b18-a3ba-911581943b24', 'net': 'GND', 'action': 'shortened dangling track to last landing', 'new_end': [28.936378, 36.72]}, {'uuid': 'new-2a9a19ed-786b-4848-a63e-15c26a07cd93', 'net': 'GND', 'action': 'shortened dangling track to last landing', 'new_end': [28.936378, 36.72]}, {'uuid': 'new-7d94d673-bcb9-450d-a10c-6d77981bdb90', 'net': 'GND', 'action': 'shortened dangling track to last landing', 'new_end': [28.936378, 36.72]}, {'uuid': 'new-0c56db2a-a629-483a-babc-0da03a8beded', 'net': 'GND', 'action': 'shortened dangling track to last landing', 'new_end': [28.936378, 36.72]}, {'uuid': 'new-067d9cbc-3390-4a7e-aaa7-8723f86bc51d', 'net': 'GND', 'action': 'shortened dangling track to last landing', 'new_end': [28.936378, 36.72]}, {'uuid': 'new-669d3f2d-84c6-45be-9702-7ed99e645556', 'net': 'GND', 'action': 'shortened dangling track to last landing', 'new_end': [28.936378, 36.72]}, {'uuid': 'new-b3ea29a6-7d24-46b8-9103-4b9c3201056d', 'net': 'GND', 'action': 'shortened dangling track to last landing', 'new_end': [28.936378, 36.72]}, {'uuid': 'new-5ddf3d7c-2b18-4211-b0a3-986f611b5f7c', 'net': 'GND', 'action': 'shortened dangling track to last landing', 'new_end': [28.936378, 36.72]}, {'uuid': 'new-80543c25-4ed0-4a55-b828-1072dd0b06f2', 'net': 'GND', 'action': 'shortened dangling track to last landing', 'new_end': [28.936378, 36.72]}, {'uuid': 'new-f4e9bf61-0e77-4e55-8b4a-8f82ca16f30f', 'net': 'GND', 'action': 'shortened dangling track to last landing', 'new_end': [28.936378, 36.72]}, {'uuid': 'new-03561d9c-229b-4093-a5b3-6a97842983d2', 'net': 'GND', 'action': 'shortened dangling track to last landing', 'new_end': [28.936378, 36.72]}, {'action': 'ABORT: cascade exceeded 40 removals; repair stopped (needs manual review)'}]
09:50:55 PM: Debug: Adding duplicate image handler for 'PNG file'
09:50:55 PM: Debug: Adding duplicate image handler for 'JPEG file'
09:50:55 PM: Debug: Adding duplicate image handler for 'TIFF file'
09:50:55 PM: Debug: Adding duplicate image handler for 'GIF file'
09:50:55 PM: Debug: Adding duplicate image handler for 'PNM file'
09:50:55 PM: Debug: Adding duplicate image handler for 'PCX file'
09:50:55 PM: Debug: Adding duplicate image handler for 'IFF file'
09:50:55 PM: Debug: Adding duplicate image handler for 'Windows icon file'
09:50:55 PM: Debug: Adding duplicate image handler for 'Windows cursor file'
09:50:55 PM: Debug: Adding duplicate image handler for 'Windows animated cursor file'
09:50:55 PM: Debug: Adding duplicate image handler for 'TGA file'
09:50:55 PM: Debug: Adding duplicate image handler for 'XPM file'
kicad_ops done /Users/deepakdiwan/Downloads/VitalQ_Route_v9/candidates/R2-36/vitalq_v2.kicad_pcb
Fontconfig error: Cannot load default config file: No such file: (null)
Found 316 violations
Found 10 unconnected items
Found 29 schematic parity issues
Saved DRC Report to /Users/deepakdiwan/Downloads/VitalQ_Route_v9/candidates/R2-36/drc.json
Saved board
{"unconnected": 10, "real": 230, "total": 316, "parity": 29, "types": {"items_not_allowed": 201, "hole_clearance": 15, "clearance": 9, "npth_inside_courtyard": 1, "track_dangling": 4, "silk_edge_clearance": 14, "lib_footprint_issues": 53, "lib_footprint_mismatch": 3, "text_height": 15, "text_thickness": 1}}
09:51:09 PM: Debug: Adding duplicate image handler for 'PNG file'
09:51:09 PM: Debug: Adding duplicate image handler for 'JPEG file'
09:51:09 PM: Debug: Adding duplicate image handler for 'TIFF file'
09:51:09 PM: Debug: Adding duplicate image handler for 'GIF file'
09:51:09 PM: Debug: Adding duplicate image handler for 'PNM file'
09:51:09 PM: Debug: Adding duplicate image handler for 'PCX file'
09:51:09 PM: Debug: Adding duplicate image handler for 'IFF file'
09:51:09 PM: Debug: Adding duplicate image handler for 'Windows icon file'
09:51:09 PM: Debug: Adding duplicate image handler for 'Windows cursor file'
09:51:09 PM: Debug: Adding duplicate image handler for 'Windows animated cursor file'
09:51:09 PM: Debug: Adding duplicate image handler for 'TGA file'
09:51:09 PM: Debug: Adding duplicate image handler for 'XPM file'
{'pads': 1020, 'tracks': 7823, 'vias': 817, 'zones': 6, 'keepouts': 81, 'outline': 1}
{
  "invariants": {
    "footprints_identical": true,
    "moved_footprints_same_side_same_lock": true,
    "pad_geometry_and_nets_identical": true,
    "rule_areas_identical": true,
    "outline_identical": true,
    "zone_definitions_identical": true,
    "copper_layer_count_ok": true,
    "through_vias_only": true
  },
  "preserved_pad_groups_checked": 189,
  "pad_connectivity_regressions": 0,
  "keepout_layer_intersections": 399,
  "new_keepout_hits": 0,
  "via_hole_copper_gaps": 9,
  "new_via_hole_copper_gaps": 0,
  "hole_pairs": 0,
  "new_hole_pairs": 0,
  "via_in_pad": 41,
  "pass": true
}
R2-36: REJECTED (streak 1); new native faults 2; audit pass
unconnected 10 -> 10 (candidate 10); real 229 -> 229 (candidate 230)
next: SOT-23 rule + fab outputs
