/Users/deepakdiwan/Downloads/VitalQ_Route_v9/backups/20261009_213637_R2-34_U11_rotate_island_stitch_v2
09:36:38 PM: Debug: Adding duplicate image handler for 'PNG file'
09:36:38 PM: Debug: Adding duplicate image handler for 'JPEG file'
09:36:38 PM: Debug: Adding duplicate image handler for 'TIFF file'
09:36:38 PM: Debug: Adding duplicate image handler for 'GIF file'
09:36:38 PM: Debug: Adding duplicate image handler for 'PNM file'
09:36:38 PM: Debug: Adding duplicate image handler for 'PCX file'
09:36:38 PM: Debug: Adding duplicate image handler for 'IFF file'
09:36:38 PM: Debug: Adding duplicate image handler for 'Windows icon file'
09:36:38 PM: Debug: Adding duplicate image handler for 'Windows cursor file'
09:36:38 PM: Debug: Adding duplicate image handler for 'Windows animated cursor file'
09:36:38 PM: Debug: Adding duplicate image handler for 'TGA file'
09:36:38 PM: Debug: Adding duplicate image handler for 'XPM file'
kicad_ops done /Users/deepakdiwan/Downloads/VitalQ_Route_v9/candidates/R2-34/stage1/vitalq_v2.kicad_pcb
swig/python detected a memory leak of type 'PCB_TRACK *', no destructor found.
swig/python detected a memory leak of type 'PCB_TRACK *', no destructor found.
swig/python detected a memory leak of type 'PCB_TRACK *', no destructor found.
swig/python detected a memory leak of type 'PCB_TRACK *', no destructor found.
swig/python detected a memory leak of type 'PCB_TRACK *', no destructor found.
swig/python detected a memory leak of type 'PCB_TRACK *', no destructor found.
swig/python detected a memory leak of type 'PCB_TRACK *', no destructor found.
swig/python detected a memory leak of type 'PCB_TRACK *', no destructor found.
swig/python detected a memory leak of type 'PCB_TRACK *', no destructor found.
swig/python detected a memory leak of type 'PCB_TRACK *', no destructor found.
swig/python detected a memory leak of type 'PCB_TRACK *', no destructor found.
swig/python detected a memory leak of type 'PCB_TRACK *', no destructor found.
Fontconfig error: Cannot load default config file: No such file: (null)
Found 318 violations
Found 17 unconnected items
Found 29 schematic parity issues
Saved DRC Report to /Users/deepakdiwan/Downloads/VitalQ_Route_v9/candidates/R2-34/stage1/drc.json
Saved board
{"unconnected": 17, "real": 232, "total": 318, "parity": 29, "types": {"items_not_allowed": 201, "hole_clearance": 13, "clearance": 9, "npth_inside_courtyard": 1, "track_dangling": 8, "silk_edge_clearance": 14, "lib_footprint_issues": 53, "lib_footprint_mismatch": 3, "text_height": 15, "text_thickness": 1}}
09:36:53 PM: Debug: Adding duplicate image handler for 'PNG file'
09:36:53 PM: Debug: Adding duplicate image handler for 'JPEG file'
09:36:53 PM: Debug: Adding duplicate image handler for 'TIFF file'
09:36:53 PM: Debug: Adding duplicate image handler for 'GIF file'
09:36:53 PM: Debug: Adding duplicate image handler for 'PNM file'
09:36:53 PM: Debug: Adding duplicate image handler for 'PCX file'
09:36:53 PM: Debug: Adding duplicate image handler for 'IFF file'
09:36:53 PM: Debug: Adding duplicate image handler for 'Windows icon file'
09:36:53 PM: Debug: Adding duplicate image handler for 'Windows cursor file'
09:36:53 PM: Debug: Adding duplicate image handler for 'Windows animated cursor file'
09:36:53 PM: Debug: Adding duplicate image handler for 'TGA file'
09:36:53 PM: Debug: Adding duplicate image handler for 'XPM file'
{'pads': 1020, 'tracks': 7814, 'vias': 812, 'zones': 6, 'keepouts': 81, 'outline': 1}
island rip 36
U11.5 POFV [21.25, 50.4] []
U11.3 [19.15, 49.75] dog-bone via [] stub ok True
ROUTED GND U11 2 tracks 0 vias
ROUTED GND U11#2 1 tracks 0 vias
ROUTED I2C_SCL U11 4 tracks 1 vias
ROUTED I2C_SCL U20 4 tracks 1 vias
FAILED I2C_SDA U11 R2-34 U11 rotated 180 in place; POFV in-pad +3V3 stitch; TMP117 dog-bone via; re-attach U11 nets; 60 s budget, margin 4 mm no path (expanded 141 cells)
FAILED I2C_SDA U11 R2-34 U11 rotated 180 in place; POFV in-pad +3V3 stitch; TMP117 dog-bone via; re-attach U11 nets; 60 s budget, margin 10 mm no path (expanded 141 cells)
ROUTED I2C_SDA U20 6 tracks 2 vias
FAILED TMP117_ALERT U11 R2-34 U11 rotated 180 in place; POFV in-pad +3V3 stitch; TMP117 dog-bone via; re-attach U11 nets; 60 s budget, margin 4 mm no path (expanded 64088 cells)
FAILED TMP117_ALERT U11 R2-34 U11 rotated 180 in place; POFV in-pad +3V3 stitch; TMP117 dog-bone via; re-attach U11 nets; 60 s budget, margin 10 mm no path (expanded 256415 cells)
09:37:31 PM: Debug: Adding duplicate image handler for 'PNG file'
09:37:31 PM: Debug: Adding duplicate image handler for 'JPEG file'
09:37:31 PM: Debug: Adding duplicate image handler for 'TIFF file'
09:37:31 PM: Debug: Adding duplicate image handler for 'GIF file'
09:37:31 PM: Debug: Adding duplicate image handler for 'PNM file'
09:37:31 PM: Debug: Adding duplicate image handler for 'PCX file'
09:37:31 PM: Debug: Adding duplicate image handler for 'IFF file'
09:37:31 PM: Debug: Adding duplicate image handler for 'Windows icon file'
09:37:31 PM: Debug: Adding duplicate image handler for 'Windows cursor file'
09:37:31 PM: Debug: Adding duplicate image handler for 'Windows animated cursor file'
09:37:31 PM: Debug: Adding duplicate image handler for 'TGA file'
09:37:31 PM: Debug: Adding duplicate image handler for 'XPM file'
kicad_ops done /Users/deepakdiwan/Downloads/VitalQ_Route_v9/candidates/R2-34/vitalq_v2.kicad_pcb
swig/python detected a memory leak of type 'PCB_VIA *', no destructor found.
swig/python detected a memory leak of type 'PCB_TRACK *', no destructor found.
swig/python detected a memory leak of type 'PCB_TRACK *', no destructor found.
swig/python detected a memory leak of type 'PCB_TRACK *', no destructor found.
swig/python detected a memory leak of type 'PCB_TRACK *', no destructor found.
swig/python detected a memory leak of type 'PCB_TRACK *', no destructor found.
swig/python detected a memory leak of type 'PCB_TRACK *', no destructor found.
swig/python detected a memory leak of type 'PCB_TRACK *', no destructor found.
swig/python detected a memory leak of type 'PCB_TRACK *', no destructor found.
swig/python detected a memory leak of type 'PCB_TRACK *', no destructor found.
swig/python detected a memory leak of type 'PCB_TRACK *', no destructor found.
Fontconfig error: Cannot load default config file: No such file: (null)
Found 317 violations
Found 11 unconnected items
Found 29 schematic parity issues
Saved DRC Report to /Users/deepakdiwan/Downloads/VitalQ_Route_v9/candidates/R2-34/drc.json
Saved board
{"unconnected": 11, "real": 231, "total": 317, "parity": 29, "types": {"items_not_allowed": 201, "hole_clearance": 13, "clearance": 9, "npth_inside_courtyard": 1, "track_dangling": 6, "via_dangling": 1, "silk_edge_clearance": 14, "lib_footprint_issues": 53, "lib_footprint_mismatch": 3, "text_height": 15, "text_thickness": 1}}
dangling repair round 1: 2 new items
09:37:46 PM: Debug: Adding duplicate image handler for 'PNG file'
09:37:46 PM: Debug: Adding duplicate image handler for 'JPEG file'
09:37:46 PM: Debug: Adding duplicate image handler for 'TIFF file'
09:37:46 PM: Debug: Adding duplicate image handler for 'GIF file'
09:37:46 PM: Debug: Adding duplicate image handler for 'PNM file'
09:37:46 PM: Debug: Adding duplicate image handler for 'PCX file'
09:37:46 PM: Debug: Adding duplicate image handler for 'IFF file'
09:37:46 PM: Debug: Adding duplicate image handler for 'Windows icon file'
09:37:46 PM: Debug: Adding duplicate image handler for 'Windows cursor file'
09:37:46 PM: Debug: Adding duplicate image handler for 'Windows animated cursor file'
09:37:46 PM: Debug: Adding duplicate image handler for 'TGA file'
09:37:46 PM: Debug: Adding duplicate image handler for 'XPM file'
{'pads': 1020, 'tracks': 7801, 'vias': 813, 'zones': 6, 'keepouts': 81, 'outline': 1}
09:37:55 PM: Debug: Adding duplicate image handler for 'PNG file'
09:37:55 PM: Debug: Adding duplicate image handler for 'JPEG file'
09:37:55 PM: Debug: Adding duplicate image handler for 'TIFF file'
09:37:55 PM: Debug: Adding duplicate image handler for 'GIF file'
09:37:55 PM: Debug: Adding duplicate image handler for 'PNM file'
09:37:55 PM: Debug: Adding duplicate image handler for 'PCX file'
09:37:55 PM: Debug: Adding duplicate image handler for 'IFF file'
09:37:55 PM: Debug: Adding duplicate image handler for 'Windows icon file'
09:37:55 PM: Debug: Adding duplicate image handler for 'Windows cursor file'
09:37:55 PM: Debug: Adding duplicate image handler for 'Windows animated cursor file'
09:37:55 PM: Debug: Adding duplicate image handler for 'TGA file'
09:37:55 PM: Debug: Adding duplicate image handler for 'XPM file'
kicad_ops done /Users/deepakdiwan/Downloads/VitalQ_Route_v9/candidates/R2-34/vitalq_v2.kicad_pcb
swig/python detected a memory leak of type 'PCB_VIA *', no destructor found.
swig/python detected a memory leak of type 'PCB_TRACK *', no destructor found.
swig/python detected a memory leak of type 'PCB_TRACK *', no destructor found.
Fontconfig error: Cannot load default config file: No such file: (null)
Found 315 violations
Found 11 unconnected items
Found 29 schematic parity issues
Saved DRC Report to /Users/deepakdiwan/Downloads/VitalQ_Route_v9/candidates/R2-34/drc.json
Saved board
{"unconnected": 11, "real": 229, "total": 315, "parity": 29, "types": {"items_not_allowed": 201, "hole_clearance": 13, "clearance": 9, "npth_inside_courtyard": 1, "track_dangling": 5, "silk_edge_clearance": 14, "lib_footprint_issues": 53, "lib_footprint_mismatch": 3, "text_height": 15, "text_thickness": 1}}
09:38:11 PM: Debug: Adding duplicate image handler for 'PNG file'
09:38:11 PM: Debug: Adding duplicate image handler for 'JPEG file'
09:38:11 PM: Debug: Adding duplicate image handler for 'TIFF file'
09:38:11 PM: Debug: Adding duplicate image handler for 'GIF file'
09:38:11 PM: Debug: Adding duplicate image handler for 'PNM file'
09:38:11 PM: Debug: Adding duplicate image handler for 'PCX file'
09:38:11 PM: Debug: Adding duplicate image handler for 'IFF file'
09:38:11 PM: Debug: Adding duplicate image handler for 'Windows icon file'
09:38:11 PM: Debug: Adding duplicate image handler for 'Windows cursor file'
09:38:11 PM: Debug: Adding duplicate image handler for 'Windows animated cursor file'
09:38:11 PM: Debug: Adding duplicate image handler for 'TGA file'
09:38:11 PM: Debug: Adding duplicate image handler for 'XPM file'
{'pads': 1020, 'tracks': 7798, 'vias': 812, 'zones': 6, 'keepouts': 81, 'outline': 1}
{
  "invariants": {
    "footprints_identical": true,
    "moved_footprints_same_side_same_lock": true,
    "pad_geometry_and_nets_identical": true,
    "rule_areas_identical": true,
    "outline_identical": true,
    "zone_definitions_identical": true,
    "copper_layer_count_ok": true,
    "through_vias_only": true
  },
  "preserved_pad_groups_checked": 190,
  "pad_connectivity_regressions": 1,
  "keepout_layer_intersections": 399,
  "new_keepout_hits": 0,
  "via_hole_copper_gaps": 9,
  "new_via_hole_copper_gaps": 0,
  "hole_pairs": 0,
  "new_hole_pairs": 0,
  "via_in_pad": 41,
  "pass": false
}
R2-34: ACCEPTED (streak 0); new native faults 0; audit FAIL
unconnected 12 -> 11 (candidate 11); real 229 -> 229 (candidate 229)
next: R2-29 (C) C59 rotations / regional rip x12-20 y36-44
