/Users/deepakdiwan/Downloads/VitalQ_Route_v9/backups/20261009_212346_R2-31_inc_U18_U22
09:23:47 PM: Debug: Adding duplicate image handler for 'PNG file'
09:23:47 PM: Debug: Adding duplicate image handler for 'JPEG file'
09:23:47 PM: Debug: Adding duplicate image handler for 'TIFF file'
09:23:47 PM: Debug: Adding duplicate image handler for 'GIF file'
09:23:47 PM: Debug: Adding duplicate image handler for 'PNM file'
09:23:47 PM: Debug: Adding duplicate image handler for 'PCX file'
09:23:47 PM: Debug: Adding duplicate image handler for 'IFF file'
09:23:47 PM: Debug: Adding duplicate image handler for 'Windows icon file'
09:23:47 PM: Debug: Adding duplicate image handler for 'Windows cursor file'
09:23:47 PM: Debug: Adding duplicate image handler for 'Windows animated cursor file'
09:23:47 PM: Debug: Adding duplicate image handler for 'TGA file'
09:23:47 PM: Debug: Adding duplicate image handler for 'XPM file'
kicad_ops done /Users/deepakdiwan/Downloads/VitalQ_Route_v9/candidates/R2-31/stage1/vitalq_v2.kicad_pcb
Fontconfig error: Cannot load default config file: No such file: (null)
Found 315 violations
Found 22 unconnected items
Found 29 schematic parity issues
Saved DRC Report to /Users/deepakdiwan/Downloads/VitalQ_Route_v9/candidates/R2-31/stage1/drc.json
Saved board
{"unconnected": 22, "real": 229, "total": 315, "parity": 29, "types": {"items_not_allowed": 201, "hole_clearance": 13, "clearance": 9, "npth_inside_courtyard": 1, "track_dangling": 5, "silk_edge_clearance": 14, "lib_footprint_issues": 53, "lib_footprint_mismatch": 3, "text_height": 15, "text_thickness": 1}}
09:24:03 PM: Debug: Adding duplicate image handler for 'PNG file'
09:24:03 PM: Debug: Adding duplicate image handler for 'JPEG file'
09:24:03 PM: Debug: Adding duplicate image handler for 'TIFF file'
09:24:03 PM: Debug: Adding duplicate image handler for 'GIF file'
09:24:03 PM: Debug: Adding duplicate image handler for 'PNM file'
09:24:03 PM: Debug: Adding duplicate image handler for 'PCX file'
09:24:03 PM: Debug: Adding duplicate image handler for 'IFF file'
09:24:03 PM: Debug: Adding duplicate image handler for 'Windows icon file'
09:24:03 PM: Debug: Adding duplicate image handler for 'Windows cursor file'
09:24:03 PM: Debug: Adding duplicate image handler for 'Windows animated cursor file'
09:24:03 PM: Debug: Adding duplicate image handler for 'TGA file'
09:24:03 PM: Debug: Adding duplicate image handler for 'XPM file'
{'pads': 1020, 'tracks': 7728, 'vias': 794, 'zones': 6, 'keepouts': 81, 'outline': 1}
routing 8 opens
ROUTED +1V8 C2/D2/U22 1 tracks 0 vias
OPEN +1V8 C2/D2/U22 ok
ROUTED SPI_MOSI U18 1 tracks 0 vias
OPEN SPI_MOSI U18 ok
ROUTED +3V3 U18 1 tracks 0 vias
OPEN +3V3 U18 ok
ROUTED SPI_SCK U18 1 tracks 0 vias
OPEN SPI_SCK U18 ok
BLOCKED +3V3 U18
OPEN +3V3 U18 FAILED
FAILED +1V8 C87/D2/U22 R2-31 incremental 8L A* (F/B/In2/In3/In5), no rip-up, 60 s budget, margin 4 mm no path (expanded 130618 cells)
ROUTED +1V8 C87/D2/U22 5 tracks 1 vias
OPEN +1V8 C87/D2/U22 ok
FAILED PD_A C5/U22 R2-31 incremental 8L A* (F/B/In2/In3/In5), no rip-up, 60 s budget, margin 4 mm no path (expanded 36 cells)
FAILED PD_A C5/U22 R2-31 incremental 8L A* (F/B/In2/In3/In5), no rip-up, 60 s budget, margin 10 mm no path (expanded 36 cells)
FAILED PD_A C5/U22 R2-31 incremental 8L A* (F/B/In2/In3/In5), no rip-up, 60 s budget, margin 18 mm no path (expanded 36 cells)
OPEN PD_A C5/U22 FAILED
ROUTED LED2_K C1/U22 8 tracks 2 vias
OPEN LED2_K C1/U22 ok
09:24:54 PM: Debug: Adding duplicate image handler for 'PNG file'
09:24:54 PM: Debug: Adding duplicate image handler for 'JPEG file'
09:24:54 PM: Debug: Adding duplicate image handler for 'TIFF file'
09:24:54 PM: Debug: Adding duplicate image handler for 'GIF file'
09:24:54 PM: Debug: Adding duplicate image handler for 'PNM file'
09:24:54 PM: Debug: Adding duplicate image handler for 'PCX file'
09:24:54 PM: Debug: Adding duplicate image handler for 'IFF file'
09:24:54 PM: Debug: Adding duplicate image handler for 'Windows icon file'
09:24:54 PM: Debug: Adding duplicate image handler for 'Windows cursor file'
09:24:54 PM: Debug: Adding duplicate image handler for 'Windows animated cursor file'
09:24:54 PM: Debug: Adding duplicate image handler for 'TGA file'
09:24:54 PM: Debug: Adding duplicate image handler for 'XPM file'
kicad_ops done /Users/deepakdiwan/Downloads/VitalQ_Route_v9/candidates/R2-31/vitalq_v2.kicad_pcb
Fontconfig error: Cannot load default config file: No such file: (null)
Found 315 violations
Found 16 unconnected items
Found 29 schematic parity issues
Saved DRC Report to /Users/deepakdiwan/Downloads/VitalQ_Route_v9/candidates/R2-31/drc.json
Saved board
{"unconnected": 16, "real": 229, "total": 315, "parity": 29, "types": {"items_not_allowed": 201, "hole_clearance": 13, "clearance": 9, "npth_inside_courtyard": 1, "track_dangling": 5, "silk_edge_clearance": 14, "lib_footprint_issues": 53, "lib_footprint_mismatch": 3, "text_height": 15, "text_thickness": 1}}
09:25:12 PM: Debug: Adding duplicate image handler for 'PNG file'
09:25:12 PM: Debug: Adding duplicate image handler for 'JPEG file'
09:25:12 PM: Debug: Adding duplicate image handler for 'TIFF file'
09:25:12 PM: Debug: Adding duplicate image handler for 'GIF file'
09:25:12 PM: Debug: Adding duplicate image handler for 'PNM file'
09:25:12 PM: Debug: Adding duplicate image handler for 'PCX file'
09:25:12 PM: Debug: Adding duplicate image handler for 'IFF file'
09:25:12 PM: Debug: Adding duplicate image handler for 'Windows icon file'
09:25:12 PM: Debug: Adding duplicate image handler for 'Windows cursor file'
09:25:12 PM: Debug: Adding duplicate image handler for 'Windows animated cursor file'
09:25:12 PM: Debug: Adding duplicate image handler for 'TGA file'
09:25:12 PM: Debug: Adding duplicate image handler for 'XPM file'
{'pads': 1020, 'tracks': 7745, 'vias': 797, 'zones': 6, 'keepouts': 81, 'outline': 1}
{
  "invariants": {
    "footprints_identical": true,
    "moved_footprints_same_side_same_lock": true,
    "pad_geometry_and_nets_identical": true,
    "rule_areas_identical": true,
    "outline_identical": true,
    "zone_definitions_identical": true,
    "copper_layer_count_ok": true,
    "through_vias_only": true
  },
  "preserved_pad_groups_checked": 189,
  "pad_connectivity_regressions": 0,
  "keepout_layer_intersections": 399,
  "new_keepout_hits": 0,
  "via_hole_copper_gaps": 9,
  "new_via_hole_copper_gaps": 0,
  "hole_pairs": 0,
  "new_hole_pairs": 0,
  "via_in_pad": 39,
  "pass": true
}
R2-31: ACCEPTED (streak 0); new native faults 0; audit pass
unconnected 22 -> 16 (candidate 16); real 229 -> 229 (candidate 229)
next: next incremental batch
