/Users/deepakdiwan/Downloads/VitalQ_Route_v9/backups/20261009_224311_R2-48_inc_dst_pocket_rip
10:43:13 PM: Debug: Adding duplicate image handler for 'PNG file'
10:43:13 PM: Debug: Adding duplicate image handler for 'JPEG file'
10:43:13 PM: Debug: Adding duplicate image handler for 'TIFF file'
10:43:13 PM: Debug: Adding duplicate image handler for 'GIF file'
10:43:13 PM: Debug: Adding duplicate image handler for 'PNM file'
10:43:13 PM: Debug: Adding duplicate image handler for 'PCX file'
10:43:13 PM: Debug: Adding duplicate image handler for 'IFF file'
10:43:13 PM: Debug: Adding duplicate image handler for 'Windows icon file'
10:43:13 PM: Debug: Adding duplicate image handler for 'Windows cursor file'
10:43:13 PM: Debug: Adding duplicate image handler for 'Windows animated cursor file'
10:43:13 PM: Debug: Adding duplicate image handler for 'TGA file'
10:43:13 PM: Debug: Adding duplicate image handler for 'XPM file'
kicad_ops done /Users/deepakdiwan/Downloads/VitalQ_Route_v9/candidates/R2-48/stage1/vitalq_v2.kicad_pcb
Fontconfig error: Cannot load default config file: No such file: (null)
Found 298 violations
Found 8 unconnected items
Found 29 schematic parity issues
Saved DRC Report to /Users/deepakdiwan/Downloads/VitalQ_Route_v9/candidates/R2-48/stage1/drc.json
Saved board
{"unconnected": 8, "real": 212, "total": 298, "parity": 29, "types": {"items_not_allowed": 201, "hole_clearance": 4, "npth_inside_courtyard": 1, "track_dangling": 6, "silk_edge_clearance": 14, "lib_footprint_issues": 53, "lib_footprint_mismatch": 3, "text_height": 15, "text_thickness": 1}}
10:43:41 PM: Debug: Adding duplicate image handler for 'PNG file'
10:43:41 PM: Debug: Adding duplicate image handler for 'JPEG file'
10:43:41 PM: Debug: Adding duplicate image handler for 'TIFF file'
10:43:41 PM: Debug: Adding duplicate image handler for 'GIF file'
10:43:41 PM: Debug: Adding duplicate image handler for 'PNM file'
10:43:41 PM: Debug: Adding duplicate image handler for 'PCX file'
10:43:41 PM: Debug: Adding duplicate image handler for 'IFF file'
10:43:41 PM: Debug: Adding duplicate image handler for 'Windows icon file'
10:43:41 PM: Debug: Adding duplicate image handler for 'Windows cursor file'
10:43:41 PM: Debug: Adding duplicate image handler for 'Windows animated cursor file'
10:43:41 PM: Debug: Adding duplicate image handler for 'TGA file'
10:43:41 PM: Debug: Adding duplicate image handler for 'XPM file'
{'pads': 1020, 'tracks': 7843, 'vias': 823, 'zones': 6, 'keepouts': 81, 'outline': 1}
FAILED MISO_AFE inc2b R2-48 8L local-blocker rip fallback (+In4 local) plain A*, margin 12 mm no path (expanded 12 cells)
FAILED MISO_AFE inc2b R2-48 8L local-blocker rip fallback (+In4 local) after local blocker rip, margin 12 mm no path (expanded 12 cells)
OPEN MISO_AFE inc2b FAILED, rolled back
FAILED PD2_INM inc2b R2-48 8L local-blocker rip fallback (+In4 local) plain A*, margin 12 mm no path (expanded 1601 cells)
FAILED PD2_INM inc2b R2-48 8L local-blocker rip fallback (+In4 local) after local blocker rip, margin 12 mm no path (expanded 1022530 cells)
OPEN PD2_INM inc2b FAILED, rolled back
FAILED PD_A inc2b R2-48 8L local-blocker rip fallback (+In4 local) plain A*, margin 12 mm no path (expanded 36 cells)
FAILED PD_A inc2b R2-48 8L local-blocker rip fallback (+In4 local) after local blocker rip, margin 12 mm no path (expanded 36 cells)
OPEN PD_A inc2b FAILED, rolled back
10:45:05 PM: Debug: Adding duplicate image handler for 'PNG file'
10:45:05 PM: Debug: Adding duplicate image handler for 'JPEG file'
10:45:05 PM: Debug: Adding duplicate image handler for 'TIFF file'
10:45:05 PM: Debug: Adding duplicate image handler for 'GIF file'
10:45:05 PM: Debug: Adding duplicate image handler for 'PNM file'
10:45:05 PM: Debug: Adding duplicate image handler for 'PCX file'
10:45:05 PM: Debug: Adding duplicate image handler for 'IFF file'
10:45:05 PM: Debug: Adding duplicate image handler for 'Windows icon file'
10:45:05 PM: Debug: Adding duplicate image handler for 'Windows cursor file'
10:45:05 PM: Debug: Adding duplicate image handler for 'Windows animated cursor file'
10:45:05 PM: Debug: Adding duplicate image handler for 'TGA file'
10:45:05 PM: Debug: Adding duplicate image handler for 'XPM file'
kicad_ops done /Users/deepakdiwan/Downloads/VitalQ_Route_v9/candidates/R2-48/vitalq_v2.kicad_pcb
Fontconfig error: Cannot load default config file: No such file: (null)
Found 298 violations
Found 8 unconnected items
Found 29 schematic parity issues
Saved DRC Report to /Users/deepakdiwan/Downloads/VitalQ_Route_v9/candidates/R2-48/drc.json
Saved board
{"unconnected": 8, "real": 212, "total": 298, "parity": 29, "types": {"items_not_allowed": 201, "hole_clearance": 4, "npth_inside_courtyard": 1, "track_dangling": 6, "silk_edge_clearance": 14, "lib_footprint_issues": 53, "lib_footprint_mismatch": 3, "text_height": 15, "text_thickness": 1}}
10:45:28 PM: Debug: Adding duplicate image handler for 'PNG file'
10:45:28 PM: Debug: Adding duplicate image handler for 'JPEG file'
10:45:28 PM: Debug: Adding duplicate image handler for 'TIFF file'
10:45:28 PM: Debug: Adding duplicate image handler for 'GIF file'
10:45:28 PM: Debug: Adding duplicate image handler for 'PNM file'
10:45:28 PM: Debug: Adding duplicate image handler for 'PCX file'
10:45:28 PM: Debug: Adding duplicate image handler for 'IFF file'
10:45:28 PM: Debug: Adding duplicate image handler for 'Windows icon file'
10:45:28 PM: Debug: Adding duplicate image handler for 'Windows cursor file'
10:45:28 PM: Debug: Adding duplicate image handler for 'Windows animated cursor file'
10:45:28 PM: Debug: Adding duplicate image handler for 'TGA file'
10:45:28 PM: Debug: Adding duplicate image handler for 'XPM file'
{'pads': 1020, 'tracks': 7843, 'vias': 823, 'zones': 6, 'keepouts': 81, 'outline': 1}
{
  "invariants": {
    "footprints_identical": true,
    "moved_footprints_same_side_same_lock": true,
    "pad_geometry_and_nets_identical": true,
    "rule_areas_identical": true,
    "outline_identical": true,
    "zone_definitions_identical": true,
    "copper_layer_count_ok": true,
    "through_vias_only": true
  },
  "preserved_pad_groups_checked": 190,
  "pad_connectivity_regressions": 0,
  "keepout_layer_intersections": 399,
  "new_keepout_hits": 0,
  "via_hole_copper_gaps": 1,
  "new_via_hole_copper_gaps": 0,
  "hole_pairs": 0,
  "new_hole_pairs": 0,
  "via_in_pad": 42,
  "pass": true
}
R2-48: ACCEPTED (streak 1); new native faults 0; audit pass
unconnected 8 -> 8 (candidate 8); real 212 -> 212 (candidate 212)
next: next incremental batch
