/Users/deepakdiwan/Downloads/VitalQ_Route_v9/backups/20261009_221736_R2-41_hole_clearance_cleanup
10:17:37 PM: Debug: Adding duplicate image handler for 'PNG file'
10:17:37 PM: Debug: Adding duplicate image handler for 'JPEG file'
10:17:37 PM: Debug: Adding duplicate image handler for 'TIFF file'
10:17:37 PM: Debug: Adding duplicate image handler for 'GIF file'
10:17:37 PM: Debug: Adding duplicate image handler for 'PNM file'
10:17:37 PM: Debug: Adding duplicate image handler for 'PCX file'
10:17:37 PM: Debug: Adding duplicate image handler for 'IFF file'
10:17:37 PM: Debug: Adding duplicate image handler for 'Windows icon file'
10:17:37 PM: Debug: Adding duplicate image handler for 'Windows cursor file'
10:17:37 PM: Debug: Adding duplicate image handler for 'Windows animated cursor file'
10:17:37 PM: Debug: Adding duplicate image handler for 'TGA file'
10:17:37 PM: Debug: Adding duplicate image handler for 'XPM file'
kicad_ops done /Users/deepakdiwan/Downloads/VitalQ_Route_v9/candidates/R2-41/stage1/vitalq_v2.kicad_pcb
Fontconfig error: Cannot load default config file: No such file: (null)
Found 306 violations
Found 9 unconnected items
Found 29 schematic parity issues
Saved DRC Report to /Users/deepakdiwan/Downloads/VitalQ_Route_v9/candidates/R2-41/stage1/drc.json
Saved board
{"unconnected": 9, "real": 220, "total": 306, "parity": 29, "types": {"items_not_allowed": 201, "hole_clearance": 13, "npth_inside_courtyard": 1, "track_dangling": 5, "silk_edge_clearance": 14, "lib_footprint_issues": 53, "lib_footprint_mismatch": 3, "text_height": 15, "text_thickness": 1}}
10:17:54 PM: Debug: Adding duplicate image handler for 'PNG file'
10:17:54 PM: Debug: Adding duplicate image handler for 'JPEG file'
10:17:54 PM: Debug: Adding duplicate image handler for 'TIFF file'
10:17:54 PM: Debug: Adding duplicate image handler for 'GIF file'
10:17:54 PM: Debug: Adding duplicate image handler for 'PNM file'
10:17:54 PM: Debug: Adding duplicate image handler for 'PCX file'
10:17:54 PM: Debug: Adding duplicate image handler for 'IFF file'
10:17:54 PM: Debug: Adding duplicate image handler for 'Windows icon file'
10:17:54 PM: Debug: Adding duplicate image handler for 'Windows cursor file'
10:17:54 PM: Debug: Adding duplicate image handler for 'Windows animated cursor file'
10:17:54 PM: Debug: Adding duplicate image handler for 'TGA file'
10:17:54 PM: Debug: Adding duplicate image handler for 'XPM file'
{'pads': 1020, 'tracks': 7820, 'vias': 817, 'zones': 6, 'keepouts': 81, 'outline': 1}
hole_clearance tracks 9
ROUTED CS_AD5940 U7 1 tracks 0 vias
ROUTED USB_DM R105/U21 4 tracks 1 vias
ROUTED VBUS J1 1 tracks 0 vias
ROUTED CHG_DIS Q2 1 tracks 0 vias
ROUTED CS_AD5940 U1 2 tracks 1 vias
ROUTED RTC_VBK R115 1 tracks 0 vias
ROUTED +1V8 R21/R97/U9 1 tracks 0 vias
ROUTED ESP_EN U1 3 tracks 1 vias
ROUTED CS_FLASH U1 1 tracks 0 vias
10:18:21 PM: Debug: Adding duplicate image handler for 'PNG file'
10:18:21 PM: Debug: Adding duplicate image handler for 'JPEG file'
10:18:21 PM: Debug: Adding duplicate image handler for 'TIFF file'
10:18:21 PM: Debug: Adding duplicate image handler for 'GIF file'
10:18:21 PM: Debug: Adding duplicate image handler for 'PNM file'
10:18:21 PM: Debug: Adding duplicate image handler for 'PCX file'
10:18:21 PM: Debug: Adding duplicate image handler for 'IFF file'
10:18:21 PM: Debug: Adding duplicate image handler for 'Windows icon file'
10:18:21 PM: Debug: Adding duplicate image handler for 'Windows cursor file'
10:18:21 PM: Debug: Adding duplicate image handler for 'Windows animated cursor file'
10:18:21 PM: Debug: Adding duplicate image handler for 'TGA file'
10:18:21 PM: Debug: Adding duplicate image handler for 'XPM file'
kicad_ops done /Users/deepakdiwan/Downloads/VitalQ_Route_v9/candidates/R2-41/vitalq_v2.kicad_pcb
Fontconfig error: Cannot load default config file: No such file: (null)
Found 301 violations
Found 9 unconnected items
Found 29 schematic parity issues
Saved DRC Report to /Users/deepakdiwan/Downloads/VitalQ_Route_v9/candidates/R2-41/drc.json
Saved board
{"unconnected": 9, "real": 215, "total": 301, "parity": 29, "types": {"items_not_allowed": 201, "hole_clearance": 3, "npth_inside_courtyard": 1, "track_dangling": 10, "silk_edge_clearance": 14, "lib_footprint_issues": 53, "lib_footprint_mismatch": 3, "text_height": 15, "text_thickness": 1}}
dangling repair round 1: 5 new items
10:18:37 PM: Debug: Adding duplicate image handler for 'PNG file'
10:18:37 PM: Debug: Adding duplicate image handler for 'JPEG file'
10:18:37 PM: Debug: Adding duplicate image handler for 'TIFF file'
10:18:37 PM: Debug: Adding duplicate image handler for 'GIF file'
10:18:37 PM: Debug: Adding duplicate image handler for 'PNM file'
10:18:37 PM: Debug: Adding duplicate image handler for 'PCX file'
10:18:37 PM: Debug: Adding duplicate image handler for 'IFF file'
10:18:37 PM: Debug: Adding duplicate image handler for 'Windows icon file'
10:18:37 PM: Debug: Adding duplicate image handler for 'Windows cursor file'
10:18:37 PM: Debug: Adding duplicate image handler for 'Windows animated cursor file'
10:18:37 PM: Debug: Adding duplicate image handler for 'TGA file'
10:18:37 PM: Debug: Adding duplicate image handler for 'XPM file'
{'pads': 1020, 'tracks': 7826, 'vias': 820, 'zones': 6, 'keepouts': 81, 'outline': 1}
10:18:48 PM: Debug: Adding duplicate image handler for 'PNG file'
10:18:48 PM: Debug: Adding duplicate image handler for 'JPEG file'
10:18:48 PM: Debug: Adding duplicate image handler for 'TIFF file'
10:18:48 PM: Debug: Adding duplicate image handler for 'GIF file'
10:18:48 PM: Debug: Adding duplicate image handler for 'PNM file'
10:18:48 PM: Debug: Adding duplicate image handler for 'PCX file'
10:18:48 PM: Debug: Adding duplicate image handler for 'IFF file'
10:18:48 PM: Debug: Adding duplicate image handler for 'Windows icon file'
10:18:48 PM: Debug: Adding duplicate image handler for 'Windows cursor file'
10:18:48 PM: Debug: Adding duplicate image handler for 'Windows animated cursor file'
10:18:48 PM: Debug: Adding duplicate image handler for 'TGA file'
10:18:48 PM: Debug: Adding duplicate image handler for 'XPM file'
kicad_ops done /Users/deepakdiwan/Downloads/VitalQ_Route_v9/candidates/R2-41/vitalq_v2.kicad_pcb
swig/python detected a memory leak of type 'PCB_TRACK *', no destructor found.
Fontconfig error: Cannot load default config file: No such file: (null)
Found 299 violations
Found 9 unconnected items
Found 29 schematic parity issues
Saved DRC Report to /Users/deepakdiwan/Downloads/VitalQ_Route_v9/candidates/R2-41/drc.json
Saved board
{"unconnected": 9, "real": 213, "total": 299, "parity": 29, "types": {"items_not_allowed": 201, "hole_clearance": 3, "npth_inside_courtyard": 1, "track_dangling": 8, "silk_edge_clearance": 14, "lib_footprint_issues": 53, "lib_footprint_mismatch": 3, "text_height": 15, "text_thickness": 1}}
dangling repair round 2: 3 new items
10:19:11 PM: Debug: Adding duplicate image handler for 'PNG file'
10:19:11 PM: Debug: Adding duplicate image handler for 'JPEG file'
10:19:11 PM: Debug: Adding duplicate image handler for 'TIFF file'
10:19:11 PM: Debug: Adding duplicate image handler for 'GIF file'
10:19:11 PM: Debug: Adding duplicate image handler for 'PNM file'
10:19:11 PM: Debug: Adding duplicate image handler for 'PCX file'
10:19:11 PM: Debug: Adding duplicate image handler for 'IFF file'
10:19:11 PM: Debug: Adding duplicate image handler for 'Windows icon file'
10:19:11 PM: Debug: Adding duplicate image handler for 'Windows cursor file'
10:19:11 PM: Debug: Adding duplicate image handler for 'Windows animated cursor file'
10:19:11 PM: Debug: Adding duplicate image handler for 'TGA file'
10:19:11 PM: Debug: Adding duplicate image handler for 'XPM file'
{'pads': 1020, 'tracks': 7824, 'vias': 820, 'zones': 6, 'keepouts': 81, 'outline': 1}
10:19:22 PM: Debug: Adding duplicate image handler for 'PNG file'
10:19:22 PM: Debug: Adding duplicate image handler for 'JPEG file'
10:19:22 PM: Debug: Adding duplicate image handler for 'TIFF file'
10:19:22 PM: Debug: Adding duplicate image handler for 'GIF file'
10:19:22 PM: Debug: Adding duplicate image handler for 'PNM file'
10:19:22 PM: Debug: Adding duplicate image handler for 'PCX file'
10:19:22 PM: Debug: Adding duplicate image handler for 'IFF file'
10:19:22 PM: Debug: Adding duplicate image handler for 'Windows icon file'
10:19:22 PM: Debug: Adding duplicate image handler for 'Windows cursor file'
10:19:22 PM: Debug: Adding duplicate image handler for 'Windows animated cursor file'
10:19:22 PM: Debug: Adding duplicate image handler for 'TGA file'
10:19:22 PM: Debug: Adding duplicate image handler for 'XPM file'
kicad_ops done /Users/deepakdiwan/Downloads/VitalQ_Route_v9/candidates/R2-41/vitalq_v2.kicad_pcb
Fontconfig error: Cannot load default config file: No such file: (null)
Found 298 violations
Found 9 unconnected items
Found 29 schematic parity issues
Saved DRC Report to /Users/deepakdiwan/Downloads/VitalQ_Route_v9/candidates/R2-41/drc.json
Saved board
{"unconnected": 9, "real": 212, "total": 298, "parity": 29, "types": {"items_not_allowed": 201, "hole_clearance": 3, "npth_inside_courtyard": 1, "track_dangling": 7, "silk_edge_clearance": 14, "lib_footprint_issues": 53, "lib_footprint_mismatch": 3, "text_height": 15, "text_thickness": 1}}
dangling repair round 3: 2 new items
10:19:42 PM: Debug: Adding duplicate image handler for 'PNG file'
10:19:42 PM: Debug: Adding duplicate image handler for 'JPEG file'
10:19:42 PM: Debug: Adding duplicate image handler for 'TIFF file'
10:19:42 PM: Debug: Adding duplicate image handler for 'GIF file'
10:19:42 PM: Debug: Adding duplicate image handler for 'PNM file'
10:19:42 PM: Debug: Adding duplicate image handler for 'PCX file'
10:19:42 PM: Debug: Adding duplicate image handler for 'IFF file'
10:19:42 PM: Debug: Adding duplicate image handler for 'Windows icon file'
10:19:42 PM: Debug: Adding duplicate image handler for 'Windows cursor file'
10:19:42 PM: Debug: Adding duplicate image handler for 'Windows animated cursor file'
10:19:42 PM: Debug: Adding duplicate image handler for 'TGA file'
10:19:42 PM: Debug: Adding duplicate image handler for 'XPM file'
{'pads': 1020, 'tracks': 7823, 'vias': 820, 'zones': 6, 'keepouts': 81, 'outline': 1}
10:19:52 PM: Debug: Adding duplicate image handler for 'PNG file'
10:19:52 PM: Debug: Adding duplicate image handler for 'JPEG file'
10:19:52 PM: Debug: Adding duplicate image handler for 'TIFF file'
10:19:52 PM: Debug: Adding duplicate image handler for 'GIF file'
10:19:52 PM: Debug: Adding duplicate image handler for 'PNM file'
10:19:52 PM: Debug: Adding duplicate image handler for 'PCX file'
10:19:52 PM: Debug: Adding duplicate image handler for 'IFF file'
10:19:52 PM: Debug: Adding duplicate image handler for 'Windows icon file'
10:19:52 PM: Debug: Adding duplicate image handler for 'Windows cursor file'
10:19:52 PM: Debug: Adding duplicate image handler for 'Windows animated cursor file'
10:19:52 PM: Debug: Adding duplicate image handler for 'TGA file'
10:19:52 PM: Debug: Adding duplicate image handler for 'XPM file'
{'pads': 1020, 'tracks': 7823, 'vias': 820, 'zones': 6, 'keepouts': 81, 'outline': 1}
{
  "invariants": {
    "footprints_identical": true,
    "moved_footprints_same_side_same_lock": true,
    "pad_geometry_and_nets_identical": true,
    "rule_areas_identical": true,
    "outline_identical": true,
    "zone_definitions_identical": true,
    "copper_layer_count_ok": true,
    "through_vias_only": true
  },
  "preserved_pad_groups_checked": 189,
  "pad_connectivity_regressions": 0,
  "keepout_layer_intersections": 399,
  "new_keepout_hits": 0,
  "via_hole_copper_gaps": 1,
  "new_via_hole_copper_gaps": 0,
  "hole_pairs": 0,
  "new_hole_pairs": 0,
  "via_in_pad": 41,
  "pass": true
}
R2-41: REJECTED (streak 2); new native faults 2; audit pass
unconnected 9 -> 9 (candidate 9); real 220 -> 220 (candidate 212)
next: next cleanup
