/Users/deepakdiwan/Downloads/VitalQ_Route_v9/backups/20261009_222431_R2-44_keepout_cleanup
10:24:32 PM: Debug: Adding duplicate image handler for 'PNG file'
10:24:32 PM: Debug: Adding duplicate image handler for 'JPEG file'
10:24:32 PM: Debug: Adding duplicate image handler for 'TIFF file'
10:24:32 PM: Debug: Adding duplicate image handler for 'GIF file'
10:24:32 PM: Debug: Adding duplicate image handler for 'PNM file'
10:24:32 PM: Debug: Adding duplicate image handler for 'PCX file'
10:24:32 PM: Debug: Adding duplicate image handler for 'IFF file'
10:24:32 PM: Debug: Adding duplicate image handler for 'Windows icon file'
10:24:32 PM: Debug: Adding duplicate image handler for 'Windows cursor file'
10:24:32 PM: Debug: Adding duplicate image handler for 'Windows animated cursor file'
10:24:32 PM: Debug: Adding duplicate image handler for 'TGA file'
10:24:32 PM: Debug: Adding duplicate image handler for 'XPM file'
kicad_ops done /Users/deepakdiwan/Downloads/VitalQ_Route_v9/candidates/R2-44/stage1/vitalq_v2.kicad_pcb
Fontconfig error: Cannot load default config file: No such file: (null)
Found 298 violations
Found 9 unconnected items
Found 29 schematic parity issues
Saved DRC Report to /Users/deepakdiwan/Downloads/VitalQ_Route_v9/candidates/R2-44/stage1/drc.json
Saved board
{"unconnected": 9, "real": 212, "total": 298, "parity": 29, "types": {"items_not_allowed": 201, "hole_clearance": 4, "npth_inside_courtyard": 1, "track_dangling": 6, "silk_edge_clearance": 14, "lib_footprint_issues": 53, "lib_footprint_mismatch": 3, "text_height": 15, "text_thickness": 1}}
10:24:59 PM: Debug: Adding duplicate image handler for 'PNG file'
10:24:59 PM: Debug: Adding duplicate image handler for 'JPEG file'
10:24:59 PM: Debug: Adding duplicate image handler for 'TIFF file'
10:24:59 PM: Debug: Adding duplicate image handler for 'GIF file'
10:24:59 PM: Debug: Adding duplicate image handler for 'PNM file'
10:24:59 PM: Debug: Adding duplicate image handler for 'PCX file'
10:24:59 PM: Debug: Adding duplicate image handler for 'IFF file'
10:24:59 PM: Debug: Adding duplicate image handler for 'Windows icon file'
10:24:59 PM: Debug: Adding duplicate image handler for 'Windows cursor file'
10:24:59 PM: Debug: Adding duplicate image handler for 'Windows animated cursor file'
10:24:59 PM: Debug: Adding duplicate image handler for 'TGA file'
10:24:59 PM: Debug: Adding duplicate image handler for 'XPM file'
{'pads': 1020, 'tracks': 7825, 'vias': 820, 'zones': 6, 'keepouts': 81, 'outline': 1}
keepout hits 134 nets 40 chosen ['I2C_SCL_1V8', 'CHG_PG', 'J13_INM', 'J13_INP', 'BIOZ_FP_PAD', 'MX_ECG_INM', 'CS_ADS1292', 'TMP117_ALERT', 'RE_SURGE', 'SN_SURGE', 'ESP_RX', 'SPI_MOSI'] items 12
ROUTED BIOZ_FP_PAD J7 12 tracks 2 vias
ROUTED CHG_PG R60 7 tracks 2 vias
ROUTED I2C_SCL_1V8 TP16/U12 2 tracks 1 vias
ROUTED J13_INM J13 5 tracks 1 vias
ROUTED J13_INP R118 2 tracks 2 vias
FAILED MX_ECG_INM D30 R2-44 keepout cleanup: rip copper inside rule areas, re-route around them, margin 4 mm no path (expanded 820 cells)
FAILED MX_ECG_INM D30 R2-44 keepout cleanup: rip copper inside rule areas, re-route around them, margin 10 mm no path (expanded 820 cells)
ROUTED TMP117_ALERT U1 9 tracks 3 vias
FAILED RE_SURGE R78 R2-44 keepout cleanup: rip copper inside rule areas, re-route around them, margin 4 mm no path (expanded 118099 cells)
ROUTED RE_SURGE R78 11 tracks 2 vias
ROUTED SPI_MOSI U18/U22/U6 10 tracks 2 vias
FAILED ESP_RX R73/U1 R2-44 keepout cleanup: rip copper inside rule areas, re-route around them, margin 4 mm no path (expanded 606039 cells)
ROUTED ESP_RX R73/U1 13 tracks 3 vias
ROUTED CS_ADS1292 R98 3 tracks 1 vias
FAILED SN_SURGE R83 R2-44 keepout cleanup: rip copper inside rule areas, re-route around them, margin 4 mm no path (expanded 128312 cells)
ROUTED SN_SURGE R83 10 tracks 2 vias
10:27:33 PM: Debug: Adding duplicate image handler for 'PNG file'
10:27:33 PM: Debug: Adding duplicate image handler for 'JPEG file'
10:27:33 PM: Debug: Adding duplicate image handler for 'TIFF file'
10:27:33 PM: Debug: Adding duplicate image handler for 'GIF file'
10:27:33 PM: Debug: Adding duplicate image handler for 'PNM file'
10:27:33 PM: Debug: Adding duplicate image handler for 'PCX file'
10:27:33 PM: Debug: Adding duplicate image handler for 'IFF file'
10:27:33 PM: Debug: Adding duplicate image handler for 'Windows icon file'
10:27:33 PM: Debug: Adding duplicate image handler for 'Windows cursor file'
10:27:33 PM: Debug: Adding duplicate image handler for 'Windows animated cursor file'
10:27:33 PM: Debug: Adding duplicate image handler for 'TGA file'
10:27:33 PM: Debug: Adding duplicate image handler for 'XPM file'
kicad_ops done /Users/deepakdiwan/Downloads/VitalQ_Route_v9/candidates/R2-44/vitalq_v2.kicad_pcb
Fontconfig error: Cannot load default config file: No such file: (null)
Found 312 violations
Found 10 unconnected items
Found 29 schematic parity issues
Saved DRC Report to /Users/deepakdiwan/Downloads/VitalQ_Route_v9/candidates/R2-44/drc.json
Saved board
{"unconnected": 10, "real": 226, "total": 312, "parity": 29, "types": {"items_not_allowed": 199, "hole_clearance": 4, "npth_inside_courtyard": 1, "track_dangling": 22, "silk_edge_clearance": 14, "lib_footprint_issues": 53, "lib_footprint_mismatch": 3, "text_height": 15, "text_thickness": 1}}
dangling repair round 1: 16 new items
10:28:03 PM: Debug: Adding duplicate image handler for 'PNG file'
10:28:03 PM: Debug: Adding duplicate image handler for 'JPEG file'
10:28:03 PM: Debug: Adding duplicate image handler for 'TIFF file'
10:28:03 PM: Debug: Adding duplicate image handler for 'GIF file'
10:28:03 PM: Debug: Adding duplicate image handler for 'PNM file'
10:28:03 PM: Debug: Adding duplicate image handler for 'PCX file'
10:28:03 PM: Debug: Adding duplicate image handler for 'IFF file'
10:28:03 PM: Debug: Adding duplicate image handler for 'Windows icon file'
10:28:03 PM: Debug: Adding duplicate image handler for 'Windows cursor file'
10:28:03 PM: Debug: Adding duplicate image handler for 'Windows animated cursor file'
10:28:03 PM: Debug: Adding duplicate image handler for 'TGA file'
10:28:03 PM: Debug: Adding duplicate image handler for 'XPM file'
{'pads': 1020, 'tracks': 7903, 'vias': 835, 'zones': 6, 'keepouts': 81, 'outline': 1}
10:28:19 PM: Debug: Adding duplicate image handler for 'PNG file'
10:28:19 PM: Debug: Adding duplicate image handler for 'JPEG file'
10:28:19 PM: Debug: Adding duplicate image handler for 'TIFF file'
10:28:19 PM: Debug: Adding duplicate image handler for 'GIF file'
10:28:19 PM: Debug: Adding duplicate image handler for 'PNM file'
10:28:19 PM: Debug: Adding duplicate image handler for 'PCX file'
10:28:19 PM: Debug: Adding duplicate image handler for 'IFF file'
10:28:19 PM: Debug: Adding duplicate image handler for 'Windows icon file'
10:28:19 PM: Debug: Adding duplicate image handler for 'Windows cursor file'
10:28:19 PM: Debug: Adding duplicate image handler for 'Windows animated cursor file'
10:28:19 PM: Debug: Adding duplicate image handler for 'TGA file'
10:28:19 PM: Debug: Adding duplicate image handler for 'XPM file'
kicad_ops done /Users/deepakdiwan/Downloads/VitalQ_Route_v9/candidates/R2-44/vitalq_v2.kicad_pcb
swig/python detected a memory leak of type 'PCB_TRACK *', no destructor found.
swig/python detected a memory leak of type 'PCB_TRACK *', no destructor found.
swig/python detected a memory leak of type 'PCB_TRACK *', no destructor found.
swig/python detected a memory leak of type 'PCB_TRACK *', no destructor found.
swig/python detected a memory leak of type 'PCB_TRACK *', no destructor found.
swig/python detected a memory leak of type 'PCB_TRACK *', no destructor found.
swig/python detected a memory leak of type 'PCB_TRACK *', no destructor found.
swig/python detected a memory leak of type 'PCB_TRACK *', no destructor found.
swig/python detected a memory leak of type 'PCB_TRACK *', no destructor found.
swig/python detected a memory leak of type 'PCB_TRACK *', no destructor found.
swig/python detected a memory leak of type 'PCB_TRACK *', no destructor found.
swig/python detected a memory leak of type 'PCB_TRACK *', no destructor found.
swig/python detected a memory leak of type 'PCB_TRACK *', no destructor found.
swig/python detected a memory leak of type 'PCB_TRACK *', no destructor found.
swig/python detected a memory leak of type 'PCB_TRACK *', no destructor found.
swig/python detected a memory leak of type 'PCB_TRACK *', no destructor found.
swig/python detected a memory leak of type 'PCB_TRACK *', no destructor found.
swig/python detected a memory leak of type 'PCB_TRACK *', no destructor found.
swig/python detected a memory leak of type 'PCB_TRACK *', no destructor found.
swig/python detected a memory leak of type 'PCB_TRACK *', no destructor found.
swig/python detected a memory leak of type 'PCB_TRACK *', no destructor found.
swig/python detected a memory leak of type 'PCB_TRACK *', no destructor found.
swig/python detected a memory leak of type 'PCB_TRACK *', no destructor found.
swig/python detected a memory leak of type 'PCB_TRACK *', no destructor found.
swig/python detected a memory leak of type 'PCB_TRACK *', no destructor found.
swig/python detected a memory leak of type 'PCB_TRACK *', no destructor found.
swig/python detected a memory leak of type 'PCB_TRACK *', no destructor found.
swig/python detected a memory leak of type 'PCB_TRACK *', no destructor found.
swig/python detected a memory leak of type 'PCB_TRACK *', no destructor found.
swig/python detected a memory leak of type 'PCB_TRACK *', no destructor found.
swig/python detected a memory leak of type 'PCB_TRACK *', no destructor found.
swig/python detected a memory leak of type 'PCB_TRACK *', no destructor found.
swig/python detected a memory leak of type 'PCB_TRACK *', no destructor found.
swig/python detected a memory leak of type 'PCB_TRACK *', no destructor found.
swig/python detected a memory leak of type 'PCB_TRACK *', no destructor found.
swig/python detected a memory leak of type 'PCB_TRACK *', no destructor found.
Fontconfig error: Cannot load default config file: No such file: (null)
Found 305 violations
Found 10 unconnected items
Found 29 schematic parity issues
Saved DRC Report to /Users/deepakdiwan/Downloads/VitalQ_Route_v9/candidates/R2-44/drc.json
Saved board
{"unconnected": 10, "real": 219, "total": 305, "parity": 29, "types": {"items_not_allowed": 199, "hole_clearance": 4, "npth_inside_courtyard": 1, "track_dangling": 13, "via_dangling": 2, "silk_edge_clearance": 14, "lib_footprint_issues": 53, "lib_footprint_mismatch": 3, "text_height": 15, "text_thickness": 1}}
dangling repair round 2: 9 new items
10:28:48 PM: Debug: Adding duplicate image handler for 'PNG file'
10:28:48 PM: Debug: Adding duplicate image handler for 'JPEG file'
10:28:48 PM: Debug: Adding duplicate image handler for 'TIFF file'
10:28:48 PM: Debug: Adding duplicate image handler for 'GIF file'
10:28:48 PM: Debug: Adding duplicate image handler for 'PNM file'
10:28:48 PM: Debug: Adding duplicate image handler for 'PCX file'
10:28:48 PM: Debug: Adding duplicate image handler for 'IFF file'
10:28:48 PM: Debug: Adding duplicate image handler for 'Windows icon file'
10:28:48 PM: Debug: Adding duplicate image handler for 'Windows cursor file'
10:28:48 PM: Debug: Adding duplicate image handler for 'Windows animated cursor file'
10:28:48 PM: Debug: Adding duplicate image handler for 'TGA file'
10:28:48 PM: Debug: Adding duplicate image handler for 'XPM file'
Traceback (most recent call last):
  File "/Users/deepakdiwan/Downloads/VitalQ_Route_v9/scripts/extract.py", line 61, in <module>
    extract(sys.argv[1], sys.argv[2])
  File "/Users/deepakdiwan/Downloads/VitalQ_Route_v9/scripts/extract.py", line 30, in extract
    board.BuildConnectivity()
AttributeError: 'NoneType' object has no attribute 'BuildConnectivity'
