/Users/deepakdiwan/Downloads/VitalQ_Route_v9/backups/20261009_223414_R2-46_U6_last_balls
10:34:15 PM: Debug: Adding duplicate image handler for 'PNG file'
10:34:15 PM: Debug: Adding duplicate image handler for 'JPEG file'
10:34:15 PM: Debug: Adding duplicate image handler for 'TIFF file'
10:34:15 PM: Debug: Adding duplicate image handler for 'GIF file'
10:34:15 PM: Debug: Adding duplicate image handler for 'PNM file'
10:34:15 PM: Debug: Adding duplicate image handler for 'PCX file'
10:34:15 PM: Debug: Adding duplicate image handler for 'IFF file'
10:34:15 PM: Debug: Adding duplicate image handler for 'Windows icon file'
10:34:15 PM: Debug: Adding duplicate image handler for 'Windows cursor file'
10:34:15 PM: Debug: Adding duplicate image handler for 'Windows animated cursor file'
10:34:15 PM: Debug: Adding duplicate image handler for 'TGA file'
10:34:15 PM: Debug: Adding duplicate image handler for 'XPM file'
kicad_ops done /Users/deepakdiwan/Downloads/VitalQ_Route_v9/candidates/R2-46/stage1/vitalq_v2.kicad_pcb
Fontconfig error: Cannot load default config file: No such file: (null)
Found 298 violations
Found 9 unconnected items
Found 29 schematic parity issues
Saved DRC Report to /Users/deepakdiwan/Downloads/VitalQ_Route_v9/candidates/R2-46/stage1/drc.json
Saved board
{"unconnected": 9, "real": 212, "total": 298, "parity": 29, "types": {"items_not_allowed": 201, "hole_clearance": 4, "npth_inside_courtyard": 1, "track_dangling": 6, "silk_edge_clearance": 14, "lib_footprint_issues": 53, "lib_footprint_mismatch": 3, "text_height": 15, "text_thickness": 1}}
10:34:32 PM: Debug: Adding duplicate image handler for 'PNG file'
10:34:32 PM: Debug: Adding duplicate image handler for 'JPEG file'
10:34:32 PM: Debug: Adding duplicate image handler for 'TIFF file'
10:34:32 PM: Debug: Adding duplicate image handler for 'GIF file'
10:34:32 PM: Debug: Adding duplicate image handler for 'PNM file'
10:34:32 PM: Debug: Adding duplicate image handler for 'PCX file'
10:34:32 PM: Debug: Adding duplicate image handler for 'IFF file'
10:34:32 PM: Debug: Adding duplicate image handler for 'Windows icon file'
10:34:32 PM: Debug: Adding duplicate image handler for 'Windows cursor file'
10:34:32 PM: Debug: Adding duplicate image handler for 'Windows animated cursor file'
10:34:32 PM: Debug: Adding duplicate image handler for 'TGA file'
10:34:32 PM: Debug: Adding duplicate image handler for 'XPM file'
{'pads': 1020, 'tracks': 7825, 'vias': 820, 'zones': 6, 'keepouts': 81, 'outline': 1}
ripped {'SPI_MOSI'}
FAILED MISO_AFE R2-46 R2-46 POFV ball escape on In3/In5/In4 (local), 180 s budget, margin 8 mm no path (expanded 560950 cells)
FAILED MISO_AFE R2-46 R2-46 POFV ball escape on In3/In5/In4 (local), 180 s budget, margin 20 mm no path (expanded 1677429 cells)
OPEN E2 MISO_AFE FAILED
ROUTED AFE_CLK R2-46 16 tracks 1 vias
OPEN F1 AFE_CLK ok
FAILED PD2_INM R2-46 R2-46 POFV ball escape on In3/In5/In4 (local), 180 s budget, margin 8 mm no path (expanded 557210 cells)
FAILED PD2_INM R2-46 R2-46 POFV ball escape on In3/In5/In4 (local), 180 s budget, margin 20 mm no path (expanded 2121280 cells)
OPEN B3 PD2_INM FAILED
ROUTED SPI_MOSI U6 4 tracks 1 vias
10:36:34 PM: Debug: Adding duplicate image handler for 'PNG file'
10:36:34 PM: Debug: Adding duplicate image handler for 'JPEG file'
10:36:34 PM: Debug: Adding duplicate image handler for 'TIFF file'
10:36:34 PM: Debug: Adding duplicate image handler for 'GIF file'
10:36:34 PM: Debug: Adding duplicate image handler for 'PNM file'
10:36:34 PM: Debug: Adding duplicate image handler for 'PCX file'
10:36:34 PM: Debug: Adding duplicate image handler for 'IFF file'
10:36:34 PM: Debug: Adding duplicate image handler for 'Windows icon file'
10:36:34 PM: Debug: Adding duplicate image handler for 'Windows cursor file'
10:36:34 PM: Debug: Adding duplicate image handler for 'Windows animated cursor file'
10:36:34 PM: Debug: Adding duplicate image handler for 'TGA file'
10:36:34 PM: Debug: Adding duplicate image handler for 'XPM file'
kicad_ops done /Users/deepakdiwan/Downloads/VitalQ_Route_v9/candidates/R2-46/vitalq_v2.kicad_pcb
Fontconfig error: Cannot load default config file: No such file: (null)
Found 298 violations
Found 8 unconnected items
Found 29 schematic parity issues
Saved DRC Report to /Users/deepakdiwan/Downloads/VitalQ_Route_v9/candidates/R2-46/drc.json
Saved board
{"unconnected": 8, "real": 212, "total": 298, "parity": 29, "types": {"items_not_allowed": 201, "hole_clearance": 4, "npth_inside_courtyard": 1, "track_dangling": 6, "silk_edge_clearance": 14, "lib_footprint_issues": 53, "lib_footprint_mismatch": 3, "text_height": 15, "text_thickness": 1}}
10:36:52 PM: Debug: Adding duplicate image handler for 'PNG file'
10:36:52 PM: Debug: Adding duplicate image handler for 'JPEG file'
10:36:52 PM: Debug: Adding duplicate image handler for 'TIFF file'
10:36:52 PM: Debug: Adding duplicate image handler for 'GIF file'
10:36:52 PM: Debug: Adding duplicate image handler for 'PNM file'
10:36:52 PM: Debug: Adding duplicate image handler for 'PCX file'
10:36:52 PM: Debug: Adding duplicate image handler for 'IFF file'
10:36:52 PM: Debug: Adding duplicate image handler for 'Windows icon file'
10:36:52 PM: Debug: Adding duplicate image handler for 'Windows cursor file'
10:36:52 PM: Debug: Adding duplicate image handler for 'Windows animated cursor file'
10:36:52 PM: Debug: Adding duplicate image handler for 'TGA file'
10:36:52 PM: Debug: Adding duplicate image handler for 'XPM file'
{'pads': 1020, 'tracks': 7843, 'vias': 823, 'zones': 6, 'keepouts': 81, 'outline': 1}
{
  "invariants": {
    "footprints_identical": true,
    "moved_footprints_same_side_same_lock": true,
    "pad_geometry_and_nets_identical": true,
    "rule_areas_identical_except_J8_notches": true,
    "outline_identical": true,
    "zone_definitions_identical": true,
    "copper_layer_count_ok": true,
    "through_vias_only": true
  },
  "preserved_pad_groups_checked": 189,
  "pad_connectivity_regressions": 0,
  "keepout_layer_intersections": 399,
  "new_keepout_hits": 0,
  "via_hole_copper_gaps": 1,
  "new_via_hole_copper_gaps": 0,
  "hole_pairs": 0,
  "new_hole_pairs": 0,
  "via_in_pad": 42,
  "pass": true
}
R2-46: ACCEPTED (streak 0); new native faults 0; audit pass
unconnected 9 -> 8 (candidate 8); real 212 -> 212 (candidate 212)
next: PD_A, C59, I2C_SDA
