/Users/deepakdiwan/Downloads/VitalQ_Route_v9/backups/20261009_224657_R2-49_keepout_cleanup
10:46:57 PM: Debug: Adding duplicate image handler for 'PNG file'
10:46:57 PM: Debug: Adding duplicate image handler for 'JPEG file'
10:46:57 PM: Debug: Adding duplicate image handler for 'TIFF file'
10:46:57 PM: Debug: Adding duplicate image handler for 'GIF file'
10:46:57 PM: Debug: Adding duplicate image handler for 'PNM file'
10:46:57 PM: Debug: Adding duplicate image handler for 'PCX file'
10:46:57 PM: Debug: Adding duplicate image handler for 'IFF file'
10:46:57 PM: Debug: Adding duplicate image handler for 'Windows icon file'
10:46:57 PM: Debug: Adding duplicate image handler for 'Windows cursor file'
10:46:57 PM: Debug: Adding duplicate image handler for 'Windows animated cursor file'
10:46:57 PM: Debug: Adding duplicate image handler for 'TGA file'
10:46:57 PM: Debug: Adding duplicate image handler for 'XPM file'
kicad_ops done /Users/deepakdiwan/Downloads/VitalQ_Route_v9/candidates/R2-49/stage1/vitalq_v2.kicad_pcb
Fontconfig error: Cannot load default config file: No such file: (null)
Found 298 violations
Found 8 unconnected items
Found 29 schematic parity issues
Saved DRC Report to /Users/deepakdiwan/Downloads/VitalQ_Route_v9/candidates/R2-49/stage1/drc.json
Saved board
{"unconnected": 8, "real": 212, "total": 298, "parity": 29, "types": {"items_not_allowed": 201, "hole_clearance": 4, "npth_inside_courtyard": 1, "track_dangling": 6, "silk_edge_clearance": 14, "lib_footprint_issues": 53, "lib_footprint_mismatch": 3, "text_height": 15, "text_thickness": 1}}
10:47:22 PM: Debug: Adding duplicate image handler for 'PNG file'
10:47:22 PM: Debug: Adding duplicate image handler for 'JPEG file'
10:47:22 PM: Debug: Adding duplicate image handler for 'TIFF file'
10:47:22 PM: Debug: Adding duplicate image handler for 'GIF file'
10:47:22 PM: Debug: Adding duplicate image handler for 'PNM file'
10:47:22 PM: Debug: Adding duplicate image handler for 'PCX file'
10:47:22 PM: Debug: Adding duplicate image handler for 'IFF file'
10:47:22 PM: Debug: Adding duplicate image handler for 'Windows icon file'
10:47:22 PM: Debug: Adding duplicate image handler for 'Windows cursor file'
10:47:22 PM: Debug: Adding duplicate image handler for 'Windows animated cursor file'
10:47:22 PM: Debug: Adding duplicate image handler for 'TGA file'
10:47:22 PM: Debug: Adding duplicate image handler for 'XPM file'
{'pads': 1020, 'tracks': 7843, 'vias': 823, 'zones': 6, 'keepouts': 81, 'outline': 1}
keepout hits 134 nets 40 chosen ['I2C_SCL_1V8', 'CHG_PG', 'J13_INM', 'J13_INP'] items 4
BLOCKED CHG_PG R60
ROUTED I2C_SCL_1V8 TP16/U12 2 tracks 1 vias
ROUTED J13_INM J13 5 tracks 1 vias
ROUTED J13_INP R118 2 tracks 2 vias
10:47:37 PM: Debug: Adding duplicate image handler for 'PNG file'
10:47:37 PM: Debug: Adding duplicate image handler for 'JPEG file'
10:47:37 PM: Debug: Adding duplicate image handler for 'TIFF file'
10:47:37 PM: Debug: Adding duplicate image handler for 'GIF file'
10:47:37 PM: Debug: Adding duplicate image handler for 'PNM file'
10:47:37 PM: Debug: Adding duplicate image handler for 'PCX file'
10:47:37 PM: Debug: Adding duplicate image handler for 'IFF file'
10:47:37 PM: Debug: Adding duplicate image handler for 'Windows icon file'
10:47:37 PM: Debug: Adding duplicate image handler for 'Windows cursor file'
10:47:37 PM: Debug: Adding duplicate image handler for 'Windows animated cursor file'
10:47:37 PM: Debug: Adding duplicate image handler for 'TGA file'
10:47:37 PM: Debug: Adding duplicate image handler for 'XPM file'
kicad_ops done /Users/deepakdiwan/Downloads/VitalQ_Route_v9/candidates/R2-49/vitalq_v2.kicad_pcb
Fontconfig error: Cannot load default config file: No such file: (null)
Found 303 violations
Found 9 unconnected items
Found 29 schematic parity issues
Saved DRC Report to /Users/deepakdiwan/Downloads/VitalQ_Route_v9/candidates/R2-49/drc.json
Saved board
{"unconnected": 9, "real": 217, "total": 303, "parity": 29, "types": {"items_not_allowed": 201, "hole_clearance": 4, "npth_inside_courtyard": 1, "track_dangling": 11, "silk_edge_clearance": 14, "lib_footprint_issues": 53, "lib_footprint_mismatch": 3, "text_height": 15, "text_thickness": 1}}
dangling repair round 1: 5 new items
10:47:57 PM: Debug: Adding duplicate image handler for 'PNG file'
10:47:57 PM: Debug: Adding duplicate image handler for 'JPEG file'
10:47:57 PM: Debug: Adding duplicate image handler for 'TIFF file'
10:47:57 PM: Debug: Adding duplicate image handler for 'GIF file'
10:47:57 PM: Debug: Adding duplicate image handler for 'PNM file'
10:47:57 PM: Debug: Adding duplicate image handler for 'PCX file'
10:47:57 PM: Debug: Adding duplicate image handler for 'IFF file'
10:47:57 PM: Debug: Adding duplicate image handler for 'Windows icon file'
10:47:57 PM: Debug: Adding duplicate image handler for 'Windows cursor file'
10:47:57 PM: Debug: Adding duplicate image handler for 'Windows animated cursor file'
10:47:57 PM: Debug: Adding duplicate image handler for 'TGA file'
10:47:57 PM: Debug: Adding duplicate image handler for 'XPM file'
{'pads': 1020, 'tracks': 7852, 'vias': 823, 'zones': 6, 'keepouts': 81, 'outline': 1}
10:48:08 PM: Debug: Adding duplicate image handler for 'PNG file'
10:48:08 PM: Debug: Adding duplicate image handler for 'JPEG file'
10:48:08 PM: Debug: Adding duplicate image handler for 'TIFF file'
10:48:08 PM: Debug: Adding duplicate image handler for 'GIF file'
10:48:08 PM: Debug: Adding duplicate image handler for 'PNM file'
10:48:08 PM: Debug: Adding duplicate image handler for 'PCX file'
10:48:08 PM: Debug: Adding duplicate image handler for 'IFF file'
10:48:08 PM: Debug: Adding duplicate image handler for 'Windows icon file'
10:48:08 PM: Debug: Adding duplicate image handler for 'Windows cursor file'
10:48:08 PM: Debug: Adding duplicate image handler for 'Windows animated cursor file'
10:48:08 PM: Debug: Adding duplicate image handler for 'TGA file'
10:48:08 PM: Debug: Adding duplicate image handler for 'XPM file'
kicad_ops done /Users/deepakdiwan/Downloads/VitalQ_Route_v9/candidates/R2-49/vitalq_v2.kicad_pcb
swig/python detected a memory leak of type 'PCB_TRACK *', no destructor found.
swig/python detected a memory leak of type 'PCB_TRACK *', no destructor found.
swig/python detected a memory leak of type 'PCB_TRACK *', no destructor found.
swig/python detected a memory leak of type 'PCB_TRACK *', no destructor found.
swig/python detected a memory leak of type 'PCB_TRACK *', no destructor found.
swig/python detected a memory leak of type 'PCB_TRACK *', no destructor found.
swig/python detected a memory leak of type 'PCB_TRACK *', no destructor found.
swig/python detected a memory leak of type 'PCB_TRACK *', no destructor found.
swig/python detected a memory leak of type 'PCB_TRACK *', no destructor found.
swig/python detected a memory leak of type 'PCB_TRACK *', no destructor found.
Fontconfig error: Cannot load default config file: No such file: (null)
Found 299 violations
Found 9 unconnected items
Found 29 schematic parity issues
Saved DRC Report to /Users/deepakdiwan/Downloads/VitalQ_Route_v9/candidates/R2-49/drc.json
Saved board
{"unconnected": 9, "real": 213, "total": 299, "parity": 29, "types": {"items_not_allowed": 201, "hole_clearance": 4, "npth_inside_courtyard": 1, "track_dangling": 6, "via_dangling": 1, "silk_edge_clearance": 14, "lib_footprint_issues": 53, "lib_footprint_mismatch": 3, "text_height": 15, "text_thickness": 1}}
dangling repair round 2: 1 new items
10:48:27 PM: Debug: Adding duplicate image handler for 'PNG file'
10:48:27 PM: Debug: Adding duplicate image handler for 'JPEG file'
10:48:27 PM: Debug: Adding duplicate image handler for 'TIFF file'
10:48:27 PM: Debug: Adding duplicate image handler for 'GIF file'
10:48:27 PM: Debug: Adding duplicate image handler for 'PNM file'
10:48:27 PM: Debug: Adding duplicate image handler for 'PCX file'
10:48:27 PM: Debug: Adding duplicate image handler for 'IFF file'
10:48:27 PM: Debug: Adding duplicate image handler for 'Windows icon file'
10:48:27 PM: Debug: Adding duplicate image handler for 'Windows cursor file'
10:48:27 PM: Debug: Adding duplicate image handler for 'Windows animated cursor file'
10:48:27 PM: Debug: Adding duplicate image handler for 'TGA file'
10:48:27 PM: Debug: Adding duplicate image handler for 'XPM file'
{'pads': 1020, 'tracks': 7841, 'vias': 823, 'zones': 6, 'keepouts': 81, 'outline': 1}
10:48:37 PM: Debug: Adding duplicate image handler for 'PNG file'
10:48:37 PM: Debug: Adding duplicate image handler for 'JPEG file'
10:48:37 PM: Debug: Adding duplicate image handler for 'TIFF file'
10:48:37 PM: Debug: Adding duplicate image handler for 'GIF file'
10:48:37 PM: Debug: Adding duplicate image handler for 'PNM file'
10:48:37 PM: Debug: Adding duplicate image handler for 'PCX file'
10:48:37 PM: Debug: Adding duplicate image handler for 'IFF file'
10:48:37 PM: Debug: Adding duplicate image handler for 'Windows icon file'
10:48:37 PM: Debug: Adding duplicate image handler for 'Windows cursor file'
10:48:37 PM: Debug: Adding duplicate image handler for 'Windows animated cursor file'
10:48:37 PM: Debug: Adding duplicate image handler for 'TGA file'
10:48:37 PM: Debug: Adding duplicate image handler for 'XPM file'
kicad_ops done /Users/deepakdiwan/Downloads/VitalQ_Route_v9/candidates/R2-49/vitalq_v2.kicad_pcb
swig/python detected a memory leak of type 'PCB_TRACK *', no destructor found.
swig/python detected a memory leak of type 'PCB_TRACK *', no destructor found.
swig/python detected a memory leak of type 'PCB_TRACK *', no destructor found.
swig/python detected a memory leak of type 'PCB_TRACK *', no destructor found.
swig/python detected a memory leak of type 'PCB_TRACK *', no destructor found.
swig/python detected a memory leak of type 'PCB_VIA *', no destructor found.
swig/python detected a memory leak of type 'PCB_TRACK *', no destructor found.
Fontconfig error: Cannot load default config file: No such file: (null)
Found 298 violations
Found 9 unconnected items
Found 29 schematic parity issues
Saved DRC Report to /Users/deepakdiwan/Downloads/VitalQ_Route_v9/candidates/R2-49/drc.json
Saved board
{"unconnected": 9, "real": 212, "total": 298, "parity": 29, "types": {"items_not_allowed": 201, "hole_clearance": 4, "npth_inside_courtyard": 1, "track_dangling": 6, "silk_edge_clearance": 14, "lib_footprint_issues": 53, "lib_footprint_mismatch": 3, "text_height": 15, "text_thickness": 1}}
10:48:54 PM: Debug: Adding duplicate image handler for 'PNG file'
10:48:54 PM: Debug: Adding duplicate image handler for 'JPEG file'
10:48:54 PM: Debug: Adding duplicate image handler for 'TIFF file'
10:48:54 PM: Debug: Adding duplicate image handler for 'GIF file'
10:48:54 PM: Debug: Adding duplicate image handler for 'PNM file'
10:48:54 PM: Debug: Adding duplicate image handler for 'PCX file'
10:48:54 PM: Debug: Adding duplicate image handler for 'IFF file'
10:48:54 PM: Debug: Adding duplicate image handler for 'Windows icon file'
10:48:54 PM: Debug: Adding duplicate image handler for 'Windows cursor file'
10:48:54 PM: Debug: Adding duplicate image handler for 'Windows animated cursor file'
10:48:54 PM: Debug: Adding duplicate image handler for 'TGA file'
10:48:54 PM: Debug: Adding duplicate image handler for 'XPM file'
{'pads': 1020, 'tracks': 7834, 'vias': 822, 'zones': 6, 'keepouts': 81, 'outline': 1}
{
  "invariants": {
    "footprints_identical": true,
    "moved_footprints_same_side_same_lock": true,
    "pad_geometry_and_nets_identical": true,
    "rule_areas_identical": true,
    "outline_identical": true,
    "zone_definitions_identical": true,
    "copper_layer_count_ok": true,
    "through_vias_only": true
  },
  "preserved_pad_groups_checked": 190,
  "pad_connectivity_regressions": 1,
  "keepout_layer_intersections": 369,
  "new_keepout_hits": 0,
  "via_hole_copper_gaps": 1,
  "new_via_hole_copper_gaps": 0,
  "hole_pairs": 0,
  "new_hole_pairs": 0,
  "via_in_pad": 42,
  "pass": false
}
R2-49: REJECTED (streak 2); new native faults 0; audit FAIL
unconnected 8 -> 8 (candidate 9); real 212 -> 212 (candidate 212)
next: next cleanup
