/Users/deepakdiwan/Downloads/VitalQ_Route_v9/backups/20261009_222849_R2-45_keepout_cleanup
10:28:50 PM: Debug: Adding duplicate image handler for 'PNG file'
10:28:50 PM: Debug: Adding duplicate image handler for 'JPEG file'
10:28:50 PM: Debug: Adding duplicate image handler for 'TIFF file'
10:28:50 PM: Debug: Adding duplicate image handler for 'GIF file'
10:28:50 PM: Debug: Adding duplicate image handler for 'PNM file'
10:28:50 PM: Debug: Adding duplicate image handler for 'PCX file'
10:28:50 PM: Debug: Adding duplicate image handler for 'IFF file'
10:28:50 PM: Debug: Adding duplicate image handler for 'Windows icon file'
10:28:50 PM: Debug: Adding duplicate image handler for 'Windows cursor file'
10:28:50 PM: Debug: Adding duplicate image handler for 'Windows animated cursor file'
10:28:50 PM: Debug: Adding duplicate image handler for 'TGA file'
10:28:50 PM: Debug: Adding duplicate image handler for 'XPM file'
kicad_ops done /Users/deepakdiwan/Downloads/VitalQ_Route_v9/candidates/R2-45/stage1/vitalq_v2.kicad_pcb
Fontconfig error: Cannot load default config file: No such file: (null)
Found 298 violations
Found 9 unconnected items
Found 29 schematic parity issues
Saved DRC Report to /Users/deepakdiwan/Downloads/VitalQ_Route_v9/candidates/R2-45/stage1/drc.json
Saved board
{"unconnected": 9, "real": 212, "total": 298, "parity": 29, "types": {"items_not_allowed": 201, "hole_clearance": 4, "npth_inside_courtyard": 1, "track_dangling": 6, "silk_edge_clearance": 14, "lib_footprint_issues": 53, "lib_footprint_mismatch": 3, "text_height": 15, "text_thickness": 1}}
10:29:23 PM: Debug: Adding duplicate image handler for 'PNG file'
10:29:23 PM: Debug: Adding duplicate image handler for 'JPEG file'
10:29:23 PM: Debug: Adding duplicate image handler for 'TIFF file'
10:29:23 PM: Debug: Adding duplicate image handler for 'GIF file'
10:29:23 PM: Debug: Adding duplicate image handler for 'PNM file'
10:29:23 PM: Debug: Adding duplicate image handler for 'PCX file'
10:29:23 PM: Debug: Adding duplicate image handler for 'IFF file'
10:29:23 PM: Debug: Adding duplicate image handler for 'Windows icon file'
10:29:23 PM: Debug: Adding duplicate image handler for 'Windows cursor file'
10:29:23 PM: Debug: Adding duplicate image handler for 'Windows animated cursor file'
10:29:23 PM: Debug: Adding duplicate image handler for 'TGA file'
10:29:23 PM: Debug: Adding duplicate image handler for 'XPM file'
{'pads': 1020, 'tracks': 7825, 'vias': 820, 'zones': 6, 'keepouts': 81, 'outline': 1}
keepout hits 134 nets 40 chosen ['I2C_SCL_1V8', 'CHG_PG', 'J13_INM', 'J13_INP', 'BIOZ_FP_PAD', 'CS_ADS1292', 'TMP117_ALERT', 'RE_SURGE', 'SN_SURGE', 'ESP_RX', 'SPI_MOSI'] items 11
ROUTED BIOZ_FP_PAD J7 12 tracks 2 vias
BLOCKED CHG_PG R60
ROUTED I2C_SCL_1V8 TP16/U12 2 tracks 1 vias
ROUTED J13_INM J13 5 tracks 1 vias
ROUTED J13_INP R118 2 tracks 2 vias
ROUTED TMP117_ALERT U1 9 tracks 3 vias
FAILED RE_SURGE R78 R2-45 keepout cleanup: rip copper inside rule areas, re-route around them, margin 4 mm no path (expanded 118099 cells)
BLOCKED RE_SURGE R78
ROUTED SPI_MOSI U18/U22/U6 8 tracks 2 vias
FAILED ESP_RX R73/U1 R2-45 keepout cleanup: rip copper inside rule areas, re-route around them, margin 4 mm no path (expanded 607210 cells)
BLOCKED ESP_RX R73/U1
BLOCKED CS_ADS1292 R98
FAILED SN_SURGE R83 R2-45 keepout cleanup: rip copper inside rule areas, re-route around them, margin 4 mm no path (expanded 128574 cells)
BLOCKED SN_SURGE R83
10:30:28 PM: Debug: Adding duplicate image handler for 'PNG file'
10:30:28 PM: Debug: Adding duplicate image handler for 'JPEG file'
10:30:28 PM: Debug: Adding duplicate image handler for 'TIFF file'
10:30:28 PM: Debug: Adding duplicate image handler for 'GIF file'
10:30:28 PM: Debug: Adding duplicate image handler for 'PNM file'
10:30:28 PM: Debug: Adding duplicate image handler for 'PCX file'
10:30:28 PM: Debug: Adding duplicate image handler for 'IFF file'
10:30:28 PM: Debug: Adding duplicate image handler for 'Windows icon file'
10:30:28 PM: Debug: Adding duplicate image handler for 'Windows cursor file'
10:30:28 PM: Debug: Adding duplicate image handler for 'Windows animated cursor file'
10:30:28 PM: Debug: Adding duplicate image handler for 'TGA file'
10:30:28 PM: Debug: Adding duplicate image handler for 'XPM file'
kicad_ops done /Users/deepakdiwan/Downloads/VitalQ_Route_v9/candidates/R2-45/vitalq_v2.kicad_pcb
Fontconfig error: Cannot load default config file: No such file: (null)
Found 314 violations
Found 14 unconnected items
Found 29 schematic parity issues
Saved DRC Report to /Users/deepakdiwan/Downloads/VitalQ_Route_v9/candidates/R2-45/drc.json
Saved board
{"unconnected": 14, "real": 228, "total": 314, "parity": 29, "types": {"items_not_allowed": 200, "hole_clearance": 4, "npth_inside_courtyard": 1, "track_dangling": 21, "via_dangling": 2, "silk_edge_clearance": 14, "lib_footprint_issues": 53, "lib_footprint_mismatch": 3, "text_height": 15, "text_thickness": 1}}
dangling repair round 1: 17 new items
10:30:51 PM: Debug: Adding duplicate image handler for 'PNG file'
10:30:51 PM: Debug: Adding duplicate image handler for 'JPEG file'
10:30:51 PM: Debug: Adding duplicate image handler for 'TIFF file'
10:30:51 PM: Debug: Adding duplicate image handler for 'GIF file'
10:30:51 PM: Debug: Adding duplicate image handler for 'PNM file'
10:30:51 PM: Debug: Adding duplicate image handler for 'PCX file'
10:30:51 PM: Debug: Adding duplicate image handler for 'IFF file'
10:30:51 PM: Debug: Adding duplicate image handler for 'Windows icon file'
10:30:51 PM: Debug: Adding duplicate image handler for 'Windows cursor file'
10:30:51 PM: Debug: Adding duplicate image handler for 'Windows animated cursor file'
10:30:51 PM: Debug: Adding duplicate image handler for 'TGA file'
10:30:51 PM: Debug: Adding duplicate image handler for 'XPM file'
{'pads': 1020, 'tracks': 7857, 'vias': 826, 'zones': 6, 'keepouts': 81, 'outline': 1}
10:31:02 PM: Debug: Adding duplicate image handler for 'PNG file'
10:31:02 PM: Debug: Adding duplicate image handler for 'JPEG file'
10:31:02 PM: Debug: Adding duplicate image handler for 'TIFF file'
10:31:02 PM: Debug: Adding duplicate image handler for 'GIF file'
10:31:02 PM: Debug: Adding duplicate image handler for 'PNM file'
10:31:02 PM: Debug: Adding duplicate image handler for 'PCX file'
10:31:02 PM: Debug: Adding duplicate image handler for 'IFF file'
10:31:02 PM: Debug: Adding duplicate image handler for 'Windows icon file'
10:31:02 PM: Debug: Adding duplicate image handler for 'Windows cursor file'
10:31:02 PM: Debug: Adding duplicate image handler for 'Windows animated cursor file'
10:31:02 PM: Debug: Adding duplicate image handler for 'TGA file'
10:31:02 PM: Debug: Adding duplicate image handler for 'XPM file'
kicad_ops done /Users/deepakdiwan/Downloads/VitalQ_Route_v9/candidates/R2-45/vitalq_v2.kicad_pcb
swig/python detected a memory leak of type 'PCB_TRACK *', no destructor found.
swig/python detected a memory leak of type 'PCB_TRACK *', no destructor found.
swig/python detected a memory leak of type 'PCB_TRACK *', no destructor found.
swig/python detected a memory leak of type 'PCB_TRACK *', no destructor found.
swig/python detected a memory leak of type 'PCB_VIA *', no destructor found.
swig/python detected a memory leak of type 'PCB_TRACK *', no destructor found.
swig/python detected a memory leak of type 'PCB_TRACK *', no destructor found.
swig/python detected a memory leak of type 'PCB_TRACK *', no destructor found.
swig/python detected a memory leak of type 'PCB_TRACK *', no destructor found.
swig/python detected a memory leak of type 'PCB_TRACK *', no destructor found.
swig/python detected a memory leak of type 'PCB_VIA *', no destructor found.
swig/python detected a memory leak of type 'PCB_TRACK *', no destructor found.
swig/python detected a memory leak of type 'PCB_TRACK *', no destructor found.
swig/python detected a memory leak of type 'PCB_TRACK *', no destructor found.
swig/python detected a memory leak of type 'PCB_TRACK *', no destructor found.
swig/python detected a memory leak of type 'PCB_TRACK *', no destructor found.
swig/python detected a memory leak of type 'PCB_TRACK *', no destructor found.
swig/python detected a memory leak of type 'PCB_TRACK *', no destructor found.
swig/python detected a memory leak of type 'PCB_TRACK *', no destructor found.
swig/python detected a memory leak of type 'PCB_TRACK *', no destructor found.
swig/python detected a memory leak of type 'PCB_TRACK *', no destructor found.
swig/python detected a memory leak of type 'PCB_TRACK *', no destructor found.
swig/python detected a memory leak of type 'PCB_TRACK *', no destructor found.
swig/python detected a memory leak of type 'PCB_TRACK *', no destructor found.
swig/python detected a memory leak of type 'PCB_TRACK *', no destructor found.
swig/python detected a memory leak of type 'PCB_TRACK *', no destructor found.
swig/python detected a memory leak of type 'PCB_TRACK *', no destructor found.
swig/python detected a memory leak of type 'PCB_TRACK *', no destructor found.
swig/python detected a memory leak of type 'PCB_TRACK *', no destructor found.
swig/python detected a memory leak of type 'PCB_TRACK *', no destructor found.
swig/python detected a memory leak of type 'PCB_TRACK *', no destructor found.
swig/python detected a memory leak of type 'PCB_TRACK *', no destructor found.
swig/python detected a memory leak of type 'PCB_TRACK *', no destructor found.
swig/python detected a memory leak of type 'PCB_TRACK *', no destructor found.
swig/python detected a memory leak of type 'PCB_TRACK *', no destructor found.
Fontconfig error: Cannot load default config file: No such file: (null)
Found 305 violations
Found 14 unconnected items
Found 29 schematic parity issues
Saved DRC Report to /Users/deepakdiwan/Downloads/VitalQ_Route_v9/candidates/R2-45/drc.json
Saved board
{"unconnected": 14, "real": 219, "total": 305, "parity": 29, "types": {"items_not_allowed": 200, "hole_clearance": 4, "npth_inside_courtyard": 1, "track_dangling": 11, "via_dangling": 3, "silk_edge_clearance": 14, "lib_footprint_issues": 53, "lib_footprint_mismatch": 3, "text_height": 15, "text_thickness": 1}}
dangling repair round 2: 8 new items
10:31:22 PM: Debug: Adding duplicate image handler for 'PNG file'
10:31:22 PM: Debug: Adding duplicate image handler for 'JPEG file'
10:31:22 PM: Debug: Adding duplicate image handler for 'TIFF file'
10:31:22 PM: Debug: Adding duplicate image handler for 'GIF file'
10:31:22 PM: Debug: Adding duplicate image handler for 'PNM file'
10:31:22 PM: Debug: Adding duplicate image handler for 'PCX file'
10:31:22 PM: Debug: Adding duplicate image handler for 'IFF file'
10:31:22 PM: Debug: Adding duplicate image handler for 'Windows icon file'
10:31:22 PM: Debug: Adding duplicate image handler for 'Windows cursor file'
10:31:22 PM: Debug: Adding duplicate image handler for 'Windows animated cursor file'
10:31:22 PM: Debug: Adding duplicate image handler for 'TGA file'
10:31:22 PM: Debug: Adding duplicate image handler for 'XPM file'
{'pads': 1020, 'tracks': 7823, 'vias': 824, 'zones': 6, 'keepouts': 81, 'outline': 1}
10:31:32 PM: Debug: Adding duplicate image handler for 'PNG file'
10:31:32 PM: Debug: Adding duplicate image handler for 'JPEG file'
10:31:32 PM: Debug: Adding duplicate image handler for 'TIFF file'
10:31:32 PM: Debug: Adding duplicate image handler for 'GIF file'
10:31:32 PM: Debug: Adding duplicate image handler for 'PNM file'
10:31:32 PM: Debug: Adding duplicate image handler for 'PCX file'
10:31:32 PM: Debug: Adding duplicate image handler for 'IFF file'
10:31:32 PM: Debug: Adding duplicate image handler for 'Windows icon file'
10:31:32 PM: Debug: Adding duplicate image handler for 'Windows cursor file'
10:31:32 PM: Debug: Adding duplicate image handler for 'Windows animated cursor file'
10:31:32 PM: Debug: Adding duplicate image handler for 'TGA file'
10:31:32 PM: Debug: Adding duplicate image handler for 'XPM file'
kicad_ops done /Users/deepakdiwan/Downloads/VitalQ_Route_v9/candidates/R2-45/vitalq_v2.kicad_pcb
swig/python detected a memory leak of type 'PCB_TRACK *', no destructor found.
swig/python detected a memory leak of type 'PCB_TRACK *', no destructor found.
swig/python detected a memory leak of type 'PCB_TRACK *', no destructor found.
swig/python detected a memory leak of type 'PCB_TRACK *', no destructor found.
swig/python detected a memory leak of type 'PCB_VIA *', no destructor found.
swig/python detected a memory leak of type 'PCB_TRACK *', no destructor found.
swig/python detected a memory leak of type 'PCB_TRACK *', no destructor found.
swig/python detected a memory leak of type 'PCB_TRACK *', no destructor found.
swig/python detected a memory leak of type 'PCB_TRACK *', no destructor found.
swig/python detected a memory leak of type 'PCB_TRACK *', no destructor found.
swig/python detected a memory leak of type 'PCB_TRACK *', no destructor found.
swig/python detected a memory leak of type 'PCB_TRACK *', no destructor found.
swig/python detected a memory leak of type 'PCB_TRACK *', no destructor found.
swig/python detected a memory leak of type 'PCB_VIA *', no destructor found.
swig/python detected a memory leak of type 'PCB_TRACK *', no destructor found.
swig/python detected a memory leak of type 'PCB_TRACK *', no destructor found.
swig/python detected a memory leak of type 'PCB_TRACK *', no destructor found.
swig/python detected a memory leak of type 'PCB_TRACK *', no destructor found.
swig/python detected a memory leak of type 'PCB_TRACK *', no destructor found.
swig/python detected a memory leak of type 'PCB_TRACK *', no destructor found.
swig/python detected a memory leak of type 'PCB_TRACK *', no destructor found.
swig/python detected a memory leak of type 'PCB_TRACK *', no destructor found.
swig/python detected a memory leak of type 'PCB_TRACK *', no destructor found.
swig/python detected a memory leak of type 'PCB_TRACK *', no destructor found.
swig/python detected a memory leak of type 'PCB_TRACK *', no destructor found.
swig/python detected a memory leak of type 'PCB_TRACK *', no destructor found.
swig/python detected a memory leak of type 'PCB_TRACK *', no destructor found.
swig/python detected a memory leak of type 'PCB_TRACK *', no destructor found.
swig/python detected a memory leak of type 'PCB_TRACK *', no destructor found.
swig/python detected a memory leak of type 'PCB_TRACK *', no destructor found.
swig/python detected a memory leak of type 'PCB_TRACK *', no destructor found.
swig/python detected a memory leak of type 'PCB_TRACK *', no destructor found.
swig/python detected a memory leak of type 'PCB_TRACK *', no destructor found.
swig/python detected a memory leak of type 'PCB_TRACK *', no destructor found.
swig/python detected a memory leak of type 'PCB_TRACK *', no destructor found.
swig/python detected a memory leak of type 'PCB_TRACK *', no destructor found.
swig/python detected a memory leak of type 'PCB_TRACK *', no destructor found.
Fontconfig error: Cannot load default config file: No such file: (null)
Found 300 violations
Found 14 unconnected items
Found 29 schematic parity issues
Saved DRC Report to /Users/deepakdiwan/Downloads/VitalQ_Route_v9/candidates/R2-45/drc.json
Saved board
{"unconnected": 14, "real": 214, "total": 300, "parity": 29, "types": {"items_not_allowed": 200, "hole_clearance": 4, "npth_inside_courtyard": 1, "track_dangling": 7, "via_dangling": 2, "silk_edge_clearance": 14, "lib_footprint_issues": 53, "lib_footprint_mismatch": 3, "text_height": 15, "text_thickness": 1}}
dangling repair round 3: 3 new items
10:31:54 PM: Debug: Adding duplicate image handler for 'PNG file'
10:31:54 PM: Debug: Adding duplicate image handler for 'JPEG file'
10:31:54 PM: Debug: Adding duplicate image handler for 'TIFF file'
10:31:54 PM: Debug: Adding duplicate image handler for 'GIF file'
10:31:54 PM: Debug: Adding duplicate image handler for 'PNM file'
10:31:54 PM: Debug: Adding duplicate image handler for 'PCX file'
10:31:54 PM: Debug: Adding duplicate image handler for 'IFF file'
10:31:54 PM: Debug: Adding duplicate image handler for 'Windows icon file'
10:31:54 PM: Debug: Adding duplicate image handler for 'Windows cursor file'
10:31:54 PM: Debug: Adding duplicate image handler for 'Windows animated cursor file'
10:31:54 PM: Debug: Adding duplicate image handler for 'TGA file'
10:31:54 PM: Debug: Adding duplicate image handler for 'XPM file'
{'pads': 1020, 'tracks': 7788, 'vias': 821, 'zones': 6, 'keepouts': 81, 'outline': 1}
10:32:05 PM: Debug: Adding duplicate image handler for 'PNG file'
10:32:05 PM: Debug: Adding duplicate image handler for 'JPEG file'
10:32:05 PM: Debug: Adding duplicate image handler for 'TIFF file'
10:32:05 PM: Debug: Adding duplicate image handler for 'GIF file'
10:32:05 PM: Debug: Adding duplicate image handler for 'PNM file'
10:32:05 PM: Debug: Adding duplicate image handler for 'PCX file'
10:32:05 PM: Debug: Adding duplicate image handler for 'IFF file'
10:32:05 PM: Debug: Adding duplicate image handler for 'Windows icon file'
10:32:05 PM: Debug: Adding duplicate image handler for 'Windows cursor file'
10:32:05 PM: Debug: Adding duplicate image handler for 'Windows animated cursor file'
10:32:05 PM: Debug: Adding duplicate image handler for 'TGA file'
10:32:05 PM: Debug: Adding duplicate image handler for 'XPM file'
kicad_ops done /Users/deepakdiwan/Downloads/VitalQ_Route_v9/candidates/R2-45/vitalq_v2.kicad_pcb
swig/python detected a memory leak of type 'PCB_TRACK *', no destructor found.
swig/python detected a memory leak of type 'PCB_TRACK *', no destructor found.
swig/python detected a memory leak of type 'PCB_TRACK *', no destructor found.
swig/python detected a memory leak of type 'PCB_TRACK *', no destructor found.
swig/python detected a memory leak of type 'PCB_TRACK *', no destructor found.
swig/python detected a memory leak of type 'PCB_TRACK *', no destructor found.
swig/python detected a memory leak of type 'PCB_TRACK *', no destructor found.
swig/python detected a memory leak of type 'PCB_TRACK *', no destructor found.
swig/python detected a memory leak of type 'PCB_TRACK *', no destructor found.
swig/python detected a memory leak of type 'PCB_TRACK *', no destructor found.
swig/python detected a memory leak of type 'PCB_TRACK *', no destructor found.
swig/python detected a memory leak of type 'PCB_VIA *', no destructor found.
swig/python detected a memory leak of type 'PCB_TRACK *', no destructor found.
Fontconfig error: Cannot load default config file: No such file: (null)
Found 298 violations
Found 14 unconnected items
Found 29 schematic parity issues
Saved DRC Report to /Users/deepakdiwan/Downloads/VitalQ_Route_v9/candidates/R2-45/drc.json
Saved board
{"unconnected": 14, "real": 212, "total": 298, "parity": 29, "types": {"items_not_allowed": 200, "hole_clearance": 4, "npth_inside_courtyard": 1, "track_dangling": 7, "silk_edge_clearance": 14, "lib_footprint_issues": 53, "lib_footprint_mismatch": 3, "text_height": 15, "text_thickness": 1}}
dangling repair round 4: 1 new items
10:32:25 PM: Debug: Adding duplicate image handler for 'PNG file'
10:32:25 PM: Debug: Adding duplicate image handler for 'JPEG file'
10:32:25 PM: Debug: Adding duplicate image handler for 'TIFF file'
10:32:25 PM: Debug: Adding duplicate image handler for 'GIF file'
10:32:25 PM: Debug: Adding duplicate image handler for 'PNM file'
10:32:25 PM: Debug: Adding duplicate image handler for 'PCX file'
10:32:25 PM: Debug: Adding duplicate image handler for 'IFF file'
10:32:25 PM: Debug: Adding duplicate image handler for 'Windows icon file'
10:32:25 PM: Debug: Adding duplicate image handler for 'Windows cursor file'
10:32:25 PM: Debug: Adding duplicate image handler for 'Windows animated cursor file'
10:32:25 PM: Debug: Adding duplicate image handler for 'TGA file'
10:32:25 PM: Debug: Adding duplicate image handler for 'XPM file'
{'pads': 1020, 'tracks': 7776, 'vias': 819, 'zones': 6, 'keepouts': 81, 'outline': 1}
10:32:35 PM: Debug: Adding duplicate image handler for 'PNG file'
10:32:35 PM: Debug: Adding duplicate image handler for 'JPEG file'
10:32:35 PM: Debug: Adding duplicate image handler for 'TIFF file'
10:32:35 PM: Debug: Adding duplicate image handler for 'GIF file'
10:32:35 PM: Debug: Adding duplicate image handler for 'PNM file'
10:32:35 PM: Debug: Adding duplicate image handler for 'PCX file'
10:32:35 PM: Debug: Adding duplicate image handler for 'IFF file'
10:32:35 PM: Debug: Adding duplicate image handler for 'Windows icon file'
10:32:35 PM: Debug: Adding duplicate image handler for 'Windows cursor file'
10:32:35 PM: Debug: Adding duplicate image handler for 'Windows animated cursor file'
10:32:35 PM: Debug: Adding duplicate image handler for 'TGA file'
10:32:35 PM: Debug: Adding duplicate image handler for 'XPM file'
{'pads': 1020, 'tracks': 7776, 'vias': 819, 'zones': 6, 'keepouts': 81, 'outline': 1}
{
  "invariants": {
    "footprints_identical": true,
    "moved_footprints_same_side_same_lock": true,
    "pad_geometry_and_nets_identical": true,
    "rule_areas_identical": true,
    "outline_identical": true,
    "zone_definitions_identical": true,
    "copper_layer_count_ok": true,
    "through_vias_only": true
  },
  "preserved_pad_groups_checked": 189,
  "pad_connectivity_regressions": 5,
  "keepout_layer_intersections": 351,
  "new_keepout_hits": 0,
  "via_hole_copper_gaps": 1,
  "new_via_hole_copper_gaps": 0,
  "hole_pairs": 0,
  "new_hole_pairs": 0,
  "via_in_pad": 41,
  "pass": false
}
R2-45: REJECTED (streak 2); new native faults 1; audit FAIL
unconnected 9 -> 9 (candidate 14); real 212 -> 212 (candidate 212)
next: next cleanup
