/Users/deepakdiwan/Downloads/VitalQ_Route_v9/backups/20261009_225622_R2-51_U19_C59_local_rip
10:56:23 PM: Debug: Adding duplicate image handler for 'PNG file'
10:56:23 PM: Debug: Adding duplicate image handler for 'JPEG file'
10:56:23 PM: Debug: Adding duplicate image handler for 'TIFF file'
10:56:23 PM: Debug: Adding duplicate image handler for 'GIF file'
10:56:23 PM: Debug: Adding duplicate image handler for 'PNM file'
10:56:23 PM: Debug: Adding duplicate image handler for 'PCX file'
10:56:23 PM: Debug: Adding duplicate image handler for 'IFF file'
10:56:23 PM: Debug: Adding duplicate image handler for 'Windows icon file'
10:56:23 PM: Debug: Adding duplicate image handler for 'Windows cursor file'
10:56:23 PM: Debug: Adding duplicate image handler for 'Windows animated cursor file'
10:56:23 PM: Debug: Adding duplicate image handler for 'TGA file'
10:56:23 PM: Debug: Adding duplicate image handler for 'XPM file'
kicad_ops done /Users/deepakdiwan/Downloads/VitalQ_Route_v9/candidates/R2-51/stage1/vitalq_v2.kicad_pcb
Fontconfig error: Cannot load default config file: No such file: (null)
Found 298 violations
Found 8 unconnected items
Found 29 schematic parity issues
Saved DRC Report to /Users/deepakdiwan/Downloads/VitalQ_Route_v9/candidates/R2-51/stage1/drc.json
Saved board
{"unconnected": 8, "real": 212, "total": 298, "parity": 29, "types": {"items_not_allowed": 201, "hole_clearance": 4, "npth_inside_courtyard": 1, "track_dangling": 6, "silk_edge_clearance": 14, "lib_footprint_issues": 53, "lib_footprint_mismatch": 3, "text_height": 15, "text_thickness": 1}}
10:56:38 PM: Debug: Adding duplicate image handler for 'PNG file'
10:56:38 PM: Debug: Adding duplicate image handler for 'JPEG file'
10:56:38 PM: Debug: Adding duplicate image handler for 'TIFF file'
10:56:38 PM: Debug: Adding duplicate image handler for 'GIF file'
10:56:38 PM: Debug: Adding duplicate image handler for 'PNM file'
10:56:38 PM: Debug: Adding duplicate image handler for 'PCX file'
10:56:38 PM: Debug: Adding duplicate image handler for 'IFF file'
10:56:38 PM: Debug: Adding duplicate image handler for 'Windows icon file'
10:56:38 PM: Debug: Adding duplicate image handler for 'Windows cursor file'
10:56:38 PM: Debug: Adding duplicate image handler for 'Windows animated cursor file'
10:56:38 PM: Debug: Adding duplicate image handler for 'TGA file'
10:56:38 PM: Debug: Adding duplicate image handler for 'XPM file'
{'pads': 1020, 'tracks': 7843, 'vias': 823, 'zones': 6, 'keepouts': 81, 'outline': 1}
ripped 30 ['BIOZ_SP_PAD', 'CHG_STAT', 'ESP_EN', 'EXP_INT', 'GND', 'SWEAT_WE', 'TX5_EN', 'VBUS_DET']
POFV U19.7
FAILED +3V3 R2-51 R2-51 U19/C59 cluster: local F rip in hv band, POFV U19.7, In5 long runs, margin 30 mm no path (expanded 4149 cells)
OPEN Track [+3V3] on Top Layer, length 0.2848 mm Pad 1 [+3V3] of C59 on Top FAILED
FAILED AD5940_RESET R2-51 R2-51 U19/C59 cluster: local F rip in hv band, POFV U19.7, In5 long runs, margin 30 mm no path (expanded 4110 cells)
OPEN Track [AD5940_RESET] on Top Layer, length 0.2000 mm Pad 4 [AD5940_RESE FAILED
FAILED ADS1292_PWDN R2-51 R2-51 U19/C59 cluster: local F rip in hv band, POFV U19.7, In5 long runs, margin 30 mm no path (expanded 4078 cells)
OPEN Track [ADS1292_PWDN] on Top Layer, length 0.3209 mm Pad 3 [ADS1292_PWD FAILED
ROUTED IR_GATE R2-51 8 tracks 3 vias
OPEN Track [IR_GATE] on Top Layer, length 0.1847 mm Pad 7 [IR_GATE] of U19  ok
ROUTED GND D26 1 tracks 0 vias
ROUTED SWEAT_WE D26 1 tracks 0 vias
ROUTED ESP_EN U19 1 tracks 0 vias
FAILED CHG_STAT U19 R2-51 U19/C59 cluster: local F rip in hv band, POFV U19.7, In5 long runs (ripped), margin 5 mm no path (expanded 32360 cells)
FAILED CHG_STAT U19 R2-51 U19/C59 cluster: local F rip in hv band, POFV U19.7, In5 long runs (ripped), margin 12 mm no path (expanded 162498 cells)
ROUTED EXP_INT U19 8 tracks 0 vias
FAILED BIOZ_SP_PAD R82 R2-51 U19/C59 cluster: local F rip in hv band, POFV U19.7, In5 long runs (ripped), margin 5 mm no path (expanded 2989 cells)
FAILED BIOZ_SP_PAD R82 R2-51 U19/C59 cluster: local F rip in hv band, POFV U19.7, In5 long runs (ripped), margin 12 mm no path (expanded 2989 cells)
ROUTED VBUS_DET U19 2 tracks 0 vias
ROUTED TX5_EN U19 2 tracks 0 vias
10:59:05 PM: Debug: Adding duplicate image handler for 'PNG file'
10:59:05 PM: Debug: Adding duplicate image handler for 'JPEG file'
10:59:05 PM: Debug: Adding duplicate image handler for 'TIFF file'
10:59:05 PM: Debug: Adding duplicate image handler for 'GIF file'
10:59:05 PM: Debug: Adding duplicate image handler for 'PNM file'
10:59:05 PM: Debug: Adding duplicate image handler for 'PCX file'
10:59:05 PM: Debug: Adding duplicate image handler for 'IFF file'
10:59:05 PM: Debug: Adding duplicate image handler for 'Windows icon file'
10:59:05 PM: Debug: Adding duplicate image handler for 'Windows cursor file'
10:59:05 PM: Debug: Adding duplicate image handler for 'Windows animated cursor file'
10:59:05 PM: Debug: Adding duplicate image handler for 'TGA file'
10:59:05 PM: Debug: Adding duplicate image handler for 'XPM file'
kicad_ops done /Users/deepakdiwan/Downloads/VitalQ_Route_v9/candidates/R2-51/vitalq_v2.kicad_pcb
swig/python detected a memory leak of type 'PCB_TRACK *', no destructor found.
swig/python detected a memory leak of type 'PCB_TRACK *', no destructor found.
Fontconfig error: Cannot load default config file: No such file: (null)
Found 302 violations
Found 9 unconnected items
Found 29 schematic parity issues
Saved DRC Report to /Users/deepakdiwan/Downloads/VitalQ_Route_v9/candidates/R2-51/drc.json
Saved board
{"unconnected": 9, "real": 216, "total": 302, "parity": 29, "types": {"items_not_allowed": 199, "hole_clearance": 4, "npth_inside_courtyard": 1, "track_dangling": 11, "via_dangling": 1, "silk_edge_clearance": 14, "lib_footprint_issues": 53, "lib_footprint_mismatch": 3, "text_height": 15, "text_thickness": 1}}
dangling repair round 1: 6 new items
10:59:26 PM: Debug: Adding duplicate image handler for 'PNG file'
10:59:26 PM: Debug: Adding duplicate image handler for 'JPEG file'
10:59:26 PM: Debug: Adding duplicate image handler for 'TIFF file'
10:59:26 PM: Debug: Adding duplicate image handler for 'GIF file'
10:59:26 PM: Debug: Adding duplicate image handler for 'PNM file'
10:59:26 PM: Debug: Adding duplicate image handler for 'PCX file'
10:59:26 PM: Debug: Adding duplicate image handler for 'IFF file'
10:59:26 PM: Debug: Adding duplicate image handler for 'Windows icon file'
10:59:26 PM: Debug: Adding duplicate image handler for 'Windows cursor file'
10:59:26 PM: Debug: Adding duplicate image handler for 'Windows animated cursor file'
10:59:26 PM: Debug: Adding duplicate image handler for 'TGA file'
10:59:26 PM: Debug: Adding duplicate image handler for 'XPM file'
{'pads': 1020, 'tracks': 7836, 'vias': 827, 'zones': 6, 'keepouts': 81, 'outline': 1}
10:59:38 PM: Debug: Adding duplicate image handler for 'PNG file'
10:59:38 PM: Debug: Adding duplicate image handler for 'JPEG file'
10:59:38 PM: Debug: Adding duplicate image handler for 'TIFF file'
10:59:38 PM: Debug: Adding duplicate image handler for 'GIF file'
10:59:38 PM: Debug: Adding duplicate image handler for 'PNM file'
10:59:38 PM: Debug: Adding duplicate image handler for 'PCX file'
10:59:38 PM: Debug: Adding duplicate image handler for 'IFF file'
10:59:38 PM: Debug: Adding duplicate image handler for 'Windows icon file'
10:59:38 PM: Debug: Adding duplicate image handler for 'Windows cursor file'
10:59:38 PM: Debug: Adding duplicate image handler for 'Windows animated cursor file'
10:59:38 PM: Debug: Adding duplicate image handler for 'TGA file'
10:59:38 PM: Debug: Adding duplicate image handler for 'XPM file'
kicad_ops done /Users/deepakdiwan/Downloads/VitalQ_Route_v9/candidates/R2-51/vitalq_v2.kicad_pcb
swig/python detected a memory leak of type 'PCB_TRACK *', no destructor found.
swig/python detected a memory leak of type 'PCB_TRACK *', no destructor found.
swig/python detected a memory leak of type 'PCB_TRACK *', no destructor found.
swig/python detected a memory leak of type 'PCB_TRACK *', no destructor found.
swig/python detected a memory leak of type 'PCB_TRACK *', no destructor found.
swig/python detected a memory leak of type 'PCB_TRACK *', no destructor found.
swig/python detected a memory leak of type 'PCB_TRACK *', no destructor found.
swig/python detected a memory leak of type 'PCB_TRACK *', no destructor found.
swig/python detected a memory leak of type 'PCB_TRACK *', no destructor found.
swig/python detected a memory leak of type 'PCB_TRACK *', no destructor found.
swig/python detected a memory leak of type 'PCB_TRACK *', no destructor found.
swig/python detected a memory leak of type 'PCB_TRACK *', no destructor found.
swig/python detected a memory leak of type 'PCB_TRACK *', no destructor found.
swig/python detected a memory leak of type 'PCB_TRACK *', no destructor found.
swig/python detected a memory leak of type 'PCB_TRACK *', no destructor found.
swig/python detected a memory leak of type 'PCB_TRACK *', no destructor found.
swig/python detected a memory leak of type 'PCB_TRACK *', no destructor found.
swig/python detected a memory leak of type 'PCB_TRACK *', no destructor found.
swig/python detected a memory leak of type 'PCB_TRACK *', no destructor found.
swig/python detected a memory leak of type 'PCB_TRACK *', no destructor found.
swig/python detected a memory leak of type 'PCB_TRACK *', no destructor found.
swig/python detected a memory leak of type 'PCB_TRACK *', no destructor found.
swig/python detected a memory leak of type 'PCB_TRACK *', no destructor found.
swig/python detected a memory leak of type 'PCB_VIA *', no destructor found.
Fontconfig error: Cannot load default config file: No such file: (null)
Found 304 violations
Found 9 unconnected items
Found 29 schematic parity issues
Saved DRC Report to /Users/deepakdiwan/Downloads/VitalQ_Route_v9/candidates/R2-51/drc.json
Saved board
{"unconnected": 9, "real": 218, "total": 304, "parity": 29, "types": {"items_not_allowed": 204, "hole_clearance": 4, "npth_inside_courtyard": 1, "track_dangling": 7, "via_dangling": 2, "silk_edge_clearance": 14, "lib_footprint_issues": 53, "lib_footprint_mismatch": 3, "text_height": 15, "text_thickness": 1}}
dangling repair round 2: 3 new items
11:00:02 PM: Debug: Adding duplicate image handler for 'PNG file'
11:00:02 PM: Debug: Adding duplicate image handler for 'JPEG file'
11:00:02 PM: Debug: Adding duplicate image handler for 'TIFF file'
11:00:02 PM: Debug: Adding duplicate image handler for 'GIF file'
11:00:02 PM: Debug: Adding duplicate image handler for 'PNM file'
11:00:02 PM: Debug: Adding duplicate image handler for 'PCX file'
11:00:02 PM: Debug: Adding duplicate image handler for 'IFF file'
11:00:02 PM: Debug: Adding duplicate image handler for 'Windows icon file'
11:00:02 PM: Debug: Adding duplicate image handler for 'Windows cursor file'
11:00:02 PM: Debug: Adding duplicate image handler for 'Windows animated cursor file'
11:00:02 PM: Debug: Adding duplicate image handler for 'TGA file'
11:00:02 PM: Debug: Adding duplicate image handler for 'XPM file'
{'pads': 1020, 'tracks': 7812, 'vias': 826, 'zones': 6, 'keepouts': 81, 'outline': 1}
11:00:17 PM: Debug: Adding duplicate image handler for 'PNG file'
11:00:17 PM: Debug: Adding duplicate image handler for 'JPEG file'
11:00:17 PM: Debug: Adding duplicate image handler for 'TIFF file'
11:00:17 PM: Debug: Adding duplicate image handler for 'GIF file'
11:00:17 PM: Debug: Adding duplicate image handler for 'PNM file'
11:00:17 PM: Debug: Adding duplicate image handler for 'PCX file'
11:00:17 PM: Debug: Adding duplicate image handler for 'IFF file'
11:00:17 PM: Debug: Adding duplicate image handler for 'Windows icon file'
11:00:17 PM: Debug: Adding duplicate image handler for 'Windows cursor file'
11:00:17 PM: Debug: Adding duplicate image handler for 'Windows animated cursor file'
11:00:17 PM: Debug: Adding duplicate image handler for 'TGA file'
11:00:17 PM: Debug: Adding duplicate image handler for 'XPM file'
kicad_ops done /Users/deepakdiwan/Downloads/VitalQ_Route_v9/candidates/R2-51/vitalq_v2.kicad_pcb
swig/python detected a memory leak of type 'PCB_TRACK *', no destructor found.
swig/python detected a memory leak of type 'PCB_TRACK *', no destructor found.
swig/python detected a memory leak of type 'PCB_TRACK *', no destructor found.
swig/python detected a memory leak of type 'PCB_TRACK *', no destructor found.
swig/python detected a memory leak of type 'PCB_TRACK *', no destructor found.
swig/python detected a memory leak of type 'PCB_TRACK *', no destructor found.
swig/python detected a memory leak of type 'PCB_VIA *', no destructor found.
swig/python detected a memory leak of type 'PCB_TRACK *', no destructor found.
swig/python detected a memory leak of type 'PCB_TRACK *', no destructor found.
swig/python detected a memory leak of type 'PCB_TRACK *', no destructor found.
swig/python detected a memory leak of type 'PCB_TRACK *', no destructor found.
swig/python detected a memory leak of type 'PCB_TRACK *', no destructor found.
swig/python detected a memory leak of type 'PCB_TRACK *', no destructor found.
swig/python detected a memory leak of type 'PCB_TRACK *', no destructor found.
Fontconfig error: Cannot load default config file: No such file: (null)
Found 302 violations
Found 9 unconnected items
Found 29 schematic parity issues
Saved DRC Report to /Users/deepakdiwan/Downloads/VitalQ_Route_v9/candidates/R2-51/drc.json
Saved board
{"unconnected": 9, "real": 216, "total": 302, "parity": 29, "types": {"items_not_allowed": 204, "hole_clearance": 4, "npth_inside_courtyard": 1, "track_dangling": 7, "silk_edge_clearance": 14, "lib_footprint_issues": 53, "lib_footprint_mismatch": 3, "text_height": 15, "text_thickness": 1}}
dangling repair round 3: 1 new items
11:00:35 PM: Debug: Adding duplicate image handler for 'PNG file'
11:00:35 PM: Debug: Adding duplicate image handler for 'JPEG file'
11:00:35 PM: Debug: Adding duplicate image handler for 'TIFF file'
11:00:35 PM: Debug: Adding duplicate image handler for 'GIF file'
11:00:35 PM: Debug: Adding duplicate image handler for 'PNM file'
11:00:35 PM: Debug: Adding duplicate image handler for 'PCX file'
11:00:35 PM: Debug: Adding duplicate image handler for 'IFF file'
11:00:35 PM: Debug: Adding duplicate image handler for 'Windows icon file'
11:00:35 PM: Debug: Adding duplicate image handler for 'Windows cursor file'
11:00:35 PM: Debug: Adding duplicate image handler for 'Windows animated cursor file'
11:00:35 PM: Debug: Adding duplicate image handler for 'TGA file'
11:00:35 PM: Debug: Adding duplicate image handler for 'XPM file'
{'pads': 1020, 'tracks': 7799, 'vias': 824, 'zones': 6, 'keepouts': 81, 'outline': 1}
11:00:46 PM: Debug: Adding duplicate image handler for 'PNG file'
11:00:46 PM: Debug: Adding duplicate image handler for 'JPEG file'
11:00:46 PM: Debug: Adding duplicate image handler for 'TIFF file'
11:00:46 PM: Debug: Adding duplicate image handler for 'GIF file'
11:00:46 PM: Debug: Adding duplicate image handler for 'PNM file'
11:00:46 PM: Debug: Adding duplicate image handler for 'PCX file'
11:00:46 PM: Debug: Adding duplicate image handler for 'IFF file'
11:00:46 PM: Debug: Adding duplicate image handler for 'Windows icon file'
11:00:46 PM: Debug: Adding duplicate image handler for 'Windows cursor file'
11:00:46 PM: Debug: Adding duplicate image handler for 'Windows animated cursor file'
11:00:46 PM: Debug: Adding duplicate image handler for 'TGA file'
11:00:46 PM: Debug: Adding duplicate image handler for 'XPM file'
{'pads': 1020, 'tracks': 7799, 'vias': 824, 'zones': 6, 'keepouts': 81, 'outline': 1}
{
  "invariants": {
    "footprints_identical": true,
    "moved_footprints_same_side_same_lock": true,
    "pad_geometry_and_nets_identical": true,
    "rule_areas_identical": true,
    "outline_identical": true,
    "zone_definitions_identical": true,
    "copper_layer_count_ok": true,
    "through_vias_only": true
  },
  "preserved_pad_groups_checked": 190,
  "pad_connectivity_regressions": 2,
  "keepout_layer_intersections": 392,
  "new_keepout_hits": 0,
  "via_hole_copper_gaps": 1,
  "new_via_hole_copper_gaps": 0,
  "hole_pairs": 0,
  "new_hole_pairs": 0,
  "via_in_pad": 43,
  "pass": false
}
R2-51: REJECTED (streak 3); new native faults 1; audit FAIL
unconnected 8 -> 8 (candidate 9); real 212 -> 212 (candidate 216)
next: I2C_SDA U11, U6 E2/B3, U22 C5
