/Users/deepakdiwan/Downloads/VitalQ_Route_v9/backups/20261009_230507_R2-52_U18_drag_PD_A
11:05:08 PM: Debug: Adding duplicate image handler for 'PNG file'
11:05:08 PM: Debug: Adding duplicate image handler for 'JPEG file'
11:05:08 PM: Debug: Adding duplicate image handler for 'TIFF file'
11:05:08 PM: Debug: Adding duplicate image handler for 'GIF file'
11:05:08 PM: Debug: Adding duplicate image handler for 'PNM file'
11:05:08 PM: Debug: Adding duplicate image handler for 'PCX file'
11:05:08 PM: Debug: Adding duplicate image handler for 'IFF file'
11:05:08 PM: Debug: Adding duplicate image handler for 'Windows icon file'
11:05:08 PM: Debug: Adding duplicate image handler for 'Windows cursor file'
11:05:08 PM: Debug: Adding duplicate image handler for 'Windows animated cursor file'
11:05:08 PM: Debug: Adding duplicate image handler for 'TGA file'
11:05:08 PM: Debug: Adding duplicate image handler for 'XPM file'
kicad_ops done /Users/deepakdiwan/Downloads/VitalQ_Route_v9/candidates/R2-52/stage1/vitalq_v2.kicad_pcb
Fontconfig error: Cannot load default config file: No such file: (null)
Found 327 violations
Found 8 unconnected items
Found 29 schematic parity issues
Saved DRC Report to /Users/deepakdiwan/Downloads/VitalQ_Route_v9/candidates/R2-52/stage1/drc.json
Saved board
{"unconnected": 8, "real": 241, "total": 327, "parity": 29, "types": {"items_not_allowed": 201, "clearance": 3, "hole_clearance": 17, "shorting_items": 6, "courtyards_overlap": 2, "npth_inside_courtyard": 1, "solder_mask_bridge": 5, "track_dangling": 6, "silk_edge_clearance": 14, "lib_footprint_issues": 53, "lib_footprint_mismatch": 3, "text_height": 15, "text_thickness": 1}}
11:05:29 PM: Debug: Adding duplicate image handler for 'PNG file'
11:05:29 PM: Debug: Adding duplicate image handler for 'JPEG file'
11:05:29 PM: Debug: Adding duplicate image handler for 'TIFF file'
11:05:29 PM: Debug: Adding duplicate image handler for 'GIF file'
11:05:29 PM: Debug: Adding duplicate image handler for 'PNM file'
11:05:29 PM: Debug: Adding duplicate image handler for 'PCX file'
11:05:29 PM: Debug: Adding duplicate image handler for 'IFF file'
11:05:29 PM: Debug: Adding duplicate image handler for 'Windows icon file'
11:05:29 PM: Debug: Adding duplicate image handler for 'Windows cursor file'
11:05:29 PM: Debug: Adding duplicate image handler for 'Windows animated cursor file'
11:05:29 PM: Debug: Adding duplicate image handler for 'TGA file'
11:05:29 PM: Debug: Adding duplicate image handler for 'XPM file'
{'pads': 1020, 'tracks': 7843, 'vias': 823, 'zones': 6, 'keepouts': 81, 'outline': 1}
ripped 9 ['', '+3V3', 'CS_FLASH', 'CS_MAX86178', 'GND', 'LED1_K', 'MISO_FL', 'PD_INP', 'PD_K', 'SPI_MOSI', 'SPI_SCK', 'SWEAT_CE']
C5 site hits ['PD_INP', 'PD_K']
FAILED PD_A R2-52 R2-52 U18 dx-0.30 drag + U22.C5 POFV on In3, margin 12 mm via site [27.25, 49.35] failed exact check
OPEN PD_A FAILED
ROUTED GND U22 1 tracks 1 vias
FAILED LED1_K U22 R2-52 U18 dx-0.30 drag + U22.C5 POFV on In3 (drag clash), margin 4 mm via site [27.25, 49.35] failed exact check
FAILED LED1_K U22 R2-52 U18 dx-0.30 drag + U22.C5 POFV on In3 (drag clash), margin 10 mm via site [27.25, 49.35] failed exact check
FAILED PD_INP U6 R2-52 U18 dx-0.30 drag + U22.C5 POFV on In3 (drag clash), margin 4 mm via site [27.45, 49.45] failed exact check
FAILED PD_INP U6 R2-52 U18 dx-0.30 drag + U22.C5 POFV on In3 (drag clash), margin 10 mm via site [27.45, 49.45] failed exact check
ROUTED PD_K U22 1 tracks 1 vias
ROUTED SWEAT_CE R122/U7 2 tracks 1 vias
FAILED CS_MAX86178 R117 R2-52 U18 dx-0.30 drag + U22.C5 POFV on In3 (drag clash), margin 4 mm no path (expanded 1813 cells)
BLOCKED CS_MAX86178 R117
ROUTED CS_FLASH U18 4 tracks 2 vias
11:07:21 PM: Debug: Adding duplicate image handler for 'PNG file'
11:07:21 PM: Debug: Adding duplicate image handler for 'JPEG file'
11:07:21 PM: Debug: Adding duplicate image handler for 'TIFF file'
11:07:21 PM: Debug: Adding duplicate image handler for 'GIF file'
11:07:21 PM: Debug: Adding duplicate image handler for 'PNM file'
11:07:21 PM: Debug: Adding duplicate image handler for 'PCX file'
11:07:21 PM: Debug: Adding duplicate image handler for 'IFF file'
11:07:21 PM: Debug: Adding duplicate image handler for 'Windows icon file'
11:07:21 PM: Debug: Adding duplicate image handler for 'Windows cursor file'
11:07:21 PM: Debug: Adding duplicate image handler for 'Windows animated cursor file'
11:07:21 PM: Debug: Adding duplicate image handler for 'TGA file'
11:07:21 PM: Debug: Adding duplicate image handler for 'XPM file'
kicad_ops done /Users/deepakdiwan/Downloads/VitalQ_Route_v9/candidates/R2-52/vitalq_v2.kicad_pcb
Fontconfig error: Cannot load default config file: No such file: (null)
Found 308 violations
Found 11 unconnected items
Found 29 schematic parity issues
Saved DRC Report to /Users/deepakdiwan/Downloads/VitalQ_Route_v9/candidates/R2-52/drc.json
Saved board
{"unconnected": 11, "real": 222, "total": 308, "parity": 29, "types": {"items_not_allowed": 201, "hole_clearance": 4, "courtyards_overlap": 2, "npth_inside_courtyard": 1, "track_dangling": 13, "via_dangling": 1, "silk_edge_clearance": 14, "lib_footprint_issues": 53, "lib_footprint_mismatch": 3, "text_height": 15, "text_thickness": 1}}
dangling repair round 1: 8 new items
11:07:45 PM: Debug: Adding duplicate image handler for 'PNG file'
11:07:45 PM: Debug: Adding duplicate image handler for 'JPEG file'
11:07:45 PM: Debug: Adding duplicate image handler for 'TIFF file'
11:07:45 PM: Debug: Adding duplicate image handler for 'GIF file'
11:07:45 PM: Debug: Adding duplicate image handler for 'PNM file'
11:07:45 PM: Debug: Adding duplicate image handler for 'PCX file'
11:07:45 PM: Debug: Adding duplicate image handler for 'IFF file'
11:07:45 PM: Debug: Adding duplicate image handler for 'Windows icon file'
11:07:45 PM: Debug: Adding duplicate image handler for 'Windows cursor file'
11:07:45 PM: Debug: Adding duplicate image handler for 'Windows animated cursor file'
11:07:45 PM: Debug: Adding duplicate image handler for 'TGA file'
11:07:45 PM: Debug: Adding duplicate image handler for 'XPM file'
{'pads': 1020, 'tracks': 7847, 'vias': 822, 'zones': 6, 'keepouts': 81, 'outline': 1}
11:07:56 PM: Debug: Adding duplicate image handler for 'PNG file'
11:07:56 PM: Debug: Adding duplicate image handler for 'JPEG file'
11:07:56 PM: Debug: Adding duplicate image handler for 'TIFF file'
11:07:56 PM: Debug: Adding duplicate image handler for 'GIF file'
11:07:56 PM: Debug: Adding duplicate image handler for 'PNM file'
11:07:56 PM: Debug: Adding duplicate image handler for 'PCX file'
11:07:56 PM: Debug: Adding duplicate image handler for 'IFF file'
11:07:56 PM: Debug: Adding duplicate image handler for 'Windows icon file'
11:07:56 PM: Debug: Adding duplicate image handler for 'Windows cursor file'
11:07:56 PM: Debug: Adding duplicate image handler for 'Windows animated cursor file'
11:07:56 PM: Debug: Adding duplicate image handler for 'TGA file'
11:07:56 PM: Debug: Adding duplicate image handler for 'XPM file'
kicad_ops done /Users/deepakdiwan/Downloads/VitalQ_Route_v9/candidates/R2-52/vitalq_v2.kicad_pcb
swig/python detected a memory leak of type 'PCB_TRACK *', no destructor found.
swig/python detected a memory leak of type 'PCB_TRACK *', no destructor found.
swig/python detected a memory leak of type 'PCB_TRACK *', no destructor found.
swig/python detected a memory leak of type 'PCB_TRACK *', no destructor found.
swig/python detected a memory leak of type 'PCB_TRACK *', no destructor found.
swig/python detected a memory leak of type 'PCB_TRACK *', no destructor found.
Fontconfig error: Cannot load default config file: No such file: (null)
Found 308 violations
Found 11 unconnected items
Found 29 schematic parity issues
Saved DRC Report to /Users/deepakdiwan/Downloads/VitalQ_Route_v9/candidates/R2-52/drc.json
Saved board
{"unconnected": 11, "real": 222, "total": 308, "parity": 29, "types": {"items_not_allowed": 201, "hole_clearance": 4, "courtyards_overlap": 2, "npth_inside_courtyard": 1, "track_dangling": 11, "via_dangling": 3, "silk_edge_clearance": 14, "lib_footprint_issues": 53, "lib_footprint_mismatch": 3, "text_height": 15, "text_thickness": 1}}
dangling repair round 2: 8 new items
11:08:17 PM: Debug: Adding duplicate image handler for 'PNG file'
11:08:17 PM: Debug: Adding duplicate image handler for 'JPEG file'
11:08:17 PM: Debug: Adding duplicate image handler for 'TIFF file'
11:08:17 PM: Debug: Adding duplicate image handler for 'GIF file'
11:08:17 PM: Debug: Adding duplicate image handler for 'PNM file'
11:08:17 PM: Debug: Adding duplicate image handler for 'PCX file'
11:08:17 PM: Debug: Adding duplicate image handler for 'IFF file'
11:08:17 PM: Debug: Adding duplicate image handler for 'Windows icon file'
11:08:17 PM: Debug: Adding duplicate image handler for 'Windows cursor file'
11:08:17 PM: Debug: Adding duplicate image handler for 'Windows animated cursor file'
11:08:17 PM: Debug: Adding duplicate image handler for 'TGA file'
11:08:17 PM: Debug: Adding duplicate image handler for 'XPM file'
{'pads': 1020, 'tracks': 7840, 'vias': 822, 'zones': 6, 'keepouts': 81, 'outline': 1}
11:08:29 PM: Debug: Adding duplicate image handler for 'PNG file'
11:08:29 PM: Debug: Adding duplicate image handler for 'JPEG file'
11:08:29 PM: Debug: Adding duplicate image handler for 'TIFF file'
11:08:29 PM: Debug: Adding duplicate image handler for 'GIF file'
11:08:29 PM: Debug: Adding duplicate image handler for 'PNM file'
11:08:29 PM: Debug: Adding duplicate image handler for 'PCX file'
11:08:29 PM: Debug: Adding duplicate image handler for 'IFF file'
11:08:29 PM: Debug: Adding duplicate image handler for 'Windows icon file'
11:08:29 PM: Debug: Adding duplicate image handler for 'Windows cursor file'
11:08:29 PM: Debug: Adding duplicate image handler for 'Windows animated cursor file'
11:08:29 PM: Debug: Adding duplicate image handler for 'TGA file'
11:08:29 PM: Debug: Adding duplicate image handler for 'XPM file'
kicad_ops done /Users/deepakdiwan/Downloads/VitalQ_Route_v9/candidates/R2-52/vitalq_v2.kicad_pcb
swig/python detected a memory leak of type 'PCB_TRACK *', no destructor found.
swig/python detected a memory leak of type 'PCB_TRACK *', no destructor found.
swig/python detected a memory leak of type 'PCB_TRACK *', no destructor found.
swig/python detected a memory leak of type 'PCB_TRACK *', no destructor found.
swig/python detected a memory leak of type 'PCB_TRACK *', no destructor found.
swig/python detected a memory leak of type 'PCB_TRACK *', no destructor found.
swig/python detected a memory leak of type 'PCB_TRACK *', no destructor found.
swig/python detected a memory leak of type 'PCB_TRACK *', no destructor found.
swig/python detected a memory leak of type 'PCB_TRACK *', no destructor found.
swig/python detected a memory leak of type 'PCB_TRACK *', no destructor found.
swig/python detected a memory leak of type 'PCB_TRACK *', no destructor found.
swig/python detected a memory leak of type 'PCB_TRACK *', no destructor found.
swig/python detected a memory leak of type 'PCB_TRACK *', no destructor found.
swig/python detected a memory leak of type 'PCB_VIA *', no destructor found.
swig/python detected a memory leak of type 'PCB_TRACK *', no destructor found.
swig/python detected a memory leak of type 'PCB_TRACK *', no destructor found.
Fontconfig error: Cannot load default config file: No such file: (null)
Found 306 violations
Found 11 unconnected items
Found 29 schematic parity issues
Saved DRC Report to /Users/deepakdiwan/Downloads/VitalQ_Route_v9/candidates/R2-52/drc.json
Saved board
{"unconnected": 11, "real": 220, "total": 306, "parity": 29, "types": {"items_not_allowed": 201, "hole_clearance": 4, "courtyards_overlap": 2, "npth_inside_courtyard": 1, "track_dangling": 9, "via_dangling": 3, "silk_edge_clearance": 14, "lib_footprint_issues": 53, "lib_footprint_mismatch": 3, "text_height": 15, "text_thickness": 1}}
dangling repair round 3: 6 new items
11:08:49 PM: Debug: Adding duplicate image handler for 'PNG file'
11:08:49 PM: Debug: Adding duplicate image handler for 'JPEG file'
11:08:49 PM: Debug: Adding duplicate image handler for 'TIFF file'
11:08:49 PM: Debug: Adding duplicate image handler for 'GIF file'
11:08:49 PM: Debug: Adding duplicate image handler for 'PNM file'
11:08:49 PM: Debug: Adding duplicate image handler for 'PCX file'
11:08:49 PM: Debug: Adding duplicate image handler for 'IFF file'
11:08:49 PM: Debug: Adding duplicate image handler for 'Windows icon file'
11:08:49 PM: Debug: Adding duplicate image handler for 'Windows cursor file'
11:08:49 PM: Debug: Adding duplicate image handler for 'Windows animated cursor file'
11:08:49 PM: Debug: Adding duplicate image handler for 'TGA file'
11:08:49 PM: Debug: Adding duplicate image handler for 'XPM file'
{'pads': 1020, 'tracks': 7825, 'vias': 820, 'zones': 6, 'keepouts': 81, 'outline': 1}
