/Users/deepakdiwan/Downloads/VitalQ_Route_v9/backups/20261009_230854_R2-54_R90_MISO_AFE
11:08:55 PM: Debug: Adding duplicate image handler for 'PNG file'
11:08:55 PM: Debug: Adding duplicate image handler for 'JPEG file'
11:08:55 PM: Debug: Adding duplicate image handler for 'TIFF file'
11:08:55 PM: Debug: Adding duplicate image handler for 'GIF file'
11:08:55 PM: Debug: Adding duplicate image handler for 'PNM file'
11:08:55 PM: Debug: Adding duplicate image handler for 'PCX file'
11:08:55 PM: Debug: Adding duplicate image handler for 'IFF file'
11:08:55 PM: Debug: Adding duplicate image handler for 'Windows icon file'
11:08:55 PM: Debug: Adding duplicate image handler for 'Windows cursor file'
11:08:55 PM: Debug: Adding duplicate image handler for 'Windows animated cursor file'
11:08:55 PM: Debug: Adding duplicate image handler for 'TGA file'
11:08:55 PM: Debug: Adding duplicate image handler for 'XPM file'
kicad_ops done /Users/deepakdiwan/Downloads/VitalQ_Route_v9/candidates/R2-54/stage1/vitalq_v2.kicad_pcb
Fontconfig error: Cannot load default config file: No such file: (null)
Found 298 violations
Found 8 unconnected items
Found 29 schematic parity issues
Saved DRC Report to /Users/deepakdiwan/Downloads/VitalQ_Route_v9/candidates/R2-54/stage1/drc.json
Saved board
{"unconnected": 8, "real": 212, "total": 298, "parity": 29, "types": {"items_not_allowed": 201, "hole_clearance": 4, "npth_inside_courtyard": 1, "track_dangling": 6, "silk_edge_clearance": 14, "lib_footprint_issues": 53, "lib_footprint_mismatch": 3, "text_height": 15, "text_thickness": 1}}
11:09:13 PM: Debug: Adding duplicate image handler for 'PNG file'
11:09:13 PM: Debug: Adding duplicate image handler for 'JPEG file'
11:09:13 PM: Debug: Adding duplicate image handler for 'TIFF file'
11:09:13 PM: Debug: Adding duplicate image handler for 'GIF file'
11:09:13 PM: Debug: Adding duplicate image handler for 'PNM file'
11:09:13 PM: Debug: Adding duplicate image handler for 'PCX file'
11:09:13 PM: Debug: Adding duplicate image handler for 'IFF file'
11:09:13 PM: Debug: Adding duplicate image handler for 'Windows icon file'
11:09:13 PM: Debug: Adding duplicate image handler for 'Windows cursor file'
11:09:13 PM: Debug: Adding duplicate image handler for 'Windows animated cursor file'
11:09:13 PM: Debug: Adding duplicate image handler for 'TGA file'
11:09:13 PM: Debug: Adding duplicate image handler for 'XPM file'
{'pads': 1020, 'tracks': 7843, 'vias': 823, 'zones': 6, 'keepouts': 81, 'outline': 1}
ripped ['PD_A', 'SWEAT_CE'] site left []
FAILED MISO_AFE R2-54 R2-54 R90.1 POFV after local In2 rip; MISO_AFE on In3, margin 10 mm no path (expanded 12 cells)
OPEN MISO_AFE FAILED
ROUTED SWEAT_CE R122 3 tracks 0 vias
ROUTED PD_A J10 3 tracks 2 vias
11:09:35 PM: Debug: Adding duplicate image handler for 'PNG file'
11:09:35 PM: Debug: Adding duplicate image handler for 'JPEG file'
11:09:35 PM: Debug: Adding duplicate image handler for 'TIFF file'
11:09:35 PM: Debug: Adding duplicate image handler for 'GIF file'
11:09:35 PM: Debug: Adding duplicate image handler for 'PNM file'
11:09:35 PM: Debug: Adding duplicate image handler for 'PCX file'
11:09:35 PM: Debug: Adding duplicate image handler for 'IFF file'
11:09:35 PM: Debug: Adding duplicate image handler for 'Windows icon file'
11:09:35 PM: Debug: Adding duplicate image handler for 'Windows cursor file'
11:09:35 PM: Debug: Adding duplicate image handler for 'Windows animated cursor file'
11:09:35 PM: Debug: Adding duplicate image handler for 'TGA file'
11:09:35 PM: Debug: Adding duplicate image handler for 'XPM file'
kicad_ops done /Users/deepakdiwan/Downloads/VitalQ_Route_v9/candidates/R2-54/vitalq_v2.kicad_pcb
Fontconfig error: Cannot load default config file: No such file: (null)
Found 304 violations
Found 8 unconnected items
Found 29 schematic parity issues
Saved DRC Report to /Users/deepakdiwan/Downloads/VitalQ_Route_v9/candidates/R2-54/drc.json
Saved board
{"unconnected": 8, "real": 218, "total": 304, "parity": 29, "types": {"items_not_allowed": 200, "hole_clearance": 6, "clearance": 1, "npth_inside_courtyard": 1, "track_dangling": 9, "via_dangling": 1, "silk_edge_clearance": 14, "lib_footprint_issues": 53, "lib_footprint_mismatch": 3, "text_height": 15, "text_thickness": 1}}
dangling repair round 1: 4 new items
11:09:50 PM: Debug: Adding duplicate image handler for 'PNG file'
11:09:50 PM: Debug: Adding duplicate image handler for 'JPEG file'
11:09:50 PM: Debug: Adding duplicate image handler for 'TIFF file'
11:09:50 PM: Debug: Adding duplicate image handler for 'GIF file'
11:09:50 PM: Debug: Adding duplicate image handler for 'PNM file'
11:09:50 PM: Debug: Adding duplicate image handler for 'PCX file'
11:09:50 PM: Debug: Adding duplicate image handler for 'IFF file'
11:09:50 PM: Debug: Adding duplicate image handler for 'Windows icon file'
11:09:50 PM: Debug: Adding duplicate image handler for 'Windows cursor file'
11:09:50 PM: Debug: Adding duplicate image handler for 'Windows animated cursor file'
11:09:50 PM: Debug: Adding duplicate image handler for 'TGA file'
11:09:50 PM: Debug: Adding duplicate image handler for 'XPM file'
{'pads': 1020, 'tracks': 7847, 'vias': 826, 'zones': 6, 'keepouts': 81, 'outline': 1}
11:10:01 PM: Debug: Adding duplicate image handler for 'PNG file'
11:10:01 PM: Debug: Adding duplicate image handler for 'JPEG file'
11:10:01 PM: Debug: Adding duplicate image handler for 'TIFF file'
11:10:01 PM: Debug: Adding duplicate image handler for 'GIF file'
11:10:01 PM: Debug: Adding duplicate image handler for 'PNM file'
11:10:01 PM: Debug: Adding duplicate image handler for 'PCX file'
11:10:01 PM: Debug: Adding duplicate image handler for 'IFF file'
11:10:01 PM: Debug: Adding duplicate image handler for 'Windows icon file'
11:10:01 PM: Debug: Adding duplicate image handler for 'Windows cursor file'
11:10:01 PM: Debug: Adding duplicate image handler for 'Windows animated cursor file'
11:10:01 PM: Debug: Adding duplicate image handler for 'TGA file'
11:10:01 PM: Debug: Adding duplicate image handler for 'XPM file'
kicad_ops done /Users/deepakdiwan/Downloads/VitalQ_Route_v9/candidates/R2-54/vitalq_v2.kicad_pcb
swig/python detected a memory leak of type 'PCB_TRACK *', no destructor found.
Fontconfig error: Cannot load default config file: No such file: (null)
Found 301 violations
Found 8 unconnected items
Found 29 schematic parity issues
Saved DRC Report to /Users/deepakdiwan/Downloads/VitalQ_Route_v9/candidates/R2-54/drc.json
Saved board
{"unconnected": 8, "real": 215, "total": 301, "parity": 29, "types": {"items_not_allowed": 200, "hole_clearance": 6, "clearance": 1, "npth_inside_courtyard": 1, "track_dangling": 6, "via_dangling": 1, "silk_edge_clearance": 14, "lib_footprint_issues": 53, "lib_footprint_mismatch": 3, "text_height": 15, "text_thickness": 1}}
dangling repair round 2: 1 new items
11:10:23 PM: Debug: Adding duplicate image handler for 'PNG file'
11:10:23 PM: Debug: Adding duplicate image handler for 'JPEG file'
11:10:23 PM: Debug: Adding duplicate image handler for 'TIFF file'
11:10:23 PM: Debug: Adding duplicate image handler for 'GIF file'
11:10:23 PM: Debug: Adding duplicate image handler for 'PNM file'
11:10:23 PM: Debug: Adding duplicate image handler for 'PCX file'
11:10:23 PM: Debug: Adding duplicate image handler for 'IFF file'
11:10:23 PM: Debug: Adding duplicate image handler for 'Windows icon file'
11:10:23 PM: Debug: Adding duplicate image handler for 'Windows cursor file'
11:10:23 PM: Debug: Adding duplicate image handler for 'Windows animated cursor file'
11:10:23 PM: Debug: Adding duplicate image handler for 'TGA file'
11:10:23 PM: Debug: Adding duplicate image handler for 'XPM file'
{'pads': 1020, 'tracks': 7845, 'vias': 826, 'zones': 6, 'keepouts': 81, 'outline': 1}
11:10:36 PM: Debug: Adding duplicate image handler for 'PNG file'
11:10:36 PM: Debug: Adding duplicate image handler for 'JPEG file'
11:10:36 PM: Debug: Adding duplicate image handler for 'TIFF file'
11:10:36 PM: Debug: Adding duplicate image handler for 'GIF file'
11:10:36 PM: Debug: Adding duplicate image handler for 'PNM file'
11:10:36 PM: Debug: Adding duplicate image handler for 'PCX file'
11:10:36 PM: Debug: Adding duplicate image handler for 'IFF file'
11:10:36 PM: Debug: Adding duplicate image handler for 'Windows icon file'
11:10:36 PM: Debug: Adding duplicate image handler for 'Windows cursor file'
11:10:36 PM: Debug: Adding duplicate image handler for 'Windows animated cursor file'
11:10:36 PM: Debug: Adding duplicate image handler for 'TGA file'
11:10:36 PM: Debug: Adding duplicate image handler for 'XPM file'
kicad_ops done /Users/deepakdiwan/Downloads/VitalQ_Route_v9/candidates/R2-54/vitalq_v2.kicad_pcb
Fontconfig error: Cannot load default config file: No such file: (null)
Found 297 violations
Found 8 unconnected items
Found 29 schematic parity issues
Saved DRC Report to /Users/deepakdiwan/Downloads/VitalQ_Route_v9/candidates/R2-54/drc.json
Saved board
{"unconnected": 8, "real": 211, "total": 297, "parity": 29, "types": {"items_not_allowed": 200, "hole_clearance": 4, "npth_inside_courtyard": 1, "track_dangling": 6, "silk_edge_clearance": 14, "lib_footprint_issues": 53, "lib_footprint_mismatch": 3, "text_height": 15, "text_thickness": 1}}
11:10:56 PM: Debug: Adding duplicate image handler for 'PNG file'
11:10:56 PM: Debug: Adding duplicate image handler for 'JPEG file'
11:10:56 PM: Debug: Adding duplicate image handler for 'TIFF file'
11:10:56 PM: Debug: Adding duplicate image handler for 'GIF file'
11:10:56 PM: Debug: Adding duplicate image handler for 'PNM file'
11:10:56 PM: Debug: Adding duplicate image handler for 'PCX file'
11:10:56 PM: Debug: Adding duplicate image handler for 'IFF file'
11:10:56 PM: Debug: Adding duplicate image handler for 'Windows icon file'
11:10:56 PM: Debug: Adding duplicate image handler for 'Windows cursor file'
11:10:56 PM: Debug: Adding duplicate image handler for 'Windows animated cursor file'
11:10:56 PM: Debug: Adding duplicate image handler for 'TGA file'
11:10:56 PM: Debug: Adding duplicate image handler for 'XPM file'
{'pads': 1020, 'tracks': 7845, 'vias': 825, 'zones': 6, 'keepouts': 81, 'outline': 1}
{
  "invariants": {
    "footprints_identical": true,
    "moved_footprints_same_side_same_lock": true,
    "pad_geometry_and_nets_identical": true,
    "rule_areas_identical": true,
    "outline_identical": true,
    "zone_definitions_identical": true,
    "copper_layer_count_ok": true,
    "through_vias_only": true
  },
  "preserved_pad_groups_checked": 190,
  "pad_connectivity_regressions": 0,
  "keepout_layer_intersections": 397,
  "new_keepout_hits": 0,
  "via_hole_copper_gaps": 1,
  "new_via_hole_copper_gaps": 0,
  "hole_pairs": 0,
  "new_hole_pairs": 0,
  "via_in_pad": 42,
  "pass": true
}
R2-54: ACCEPTED (streak 0); new native faults 0; audit pass
unconnected 8 -> 8 (candidate 8); real 212 -> 211 (candidate 211)
next: PD2_INM / U11 / U19-C59
