/Users/deepakdiwan/Downloads/VitalQ_Route_v9/backups/20261009_234013_R2-65_PD2_INM_U16_pocket
11:40:14 PM: Debug: Adding duplicate image handler for 'PNG file'
11:40:14 PM: Debug: Adding duplicate image handler for 'JPEG file'
11:40:14 PM: Debug: Adding duplicate image handler for 'TIFF file'
11:40:14 PM: Debug: Adding duplicate image handler for 'GIF file'
11:40:14 PM: Debug: Adding duplicate image handler for 'PNM file'
11:40:14 PM: Debug: Adding duplicate image handler for 'PCX file'
11:40:14 PM: Debug: Adding duplicate image handler for 'IFF file'
11:40:14 PM: Debug: Adding duplicate image handler for 'Windows icon file'
11:40:14 PM: Debug: Adding duplicate image handler for 'Windows cursor file'
11:40:14 PM: Debug: Adding duplicate image handler for 'Windows animated cursor file'
11:40:14 PM: Debug: Adding duplicate image handler for 'TGA file'
11:40:14 PM: Debug: Adding duplicate image handler for 'XPM file'
kicad_ops done /Users/deepakdiwan/Downloads/VitalQ_Route_v9/candidates/R2-65/stage1/vitalq_v2.kicad_pcb
Fontconfig error: Cannot load default config file: No such file: (null)
Found 293 violations
Found 8 unconnected items
Found 29 schematic parity issues
Saved DRC Report to /Users/deepakdiwan/Downloads/VitalQ_Route_v9/candidates/R2-65/stage1/drc.json
Saved board
{"unconnected": 8, "real": 207, "total": 293, "parity": 29, "types": {"items_not_allowed": 200, "hole_clearance": 4, "npth_inside_courtyard": 1, "track_dangling": 2, "silk_edge_clearance": 14, "lib_footprint_issues": 53, "lib_footprint_mismatch": 3, "text_height": 15, "text_thickness": 1}}
11:40:35 PM: Debug: Adding duplicate image handler for 'PNG file'
11:40:35 PM: Debug: Adding duplicate image handler for 'JPEG file'
11:40:35 PM: Debug: Adding duplicate image handler for 'TIFF file'
11:40:35 PM: Debug: Adding duplicate image handler for 'GIF file'
11:40:35 PM: Debug: Adding duplicate image handler for 'PNM file'
11:40:35 PM: Debug: Adding duplicate image handler for 'PCX file'
11:40:35 PM: Debug: Adding duplicate image handler for 'IFF file'
11:40:35 PM: Debug: Adding duplicate image handler for 'Windows icon file'
11:40:35 PM: Debug: Adding duplicate image handler for 'Windows cursor file'
11:40:35 PM: Debug: Adding duplicate image handler for 'Windows animated cursor file'
11:40:35 PM: Debug: Adding duplicate image handler for 'TGA file'
11:40:35 PM: Debug: Adding duplicate image handler for 'XPM file'
{'pads': 1020, 'tracks': 7839, 'vias': 825, 'zones': 6, 'keepouts': 81, 'outline': 1}
ripped 13 ['EDA_RE_PAD', 'TX4', 'TX_5V']
B3 site []
FAILED PD2_INM R2-65 R2-65 PD2_INM: U6.B3 POFV + U16.10 pocket rip, In5 preferred, margin 8 mm no path (expanded 349750 cells)
OPEN PD2_INM FAILED
ROUTED TX4 U16 1 tracks 0 vias
ROUTED TX_5V U16 2 tracks 0 vias
ROUTED TX_5V U16#2 1 tracks 0 vias
ROUTED EDA_RE_PAD J6 3 tracks 0 vias
11:41:04 PM: Debug: Adding duplicate image handler for 'PNG file'
11:41:04 PM: Debug: Adding duplicate image handler for 'JPEG file'
11:41:04 PM: Debug: Adding duplicate image handler for 'TIFF file'
11:41:04 PM: Debug: Adding duplicate image handler for 'GIF file'
11:41:04 PM: Debug: Adding duplicate image handler for 'PNM file'
11:41:04 PM: Debug: Adding duplicate image handler for 'PCX file'
11:41:04 PM: Debug: Adding duplicate image handler for 'IFF file'
11:41:04 PM: Debug: Adding duplicate image handler for 'Windows icon file'
11:41:04 PM: Debug: Adding duplicate image handler for 'Windows cursor file'
11:41:04 PM: Debug: Adding duplicate image handler for 'Windows animated cursor file'
11:41:04 PM: Debug: Adding duplicate image handler for 'TGA file'
11:41:04 PM: Debug: Adding duplicate image handler for 'XPM file'
kicad_ops done /Users/deepakdiwan/Downloads/VitalQ_Route_v9/candidates/R2-65/vitalq_v2.kicad_pcb
swig/python detected a memory leak of type 'PCB_TRACK *', no destructor found.
swig/python detected a memory leak of type 'PCB_TRACK *', no destructor found.
swig/python detected a memory leak of type 'PCB_TRACK *', no destructor found.
Fontconfig error: Cannot load default config file: No such file: (null)
Found 294 violations
Found 8 unconnected items
Found 29 schematic parity issues
Saved DRC Report to /Users/deepakdiwan/Downloads/VitalQ_Route_v9/candidates/R2-65/drc.json
Saved board
{"unconnected": 8, "real": 208, "total": 294, "parity": 29, "types": {"items_not_allowed": 200, "hole_clearance": 4, "npth_inside_courtyard": 1, "track_dangling": 2, "via_dangling": 1, "silk_edge_clearance": 14, "lib_footprint_issues": 53, "lib_footprint_mismatch": 3, "text_height": 15, "text_thickness": 1}}
dangling repair round 1: 1 new items
11:41:23 PM: Debug: Adding duplicate image handler for 'PNG file'
11:41:23 PM: Debug: Adding duplicate image handler for 'JPEG file'
11:41:23 PM: Debug: Adding duplicate image handler for 'TIFF file'
11:41:23 PM: Debug: Adding duplicate image handler for 'GIF file'
11:41:23 PM: Debug: Adding duplicate image handler for 'PNM file'
11:41:23 PM: Debug: Adding duplicate image handler for 'PCX file'
11:41:23 PM: Debug: Adding duplicate image handler for 'IFF file'
11:41:23 PM: Debug: Adding duplicate image handler for 'Windows icon file'
11:41:23 PM: Debug: Adding duplicate image handler for 'Windows cursor file'
11:41:23 PM: Debug: Adding duplicate image handler for 'Windows animated cursor file'
11:41:23 PM: Debug: Adding duplicate image handler for 'TGA file'
11:41:23 PM: Debug: Adding duplicate image handler for 'XPM file'
{'pads': 1020, 'tracks': 7833, 'vias': 826, 'zones': 6, 'keepouts': 81, 'outline': 1}
11:41:33 PM: Debug: Adding duplicate image handler for 'PNG file'
11:41:33 PM: Debug: Adding duplicate image handler for 'JPEG file'
11:41:33 PM: Debug: Adding duplicate image handler for 'TIFF file'
11:41:33 PM: Debug: Adding duplicate image handler for 'GIF file'
11:41:33 PM: Debug: Adding duplicate image handler for 'PNM file'
11:41:33 PM: Debug: Adding duplicate image handler for 'PCX file'
11:41:33 PM: Debug: Adding duplicate image handler for 'IFF file'
11:41:33 PM: Debug: Adding duplicate image handler for 'Windows icon file'
11:41:33 PM: Debug: Adding duplicate image handler for 'Windows cursor file'
11:41:33 PM: Debug: Adding duplicate image handler for 'Windows animated cursor file'
11:41:33 PM: Debug: Adding duplicate image handler for 'TGA file'
11:41:33 PM: Debug: Adding duplicate image handler for 'XPM file'
kicad_ops done /Users/deepakdiwan/Downloads/VitalQ_Route_v9/candidates/R2-65/vitalq_v2.kicad_pcb
Fontconfig error: Cannot load default config file: No such file: (null)
Found 293 violations
Found 8 unconnected items
Found 29 schematic parity issues
Saved DRC Report to /Users/deepakdiwan/Downloads/VitalQ_Route_v9/candidates/R2-65/drc.json
Saved board
{"unconnected": 8, "real": 207, "total": 293, "parity": 29, "types": {"items_not_allowed": 200, "hole_clearance": 4, "npth_inside_courtyard": 1, "track_dangling": 2, "silk_edge_clearance": 14, "lib_footprint_issues": 53, "lib_footprint_mismatch": 3, "text_height": 15, "text_thickness": 1}}
11:41:50 PM: Debug: Adding duplicate image handler for 'PNG file'
11:41:50 PM: Debug: Adding duplicate image handler for 'JPEG file'
11:41:50 PM: Debug: Adding duplicate image handler for 'TIFF file'
11:41:50 PM: Debug: Adding duplicate image handler for 'GIF file'
11:41:50 PM: Debug: Adding duplicate image handler for 'PNM file'
11:41:50 PM: Debug: Adding duplicate image handler for 'PCX file'
11:41:50 PM: Debug: Adding duplicate image handler for 'IFF file'
11:41:50 PM: Debug: Adding duplicate image handler for 'Windows icon file'
11:41:50 PM: Debug: Adding duplicate image handler for 'Windows cursor file'
11:41:50 PM: Debug: Adding duplicate image handler for 'Windows animated cursor file'
11:41:50 PM: Debug: Adding duplicate image handler for 'TGA file'
11:41:50 PM: Debug: Adding duplicate image handler for 'XPM file'
{'pads': 1020, 'tracks': 7833, 'vias': 825, 'zones': 6, 'keepouts': 81, 'outline': 1}
{
  "invariants": {
    "footprints_identical": true,
    "moved_footprints_same_side_same_lock": true,
    "pad_geometry_and_nets_identical": true,
    "rule_areas_identical_except_J8_notches": true,
    "outline_identical": true,
    "zone_definitions_identical": true,
    "copper_layer_count_ok": true,
    "through_vias_only": true
  },
  "preserved_pad_groups_checked": 190,
  "pad_connectivity_regressions": 0,
  "keepout_layer_intersections": 397,
  "new_keepout_hits": 0,
  "via_hole_copper_gaps": 1,
  "new_via_hole_copper_gaps": 0,
  "hole_pairs": 0,
  "new_hole_pairs": 0,
  "via_in_pad": 42,
  "pass": true
}
R2-65: ACCEPTED (streak 3); new native faults 0; audit pass
unconnected 8 -> 8 (candidate 8); real 207 -> 207 (candidate 207)
next: remaining opens
