/Users/deepakdiwan/Downloads/VitalQ_Route_v9/backups/20261009_232604_R2-61_R90_MISO_AFE
11:26:06 PM: Debug: Adding duplicate image handler for 'PNG file'
11:26:06 PM: Debug: Adding duplicate image handler for 'JPEG file'
11:26:06 PM: Debug: Adding duplicate image handler for 'TIFF file'
11:26:06 PM: Debug: Adding duplicate image handler for 'GIF file'
11:26:06 PM: Debug: Adding duplicate image handler for 'PNM file'
11:26:06 PM: Debug: Adding duplicate image handler for 'PCX file'
11:26:06 PM: Debug: Adding duplicate image handler for 'IFF file'
11:26:06 PM: Debug: Adding duplicate image handler for 'Windows icon file'
11:26:06 PM: Debug: Adding duplicate image handler for 'Windows cursor file'
11:26:06 PM: Debug: Adding duplicate image handler for 'Windows animated cursor file'
11:26:06 PM: Debug: Adding duplicate image handler for 'TGA file'
11:26:06 PM: Debug: Adding duplicate image handler for 'XPM file'
kicad_ops done /Users/deepakdiwan/Downloads/VitalQ_Route_v9/candidates/R2-61/stage1/vitalq_v2.kicad_pcb
Fontconfig error: Cannot load default config file: No such file: (null)
Found 293 violations
Found 8 unconnected items
Found 29 schematic parity issues
Saved DRC Report to /Users/deepakdiwan/Downloads/VitalQ_Route_v9/candidates/R2-61/stage1/drc.json
Saved board
{"unconnected": 8, "real": 207, "total": 293, "parity": 29, "types": {"items_not_allowed": 200, "hole_clearance": 4, "npth_inside_courtyard": 1, "track_dangling": 2, "silk_edge_clearance": 14, "lib_footprint_issues": 53, "lib_footprint_mismatch": 3, "text_height": 15, "text_thickness": 1}}
11:26:25 PM: Debug: Adding duplicate image handler for 'PNG file'
11:26:25 PM: Debug: Adding duplicate image handler for 'JPEG file'
11:26:25 PM: Debug: Adding duplicate image handler for 'TIFF file'
11:26:25 PM: Debug: Adding duplicate image handler for 'GIF file'
11:26:25 PM: Debug: Adding duplicate image handler for 'PNM file'
11:26:25 PM: Debug: Adding duplicate image handler for 'PCX file'
11:26:25 PM: Debug: Adding duplicate image handler for 'IFF file'
11:26:25 PM: Debug: Adding duplicate image handler for 'Windows icon file'
11:26:25 PM: Debug: Adding duplicate image handler for 'Windows cursor file'
11:26:25 PM: Debug: Adding duplicate image handler for 'Windows animated cursor file'
11:26:25 PM: Debug: Adding duplicate image handler for 'TGA file'
11:26:25 PM: Debug: Adding duplicate image handler for 'XPM file'
{'pads': 1020, 'tracks': 7839, 'vias': 825, 'zones': 6, 'keepouts': 81, 'outline': 1}
ripped [] site left []
E2 site []
FAILED MISO_AFE R2-61 R2-61 R90.1 POFV after local In2 rip; MISO_AFE on In3, margin 10 mm no path (expanded 413 cells)
OPEN MISO_AFE FAILED
ROUTED SPI_MOSI U6 6 tracks 1 vias
11:26:42 PM: Debug: Adding duplicate image handler for 'PNG file'
11:26:42 PM: Debug: Adding duplicate image handler for 'JPEG file'
11:26:42 PM: Debug: Adding duplicate image handler for 'TIFF file'
11:26:42 PM: Debug: Adding duplicate image handler for 'GIF file'
11:26:42 PM: Debug: Adding duplicate image handler for 'PNM file'
11:26:42 PM: Debug: Adding duplicate image handler for 'PCX file'
11:26:42 PM: Debug: Adding duplicate image handler for 'IFF file'
11:26:42 PM: Debug: Adding duplicate image handler for 'Windows icon file'
11:26:42 PM: Debug: Adding duplicate image handler for 'Windows cursor file'
11:26:42 PM: Debug: Adding duplicate image handler for 'Windows animated cursor file'
11:26:42 PM: Debug: Adding duplicate image handler for 'TGA file'
11:26:42 PM: Debug: Adding duplicate image handler for 'XPM file'
kicad_ops done /Users/deepakdiwan/Downloads/VitalQ_Route_v9/candidates/R2-61/vitalq_v2.kicad_pcb
Fontconfig error: Cannot load default config file: No such file: (null)
Found 298 violations
Found 8 unconnected items
Found 29 schematic parity issues
Saved DRC Report to /Users/deepakdiwan/Downloads/VitalQ_Route_v9/candidates/R2-61/drc.json
Saved board
{"unconnected": 8, "real": 212, "total": 298, "parity": 29, "types": {"items_not_allowed": 200, "hole_clearance": 6, "clearance": 1, "npth_inside_courtyard": 1, "track_dangling": 3, "via_dangling": 1, "silk_edge_clearance": 14, "lib_footprint_issues": 53, "lib_footprint_mismatch": 3, "text_height": 15, "text_thickness": 1}}
dangling repair round 1: 2 new items
11:27:00 PM: Debug: Adding duplicate image handler for 'PNG file'
11:27:00 PM: Debug: Adding duplicate image handler for 'JPEG file'
11:27:00 PM: Debug: Adding duplicate image handler for 'TIFF file'
11:27:00 PM: Debug: Adding duplicate image handler for 'GIF file'
11:27:00 PM: Debug: Adding duplicate image handler for 'PNM file'
11:27:00 PM: Debug: Adding duplicate image handler for 'PCX file'
11:27:00 PM: Debug: Adding duplicate image handler for 'IFF file'
11:27:00 PM: Debug: Adding duplicate image handler for 'Windows icon file'
11:27:00 PM: Debug: Adding duplicate image handler for 'Windows cursor file'
11:27:00 PM: Debug: Adding duplicate image handler for 'Windows animated cursor file'
11:27:00 PM: Debug: Adding duplicate image handler for 'TGA file'
11:27:00 PM: Debug: Adding duplicate image handler for 'XPM file'
{'pads': 1020, 'tracks': 7844, 'vias': 828, 'zones': 6, 'keepouts': 81, 'outline': 1}
11:27:11 PM: Debug: Adding duplicate image handler for 'PNG file'
11:27:11 PM: Debug: Adding duplicate image handler for 'JPEG file'
11:27:11 PM: Debug: Adding duplicate image handler for 'TIFF file'
11:27:11 PM: Debug: Adding duplicate image handler for 'GIF file'
11:27:11 PM: Debug: Adding duplicate image handler for 'PNM file'
11:27:11 PM: Debug: Adding duplicate image handler for 'PCX file'
11:27:11 PM: Debug: Adding duplicate image handler for 'IFF file'
11:27:11 PM: Debug: Adding duplicate image handler for 'Windows icon file'
11:27:11 PM: Debug: Adding duplicate image handler for 'Windows cursor file'
11:27:11 PM: Debug: Adding duplicate image handler for 'Windows animated cursor file'
11:27:11 PM: Debug: Adding duplicate image handler for 'TGA file'
11:27:11 PM: Debug: Adding duplicate image handler for 'XPM file'
kicad_ops done /Users/deepakdiwan/Downloads/VitalQ_Route_v9/candidates/R2-61/vitalq_v2.kicad_pcb
swig/python detected a memory leak of type 'PCB_TRACK *', no destructor found.
Fontconfig error: Cannot load default config file: No such file: (null)
Found 298 violations
Found 8 unconnected items
Found 29 schematic parity issues
Saved DRC Report to /Users/deepakdiwan/Downloads/VitalQ_Route_v9/candidates/R2-61/drc.json
Saved board
{"unconnected": 8, "real": 212, "total": 298, "parity": 29, "types": {"items_not_allowed": 200, "hole_clearance": 6, "clearance": 1, "npth_inside_courtyard": 1, "track_dangling": 2, "via_dangling": 2, "silk_edge_clearance": 14, "lib_footprint_issues": 53, "lib_footprint_mismatch": 3, "text_height": 15, "text_thickness": 1}}
dangling repair round 2: 2 new items
11:27:38 PM: Debug: Adding duplicate image handler for 'PNG file'
11:27:38 PM: Debug: Adding duplicate image handler for 'JPEG file'
11:27:38 PM: Debug: Adding duplicate image handler for 'TIFF file'
11:27:38 PM: Debug: Adding duplicate image handler for 'GIF file'
11:27:38 PM: Debug: Adding duplicate image handler for 'PNM file'
11:27:38 PM: Debug: Adding duplicate image handler for 'PCX file'
11:27:38 PM: Debug: Adding duplicate image handler for 'IFF file'
11:27:38 PM: Debug: Adding duplicate image handler for 'Windows icon file'
11:27:38 PM: Debug: Adding duplicate image handler for 'Windows cursor file'
11:27:38 PM: Debug: Adding duplicate image handler for 'Windows animated cursor file'
11:27:38 PM: Debug: Adding duplicate image handler for 'TGA file'
11:27:38 PM: Debug: Adding duplicate image handler for 'XPM file'
{'pads': 1020, 'tracks': 7842, 'vias': 828, 'zones': 6, 'keepouts': 81, 'outline': 1}
11:27:50 PM: Debug: Adding duplicate image handler for 'PNG file'
11:27:50 PM: Debug: Adding duplicate image handler for 'JPEG file'
11:27:50 PM: Debug: Adding duplicate image handler for 'TIFF file'
11:27:50 PM: Debug: Adding duplicate image handler for 'GIF file'
11:27:50 PM: Debug: Adding duplicate image handler for 'PNM file'
11:27:50 PM: Debug: Adding duplicate image handler for 'PCX file'
11:27:50 PM: Debug: Adding duplicate image handler for 'IFF file'
11:27:50 PM: Debug: Adding duplicate image handler for 'Windows icon file'
11:27:50 PM: Debug: Adding duplicate image handler for 'Windows cursor file'
11:27:50 PM: Debug: Adding duplicate image handler for 'Windows animated cursor file'
11:27:50 PM: Debug: Adding duplicate image handler for 'TGA file'
11:27:50 PM: Debug: Adding duplicate image handler for 'XPM file'
kicad_ops done /Users/deepakdiwan/Downloads/VitalQ_Route_v9/candidates/R2-61/vitalq_v2.kicad_pcb
swig/python detected a memory leak of type 'PCB_TRACK *', no destructor found.
swig/python detected a memory leak of type 'PCB_TRACK *', no destructor found.
swig/python detected a memory leak of type 'PCB_VIA *', no destructor found.
Fontconfig error: Cannot load default config file: No such file: (null)
Found 297 violations
Found 8 unconnected items
Found 29 schematic parity issues
Saved DRC Report to /Users/deepakdiwan/Downloads/VitalQ_Route_v9/candidates/R2-61/drc.json
Saved board
{"unconnected": 8, "real": 211, "total": 297, "parity": 29, "types": {"items_not_allowed": 200, "hole_clearance": 6, "clearance": 1, "npth_inside_courtyard": 1, "track_dangling": 2, "via_dangling": 1, "silk_edge_clearance": 14, "lib_footprint_issues": 53, "lib_footprint_mismatch": 3, "text_height": 15, "text_thickness": 1}}
dangling repair round 3: 1 new items
11:28:12 PM: Debug: Adding duplicate image handler for 'PNG file'
11:28:12 PM: Debug: Adding duplicate image handler for 'JPEG file'
11:28:12 PM: Debug: Adding duplicate image handler for 'TIFF file'
11:28:12 PM: Debug: Adding duplicate image handler for 'GIF file'
11:28:12 PM: Debug: Adding duplicate image handler for 'PNM file'
11:28:12 PM: Debug: Adding duplicate image handler for 'PCX file'
11:28:12 PM: Debug: Adding duplicate image handler for 'IFF file'
11:28:12 PM: Debug: Adding duplicate image handler for 'Windows icon file'
11:28:12 PM: Debug: Adding duplicate image handler for 'Windows cursor file'
11:28:12 PM: Debug: Adding duplicate image handler for 'Windows animated cursor file'
11:28:12 PM: Debug: Adding duplicate image handler for 'TGA file'
11:28:12 PM: Debug: Adding duplicate image handler for 'XPM file'
{'pads': 1020, 'tracks': 7840, 'vias': 826, 'zones': 6, 'keepouts': 81, 'outline': 1}
11:28:24 PM: Debug: Adding duplicate image handler for 'PNG file'
11:28:24 PM: Debug: Adding duplicate image handler for 'JPEG file'
11:28:24 PM: Debug: Adding duplicate image handler for 'TIFF file'
11:28:24 PM: Debug: Adding duplicate image handler for 'GIF file'
11:28:24 PM: Debug: Adding duplicate image handler for 'PNM file'
11:28:24 PM: Debug: Adding duplicate image handler for 'PCX file'
11:28:24 PM: Debug: Adding duplicate image handler for 'IFF file'
11:28:24 PM: Debug: Adding duplicate image handler for 'Windows icon file'
11:28:24 PM: Debug: Adding duplicate image handler for 'Windows cursor file'
11:28:24 PM: Debug: Adding duplicate image handler for 'Windows animated cursor file'
11:28:24 PM: Debug: Adding duplicate image handler for 'TGA file'
11:28:24 PM: Debug: Adding duplicate image handler for 'XPM file'
kicad_ops done /Users/deepakdiwan/Downloads/VitalQ_Route_v9/candidates/R2-61/vitalq_v2.kicad_pcb
Fontconfig error: Cannot load default config file: No such file: (null)
Found 296 violations
Found 8 unconnected items
Found 29 schematic parity issues
Saved DRC Report to /Users/deepakdiwan/Downloads/VitalQ_Route_v9/candidates/R2-61/drc.json
Saved board
{"unconnected": 8, "real": 210, "total": 296, "parity": 29, "types": {"items_not_allowed": 200, "hole_clearance": 6, "clearance": 1, "npth_inside_courtyard": 1, "track_dangling": 2, "silk_edge_clearance": 14, "lib_footprint_issues": 53, "lib_footprint_mismatch": 3, "text_height": 15, "text_thickness": 1}}
11:28:45 PM: Debug: Adding duplicate image handler for 'PNG file'
11:28:45 PM: Debug: Adding duplicate image handler for 'JPEG file'
11:28:45 PM: Debug: Adding duplicate image handler for 'TIFF file'
11:28:45 PM: Debug: Adding duplicate image handler for 'GIF file'
11:28:45 PM: Debug: Adding duplicate image handler for 'PNM file'
11:28:45 PM: Debug: Adding duplicate image handler for 'PCX file'
11:28:45 PM: Debug: Adding duplicate image handler for 'IFF file'
11:28:45 PM: Debug: Adding duplicate image handler for 'Windows icon file'
11:28:45 PM: Debug: Adding duplicate image handler for 'Windows cursor file'
11:28:45 PM: Debug: Adding duplicate image handler for 'Windows animated cursor file'
11:28:45 PM: Debug: Adding duplicate image handler for 'TGA file'
11:28:45 PM: Debug: Adding duplicate image handler for 'XPM file'
{'pads': 1020, 'tracks': 7840, 'vias': 825, 'zones': 6, 'keepouts': 81, 'outline': 1}
{
  "invariants": {
    "footprints_identical": true,
    "moved_footprints_same_side_same_lock": true,
    "pad_geometry_and_nets_identical": true,
    "rule_areas_identical_except_J8_notches": true,
    "outline_identical": true,
    "zone_definitions_identical": true,
    "copper_layer_count_ok": true,
    "through_vias_only": true
  },
  "preserved_pad_groups_checked": 190,
  "pad_connectivity_regressions": 0,
  "keepout_layer_intersections": 397,
  "new_keepout_hits": 0,
  "via_hole_copper_gaps": 2,
  "new_via_hole_copper_gaps": 1,
  "hole_pairs": 0,
  "new_hole_pairs": 0,
  "via_in_pad": 42,
  "pass": false
}
R2-61: REJECTED (streak 2); new native faults 2; audit FAIL
unconnected 8 -> 8 (candidate 8); real 207 -> 207 (candidate 210)
next: PD2_INM / U11 / U19-C59
