/Users/deepakdiwan/Downloads/VitalQ_Route_v9/backups/20261009_232954_R2-62_R90_MISO_AFE
11:29:55 PM: Debug: Adding duplicate image handler for 'PNG file'
11:29:55 PM: Debug: Adding duplicate image handler for 'JPEG file'
11:29:55 PM: Debug: Adding duplicate image handler for 'TIFF file'
11:29:55 PM: Debug: Adding duplicate image handler for 'GIF file'
11:29:55 PM: Debug: Adding duplicate image handler for 'PNM file'
11:29:55 PM: Debug: Adding duplicate image handler for 'PCX file'
11:29:55 PM: Debug: Adding duplicate image handler for 'IFF file'
11:29:55 PM: Debug: Adding duplicate image handler for 'Windows icon file'
11:29:55 PM: Debug: Adding duplicate image handler for 'Windows cursor file'
11:29:55 PM: Debug: Adding duplicate image handler for 'Windows animated cursor file'
11:29:55 PM: Debug: Adding duplicate image handler for 'TGA file'
11:29:55 PM: Debug: Adding duplicate image handler for 'XPM file'
kicad_ops done /Users/deepakdiwan/Downloads/VitalQ_Route_v9/candidates/R2-62/stage1/vitalq_v2.kicad_pcb
Fontconfig error: Cannot load default config file: No such file: (null)
Found 293 violations
Found 8 unconnected items
Found 29 schematic parity issues
Saved DRC Report to /Users/deepakdiwan/Downloads/VitalQ_Route_v9/candidates/R2-62/stage1/drc.json
Saved board
{"unconnected": 8, "real": 207, "total": 293, "parity": 29, "types": {"items_not_allowed": 200, "hole_clearance": 4, "npth_inside_courtyard": 1, "track_dangling": 2, "silk_edge_clearance": 14, "lib_footprint_issues": 53, "lib_footprint_mismatch": 3, "text_height": 15, "text_thickness": 1}}
11:30:14 PM: Debug: Adding duplicate image handler for 'PNG file'
11:30:14 PM: Debug: Adding duplicate image handler for 'JPEG file'
11:30:14 PM: Debug: Adding duplicate image handler for 'TIFF file'
11:30:14 PM: Debug: Adding duplicate image handler for 'GIF file'
11:30:14 PM: Debug: Adding duplicate image handler for 'PNM file'
11:30:14 PM: Debug: Adding duplicate image handler for 'PCX file'
11:30:14 PM: Debug: Adding duplicate image handler for 'IFF file'
11:30:14 PM: Debug: Adding duplicate image handler for 'Windows icon file'
11:30:14 PM: Debug: Adding duplicate image handler for 'Windows cursor file'
11:30:14 PM: Debug: Adding duplicate image handler for 'Windows animated cursor file'
11:30:14 PM: Debug: Adding duplicate image handler for 'TGA file'
11:30:14 PM: Debug: Adding duplicate image handler for 'XPM file'
{'pads': 1020, 'tracks': 7839, 'vias': 825, 'zones': 6, 'keepouts': 81, 'outline': 1}
ripped [] site left []
E2 site []
FAILED MISO_AFE R2-62 R2-62 R90.1 POFV after local In2 rip; MISO_AFE on In3 (+In4 local), margin 25 mm no path (expanded 413 cells)
OPEN MISO_AFE FAILED
ROUTED SPI_MOSI U6 6 tracks 1 vias
11:30:47 PM: Debug: Adding duplicate image handler for 'PNG file'
11:30:47 PM: Debug: Adding duplicate image handler for 'JPEG file'
11:30:47 PM: Debug: Adding duplicate image handler for 'TIFF file'
11:30:47 PM: Debug: Adding duplicate image handler for 'GIF file'
11:30:47 PM: Debug: Adding duplicate image handler for 'PNM file'
11:30:47 PM: Debug: Adding duplicate image handler for 'PCX file'
11:30:47 PM: Debug: Adding duplicate image handler for 'IFF file'
11:30:47 PM: Debug: Adding duplicate image handler for 'Windows icon file'
11:30:47 PM: Debug: Adding duplicate image handler for 'Windows cursor file'
11:30:47 PM: Debug: Adding duplicate image handler for 'Windows animated cursor file'
11:30:47 PM: Debug: Adding duplicate image handler for 'TGA file'
11:30:47 PM: Debug: Adding duplicate image handler for 'XPM file'
kicad_ops done /Users/deepakdiwan/Downloads/VitalQ_Route_v9/candidates/R2-62/vitalq_v2.kicad_pcb
Fontconfig error: Cannot load default config file: No such file: (null)
Found 298 violations
Found 8 unconnected items
Found 29 schematic parity issues
Saved DRC Report to /Users/deepakdiwan/Downloads/VitalQ_Route_v9/candidates/R2-62/drc.json
Saved board
{"unconnected": 8, "real": 212, "total": 298, "parity": 29, "types": {"items_not_allowed": 200, "hole_clearance": 6, "clearance": 1, "npth_inside_courtyard": 1, "track_dangling": 3, "via_dangling": 1, "silk_edge_clearance": 14, "lib_footprint_issues": 53, "lib_footprint_mismatch": 3, "text_height": 15, "text_thickness": 1}}
dangling repair round 1: 2 new items
11:31:07 PM: Debug: Adding duplicate image handler for 'PNG file'
11:31:07 PM: Debug: Adding duplicate image handler for 'JPEG file'
11:31:07 PM: Debug: Adding duplicate image handler for 'TIFF file'
11:31:07 PM: Debug: Adding duplicate image handler for 'GIF file'
11:31:07 PM: Debug: Adding duplicate image handler for 'PNM file'
11:31:07 PM: Debug: Adding duplicate image handler for 'PCX file'
11:31:07 PM: Debug: Adding duplicate image handler for 'IFF file'
11:31:07 PM: Debug: Adding duplicate image handler for 'Windows icon file'
11:31:07 PM: Debug: Adding duplicate image handler for 'Windows cursor file'
11:31:07 PM: Debug: Adding duplicate image handler for 'Windows animated cursor file'
11:31:07 PM: Debug: Adding duplicate image handler for 'TGA file'
11:31:07 PM: Debug: Adding duplicate image handler for 'XPM file'
{'pads': 1020, 'tracks': 7844, 'vias': 828, 'zones': 6, 'keepouts': 81, 'outline': 1}
11:31:19 PM: Debug: Adding duplicate image handler for 'PNG file'
11:31:19 PM: Debug: Adding duplicate image handler for 'JPEG file'
11:31:19 PM: Debug: Adding duplicate image handler for 'TIFF file'
11:31:19 PM: Debug: Adding duplicate image handler for 'GIF file'
11:31:19 PM: Debug: Adding duplicate image handler for 'PNM file'
11:31:19 PM: Debug: Adding duplicate image handler for 'PCX file'
11:31:19 PM: Debug: Adding duplicate image handler for 'IFF file'
11:31:19 PM: Debug: Adding duplicate image handler for 'Windows icon file'
11:31:19 PM: Debug: Adding duplicate image handler for 'Windows cursor file'
11:31:19 PM: Debug: Adding duplicate image handler for 'Windows animated cursor file'
11:31:19 PM: Debug: Adding duplicate image handler for 'TGA file'
11:31:19 PM: Debug: Adding duplicate image handler for 'XPM file'
kicad_ops done /Users/deepakdiwan/Downloads/VitalQ_Route_v9/candidates/R2-62/vitalq_v2.kicad_pcb
swig/python detected a memory leak of type 'PCB_TRACK *', no destructor found.
Fontconfig error: Cannot load default config file: No such file: (null)
Found 298 violations
Found 8 unconnected items
Found 29 schematic parity issues
Saved DRC Report to /Users/deepakdiwan/Downloads/VitalQ_Route_v9/candidates/R2-62/drc.json
Saved board
{"unconnected": 8, "real": 212, "total": 298, "parity": 29, "types": {"items_not_allowed": 200, "hole_clearance": 6, "clearance": 1, "npth_inside_courtyard": 1, "track_dangling": 2, "via_dangling": 2, "silk_edge_clearance": 14, "lib_footprint_issues": 53, "lib_footprint_mismatch": 3, "text_height": 15, "text_thickness": 1}}
dangling repair round 2: 2 new items
11:31:39 PM: Debug: Adding duplicate image handler for 'PNG file'
11:31:39 PM: Debug: Adding duplicate image handler for 'JPEG file'
11:31:39 PM: Debug: Adding duplicate image handler for 'TIFF file'
11:31:39 PM: Debug: Adding duplicate image handler for 'GIF file'
11:31:39 PM: Debug: Adding duplicate image handler for 'PNM file'
11:31:39 PM: Debug: Adding duplicate image handler for 'PCX file'
11:31:39 PM: Debug: Adding duplicate image handler for 'IFF file'
11:31:39 PM: Debug: Adding duplicate image handler for 'Windows icon file'
11:31:39 PM: Debug: Adding duplicate image handler for 'Windows cursor file'
11:31:39 PM: Debug: Adding duplicate image handler for 'Windows animated cursor file'
11:31:39 PM: Debug: Adding duplicate image handler for 'TGA file'
11:31:39 PM: Debug: Adding duplicate image handler for 'XPM file'
{'pads': 1020, 'tracks': 7842, 'vias': 828, 'zones': 6, 'keepouts': 81, 'outline': 1}
11:31:49 PM: Debug: Adding duplicate image handler for 'PNG file'
11:31:49 PM: Debug: Adding duplicate image handler for 'JPEG file'
11:31:49 PM: Debug: Adding duplicate image handler for 'TIFF file'
11:31:49 PM: Debug: Adding duplicate image handler for 'GIF file'
11:31:49 PM: Debug: Adding duplicate image handler for 'PNM file'
11:31:49 PM: Debug: Adding duplicate image handler for 'PCX file'
11:31:49 PM: Debug: Adding duplicate image handler for 'IFF file'
11:31:49 PM: Debug: Adding duplicate image handler for 'Windows icon file'
11:31:49 PM: Debug: Adding duplicate image handler for 'Windows cursor file'
11:31:49 PM: Debug: Adding duplicate image handler for 'Windows animated cursor file'
11:31:49 PM: Debug: Adding duplicate image handler for 'TGA file'
11:31:49 PM: Debug: Adding duplicate image handler for 'XPM file'
kicad_ops done /Users/deepakdiwan/Downloads/VitalQ_Route_v9/candidates/R2-62/vitalq_v2.kicad_pcb
swig/python detected a memory leak of type 'PCB_TRACK *', no destructor found.
swig/python detected a memory leak of type 'PCB_TRACK *', no destructor found.
swig/python detected a memory leak of type 'PCB_VIA *', no destructor found.
Fontconfig error: Cannot load default config file: No such file: (null)
Found 297 violations
Found 8 unconnected items
Found 29 schematic parity issues
Saved DRC Report to /Users/deepakdiwan/Downloads/VitalQ_Route_v9/candidates/R2-62/drc.json
Failed to save board.
