/Users/deepakdiwan/Downloads/VitalQ_Route_v9/backups/20261009_233207_R2-63_U18_drag_PD_A
11:32:09 PM: Debug: Adding duplicate image handler for 'PNG file'
11:32:09 PM: Debug: Adding duplicate image handler for 'JPEG file'
11:32:09 PM: Debug: Adding duplicate image handler for 'TIFF file'
11:32:09 PM: Debug: Adding duplicate image handler for 'GIF file'
11:32:09 PM: Debug: Adding duplicate image handler for 'PNM file'
11:32:09 PM: Debug: Adding duplicate image handler for 'PCX file'
11:32:09 PM: Debug: Adding duplicate image handler for 'IFF file'
11:32:09 PM: Debug: Adding duplicate image handler for 'Windows icon file'
11:32:09 PM: Debug: Adding duplicate image handler for 'Windows cursor file'
11:32:09 PM: Debug: Adding duplicate image handler for 'Windows animated cursor file'
11:32:09 PM: Debug: Adding duplicate image handler for 'TGA file'
11:32:09 PM: Debug: Adding duplicate image handler for 'XPM file'
kicad_ops done /Users/deepakdiwan/Downloads/VitalQ_Route_v9/candidates/R2-63/stage1/vitalq_v2.kicad_pcb
Fontconfig error: Cannot load default config file: No such file: (null)
Found 322 violations
Found 8 unconnected items
Found 29 schematic parity issues
Saved DRC Report to /Users/deepakdiwan/Downloads/VitalQ_Route_v9/candidates/R2-63/stage1/drc.json
Saved board
{"unconnected": 8, "real": 236, "total": 322, "parity": 29, "types": {"items_not_allowed": 200, "clearance": 3, "hole_clearance": 17, "shorting_items": 6, "courtyards_overlap": 2, "npth_inside_courtyard": 1, "solder_mask_bridge": 5, "track_dangling": 2, "silk_edge_clearance": 14, "lib_footprint_issues": 53, "lib_footprint_mismatch": 3, "text_height": 15, "text_thickness": 1}}
11:32:27 PM: Debug: Adding duplicate image handler for 'PNG file'
11:32:27 PM: Debug: Adding duplicate image handler for 'JPEG file'
11:32:27 PM: Debug: Adding duplicate image handler for 'TIFF file'
11:32:27 PM: Debug: Adding duplicate image handler for 'GIF file'
11:32:27 PM: Debug: Adding duplicate image handler for 'PNM file'
11:32:27 PM: Debug: Adding duplicate image handler for 'PCX file'
11:32:27 PM: Debug: Adding duplicate image handler for 'IFF file'
11:32:27 PM: Debug: Adding duplicate image handler for 'Windows icon file'
11:32:27 PM: Debug: Adding duplicate image handler for 'Windows cursor file'
11:32:27 PM: Debug: Adding duplicate image handler for 'Windows animated cursor file'
11:32:27 PM: Debug: Adding duplicate image handler for 'TGA file'
11:32:27 PM: Debug: Adding duplicate image handler for 'XPM file'
{'pads': 1020, 'tracks': 7839, 'vias': 825, 'zones': 6, 'keepouts': 81, 'outline': 1}
ripped 9 ['', '+3V3', 'CS_FLASH', 'CS_MAX86178', 'GND', 'LED1_K', 'MISO_FL', 'PD_INP', 'PD_K', 'SPI_MOSI', 'SPI_SCK', 'SWEAT_CE']
C5 site hits []
ROUTED PD_A R2-63 12 tracks 5 vias
OPEN PD_A ok
ROUTED GND U22 1 tracks 1 vias
FAILED LED1_K U22 R2-63 U18 dx-0.30 drag + U22.C5 POFV on In3 (drag clash), margin 4 mm no path (expanded 375 cells)
FAILED LED1_K U22 R2-63 U18 dx-0.30 drag + U22.C5 POFV on In3 (drag clash), margin 10 mm no path (expanded 375 cells)
ROUTED SWEAT_CE R122/U7 2 tracks 1 vias
ROUTED PD_K U22 2 tracks 1 vias
FAILED CS_MAX86178 R117 R2-63 U18 dx-0.30 drag + U22.C5 POFV on In3 (drag clash), margin 4 mm no path (expanded 1813 cells)
FAILED CS_MAX86178 R117 R2-63 U18 dx-0.30 drag + U22.C5 POFV on In3 (drag clash), margin 10 mm no path (expanded 1813 cells)
ROUTED CS_FLASH U18 4 tracks 2 vias
FAILED PD_INP U6 R2-63 U18 dx-0.30 drag + U22.C5 POFV on In3 (drag clash), margin 4 mm no path (expanded 770 cells)
FAILED PD_INP U6 R2-63 U18 dx-0.30 drag + U22.C5 POFV on In3 (drag clash), margin 10 mm no path (expanded 770 cells)
11:33:57 PM: Debug: Adding duplicate image handler for 'PNG file'
11:33:57 PM: Debug: Adding duplicate image handler for 'JPEG file'
11:33:57 PM: Debug: Adding duplicate image handler for 'TIFF file'
11:33:57 PM: Debug: Adding duplicate image handler for 'GIF file'
11:33:57 PM: Debug: Adding duplicate image handler for 'PNM file'
11:33:57 PM: Debug: Adding duplicate image handler for 'PCX file'
11:33:57 PM: Debug: Adding duplicate image handler for 'IFF file'
11:33:57 PM: Debug: Adding duplicate image handler for 'Windows icon file'
11:33:57 PM: Debug: Adding duplicate image handler for 'Windows cursor file'
11:33:57 PM: Debug: Adding duplicate image handler for 'Windows animated cursor file'
11:33:57 PM: Debug: Adding duplicate image handler for 'TGA file'
11:33:57 PM: Debug: Adding duplicate image handler for 'XPM file'
kicad_ops done /Users/deepakdiwan/Downloads/VitalQ_Route_v9/candidates/R2-63/vitalq_v2.kicad_pcb
Fontconfig error: Cannot load default config file: No such file: (null)
Found 303 violations
Found 10 unconnected items
Found 29 schematic parity issues
Saved DRC Report to /Users/deepakdiwan/Downloads/VitalQ_Route_v9/candidates/R2-63/drc.json
Saved board
{"unconnected": 10, "real": 217, "total": 303, "parity": 29, "types": {"items_not_allowed": 200, "hole_clearance": 4, "courtyards_overlap": 2, "npth_inside_courtyard": 1, "track_dangling": 9, "via_dangling": 1, "silk_edge_clearance": 14, "lib_footprint_issues": 53, "lib_footprint_mismatch": 3, "text_height": 15, "text_thickness": 1}}
dangling repair round 1: 8 new items
11:34:17 PM: Debug: Adding duplicate image handler for 'PNG file'
11:34:17 PM: Debug: Adding duplicate image handler for 'JPEG file'
11:34:17 PM: Debug: Adding duplicate image handler for 'TIFF file'
11:34:17 PM: Debug: Adding duplicate image handler for 'GIF file'
11:34:17 PM: Debug: Adding duplicate image handler for 'PNM file'
11:34:17 PM: Debug: Adding duplicate image handler for 'PCX file'
11:34:17 PM: Debug: Adding duplicate image handler for 'IFF file'
11:34:17 PM: Debug: Adding duplicate image handler for 'Windows icon file'
11:34:17 PM: Debug: Adding duplicate image handler for 'Windows cursor file'
11:34:17 PM: Debug: Adding duplicate image handler for 'Windows animated cursor file'
11:34:17 PM: Debug: Adding duplicate image handler for 'TGA file'
11:34:17 PM: Debug: Adding duplicate image handler for 'XPM file'
{'pads': 1020, 'tracks': 7853, 'vias': 830, 'zones': 6, 'keepouts': 81, 'outline': 1}
11:34:30 PM: Debug: Adding duplicate image handler for 'PNG file'
11:34:30 PM: Debug: Adding duplicate image handler for 'JPEG file'
11:34:30 PM: Debug: Adding duplicate image handler for 'TIFF file'
11:34:30 PM: Debug: Adding duplicate image handler for 'GIF file'
11:34:30 PM: Debug: Adding duplicate image handler for 'PNM file'
11:34:30 PM: Debug: Adding duplicate image handler for 'PCX file'
11:34:30 PM: Debug: Adding duplicate image handler for 'IFF file'
11:34:30 PM: Debug: Adding duplicate image handler for 'Windows icon file'
11:34:30 PM: Debug: Adding duplicate image handler for 'Windows cursor file'
11:34:30 PM: Debug: Adding duplicate image handler for 'Windows animated cursor file'
11:34:30 PM: Debug: Adding duplicate image handler for 'TGA file'
11:34:30 PM: Debug: Adding duplicate image handler for 'XPM file'
kicad_ops done /Users/deepakdiwan/Downloads/VitalQ_Route_v9/candidates/R2-63/vitalq_v2.kicad_pcb
swig/python detected a memory leak of type 'PCB_TRACK *', no destructor found.
swig/python detected a memory leak of type 'PCB_TRACK *', no destructor found.
swig/python detected a memory leak of type 'PCB_TRACK *', no destructor found.
swig/python detected a memory leak of type 'PCB_TRACK *', no destructor found.
Fontconfig error: Cannot load default config file: No such file: (null)
Found 303 violations
Found 10 unconnected items
Found 29 schematic parity issues
Saved DRC Report to /Users/deepakdiwan/Downloads/VitalQ_Route_v9/candidates/R2-63/drc.json
Saved board
{"unconnected": 10, "real": 217, "total": 303, "parity": 29, "types": {"items_not_allowed": 200, "hole_clearance": 4, "courtyards_overlap": 2, "npth_inside_courtyard": 1, "track_dangling": 7, "via_dangling": 3, "silk_edge_clearance": 14, "lib_footprint_issues": 53, "lib_footprint_mismatch": 3, "text_height": 15, "text_thickness": 1}}
dangling repair round 2: 8 new items
11:34:52 PM: Debug: Adding duplicate image handler for 'PNG file'
11:34:52 PM: Debug: Adding duplicate image handler for 'JPEG file'
11:34:52 PM: Debug: Adding duplicate image handler for 'TIFF file'
11:34:52 PM: Debug: Adding duplicate image handler for 'GIF file'
11:34:52 PM: Debug: Adding duplicate image handler for 'PNM file'
11:34:52 PM: Debug: Adding duplicate image handler for 'PCX file'
11:34:52 PM: Debug: Adding duplicate image handler for 'IFF file'
11:34:52 PM: Debug: Adding duplicate image handler for 'Windows icon file'
11:34:52 PM: Debug: Adding duplicate image handler for 'Windows cursor file'
11:34:52 PM: Debug: Adding duplicate image handler for 'Windows animated cursor file'
11:34:52 PM: Debug: Adding duplicate image handler for 'TGA file'
11:34:52 PM: Debug: Adding duplicate image handler for 'XPM file'
{'pads': 1020, 'tracks': 7848, 'vias': 830, 'zones': 6, 'keepouts': 81, 'outline': 1}
11:35:03 PM: Debug: Adding duplicate image handler for 'PNG file'
11:35:03 PM: Debug: Adding duplicate image handler for 'JPEG file'
11:35:03 PM: Debug: Adding duplicate image handler for 'TIFF file'
11:35:03 PM: Debug: Adding duplicate image handler for 'GIF file'
11:35:03 PM: Debug: Adding duplicate image handler for 'PNM file'
11:35:03 PM: Debug: Adding duplicate image handler for 'PCX file'
11:35:03 PM: Debug: Adding duplicate image handler for 'IFF file'
11:35:03 PM: Debug: Adding duplicate image handler for 'Windows icon file'
11:35:03 PM: Debug: Adding duplicate image handler for 'Windows cursor file'
11:35:03 PM: Debug: Adding duplicate image handler for 'Windows animated cursor file'
11:35:03 PM: Debug: Adding duplicate image handler for 'TGA file'
11:35:03 PM: Debug: Adding duplicate image handler for 'XPM file'
kicad_ops done /Users/deepakdiwan/Downloads/VitalQ_Route_v9/candidates/R2-63/vitalq_v2.kicad_pcb
swig/python detected a memory leak of type 'PCB_TRACK *', no destructor found.
swig/python detected a memory leak of type 'PCB_TRACK *', no destructor found.
swig/python detected a memory leak of type 'PCB_TRACK *', no destructor found.
swig/python detected a memory leak of type 'PCB_TRACK *', no destructor found.
swig/python detected a memory leak of type 'PCB_TRACK *', no destructor found.
swig/python detected a memory leak of type 'PCB_TRACK *', no destructor found.
swig/python detected a memory leak of type 'PCB_TRACK *', no destructor found.
swig/python detected a memory leak of type 'PCB_TRACK *', no destructor found.
swig/python detected a memory leak of type 'PCB_TRACK *', no destructor found.
swig/python detected a memory leak of type 'PCB_TRACK *', no destructor found.
swig/python detected a memory leak of type 'PCB_TRACK *', no destructor found.
swig/python detected a memory leak of type 'PCB_TRACK *', no destructor found.
swig/python detected a memory leak of type 'PCB_TRACK *', no destructor found.
swig/python detected a memory leak of type 'PCB_VIA *', no destructor found.
swig/python detected a memory leak of type 'PCB_TRACK *', no destructor found.
swig/python detected a memory leak of type 'PCB_TRACK *', no destructor found.
Fontconfig error: Cannot load default config file: No such file: (null)
Found 301 violations
Found 10 unconnected items
Found 29 schematic parity issues
Saved DRC Report to /Users/deepakdiwan/Downloads/VitalQ_Route_v9/candidates/R2-63/drc.json
Saved board
{"unconnected": 10, "real": 215, "total": 301, "parity": 29, "types": {"items_not_allowed": 200, "hole_clearance": 4, "courtyards_overlap": 2, "npth_inside_courtyard": 1, "track_dangling": 5, "via_dangling": 3, "silk_edge_clearance": 14, "lib_footprint_issues": 53, "lib_footprint_mismatch": 3, "text_height": 15, "text_thickness": 1}}
dangling repair round 3: 6 new items
11:35:24 PM: Debug: Adding duplicate image handler for 'PNG file'
11:35:24 PM: Debug: Adding duplicate image handler for 'JPEG file'
11:35:24 PM: Debug: Adding duplicate image handler for 'TIFF file'
11:35:24 PM: Debug: Adding duplicate image handler for 'GIF file'
11:35:24 PM: Debug: Adding duplicate image handler for 'PNM file'
11:35:24 PM: Debug: Adding duplicate image handler for 'PCX file'
11:35:24 PM: Debug: Adding duplicate image handler for 'IFF file'
11:35:24 PM: Debug: Adding duplicate image handler for 'Windows icon file'
11:35:24 PM: Debug: Adding duplicate image handler for 'Windows cursor file'
11:35:24 PM: Debug: Adding duplicate image handler for 'Windows animated cursor file'
11:35:24 PM: Debug: Adding duplicate image handler for 'TGA file'
11:35:24 PM: Debug: Adding duplicate image handler for 'XPM file'
{'pads': 1020, 'tracks': 7833, 'vias': 828, 'zones': 6, 'keepouts': 81, 'outline': 1}
11:35:36 PM: Debug: Adding duplicate image handler for 'PNG file'
11:35:36 PM: Debug: Adding duplicate image handler for 'JPEG file'
11:35:36 PM: Debug: Adding duplicate image handler for 'TIFF file'
11:35:36 PM: Debug: Adding duplicate image handler for 'GIF file'
11:35:36 PM: Debug: Adding duplicate image handler for 'PNM file'
11:35:36 PM: Debug: Adding duplicate image handler for 'PCX file'
11:35:36 PM: Debug: Adding duplicate image handler for 'IFF file'
11:35:36 PM: Debug: Adding duplicate image handler for 'Windows icon file'
11:35:36 PM: Debug: Adding duplicate image handler for 'Windows cursor file'
11:35:36 PM: Debug: Adding duplicate image handler for 'Windows animated cursor file'
11:35:36 PM: Debug: Adding duplicate image handler for 'TGA file'
11:35:36 PM: Debug: Adding duplicate image handler for 'XPM file'
kicad_ops done /Users/deepakdiwan/Downloads/VitalQ_Route_v9/candidates/R2-63/vitalq_v2.kicad_pcb
swig/python detected a memory leak of type 'PCB_VIA *', no destructor found.
swig/python detected a memory leak of type 'PCB_TRACK *', no destructor found.
swig/python detected a memory leak of type 'PCB_VIA *', no destructor found.
swig/python detected a memory leak of type 'PCB_TRACK *', no destructor found.
swig/python detected a memory leak of type 'PCB_TRACK *', no destructor found.
swig/python detected a memory leak of type 'PCB_TRACK *', no destructor found.
swig/python detected a memory leak of type 'PCB_TRACK *', no destructor found.
Failed to fetch schematic netlist for parity tests.
Schematic parity tests require a fully annotated schematic.
Found 296 violations
Found 10 unconnected items
Saved DRC Report to /Users/deepakdiwan/Downloads/VitalQ_Route_v9/candidates/R2-63/drc.json
Saved board
