/Users/deepakdiwan/Downloads/VitalQ_Route_v9/backups/20261009_235025_R2-67_C59_rot180_In4_via
11:50:27 PM: Debug: Adding duplicate image handler for 'PNG file'
11:50:27 PM: Debug: Adding duplicate image handler for 'JPEG file'
11:50:27 PM: Debug: Adding duplicate image handler for 'TIFF file'
11:50:27 PM: Debug: Adding duplicate image handler for 'GIF file'
11:50:27 PM: Debug: Adding duplicate image handler for 'PNM file'
11:50:27 PM: Debug: Adding duplicate image handler for 'PCX file'
11:50:27 PM: Debug: Adding duplicate image handler for 'IFF file'
11:50:27 PM: Debug: Adding duplicate image handler for 'Windows icon file'
11:50:27 PM: Debug: Adding duplicate image handler for 'Windows cursor file'
11:50:27 PM: Debug: Adding duplicate image handler for 'Windows animated cursor file'
11:50:27 PM: Debug: Adding duplicate image handler for 'TGA file'
11:50:27 PM: Debug: Adding duplicate image handler for 'XPM file'
kicad_ops done /Users/deepakdiwan/Downloads/VitalQ_Route_v9/candidates/R2-67/stage1/vitalq_v2.kicad_pcb
swig/python detected a memory leak of type 'PCB_TRACK *', no destructor found.
swig/python detected a memory leak of type 'PCB_TRACK *', no destructor found.
swig/python detected a memory leak of type 'PCB_TRACK *', no destructor found.
swig/python detected a memory leak of type 'PCB_TRACK *', no destructor found.
swig/python detected a memory leak of type 'PCB_TRACK *', no destructor found.
swig/python detected a memory leak of type 'PCB_TRACK *', no destructor found.
swig/python detected a memory leak of type 'PCB_TRACK *', no destructor found.
swig/python detected a memory leak of type 'PCB_TRACK *', no destructor found.
swig/python detected a memory leak of type 'PCB_TRACK *', no destructor found.
swig/python detected a memory leak of type 'PCB_TRACK *', no destructor found.
swig/python detected a memory leak of type 'PCB_TRACK *', no destructor found.
swig/python detected a memory leak of type 'PCB_VIA *', no destructor found.
Fontconfig error: Cannot load default config file: No such file: (null)
Found 294 violations
Found 9 unconnected items
Found 29 schematic parity issues
Saved DRC Report to /Users/deepakdiwan/Downloads/VitalQ_Route_v9/candidates/R2-67/stage1/drc.json
Saved board
{"unconnected": 9, "real": 208, "total": 294, "parity": 29, "types": {"items_not_allowed": 200, "hole_clearance": 4, "npth_inside_courtyard": 1, "track_dangling": 3, "silk_edge_clearance": 14, "lib_footprint_issues": 53, "lib_footprint_mismatch": 3, "text_height": 15, "text_thickness": 1}}
11:50:45 PM: Debug: Adding duplicate image handler for 'PNG file'
11:50:45 PM: Debug: Adding duplicate image handler for 'JPEG file'
11:50:45 PM: Debug: Adding duplicate image handler for 'TIFF file'
11:50:45 PM: Debug: Adding duplicate image handler for 'GIF file'
11:50:45 PM: Debug: Adding duplicate image handler for 'PNM file'
11:50:45 PM: Debug: Adding duplicate image handler for 'PCX file'
11:50:45 PM: Debug: Adding duplicate image handler for 'IFF file'
11:50:45 PM: Debug: Adding duplicate image handler for 'Windows icon file'
11:50:45 PM: Debug: Adding duplicate image handler for 'Windows cursor file'
11:50:45 PM: Debug: Adding duplicate image handler for 'Windows animated cursor file'
11:50:45 PM: Debug: Adding duplicate image handler for 'TGA file'
11:50:45 PM: Debug: Adding duplicate image handler for 'XPM file'
{'pads': 1020, 'tracks': 7821, 'vias': 824, 'zones': 6, 'keepouts': 81, 'outline': 1}
C59.1 now at [15.647664, 40.029838]
site hits []
ROUTED +3V3 C59 1 tracks 0 vias
ROUTED GND C59 1 tracks 0 vias
11:51:03 PM: Debug: Adding duplicate image handler for 'PNG file'
11:51:03 PM: Debug: Adding duplicate image handler for 'JPEG file'
11:51:03 PM: Debug: Adding duplicate image handler for 'TIFF file'
11:51:03 PM: Debug: Adding duplicate image handler for 'GIF file'
11:51:03 PM: Debug: Adding duplicate image handler for 'PNM file'
11:51:03 PM: Debug: Adding duplicate image handler for 'PCX file'
11:51:03 PM: Debug: Adding duplicate image handler for 'IFF file'
11:51:03 PM: Debug: Adding duplicate image handler for 'Windows icon file'
11:51:03 PM: Debug: Adding duplicate image handler for 'Windows cursor file'
11:51:03 PM: Debug: Adding duplicate image handler for 'Windows animated cursor file'
11:51:03 PM: Debug: Adding duplicate image handler for 'TGA file'
11:51:03 PM: Debug: Adding duplicate image handler for 'XPM file'
kicad_ops done /Users/deepakdiwan/Downloads/VitalQ_Route_v9/candidates/R2-67/vitalq_v2.kicad_pcb
Fontconfig error: Cannot load default config file: No such file: (null)
Found 294 violations
Found 7 unconnected items
Found 29 schematic parity issues
Saved DRC Report to /Users/deepakdiwan/Downloads/VitalQ_Route_v9/candidates/R2-67/drc.json
Saved board
{"unconnected": 7, "real": 208, "total": 294, "parity": 29, "types": {"items_not_allowed": 200, "hole_clearance": 4, "npth_inside_courtyard": 1, "track_dangling": 3, "silk_edge_clearance": 14, "lib_footprint_issues": 53, "lib_footprint_mismatch": 3, "text_height": 15, "text_thickness": 1}}
dangling repair round 1: 1 new items
11:51:24 PM: Debug: Adding duplicate image handler for 'PNG file'
11:51:24 PM: Debug: Adding duplicate image handler for 'JPEG file'
11:51:24 PM: Debug: Adding duplicate image handler for 'TIFF file'
11:51:24 PM: Debug: Adding duplicate image handler for 'GIF file'
11:51:24 PM: Debug: Adding duplicate image handler for 'PNM file'
11:51:24 PM: Debug: Adding duplicate image handler for 'PCX file'
11:51:24 PM: Debug: Adding duplicate image handler for 'IFF file'
11:51:24 PM: Debug: Adding duplicate image handler for 'Windows icon file'
11:51:24 PM: Debug: Adding duplicate image handler for 'Windows cursor file'
11:51:24 PM: Debug: Adding duplicate image handler for 'Windows animated cursor file'
11:51:24 PM: Debug: Adding duplicate image handler for 'TGA file'
11:51:24 PM: Debug: Adding duplicate image handler for 'XPM file'
{'pads': 1020, 'tracks': 7823, 'vias': 825, 'zones': 6, 'keepouts': 81, 'outline': 1}
11:51:34 PM: Debug: Adding duplicate image handler for 'PNG file'
11:51:34 PM: Debug: Adding duplicate image handler for 'JPEG file'
11:51:34 PM: Debug: Adding duplicate image handler for 'TIFF file'
11:51:34 PM: Debug: Adding duplicate image handler for 'GIF file'
11:51:34 PM: Debug: Adding duplicate image handler for 'PNM file'
11:51:34 PM: Debug: Adding duplicate image handler for 'PCX file'
11:51:34 PM: Debug: Adding duplicate image handler for 'IFF file'
11:51:34 PM: Debug: Adding duplicate image handler for 'Windows icon file'
11:51:34 PM: Debug: Adding duplicate image handler for 'Windows cursor file'
11:51:34 PM: Debug: Adding duplicate image handler for 'Windows animated cursor file'
11:51:34 PM: Debug: Adding duplicate image handler for 'TGA file'
11:51:34 PM: Debug: Adding duplicate image handler for 'XPM file'
kicad_ops done /Users/deepakdiwan/Downloads/VitalQ_Route_v9/candidates/R2-67/vitalq_v2.kicad_pcb
Fontconfig error: Cannot load default config file: No such file: (null)
Found 293 violations
Found 7 unconnected items
Found 29 schematic parity issues
Saved DRC Report to /Users/deepakdiwan/Downloads/VitalQ_Route_v9/candidates/R2-67/drc.json
Saved board
{"unconnected": 7, "real": 207, "total": 293, "parity": 29, "types": {"items_not_allowed": 200, "hole_clearance": 4, "npth_inside_courtyard": 1, "track_dangling": 2, "silk_edge_clearance": 14, "lib_footprint_issues": 53, "lib_footprint_mismatch": 3, "text_height": 15, "text_thickness": 1}}
11:51:51 PM: Debug: Adding duplicate image handler for 'PNG file'
11:51:51 PM: Debug: Adding duplicate image handler for 'JPEG file'
11:51:51 PM: Debug: Adding duplicate image handler for 'TIFF file'
11:51:51 PM: Debug: Adding duplicate image handler for 'GIF file'
11:51:51 PM: Debug: Adding duplicate image handler for 'PNM file'
11:51:51 PM: Debug: Adding duplicate image handler for 'PCX file'
11:51:51 PM: Debug: Adding duplicate image handler for 'IFF file'
11:51:51 PM: Debug: Adding duplicate image handler for 'Windows icon file'
11:51:51 PM: Debug: Adding duplicate image handler for 'Windows cursor file'
11:51:51 PM: Debug: Adding duplicate image handler for 'Windows animated cursor file'
11:51:51 PM: Debug: Adding duplicate image handler for 'TGA file'
11:51:51 PM: Debug: Adding duplicate image handler for 'XPM file'
{'pads': 1020, 'tracks': 7822, 'vias': 825, 'zones': 6, 'keepouts': 81, 'outline': 1}
{
  "invariants": {
    "footprints_identical": true,
    "moved_footprints_same_side_same_lock": true,
    "pad_geometry_and_nets_identical": true,
    "rule_areas_identical": true,
    "outline_identical": true,
    "zone_definitions_identical": true,
    "copper_layer_count_ok": true,
    "through_vias_only": true
  },
  "preserved_pad_groups_checked": 190,
  "pad_connectivity_regressions": 0,
  "keepout_layer_intersections": 397,
  "new_keepout_hits": 0,
  "via_hole_copper_gaps": 1,
  "new_via_hole_copper_gaps": 0,
  "hole_pairs": 0,
  "new_hole_pairs": 0,
  "via_in_pad": 41,
  "pass": true
}
R2-67: ACCEPTED (streak 0); new native faults 0; audit pass
unconnected 8 -> 7 (candidate 7); real 207 -> 207 (candidate 207)
next: stop at 00:14
