/Users/deepakdiwan/Downloads/VitalQ_Route_v9/backups/20261009_232242_R2-60_hole_clearance_cleanup
11:22:44 PM: Debug: Adding duplicate image handler for 'PNG file'
11:22:44 PM: Debug: Adding duplicate image handler for 'JPEG file'
11:22:44 PM: Debug: Adding duplicate image handler for 'TIFF file'
11:22:44 PM: Debug: Adding duplicate image handler for 'GIF file'
11:22:44 PM: Debug: Adding duplicate image handler for 'PNM file'
11:22:44 PM: Debug: Adding duplicate image handler for 'PCX file'
11:22:44 PM: Debug: Adding duplicate image handler for 'IFF file'
11:22:44 PM: Debug: Adding duplicate image handler for 'Windows icon file'
11:22:44 PM: Debug: Adding duplicate image handler for 'Windows cursor file'
11:22:44 PM: Debug: Adding duplicate image handler for 'Windows animated cursor file'
11:22:44 PM: Debug: Adding duplicate image handler for 'TGA file'
11:22:44 PM: Debug: Adding duplicate image handler for 'XPM file'
kicad_ops done /Users/deepakdiwan/Downloads/VitalQ_Route_v9/candidates/R2-60/stage1/vitalq_v2.kicad_pcb
Fontconfig error: Cannot load default config file: No such file: (null)
Found 293 violations
Found 8 unconnected items
Found 29 schematic parity issues
Saved DRC Report to /Users/deepakdiwan/Downloads/VitalQ_Route_v9/candidates/R2-60/stage1/drc.json
Saved board
{"unconnected": 8, "real": 207, "total": 293, "parity": 29, "types": {"items_not_allowed": 200, "hole_clearance": 4, "npth_inside_courtyard": 1, "track_dangling": 2, "silk_edge_clearance": 14, "lib_footprint_issues": 53, "lib_footprint_mismatch": 3, "text_height": 15, "text_thickness": 1}}
11:23:19 PM: Debug: Adding duplicate image handler for 'PNG file'
11:23:19 PM: Debug: Adding duplicate image handler for 'JPEG file'
11:23:19 PM: Debug: Adding duplicate image handler for 'TIFF file'
11:23:19 PM: Debug: Adding duplicate image handler for 'GIF file'
11:23:19 PM: Debug: Adding duplicate image handler for 'PNM file'
11:23:19 PM: Debug: Adding duplicate image handler for 'PCX file'
11:23:19 PM: Debug: Adding duplicate image handler for 'IFF file'
11:23:19 PM: Debug: Adding duplicate image handler for 'Windows icon file'
11:23:19 PM: Debug: Adding duplicate image handler for 'Windows cursor file'
11:23:19 PM: Debug: Adding duplicate image handler for 'Windows animated cursor file'
11:23:19 PM: Debug: Adding duplicate image handler for 'TGA file'
11:23:19 PM: Debug: Adding duplicate image handler for 'XPM file'
{'pads': 1020, 'tracks': 7839, 'vias': 825, 'zones': 6, 'keepouts': 81, 'outline': 1}
hole_clearance tracks 0
Traceback (most recent call last):
  File "/Users/deepakdiwan/Downloads/VitalQ_Route_v9/scripts/r2_hc.py", line 34, in <module>
    run(BATCH, 'hole_clearance_cleanup', plan, next_step='next cleanup')
  File "/Users/deepakdiwan/Downloads/VitalQ_Route_v9/scripts/r2_batch.py", line 37, in run
    plan_fn(b, ledger, stage_opens)
  File "/Users/deepakdiwan/Downloads/VitalQ_Route_v9/scripts/r2_hc.py", line 31, in plan
    reconnect(b, ledger, nets, [min(xs) - 3, min(ys) - 3, max(xs) + 3, max(ys) + 3], [(APP + ', margin 4 mm', 4.0, SL), (APP + ', margin 10 mm', 10.0, SL)])
                                ^^^^^^^
ValueError: min() iterable argument is empty
