/Users/deepakdiwan/Downloads/VitalQ_Route_v9/backups/20261009_235733_R2-69_IR_GATE_POFV_v2
11:57:35 PM: Debug: Adding duplicate image handler for 'PNG file'
11:57:35 PM: Debug: Adding duplicate image handler for 'JPEG file'
11:57:35 PM: Debug: Adding duplicate image handler for 'TIFF file'
11:57:35 PM: Debug: Adding duplicate image handler for 'GIF file'
11:57:35 PM: Debug: Adding duplicate image handler for 'PNM file'
11:57:35 PM: Debug: Adding duplicate image handler for 'PCX file'
11:57:35 PM: Debug: Adding duplicate image handler for 'IFF file'
11:57:35 PM: Debug: Adding duplicate image handler for 'Windows icon file'
11:57:35 PM: Debug: Adding duplicate image handler for 'Windows cursor file'
11:57:35 PM: Debug: Adding duplicate image handler for 'Windows animated cursor file'
11:57:35 PM: Debug: Adding duplicate image handler for 'TGA file'
11:57:35 PM: Debug: Adding duplicate image handler for 'XPM file'
kicad_ops done /Users/deepakdiwan/Downloads/VitalQ_Route_v9/candidates/R2-69/stage1/vitalq_v2.kicad_pcb
Fontconfig error: Cannot load default config file: No such file: (null)
Found 293 violations
Found 7 unconnected items
Found 29 schematic parity issues
Saved DRC Report to /Users/deepakdiwan/Downloads/VitalQ_Route_v9/candidates/R2-69/stage1/drc.json
Saved board
{"unconnected": 7, "real": 207, "total": 293, "parity": 29, "types": {"items_not_allowed": 200, "hole_clearance": 4, "npth_inside_courtyard": 1, "track_dangling": 2, "silk_edge_clearance": 14, "lib_footprint_issues": 53, "lib_footprint_mismatch": 3, "text_height": 15, "text_thickness": 1}}
11:57:58 PM: Debug: Adding duplicate image handler for 'PNG file'
11:57:58 PM: Debug: Adding duplicate image handler for 'JPEG file'
11:57:58 PM: Debug: Adding duplicate image handler for 'TIFF file'
11:57:58 PM: Debug: Adding duplicate image handler for 'GIF file'
11:57:58 PM: Debug: Adding duplicate image handler for 'PNM file'
11:57:58 PM: Debug: Adding duplicate image handler for 'PCX file'
11:57:58 PM: Debug: Adding duplicate image handler for 'IFF file'
11:57:58 PM: Debug: Adding duplicate image handler for 'Windows icon file'
11:57:58 PM: Debug: Adding duplicate image handler for 'Windows cursor file'
11:57:58 PM: Debug: Adding duplicate image handler for 'Windows animated cursor file'
11:57:58 PM: Debug: Adding duplicate image handler for 'TGA file'
11:57:58 PM: Debug: Adding duplicate image handler for 'XPM file'
{'pads': 1020, 'tracks': 7822, 'vias': 825, 'zones': 6, 'keepouts': 81, 'outline': 1}
ripped ['BIOZ_SP_PAD', 'CHG_STAT', 'EXP_INT'] left []
FAILED CHG_STAT U19 R2-68 ripped site blockers, margin 4 mm no path (expanded 25371 cells)
FAILED CHG_STAT U19 R2-68 ripped site blockers, margin 10 mm no path (expanded 97594 cells)
ROUTED CHG_STAT U19 16 tracks 5 vias
FAILED EXP_INT U19 R2-68 ripped site blockers, margin 4 mm no path (expanded 24507 cells)
FAILED EXP_INT U19 R2-68 ripped site blockers, margin 10 mm no path (expanded 104074 cells)
ROUTED EXP_INT U19 12 tracks 3 vias
ROUTED BIOZ_SP_PAD R82 2 tracks 0 vias
ROUTED IR_GATE R2-69 9 tracks 3 vias
OPEN IR_GATE ok
11:59:18 PM: Debug: Adding duplicate image handler for 'PNG file'
11:59:18 PM: Debug: Adding duplicate image handler for 'JPEG file'
11:59:18 PM: Debug: Adding duplicate image handler for 'TIFF file'
11:59:18 PM: Debug: Adding duplicate image handler for 'GIF file'
11:59:18 PM: Debug: Adding duplicate image handler for 'PNM file'
11:59:18 PM: Debug: Adding duplicate image handler for 'PCX file'
11:59:18 PM: Debug: Adding duplicate image handler for 'IFF file'
11:59:18 PM: Debug: Adding duplicate image handler for 'Windows icon file'
11:59:18 PM: Debug: Adding duplicate image handler for 'Windows cursor file'
11:59:18 PM: Debug: Adding duplicate image handler for 'Windows animated cursor file'
11:59:18 PM: Debug: Adding duplicate image handler for 'TGA file'
11:59:18 PM: Debug: Adding duplicate image handler for 'XPM file'
kicad_ops done /Users/deepakdiwan/Downloads/VitalQ_Route_v9/candidates/R2-69/vitalq_v2.kicad_pcb
Fontconfig error: Cannot load default config file: No such file: (null)
Found 298 violations
Found 6 unconnected items
Found 29 schematic parity issues
Saved DRC Report to /Users/deepakdiwan/Downloads/VitalQ_Route_v9/candidates/R2-69/drc.json
Saved board
{"unconnected": 6, "real": 212, "total": 298, "parity": 29, "types": {"items_not_allowed": 201, "hole_clearance": 4, "npth_inside_courtyard": 1, "track_dangling": 6, "silk_edge_clearance": 14, "lib_footprint_issues": 53, "lib_footprint_mismatch": 3, "text_height": 15, "text_thickness": 1}}
dangling repair round 1: 4 new items
11:59:37 PM: Debug: Adding duplicate image handler for 'PNG file'
11:59:37 PM: Debug: Adding duplicate image handler for 'JPEG file'
11:59:37 PM: Debug: Adding duplicate image handler for 'TIFF file'
11:59:37 PM: Debug: Adding duplicate image handler for 'GIF file'
11:59:37 PM: Debug: Adding duplicate image handler for 'PNM file'
11:59:37 PM: Debug: Adding duplicate image handler for 'PCX file'
11:59:37 PM: Debug: Adding duplicate image handler for 'IFF file'
11:59:37 PM: Debug: Adding duplicate image handler for 'Windows icon file'
11:59:37 PM: Debug: Adding duplicate image handler for 'Windows cursor file'
11:59:37 PM: Debug: Adding duplicate image handler for 'Windows animated cursor file'
11:59:37 PM: Debug: Adding duplicate image handler for 'TGA file'
11:59:37 PM: Debug: Adding duplicate image handler for 'XPM file'
{'pads': 1020, 'tracks': 7858, 'vias': 837, 'zones': 6, 'keepouts': 81, 'outline': 1}
11:59:46 PM: Debug: Adding duplicate image handler for 'PNG file'
11:59:46 PM: Debug: Adding duplicate image handler for 'JPEG file'
11:59:46 PM: Debug: Adding duplicate image handler for 'TIFF file'
11:59:46 PM: Debug: Adding duplicate image handler for 'GIF file'
11:59:46 PM: Debug: Adding duplicate image handler for 'PNM file'
11:59:46 PM: Debug: Adding duplicate image handler for 'PCX file'
11:59:46 PM: Debug: Adding duplicate image handler for 'IFF file'
11:59:46 PM: Debug: Adding duplicate image handler for 'Windows icon file'
11:59:46 PM: Debug: Adding duplicate image handler for 'Windows cursor file'
11:59:46 PM: Debug: Adding duplicate image handler for 'Windows animated cursor file'
11:59:46 PM: Debug: Adding duplicate image handler for 'TGA file'
11:59:46 PM: Debug: Adding duplicate image handler for 'XPM file'
kicad_ops done /Users/deepakdiwan/Downloads/VitalQ_Route_v9/candidates/R2-69/vitalq_v2.kicad_pcb
swig/python detected a memory leak of type 'PCB_TRACK *', no destructor found.
swig/python detected a memory leak of type 'PCB_TRACK *', no destructor found.
swig/python detected a memory leak of type 'PCB_TRACK *', no destructor found.
swig/python detected a memory leak of type 'PCB_TRACK *', no destructor found.
swig/python detected a memory leak of type 'PCB_TRACK *', no destructor found.
swig/python detected a memory leak of type 'PCB_TRACK *', no destructor found.
swig/python detected a memory leak of type 'PCB_TRACK *', no destructor found.
swig/python detected a memory leak of type 'PCB_TRACK *', no destructor found.
swig/python detected a memory leak of type 'PCB_TRACK *', no destructor found.
swig/python detected a memory leak of type 'PCB_TRACK *', no destructor found.
swig/python detected a memory leak of type 'PCB_TRACK *', no destructor found.
Fontconfig error: Cannot load default config file: No such file: (null)
Found 296 violations
Found 6 unconnected items
Found 29 schematic parity issues
Saved DRC Report to /Users/deepakdiwan/Downloads/VitalQ_Route_v9/candidates/R2-69/drc.json
Saved board
{"unconnected": 6, "real": 210, "total": 296, "parity": 29, "types": {"items_not_allowed": 202, "hole_clearance": 4, "npth_inside_courtyard": 1, "track_dangling": 2, "via_dangling": 1, "silk_edge_clearance": 14, "lib_footprint_issues": 53, "lib_footprint_mismatch": 3, "text_height": 15, "text_thickness": 1}}
dangling repair round 2: 1 new items
12:00:04 AM: Debug: Adding duplicate image handler for 'PNG file'
12:00:04 AM: Debug: Adding duplicate image handler for 'JPEG file'
12:00:04 AM: Debug: Adding duplicate image handler for 'TIFF file'
12:00:04 AM: Debug: Adding duplicate image handler for 'GIF file'
12:00:04 AM: Debug: Adding duplicate image handler for 'PNM file'
12:00:04 AM: Debug: Adding duplicate image handler for 'PCX file'
12:00:04 AM: Debug: Adding duplicate image handler for 'IFF file'
12:00:04 AM: Debug: Adding duplicate image handler for 'Windows icon file'
12:00:04 AM: Debug: Adding duplicate image handler for 'Windows cursor file'
12:00:04 AM: Debug: Adding duplicate image handler for 'Windows animated cursor file'
12:00:04 AM: Debug: Adding duplicate image handler for 'TGA file'
12:00:04 AM: Debug: Adding duplicate image handler for 'XPM file'
{'pads': 1020, 'tracks': 7846, 'vias': 837, 'zones': 6, 'keepouts': 81, 'outline': 1}
12:00:14 AM: Debug: Adding duplicate image handler for 'PNG file'
12:00:14 AM: Debug: Adding duplicate image handler for 'JPEG file'
12:00:14 AM: Debug: Adding duplicate image handler for 'TIFF file'
12:00:14 AM: Debug: Adding duplicate image handler for 'GIF file'
12:00:14 AM: Debug: Adding duplicate image handler for 'PNM file'
12:00:14 AM: Debug: Adding duplicate image handler for 'PCX file'
12:00:14 AM: Debug: Adding duplicate image handler for 'IFF file'
12:00:14 AM: Debug: Adding duplicate image handler for 'Windows icon file'
12:00:14 AM: Debug: Adding duplicate image handler for 'Windows cursor file'
12:00:14 AM: Debug: Adding duplicate image handler for 'Windows animated cursor file'
12:00:14 AM: Debug: Adding duplicate image handler for 'TGA file'
12:00:14 AM: Debug: Adding duplicate image handler for 'XPM file'
kicad_ops done /Users/deepakdiwan/Downloads/VitalQ_Route_v9/candidates/R2-69/vitalq_v2.kicad_pcb
swig/python detected a memory leak of type 'PCB_TRACK *', no destructor found.
swig/python detected a memory leak of type 'PCB_TRACK *', no destructor found.
swig/python detected a memory leak of type 'PCB_TRACK *', no destructor found.
swig/python detected a memory leak of type 'PCB_TRACK *', no destructor found.
swig/python detected a memory leak of type 'PCB_TRACK *', no destructor found.
swig/python detected a memory leak of type 'PCB_TRACK *', no destructor found.
Fontconfig error: Cannot load default config file: No such file: (null)
Found 296 violations
Found 6 unconnected items
Found 29 schematic parity issues
Saved DRC Report to /Users/deepakdiwan/Downloads/VitalQ_Route_v9/candidates/R2-69/drc.json
Saved board
{"unconnected": 6, "real": 210, "total": 296, "parity": 29, "types": {"items_not_allowed": 202, "hole_clearance": 4, "npth_inside_courtyard": 1, "track_dangling": 3, "silk_edge_clearance": 14, "lib_footprint_issues": 53, "lib_footprint_mismatch": 3, "text_height": 15, "text_thickness": 1}}
dangling repair round 3: 1 new items
12:00:32 AM: Debug: Adding duplicate image handler for 'PNG file'
12:00:32 AM: Debug: Adding duplicate image handler for 'JPEG file'
12:00:32 AM: Debug: Adding duplicate image handler for 'TIFF file'
12:00:32 AM: Debug: Adding duplicate image handler for 'GIF file'
12:00:32 AM: Debug: Adding duplicate image handler for 'PNM file'
12:00:32 AM: Debug: Adding duplicate image handler for 'PCX file'
12:00:32 AM: Debug: Adding duplicate image handler for 'IFF file'
12:00:32 AM: Debug: Adding duplicate image handler for 'Windows icon file'
12:00:32 AM: Debug: Adding duplicate image handler for 'Windows cursor file'
12:00:32 AM: Debug: Adding duplicate image handler for 'Windows animated cursor file'
12:00:32 AM: Debug: Adding duplicate image handler for 'TGA file'
12:00:32 AM: Debug: Adding duplicate image handler for 'XPM file'
{'pads': 1020, 'tracks': 7840, 'vias': 836, 'zones': 6, 'keepouts': 81, 'outline': 1}
12:00:43 AM: Debug: Adding duplicate image handler for 'PNG file'
12:00:43 AM: Debug: Adding duplicate image handler for 'JPEG file'
12:00:43 AM: Debug: Adding duplicate image handler for 'TIFF file'
12:00:43 AM: Debug: Adding duplicate image handler for 'GIF file'
12:00:43 AM: Debug: Adding duplicate image handler for 'PNM file'
12:00:43 AM: Debug: Adding duplicate image handler for 'PCX file'
12:00:43 AM: Debug: Adding duplicate image handler for 'IFF file'
12:00:43 AM: Debug: Adding duplicate image handler for 'Windows icon file'
12:00:43 AM: Debug: Adding duplicate image handler for 'Windows cursor file'
12:00:43 AM: Debug: Adding duplicate image handler for 'Windows animated cursor file'
12:00:43 AM: Debug: Adding duplicate image handler for 'TGA file'
12:00:43 AM: Debug: Adding duplicate image handler for 'XPM file'
{'pads': 1020, 'tracks': 7840, 'vias': 836, 'zones': 6, 'keepouts': 81, 'outline': 1}
{
  "invariants": {
    "footprints_identical": true,
    "moved_footprints_same_side_same_lock": true,
    "pad_geometry_and_nets_identical": true,
    "rule_areas_identical": true,
    "outline_identical": true,
    "zone_definitions_identical": true,
    "copper_layer_count_ok": true,
    "through_vias_only": true
  },
  "preserved_pad_groups_checked": 190,
  "pad_connectivity_regressions": 0,
  "keepout_layer_intersections": 390,
  "new_keepout_hits": 0,
  "via_hole_copper_gaps": 1,
  "new_via_hole_copper_gaps": 0,
  "hole_pairs": 0,
  "new_hole_pairs": 0,
  "via_in_pad": 42,
  "pass": true
}
R2-69: ACCEPTED (streak 0); new native faults 1; audit pass
unconnected 7 -> 6 (candidate 6); real 207 -> 210 (candidate 210)
next: stop at 00:14
