/Users/deepakdiwan/Downloads/VitalQ_Route_v9/backups/20261009_235312_R2-68_IR_GATE_POFV
11:53:13 PM: Debug: Adding duplicate image handler for 'PNG file'
11:53:13 PM: Debug: Adding duplicate image handler for 'JPEG file'
11:53:13 PM: Debug: Adding duplicate image handler for 'TIFF file'
11:53:13 PM: Debug: Adding duplicate image handler for 'GIF file'
11:53:13 PM: Debug: Adding duplicate image handler for 'PNM file'
11:53:13 PM: Debug: Adding duplicate image handler for 'PCX file'
11:53:13 PM: Debug: Adding duplicate image handler for 'IFF file'
11:53:13 PM: Debug: Adding duplicate image handler for 'Windows icon file'
11:53:13 PM: Debug: Adding duplicate image handler for 'Windows cursor file'
11:53:13 PM: Debug: Adding duplicate image handler for 'Windows animated cursor file'
11:53:13 PM: Debug: Adding duplicate image handler for 'TGA file'
11:53:13 PM: Debug: Adding duplicate image handler for 'XPM file'
kicad_ops done /Users/deepakdiwan/Downloads/VitalQ_Route_v9/candidates/R2-68/stage1/vitalq_v2.kicad_pcb
Fontconfig error: Cannot load default config file: No such file: (null)
Found 293 violations
Found 7 unconnected items
Found 29 schematic parity issues
Saved DRC Report to /Users/deepakdiwan/Downloads/VitalQ_Route_v9/candidates/R2-68/stage1/drc.json
Saved board
{"unconnected": 7, "real": 207, "total": 293, "parity": 29, "types": {"items_not_allowed": 200, "hole_clearance": 4, "npth_inside_courtyard": 1, "track_dangling": 2, "silk_edge_clearance": 14, "lib_footprint_issues": 53, "lib_footprint_mismatch": 3, "text_height": 15, "text_thickness": 1}}
11:53:33 PM: Debug: Adding duplicate image handler for 'PNG file'
11:53:33 PM: Debug: Adding duplicate image handler for 'JPEG file'
11:53:33 PM: Debug: Adding duplicate image handler for 'TIFF file'
11:53:33 PM: Debug: Adding duplicate image handler for 'GIF file'
11:53:33 PM: Debug: Adding duplicate image handler for 'PNM file'
11:53:33 PM: Debug: Adding duplicate image handler for 'PCX file'
11:53:33 PM: Debug: Adding duplicate image handler for 'IFF file'
11:53:33 PM: Debug: Adding duplicate image handler for 'Windows icon file'
11:53:33 PM: Debug: Adding duplicate image handler for 'Windows cursor file'
11:53:33 PM: Debug: Adding duplicate image handler for 'Windows animated cursor file'
11:53:33 PM: Debug: Adding duplicate image handler for 'TGA file'
11:53:33 PM: Debug: Adding duplicate image handler for 'XPM file'
{'pads': 1020, 'tracks': 7822, 'vias': 825, 'zones': 6, 'keepouts': 81, 'outline': 1}
ripped ['BIOZ_SP_PAD', 'CHG_STAT', 'EXP_INT'] left []
FAILED CHG_STAT U19 R2-68 ripped site blockers, margin 4 mm no path (expanded 25371 cells)
FAILED CHG_STAT U19 R2-68 ripped site blockers, margin 10 mm no path (expanded 97594 cells)
ROUTED CHG_STAT U19 16 tracks 5 vias
FAILED EXP_INT U19 R2-68 ripped site blockers, margin 4 mm no path (expanded 24507 cells)
FAILED EXP_INT U19 R2-68 ripped site blockers, margin 10 mm no path (expanded 104074 cells)
ROUTED EXP_INT U19 12 tracks 3 vias
ROUTED BIOZ_SP_PAD R82 2 tracks 0 vias
FAILED IR_GATE R2-68 R2-68 U19.7 POFV, In5 west, margin 6 mm no path (expanded 9950 cells)
OPEN IR_GATE FAILED
11:54:34 PM: Debug: Adding duplicate image handler for 'PNG file'
11:54:34 PM: Debug: Adding duplicate image handler for 'JPEG file'
11:54:34 PM: Debug: Adding duplicate image handler for 'TIFF file'
11:54:34 PM: Debug: Adding duplicate image handler for 'GIF file'
11:54:34 PM: Debug: Adding duplicate image handler for 'PNM file'
11:54:34 PM: Debug: Adding duplicate image handler for 'PCX file'
11:54:34 PM: Debug: Adding duplicate image handler for 'IFF file'
11:54:34 PM: Debug: Adding duplicate image handler for 'Windows icon file'
11:54:34 PM: Debug: Adding duplicate image handler for 'Windows cursor file'
11:54:34 PM: Debug: Adding duplicate image handler for 'Windows animated cursor file'
11:54:34 PM: Debug: Adding duplicate image handler for 'TGA file'
11:54:34 PM: Debug: Adding duplicate image handler for 'XPM file'
kicad_ops done /Users/deepakdiwan/Downloads/VitalQ_Route_v9/candidates/R2-68/vitalq_v2.kicad_pcb
Fontconfig error: Cannot load default config file: No such file: (null)
Found 299 violations
Found 7 unconnected items
Found 29 schematic parity issues
Saved DRC Report to /Users/deepakdiwan/Downloads/VitalQ_Route_v9/candidates/R2-68/drc.json
Saved board
{"unconnected": 7, "real": 213, "total": 299, "parity": 29, "types": {"items_not_allowed": 201, "hole_clearance": 4, "npth_inside_courtyard": 1, "track_dangling": 6, "via_dangling": 1, "silk_edge_clearance": 14, "lib_footprint_issues": 53, "lib_footprint_mismatch": 3, "text_height": 15, "text_thickness": 1}}
dangling repair round 1: 5 new items
11:54:55 PM: Debug: Adding duplicate image handler for 'PNG file'
11:54:55 PM: Debug: Adding duplicate image handler for 'JPEG file'
11:54:55 PM: Debug: Adding duplicate image handler for 'TIFF file'
11:54:55 PM: Debug: Adding duplicate image handler for 'GIF file'
11:54:55 PM: Debug: Adding duplicate image handler for 'PNM file'
11:54:55 PM: Debug: Adding duplicate image handler for 'PCX file'
11:54:55 PM: Debug: Adding duplicate image handler for 'IFF file'
11:54:55 PM: Debug: Adding duplicate image handler for 'Windows icon file'
11:54:55 PM: Debug: Adding duplicate image handler for 'Windows cursor file'
11:54:55 PM: Debug: Adding duplicate image handler for 'Windows animated cursor file'
11:54:55 PM: Debug: Adding duplicate image handler for 'TGA file'
11:54:55 PM: Debug: Adding duplicate image handler for 'XPM file'
{'pads': 1020, 'tracks': 7849, 'vias': 834, 'zones': 6, 'keepouts': 81, 'outline': 1}
11:55:05 PM: Debug: Adding duplicate image handler for 'PNG file'
11:55:05 PM: Debug: Adding duplicate image handler for 'JPEG file'
11:55:05 PM: Debug: Adding duplicate image handler for 'TIFF file'
11:55:05 PM: Debug: Adding duplicate image handler for 'GIF file'
11:55:05 PM: Debug: Adding duplicate image handler for 'PNM file'
11:55:05 PM: Debug: Adding duplicate image handler for 'PCX file'
11:55:05 PM: Debug: Adding duplicate image handler for 'IFF file'
11:55:05 PM: Debug: Adding duplicate image handler for 'Windows icon file'
11:55:05 PM: Debug: Adding duplicate image handler for 'Windows cursor file'
11:55:05 PM: Debug: Adding duplicate image handler for 'Windows animated cursor file'
11:55:05 PM: Debug: Adding duplicate image handler for 'TGA file'
11:55:05 PM: Debug: Adding duplicate image handler for 'XPM file'
kicad_ops done /Users/deepakdiwan/Downloads/VitalQ_Route_v9/candidates/R2-68/vitalq_v2.kicad_pcb
swig/python detected a memory leak of type 'PCB_TRACK *', no destructor found.
swig/python detected a memory leak of type 'PCB_TRACK *', no destructor found.
swig/python detected a memory leak of type 'PCB_TRACK *', no destructor found.
swig/python detected a memory leak of type 'PCB_TRACK *', no destructor found.
swig/python detected a memory leak of type 'PCB_TRACK *', no destructor found.
swig/python detected a memory leak of type 'PCB_TRACK *', no destructor found.
swig/python detected a memory leak of type 'PCB_VIA *', no destructor found.
swig/python detected a memory leak of type 'PCB_TRACK *', no destructor found.
swig/python detected a memory leak of type 'PCB_TRACK *', no destructor found.
swig/python detected a memory leak of type 'PCB_TRACK *', no destructor found.
swig/python detected a memory leak of type 'PCB_TRACK *', no destructor found.
swig/python detected a memory leak of type 'PCB_TRACK *', no destructor found.
Fontconfig error: Cannot load default config file: No such file: (null)
Found 296 violations
Found 7 unconnected items
Found 29 schematic parity issues
Saved DRC Report to /Users/deepakdiwan/Downloads/VitalQ_Route_v9/candidates/R2-68/drc.json
Saved board
{"unconnected": 7, "real": 210, "total": 296, "parity": 29, "types": {"items_not_allowed": 202, "hole_clearance": 4, "npth_inside_courtyard": 1, "track_dangling": 2, "via_dangling": 1, "silk_edge_clearance": 14, "lib_footprint_issues": 53, "lib_footprint_mismatch": 3, "text_height": 15, "text_thickness": 1}}
dangling repair round 2: 1 new items
11:55:32 PM: Debug: Adding duplicate image handler for 'PNG file'
11:55:32 PM: Debug: Adding duplicate image handler for 'JPEG file'
11:55:32 PM: Debug: Adding duplicate image handler for 'TIFF file'
11:55:32 PM: Debug: Adding duplicate image handler for 'GIF file'
11:55:32 PM: Debug: Adding duplicate image handler for 'PNM file'
11:55:32 PM: Debug: Adding duplicate image handler for 'PCX file'
11:55:32 PM: Debug: Adding duplicate image handler for 'IFF file'
11:55:32 PM: Debug: Adding duplicate image handler for 'Windows icon file'
11:55:32 PM: Debug: Adding duplicate image handler for 'Windows cursor file'
11:55:32 PM: Debug: Adding duplicate image handler for 'Windows animated cursor file'
11:55:32 PM: Debug: Adding duplicate image handler for 'TGA file'
11:55:32 PM: Debug: Adding duplicate image handler for 'XPM file'
{'pads': 1020, 'tracks': 7837, 'vias': 833, 'zones': 6, 'keepouts': 81, 'outline': 1}
11:55:44 PM: Debug: Adding duplicate image handler for 'PNG file'
11:55:44 PM: Debug: Adding duplicate image handler for 'JPEG file'
11:55:44 PM: Debug: Adding duplicate image handler for 'TIFF file'
11:55:44 PM: Debug: Adding duplicate image handler for 'GIF file'
11:55:44 PM: Debug: Adding duplicate image handler for 'PNM file'
11:55:44 PM: Debug: Adding duplicate image handler for 'PCX file'
11:55:44 PM: Debug: Adding duplicate image handler for 'IFF file'
11:55:44 PM: Debug: Adding duplicate image handler for 'Windows icon file'
11:55:44 PM: Debug: Adding duplicate image handler for 'Windows cursor file'
11:55:44 PM: Debug: Adding duplicate image handler for 'Windows animated cursor file'
11:55:44 PM: Debug: Adding duplicate image handler for 'TGA file'
11:55:44 PM: Debug: Adding duplicate image handler for 'XPM file'
kicad_ops done /Users/deepakdiwan/Downloads/VitalQ_Route_v9/candidates/R2-68/vitalq_v2.kicad_pcb
swig/python detected a memory leak of type 'PCB_TRACK *', no destructor found.
swig/python detected a memory leak of type 'PCB_TRACK *', no destructor found.
swig/python detected a memory leak of type 'PCB_TRACK *', no destructor found.
swig/python detected a memory leak of type 'PCB_TRACK *', no destructor found.
swig/python detected a memory leak of type 'PCB_TRACK *', no destructor found.
swig/python detected a memory leak of type 'PCB_TRACK *', no destructor found.
Fontconfig error: Cannot load default config file: No such file: (null)
Found 296 violations
Found 7 unconnected items
Found 29 schematic parity issues
Saved DRC Report to /Users/deepakdiwan/Downloads/VitalQ_Route_v9/candidates/R2-68/drc.json
Saved board
{"unconnected": 7, "real": 210, "total": 296, "parity": 29, "types": {"items_not_allowed": 202, "hole_clearance": 4, "npth_inside_courtyard": 1, "track_dangling": 3, "silk_edge_clearance": 14, "lib_footprint_issues": 53, "lib_footprint_mismatch": 3, "text_height": 15, "text_thickness": 1}}
dangling repair round 3: 1 new items
11:56:11 PM: Debug: Adding duplicate image handler for 'PNG file'
11:56:11 PM: Debug: Adding duplicate image handler for 'JPEG file'
11:56:11 PM: Debug: Adding duplicate image handler for 'TIFF file'
11:56:11 PM: Debug: Adding duplicate image handler for 'GIF file'
11:56:11 PM: Debug: Adding duplicate image handler for 'PNM file'
11:56:11 PM: Debug: Adding duplicate image handler for 'PCX file'
11:56:11 PM: Debug: Adding duplicate image handler for 'IFF file'
11:56:11 PM: Debug: Adding duplicate image handler for 'Windows icon file'
11:56:11 PM: Debug: Adding duplicate image handler for 'Windows cursor file'
11:56:11 PM: Debug: Adding duplicate image handler for 'Windows animated cursor file'
11:56:11 PM: Debug: Adding duplicate image handler for 'TGA file'
11:56:11 PM: Debug: Adding duplicate image handler for 'XPM file'
{'pads': 1020, 'tracks': 7831, 'vias': 832, 'zones': 6, 'keepouts': 81, 'outline': 1}
11:56:24 PM: Debug: Adding duplicate image handler for 'PNG file'
11:56:24 PM: Debug: Adding duplicate image handler for 'JPEG file'
11:56:24 PM: Debug: Adding duplicate image handler for 'TIFF file'
11:56:24 PM: Debug: Adding duplicate image handler for 'GIF file'
11:56:24 PM: Debug: Adding duplicate image handler for 'PNM file'
11:56:24 PM: Debug: Adding duplicate image handler for 'PCX file'
11:56:24 PM: Debug: Adding duplicate image handler for 'IFF file'
11:56:24 PM: Debug: Adding duplicate image handler for 'Windows icon file'
11:56:24 PM: Debug: Adding duplicate image handler for 'Windows cursor file'
11:56:24 PM: Debug: Adding duplicate image handler for 'Windows animated cursor file'
11:56:24 PM: Debug: Adding duplicate image handler for 'TGA file'
11:56:24 PM: Debug: Adding duplicate image handler for 'XPM file'
{'pads': 1020, 'tracks': 7831, 'vias': 832, 'zones': 6, 'keepouts': 81, 'outline': 1}
{
  "invariants": {
    "footprints_identical": true,
    "moved_footprints_same_side_same_lock": true,
    "pad_geometry_and_nets_identical": true,
    "rule_areas_identical": true,
    "outline_identical": true,
    "zone_definitions_identical": true,
    "copper_layer_count_ok": true,
    "through_vias_only": true
  },
  "preserved_pad_groups_checked": 190,
  "pad_connectivity_regressions": 0,
  "keepout_layer_intersections": 390,
  "new_keepout_hits": 0,
  "via_hole_copper_gaps": 1,
  "new_via_hole_copper_gaps": 0,
  "hole_pairs": 0,
  "new_hole_pairs": 0,
  "via_in_pad": 41,
  "pass": true
}
R2-68: REJECTED (streak 1); new native faults 1; audit pass
unconnected 7 -> 7 (candidate 7); real 207 -> 207 (candidate 210)
next: stop at 00:14
