/Users/deepakdiwan/Downloads/VitalQ_Route_v9/backups/20261009_234241_R2-66_U19_C59_3mm_south_detach
11:42:42 PM: Debug: Adding duplicate image handler for 'PNG file'
11:42:42 PM: Debug: Adding duplicate image handler for 'JPEG file'
11:42:42 PM: Debug: Adding duplicate image handler for 'TIFF file'
11:42:42 PM: Debug: Adding duplicate image handler for 'GIF file'
11:42:42 PM: Debug: Adding duplicate image handler for 'PNM file'
11:42:42 PM: Debug: Adding duplicate image handler for 'PCX file'
11:42:42 PM: Debug: Adding duplicate image handler for 'IFF file'
11:42:42 PM: Debug: Adding duplicate image handler for 'Windows icon file'
11:42:42 PM: Debug: Adding duplicate image handler for 'Windows cursor file'
11:42:42 PM: Debug: Adding duplicate image handler for 'Windows animated cursor file'
11:42:42 PM: Debug: Adding duplicate image handler for 'TGA file'
11:42:42 PM: Debug: Adding duplicate image handler for 'XPM file'
kicad_ops done /Users/deepakdiwan/Downloads/VitalQ_Route_v9/candidates/R2-66/stage1/vitalq_v2.kicad_pcb
swig/python detected a memory leak of type 'PCB_TRACK *', no destructor found.
swig/python detected a memory leak of type 'PCB_TRACK *', no destructor found.
swig/python detected a memory leak of type 'PCB_TRACK *', no destructor found.
swig/python detected a memory leak of type 'PCB_TRACK *', no destructor found.
swig/python detected a memory leak of type 'PCB_TRACK *', no destructor found.
swig/python detected a memory leak of type 'PCB_TRACK *', no destructor found.
swig/python detected a memory leak of type 'PCB_TRACK *', no destructor found.
swig/python detected a memory leak of type 'PCB_TRACK *', no destructor found.
swig/python detected a memory leak of type 'PCB_TRACK *', no destructor found.
swig/python detected a memory leak of type 'PCB_TRACK *', no destructor found.
swig/python detected a memory leak of type 'PCB_TRACK *', no destructor found.
swig/python detected a memory leak of type 'PCB_TRACK *', no destructor found.
swig/python detected a memory leak of type 'PCB_TRACK *', no destructor found.
swig/python detected a memory leak of type 'PCB_TRACK *', no destructor found.
swig/python detected a memory leak of type 'PCB_TRACK *', no destructor found.
swig/python detected a memory leak of type 'PCB_TRACK *', no destructor found.
swig/python detected a memory leak of type 'PCB_TRACK *', no destructor found.
swig/python detected a memory leak of type 'PCB_TRACK *', no destructor found.
swig/python detected a memory leak of type 'PCB_TRACK *', no destructor found.
swig/python detected a memory leak of type 'PCB_TRACK *', no destructor found.
swig/python detected a memory leak of type 'PCB_TRACK *', no destructor found.
swig/python detected a memory leak of type 'PCB_TRACK *', no destructor found.
swig/python detected a memory leak of type 'PCB_TRACK *', no destructor found.
swig/python detected a memory leak of type 'PCB_TRACK *', no destructor found.
swig/python detected a memory leak of type 'PCB_VIA *', no destructor found.
swig/python detected a memory leak of type 'PCB_TRACK *', no destructor found.
swig/python detected a memory leak of type 'PCB_TRACK *', no destructor found.
swig/python detected a memory leak of type 'PCB_TRACK *', no destructor found.
swig/python detected a memory leak of type 'PCB_TRACK *', no destructor found.
swig/python detected a memory leak of type 'PCB_TRACK *', no destructor found.
swig/python detected a memory leak of type 'PCB_TRACK *', no destructor found.
swig/python detected a memory leak of type 'PCB_TRACK *', no destructor found.
swig/python detected a memory leak of type 'PCB_TRACK *', no destructor found.
swig/python detected a memory leak of type 'PCB_TRACK *', no destructor found.
swig/python detected a memory leak of type 'PCB_TRACK *', no destructor found.
swig/python detected a memory leak of type 'PCB_TRACK *', no destructor found.
swig/python detected a memory leak of type 'PCB_TRACK *', no destructor found.
swig/python detected a memory leak of type 'PCB_TRACK *', no destructor found.
swig/python detected a memory leak of type 'PCB_TRACK *', no destructor found.
swig/python detected a memory leak of type 'PCB_TRACK *', no destructor found.
swig/python detected a memory leak of type 'PCB_TRACK *', no destructor found.
swig/python detected a memory leak of type 'PCB_TRACK *', no destructor found.
Fontconfig error: Cannot load default config file: No such file: (null)
Found 372 violations
Found 24 unconnected items
Found 29 schematic parity issues
Saved DRC Report to /Users/deepakdiwan/Downloads/VitalQ_Route_v9/candidates/R2-66/stage1/drc.json
Saved board
{"unconnected": 24, "real": 285, "total": 372, "parity": 29, "types": {"items_not_allowed": 200, "clearance": 8, "hole_clearance": 18, "shorting_items": 17, "npth_inside_courtyard": 1, "courtyards_overlap": 2, "copper_edge_clearance": 6, "solder_mask_bridge": 18, "track_dangling": 13, "via_dangling": 2, "silk_edge_clearance": 14, "lib_footprint_issues": 53, "lib_footprint_mismatch": 3, "text_height": 15, "text_thickness": 1, "silk_over_copper": 1}}
11:43:06 PM: Debug: Adding duplicate image handler for 'PNG file'
11:43:06 PM: Debug: Adding duplicate image handler for 'JPEG file'
11:43:06 PM: Debug: Adding duplicate image handler for 'TIFF file'
11:43:06 PM: Debug: Adding duplicate image handler for 'GIF file'
11:43:06 PM: Debug: Adding duplicate image handler for 'PNM file'
11:43:06 PM: Debug: Adding duplicate image handler for 'PCX file'
11:43:06 PM: Debug: Adding duplicate image handler for 'IFF file'
11:43:06 PM: Debug: Adding duplicate image handler for 'Windows icon file'
11:43:06 PM: Debug: Adding duplicate image handler for 'Windows cursor file'
11:43:06 PM: Debug: Adding duplicate image handler for 'Windows animated cursor file'
11:43:06 PM: Debug: Adding duplicate image handler for 'TGA file'
11:43:06 PM: Debug: Adding duplicate image handler for 'XPM file'
{'pads': 1020, 'tracks': 7791, 'vias': 824, 'zones': 6, 'keepouts': 81, 'outline': 1}
local hits ripped 16 ['+3V3', '+3V3_ANA', 'AFE4900_RESETZ', 'CHG_DIS', 'CHG_STAT', 'ESP_EN', 'ESP_IO0', 'ESP_TX', 'EXP_INT', 'GND', 'I2C_SCL', 'I2C_SDA', 'IR_GATE', 'TX5_EN', 'VBUS_DET']
POFV blocked C59 1 ['BIOZ_SP_PAD', 'EXP_INT']
POFV blocked C59 2 ['EXP_INT', 'hv_inner']
FANOUT 3 ADS1292_PWDN [{'net': 'ADS1292_PWDN', 'xy': [16.85, 44.3], 'diameter': 0.4, 'drill': 0.2, 'pofv': False, 'pad': None, 'uuid': 'new-6481fb50-76c5-4a24-a3bd-6240d7f09ba6', 'layers': [0, 2, 4, 6, 8, 10, 12, 14]}]
FANOUT FAILED 4 AD5940_RESET no legal start/goal cells (sealed endpoint)
FANOUT FAILED 7 IR_GATE no legal start/goal cells (sealed endpoint)
ROUTED +3V3 C59 3 tracks 1 vias
ROUTED +3V3 R52 1 tracks 0 vias
ROUTED ESP_IO0 R6 4 tracks 1 vias
FAILED GND U19 R2-66 8L U19/C59/R6 +3 mm south DETACH, POFV in-pad, In5 preferred, local hit fixes, fanout escape via south of hv band, then A* F/B/In2/In3, margin 4 mm no path (expanded 613 cells)
FAILED GND U19 R2-66 8L U19/C59/R6 +3 mm south DETACH, POFV in-pad, In5 preferred, local hit fixes, fanout escape via south of hv band, then A* F/B/In2/In3, margin 10 mm no path (expanded 613 cells)
FAILED GND U19#2 R2-66 8L U19/C59/R6 +3 mm south DETACH, POFV in-pad, In5 preferred, local hit fixes, fanout escape via south of hv band, then A* F/B/In2/In3, margin 4 mm no path (expanded 147 cells)
FAILED GND U19#2 R2-66 8L U19/C59/R6 +3 mm south DETACH, POFV in-pad, In5 preferred, local hit fixes, fanout escape via south of hv band, then A* F/B/In2/In3, margin 10 mm no path (expanded 147 cells)
ROUTED GND C59 1 tracks 0 vias
FAILED +3V3 U19 R2-66 8L U19/C59/R6 +3 mm south DETACH, POFV in-pad, In5 preferred, local hit fixes, fanout escape via south of hv band, then A* F/B/In2/In3, margin 4 mm no legal start/goal cells (sealed endpoint)
FAILED +3V3 U19 R2-66 8L U19/C59/R6 +3 mm south DETACH, POFV in-pad, In5 preferred, local hit fixes, fanout escape via south of hv band, then A* F/B/In2/In3, margin 10 mm no legal start/goal cells (sealed endpoint)
FAILED +3V3 U19#2 R2-66 8L U19/C59/R6 +3 mm south DETACH, POFV in-pad, In5 preferred, local hit fixes, fanout escape via south of hv band, then A* F/B/In2/In3, margin 4 mm no legal start/goal cells (sealed endpoint)
FAILED +3V3 U19#2 R2-66 8L U19/C59/R6 +3 mm south DETACH, POFV in-pad, In5 preferred, local hit fixes, fanout escape via south of hv band, then A* F/B/In2/In3, margin 10 mm no legal start/goal cells (sealed endpoint)
ROUTED AFE4900_RESETZ U19 2 tracks 0 vias
FAILED I2C_SDA U11 R2-66 8L U19/C59/R6 +3 mm south DETACH, POFV in-pad, In5 preferred, local hit fixes, fanout escape via south of hv band, then A* F/B/In2/In3, margin 4 mm no path (expanded 141 cells)
FAILED I2C_SDA U11 R2-66 8L U19/C59/R6 +3 mm south DETACH, POFV in-pad, In5 preferred, local hit fixes, fanout escape via south of hv band, then A* F/B/In2/In3, margin 10 mm no path (expanded 141 cells)
FAILED I2C_SCL U19 R2-66 8L U19/C59/R6 +3 mm south DETACH, POFV in-pad, In5 preferred, local hit fixes, fanout escape via south of hv band, then A* F/B/In2/In3, margin 4 mm no legal start/goal cells (sealed endpoint)
FAILED I2C_SCL U19 R2-66 8L U19/C59/R6 +3 mm south DETACH, POFV in-pad, In5 preferred, local hit fixes, fanout escape via south of hv band, then A* F/B/In2/In3, margin 10 mm no legal start/goal cells (sealed endpoint)
FAILED EXP_INT U19 R2-66 8L U19/C59/R6 +3 mm south DETACH, POFV in-pad, In5 preferred, local hit fixes, fanout escape via south of hv band, then A* F/B/In2/In3, margin 4 mm no legal start/goal cells (sealed endpoint)
FAILED EXP_INT U19 R2-66 8L U19/C59/R6 +3 mm south DETACH, POFV in-pad, In5 preferred, local hit fixes, fanout escape via south of hv band, then A* F/B/In2/In3, margin 10 mm no legal start/goal cells (sealed endpoint)
ROUTED I2C_SCL U11/U20 1 tracks 0 vias
FAILED VBUS_DET U19 R2-66 8L U19/C59/R6 +3 mm south DETACH, POFV in-pad, In5 preferred, local hit fixes, fanout escape via south of hv band, then A* F/B/In2/In3, margin 4 mm no path (expanded 1746 cells)
FAILED VBUS_DET U19 R2-66 8L U19/C59/R6 +3 mm south DETACH, POFV in-pad, In5 preferred, local hit fixes, fanout escape via south of hv band, then A* F/B/In2/In3, margin 10 mm no path (expanded 1786 cells)
FAILED CHG_DIS U19 R2-66 8L U19/C59/R6 +3 mm south DETACH, POFV in-pad, In5 preferred, local hit fixes, fanout escape via south of hv band, then A* F/B/In2/In3, margin 4 mm no path (expanded 1218 cells)
FAILED CHG_DIS U19 R2-66 8L U19/C59/R6 +3 mm south DETACH, POFV in-pad, In5 preferred, local hit fixes, fanout escape via south of hv band, then A* F/B/In2/In3, margin 10 mm no path (expanded 1258 cells)
FAILED I2C_SDA U19 R2-66 8L U19/C59/R6 +3 mm south DETACH, POFV in-pad, In5 preferred, local hit fixes, fanout escape via south of hv band, then A* F/B/In2/In3, margin 4 mm no legal start/goal cells (sealed endpoint)
FAILED I2C_SDA U19 R2-66 8L U19/C59/R6 +3 mm south DETACH, POFV in-pad, In5 preferred, local hit fixes, fanout escape via south of hv band, then A* F/B/In2/In3, margin 10 mm no legal start/goal cells (sealed endpoint)
FAILED CHG_STAT U19 R2-66 8L U19/C59/R6 +3 mm south DETACH, POFV in-pad, In5 preferred, local hit fixes, fanout escape via south of hv band, then A* F/B/In2/In3, margin 4 mm no path (expanded 591 cells)
FAILED CHG_STAT U19 R2-66 8L U19/C59/R6 +3 mm south DETACH, POFV in-pad, In5 preferred, local hit fixes, fanout escape via south of hv band, then A* F/B/In2/In3, margin 10 mm no path (expanded 591 cells)
FAILED TX5_EN U19 R2-66 8L U19/C59/R6 +3 mm south DETACH, POFV in-pad, In5 preferred, local hit fixes, fanout escape via south of hv band, then A* F/B/In2/In3, margin 4 mm no path (expanded 882 cells)
FAILED TX5_EN U19 R2-66 8L U19/C59/R6 +3 mm south DETACH, POFV in-pad, In5 preferred, local hit fixes, fanout escape via south of hv band, then A* F/B/In2/In3, margin 10 mm no path (expanded 882 cells)
FAILED ESP_EN U19 R2-66 8L U19/C59/R6 +3 mm south DETACH, POFV in-pad, In5 preferred, local hit fixes, fanout escape via south of hv band, then A* F/B/In2/In3, margin 4 mm no path (expanded 2228 cells)
FAILED ESP_EN U19 R2-66 8L U19/C59/R6 +3 mm south DETACH, POFV in-pad, In5 preferred, local hit fixes, fanout escape via south of hv band, then A* F/B/In2/In3, margin 10 mm no path (expanded 2228 cells)
FAILED +3V3_ANA R95 R2-66 8L U19/C59/R6 +3 mm south DETACH, POFV in-pad, In5 preferred, local hit fixes, fanout escape via south of hv band, then A* F/B/In2/In3, margin 4 mm no path (expanded 50680 cells)
ROUTED +3V3_ANA R95 24 tracks 5 vias
BLOCKED ESP_TX J8
FAILED AD5940_RESET U19 R2-66 8L U19/C59/R6 +3 mm south DETACH, POFV in-pad, In5 preferred, local hit fixes, fanout escape via south of hv band, then A* F/B/In2/In3, margin 4 mm no path (expanded 3123 cells)
FAILED AD5940_RESET U19 R2-66 8L U19/C59/R6 +3 mm south DETACH, POFV in-pad, In5 preferred, local hit fixes, fanout escape via south of hv band, then A* F/B/In2/In3, margin 10 mm no path (expanded 3123 cells)
FAILED ADS1292_PWDN U19 R2-66 8L U19/C59/R6 +3 mm south DETACH, POFV in-pad, In5 preferred, local hit fixes, fanout escape via south of hv band, then A* F/B/In2/In3, margin 4 mm no path (expanded 21570 cells)
