/Users/deepakdiwan/Downloads/VitalQ_Route_v9/backups/20261010_000126_R2-70_PD2_INM_U16_pocket_v2
12:01:28 AM: Debug: Adding duplicate image handler for 'PNG file'
12:01:28 AM: Debug: Adding duplicate image handler for 'JPEG file'
12:01:28 AM: Debug: Adding duplicate image handler for 'TIFF file'
12:01:28 AM: Debug: Adding duplicate image handler for 'GIF file'
12:01:28 AM: Debug: Adding duplicate image handler for 'PNM file'
12:01:28 AM: Debug: Adding duplicate image handler for 'PCX file'
12:01:28 AM: Debug: Adding duplicate image handler for 'IFF file'
12:01:28 AM: Debug: Adding duplicate image handler for 'Windows icon file'
12:01:28 AM: Debug: Adding duplicate image handler for 'Windows cursor file'
12:01:28 AM: Debug: Adding duplicate image handler for 'Windows animated cursor file'
12:01:28 AM: Debug: Adding duplicate image handler for 'TGA file'
12:01:28 AM: Debug: Adding duplicate image handler for 'XPM file'
kicad_ops done /Users/deepakdiwan/Downloads/VitalQ_Route_v9/candidates/R2-70/stage1/vitalq_v2.kicad_pcb
Fontconfig error: Cannot load default config file: No such file: (null)
Found 296 violations
Found 6 unconnected items
Found 29 schematic parity issues
Saved DRC Report to /Users/deepakdiwan/Downloads/VitalQ_Route_v9/candidates/R2-70/stage1/drc.json
Saved board
{"unconnected": 6, "real": 210, "total": 296, "parity": 29, "types": {"items_not_allowed": 202, "hole_clearance": 4, "npth_inside_courtyard": 1, "track_dangling": 3, "silk_edge_clearance": 14, "lib_footprint_issues": 53, "lib_footprint_mismatch": 3, "text_height": 15, "text_thickness": 1}}
12:01:47 AM: Debug: Adding duplicate image handler for 'PNG file'
12:01:47 AM: Debug: Adding duplicate image handler for 'JPEG file'
12:01:47 AM: Debug: Adding duplicate image handler for 'TIFF file'
12:01:47 AM: Debug: Adding duplicate image handler for 'GIF file'
12:01:47 AM: Debug: Adding duplicate image handler for 'PNM file'
12:01:47 AM: Debug: Adding duplicate image handler for 'PCX file'
12:01:47 AM: Debug: Adding duplicate image handler for 'IFF file'
12:01:47 AM: Debug: Adding duplicate image handler for 'Windows icon file'
12:01:47 AM: Debug: Adding duplicate image handler for 'Windows cursor file'
12:01:47 AM: Debug: Adding duplicate image handler for 'Windows animated cursor file'
12:01:47 AM: Debug: Adding duplicate image handler for 'TGA file'
12:01:47 AM: Debug: Adding duplicate image handler for 'XPM file'
{'pads': 1020, 'tracks': 7840, 'vias': 836, 'zones': 6, 'keepouts': 81, 'outline': 1}
ripped 11 ['EDA_RE_PAD', 'TX4', 'TX_5V']
B3 site []
ROUTED PD2_INM R2-70 17 tracks 3 vias
OPEN PD2_INM ok
ROUTED TX4 U16 1 tracks 0 vias
ROUTED TX_5V U16 1 tracks 0 vias
ROUTED EDA_RE_PAD J6 3 tracks 0 vias
12:02:42 AM: Debug: Adding duplicate image handler for 'PNG file'
12:02:42 AM: Debug: Adding duplicate image handler for 'JPEG file'
12:02:42 AM: Debug: Adding duplicate image handler for 'TIFF file'
12:02:42 AM: Debug: Adding duplicate image handler for 'GIF file'
12:02:42 AM: Debug: Adding duplicate image handler for 'PNM file'
12:02:42 AM: Debug: Adding duplicate image handler for 'PCX file'
12:02:42 AM: Debug: Adding duplicate image handler for 'IFF file'
12:02:42 AM: Debug: Adding duplicate image handler for 'Windows icon file'
12:02:42 AM: Debug: Adding duplicate image handler for 'Windows cursor file'
12:02:42 AM: Debug: Adding duplicate image handler for 'Windows animated cursor file'
12:02:42 AM: Debug: Adding duplicate image handler for 'TGA file'
12:02:42 AM: Debug: Adding duplicate image handler for 'XPM file'
kicad_ops done /Users/deepakdiwan/Downloads/VitalQ_Route_v9/candidates/R2-70/vitalq_v2.kicad_pcb
Fontconfig error: Cannot load default config file: No such file: (null)
Found 296 violations
Found 5 unconnected items
Found 29 schematic parity issues
Saved DRC Report to /Users/deepakdiwan/Downloads/VitalQ_Route_v9/candidates/R2-70/drc.json
Saved board
{"unconnected": 5, "real": 210, "total": 296, "parity": 29, "types": {"items_not_allowed": 202, "hole_clearance": 4, "npth_inside_courtyard": 1, "track_dangling": 3, "silk_edge_clearance": 14, "lib_footprint_issues": 53, "lib_footprint_mismatch": 3, "text_height": 15, "text_thickness": 1}}
12:03:09 AM: Debug: Adding duplicate image handler for 'PNG file'
12:03:09 AM: Debug: Adding duplicate image handler for 'JPEG file'
12:03:09 AM: Debug: Adding duplicate image handler for 'TIFF file'
12:03:09 AM: Debug: Adding duplicate image handler for 'GIF file'
12:03:09 AM: Debug: Adding duplicate image handler for 'PNM file'
12:03:09 AM: Debug: Adding duplicate image handler for 'PCX file'
12:03:09 AM: Debug: Adding duplicate image handler for 'IFF file'
12:03:09 AM: Debug: Adding duplicate image handler for 'Windows icon file'
12:03:09 AM: Debug: Adding duplicate image handler for 'Windows cursor file'
12:03:09 AM: Debug: Adding duplicate image handler for 'Windows animated cursor file'
12:03:09 AM: Debug: Adding duplicate image handler for 'TGA file'
12:03:09 AM: Debug: Adding duplicate image handler for 'XPM file'
{'pads': 1020, 'tracks': 7851, 'vias': 840, 'zones': 6, 'keepouts': 81, 'outline': 1}
{
  "invariants": {
    "footprints_identical": true,
    "moved_footprints_same_side_same_lock": true,
    "pad_geometry_and_nets_identical": true,
    "rule_areas_identical_except_J8_notches": true,
    "outline_identical": true,
    "zone_definitions_identical": true,
    "copper_layer_count_ok": true,
    "through_vias_only": true
  },
  "preserved_pad_groups_checked": 190,
  "pad_connectivity_regressions": 0,
  "keepout_layer_intersections": 390,
  "new_keepout_hits": 0,
  "via_hole_copper_gaps": 1,
  "new_via_hole_copper_gaps": 0,
  "hole_pairs": 0,
  "new_hole_pairs": 0,
  "via_in_pad": 43,
  "pass": true
}
R2-70: ACCEPTED (streak 0); new native faults 0; audit pass
unconnected 6 -> 5 (candidate 5); real 210 -> 210 (candidate 210)
next: remaining opens
